[0.047s][info][gc,heap] Heap region size: 1M
[0.053s][info][gc     ] Using G1
[0.053s][info][gc,heap,coops] Heap address: 0x0000000701200000, size: 4078 MB, Compressed Oops mode: Zero based, Oop shift amount: 3
[0.237s][info][gc,start     ] GC(0) Pause Young (Normal) (G1 Evacuation Pause)
[0.238s][info][gc,task      ] GC(0) Using 10 workers of 10 for evacuation
[0.244s][info][gc,phases    ] GC(0)   Pre Evacuate Collection Set: 0.0ms
[0.244s][info][gc,phases    ] GC(0)   Evacuate Collection Set: 5.8ms
[0.244s][info][gc,phases    ] GC(0)   Post Evacuate Collection Set: 0.3ms
[0.244s][info][gc,phases    ] GC(0)   Other: 0.9ms
[0.244s][info][gc,heap      ] GC(0) Eden regions: 25->0(21)
[0.244s][info][gc,heap      ] GC(0) Survivor regions: 0->4(4)
[0.244s][info][gc,heap      ] GC(0) Old regions: 0->18
[0.244s][info][gc,heap      ] GC(0) Humongous regions: 0->0
[0.244s][info][gc,metaspace ] GC(0) Metaspace: 6539K->6539K(1056768K)
[0.245s][info][gc           ] GC(0) Pause Young (Normal) (G1 Evacuation Pause) 25M->21M(256M) 7.674ms
[0.245s][info][gc,cpu       ] GC(0) User=0.05s Sys=0.11s Real=0.01s
[0.290s][info][gc,start     ] GC(1) Pause Young (Normal) (G1 Evacuation Pause)
[0.290s][info][gc,task      ] GC(1) Using 10 workers of 10 for evacuation
[0.296s][info][gc,phases    ] GC(1)   Pre Evacuate Collection Set: 0.0ms
[0.296s][info][gc,phases    ] GC(1)   Evacuate Collection Set: 5.5ms
[0.296s][info][gc,phases    ] GC(1)   Post Evacuate Collection Set: 0.2ms
[0.296s][info][gc,phases    ] GC(1)   Other: 0.1ms
[0.296s][info][gc,heap      ] GC(1) Eden regions: 21->0(25)
[0.296s][info][gc,heap      ] GC(1) Survivor regions: 4->4(4)
[0.296s][info][gc,heap      ] GC(1) Old regions: 18->39
[0.296s][info][gc,heap      ] GC(1) Humongous regions: 0->0
[0.296s][info][gc,metaspace ] GC(1) Metaspace: 6648K->6648K(1056768K)
[0.296s][info][gc           ] GC(1) Pause Young (Normal) (G1 Evacuation Pause) 42M->42M(256M) 6.038ms
[0.296s][info][gc,cpu       ] GC(1) User=0.00s Sys=0.00s Real=0.01s
[0.339s][info][gc,start     ] GC(2) Pause Young (Normal) (G1 Evacuation Pause)
[0.339s][info][gc,task      ] GC(2) Using 10 workers of 10 for evacuation
[0.346s][info][gc,phases    ] GC(2)   Pre Evacuate Collection Set: 0.0ms
[0.346s][info][gc,phases    ] GC(2)   Evacuate Collection Set: 6.5ms
[0.346s][info][gc,phases    ] GC(2)   Post Evacuate Collection Set: 0.4ms
[0.346s][info][gc,phases    ] GC(2)   Other: 0.1ms
[0.346s][info][gc,heap      ] GC(2) Eden regions: 25->0(37)
[0.346s][info][gc,heap      ] GC(2) Survivor regions: 4->4(4)
[0.346s][info][gc,heap      ] GC(2) Old regions: 39->61
[0.346s][info][gc,heap      ] GC(2) Humongous regions: 0->0
[0.346s][info][gc,metaspace ] GC(2) Metaspace: 7065K->7065K(1056768K)
[0.346s][info][gc           ] GC(2) Pause Young (Normal) (G1 Evacuation Pause) 67M->64M(256M) 7.212ms
[0.346s][info][gc,cpu       ] GC(2) User=0.00s Sys=0.00s Real=0.01s
[0.425s][info][gc,start     ] GC(3) Pause Young (Normal) (G1 Evacuation Pause)
[0.425s][info][gc,task      ] GC(3) Using 10 workers of 10 for evacuation
[0.435s][info][gc,phases    ] GC(3)   Pre Evacuate Collection Set: 0.0ms
[0.435s][info][gc,phases    ] GC(3)   Evacuate Collection Set: 9.2ms
[0.435s][info][gc,phases    ] GC(3)   Post Evacuate Collection Set: 0.3ms
[0.435s][info][gc,phases    ] GC(3)   Other: 0.2ms
[0.435s][info][gc,heap      ] GC(3) Eden regions: 37->0(40)
[0.435s][info][gc,heap      ] GC(3) Survivor regions: 4->6(6)
[0.435s][info][gc,heap      ] GC(3) Old regions: 61->96
[0.435s][info][gc,heap      ] GC(3) Humongous regions: 0->0
[0.435s][info][gc,metaspace ] GC(3) Metaspace: 7065K->7065K(1056768K)
[0.435s][info][gc           ] GC(3) Pause Young (Normal) (G1 Evacuation Pause) 101M->101M(256M) 9.982ms
[0.435s][info][gc,cpu       ] GC(3) User=0.06s Sys=0.09s Real=0.01s
[0.519s][info][gc,start     ] GC(4) Pause Young (Normal) (G1 Evacuation Pause)
[0.519s][info][gc,task      ] GC(4) Using 10 workers of 10 for evacuation
[0.534s][info][gc,phases    ] GC(4)   Pre Evacuate Collection Set: 0.0ms
[0.534s][info][gc,phases    ] GC(4)   Evacuate Collection Set: 10.3ms
[0.534s][info][gc,phases    ] GC(4)   Post Evacuate Collection Set: 5.1ms
[0.535s][info][gc,phases    ] GC(4)   Other: 0.1ms
[0.535s][info][gc,heap      ] GC(4) Eden regions: 40->0(56)
[0.535s][info][gc,heap      ] GC(4) Survivor regions: 6->6(6)
[0.535s][info][gc,heap      ] GC(4) Old regions: 96->136
[0.535s][info][gc,heap      ] GC(4) Humongous regions: 0->0
[0.535s][info][gc,metaspace ] GC(4) Metaspace: 7066K->7066K(1056768K)
[0.535s][info][gc           ] GC(4) Pause Young (Normal) (G1 Evacuation Pause) 141M->141M(512M) 15.781ms
[0.535s][info][gc,cpu       ] GC(4) User=0.05s Sys=0.11s Real=0.02s
[0.669s][info][gc,start     ] GC(5) Pause Young (Normal) (G1 Evacuation Pause)
[0.669s][info][gc,task      ] GC(5) Using 10 workers of 10 for evacuation
[0.683s][info][gc,phases    ] GC(5)   Pre Evacuate Collection Set: 0.0ms
[0.683s][info][gc,phases    ] GC(5)   Evacuate Collection Set: 14.3ms
[0.683s][info][gc,phases    ] GC(5)   Post Evacuate Collection Set: 0.4ms
[0.683s][info][gc,phases    ] GC(5)   Other: 0.1ms
[0.683s][info][gc,heap      ] GC(5) Eden regions: 56->0(72)
[0.683s][info][gc,heap      ] GC(5) Survivor regions: 6->8(8)
[0.683s][info][gc,heap      ] GC(5) Old regions: 136->188
[0.683s][info][gc,heap      ] GC(5) Humongous regions: 0->0
[0.684s][info][gc,metaspace ] GC(5) Metaspace: 7067K->7067K(1056768K)
[0.684s][info][gc           ] GC(5) Pause Young (Normal) (G1 Evacuation Pause) 197M->195M(512M) 14.995ms
[0.684s][info][gc,cpu       ] GC(5) User=0.03s Sys=0.11s Real=0.02s
[0.841s][info][gc,start     ] GC(6) Pause Young (Normal) (G1 Evacuation Pause)
[0.841s][info][gc,task      ] GC(6) Using 10 workers of 10 for evacuation
[0.852s][info][gc,phases    ] GC(6)   Pre Evacuate Collection Set: 0.0ms
[0.852s][info][gc,phases    ] GC(6)   Evacuate Collection Set: 10.9ms
[0.852s][info][gc,phases    ] GC(6)   Post Evacuate Collection Set: 0.3ms
[0.853s][info][gc,phases    ] GC(6)   Other: 0.2ms
[0.853s][info][gc,heap      ] GC(6) Eden regions: 72->0(60)
[0.853s][info][gc,heap      ] GC(6) Survivor regions: 8->10(10)
[0.853s][info][gc,heap      ] GC(6) Old regions: 188->256
[0.853s][info][gc,heap      ] GC(6) Humongous regions: 0->0
[0.853s][info][gc,metaspace ] GC(6) Metaspace: 7069K->7069K(1056768K)
[0.853s][info][gc           ] GC(6) Pause Young (Normal) (G1 Evacuation Pause) 267M->265M(512M) 11.644ms
[0.853s][info][gc,cpu       ] GC(6) User=0.06s Sys=0.03s Real=0.01s
[0.970s][info][gc,start     ] GC(7) Pause Young (Concurrent Start) (G1 Evacuation Pause)
[0.970s][info][gc,task      ] GC(7) Using 10 workers of 10 for evacuation
[0.986s][info][gc,phases    ] GC(7)   Pre Evacuate Collection Set: 0.0ms
[0.986s][info][gc,phases    ] GC(7)   Evacuate Collection Set: 15.1ms
[0.986s][info][gc,phases    ] GC(7)   Post Evacuate Collection Set: 0.3ms
[0.986s][info][gc,phases    ] GC(7)   Other: 0.2ms
[0.986s][info][gc,heap      ] GC(7) Eden regions: 60->0(43)
[0.986s][info][gc,heap      ] GC(7) Survivor regions: 10->9(9)
[0.986s][info][gc,heap      ] GC(7) Old regions: 256->313
[0.986s][info][gc,heap      ] GC(7) Humongous regions: 0->0
[0.986s][info][gc,metaspace ] GC(7) Metaspace: 7071K->7071K(1056768K)
[0.986s][info][gc           ] GC(7) Pause Young (Concurrent Start) (G1 Evacuation Pause) 325M->321M(512M) 15.885ms
[0.986s][info][gc,cpu       ] GC(7) User=0.05s Sys=0.11s Real=0.02s
[0.986s][info][gc           ] GC(8) Concurrent Cycle
[0.986s][info][gc,marking   ] GC(8) Concurrent Clear Claimed Marks
[0.986s][info][gc,marking   ] GC(8) Concurrent Clear Claimed Marks 0.024ms
[0.986s][info][gc,marking   ] GC(8) Concurrent Scan Root Regions
[0.986s][info][gc,marking   ] GC(8) Concurrent Scan Root Regions 0.519ms
[0.986s][info][gc,marking   ] GC(8) Concurrent Mark (0.986s)
[0.986s][info][gc,marking   ] GC(8) Concurrent Mark From Roots
[0.986s][info][gc,task      ] GC(8) Using 3 workers of 3 for marking
[0.989s][info][gc,marking   ] GC(8) Concurrent Mark From Roots 2.310ms
[0.989s][info][gc,marking   ] GC(8) Concurrent Preclean
[0.989s][info][gc,marking   ] GC(8) Concurrent Preclean 0.173ms
[0.989s][info][gc,marking   ] GC(8) Concurrent Mark (0.986s, 0.989s) 2.576ms
[0.989s][info][gc,start     ] GC(8) Pause Remark
[0.990s][info][gc,stringtable] GC(8) Cleaned string and symbol table, strings: 2773 processed, 8 removed, symbols: 27597 processed, 0 removed
[0.990s][info][gc            ] GC(8) Pause Remark 321M->158M(512M) 0.903ms
[0.990s][info][gc,cpu        ] GC(8) User=0.02s Sys=0.00s Real=0.00s
[0.990s][info][gc,marking    ] GC(8) Concurrent Rebuild Remembered Sets
[0.992s][info][gc,marking    ] GC(8) Concurrent Rebuild Remembered Sets 1.662ms
[0.992s][info][gc,start      ] GC(8) Pause Cleanup
[0.992s][info][gc            ] GC(8) Pause Cleanup 158M->158M(512M) 0.133ms
[0.992s][info][gc,cpu        ] GC(8) User=0.00s Sys=0.00s Real=0.00s
[0.992s][info][gc,marking    ] GC(8) Concurrent Cleanup for Next Mark
[0.993s][info][gc,marking    ] GC(8) Concurrent Cleanup for Next Mark 0.225ms
[0.993s][info][gc            ] GC(8) Concurrent Cycle 6.713ms
[1.079s][info][gc,start      ] GC(9) Pause Young (Prepare Mixed) (G1 Evacuation Pause)
[1.079s][info][gc,task       ] GC(9) Using 10 workers of 10 for evacuation
[1.096s][info][gc,phases     ] GC(9)   Pre Evacuate Collection Set: 0.0ms
[1.096s][info][gc,phases     ] GC(9)   Evacuate Collection Set: 5.6ms
[1.096s][info][gc,phases     ] GC(9)   Post Evacuate Collection Set: 11.3ms
[1.096s][info][gc,phases     ] GC(9)   Other: 0.2ms
[1.096s][info][gc,heap       ] GC(9) Eden regions: 43->0(101)
[1.096s][info][gc,heap       ] GC(9) Survivor regions: 9->7(7)
[1.096s][info][gc,heap       ] GC(9) Old regions: 150->194
[1.096s][info][gc,heap       ] GC(9) Humongous regions: 0->0
[1.096s][info][gc,metaspace  ] GC(9) Metaspace: 7824K->7824K(1056768K)
[1.096s][info][gc            ] GC(9) Pause Young (Prepare Mixed) (G1 Evacuation Pause) 201M->200M(1087M) 17.171ms
[1.096s][info][gc,cpu        ] GC(9) User=0.16s Sys=0.00s Real=0.02s
[1.338s][info][gc,start      ] GC(10) Pause Young (Mixed) (G1 Evacuation Pause)
[1.338s][info][gc,task       ] GC(10) Using 10 workers of 10 for evacuation
[1.352s][info][gc,phases     ] GC(10)   Pre Evacuate Collection Set: 0.0ms
[1.352s][info][gc,phases     ] GC(10)   Evacuate Collection Set: 13.7ms
[1.352s][info][gc,phases     ] GC(10)   Post Evacuate Collection Set: 0.4ms
[1.352s][info][gc,phases     ] GC(10)   Other: 0.2ms
[1.352s][info][gc,heap       ] GC(10) Eden regions: 101->0(173)
[1.352s][info][gc,heap       ] GC(10) Survivor regions: 7->14(14)
[1.352s][info][gc,heap       ] GC(10) Old regions: 194->287
[1.352s][info][gc,heap       ] GC(10) Humongous regions: 0->0
[1.352s][info][gc,metaspace  ] GC(10) Metaspace: 7828K->7828K(1056768K)
[1.352s][info][gc            ] GC(10) Pause Young (Mixed) (G1 Evacuation Pause) 301M->300M(1087M) 14.409ms
[1.352s][info][gc,cpu        ] GC(10) User=0.13s Sys=0.00s Real=0.01s
[1.734s][info][gc,start      ] GC(11) Pause Young (Normal) (G1 Evacuation Pause)
[1.734s][info][gc,task       ] GC(11) Using 10 workers of 10 for evacuation
[1.773s][info][gc,phases     ] GC(11)   Pre Evacuate Collection Set: 0.0ms
[1.773s][info][gc,phases     ] GC(11)   Evacuate Collection Set: 37.9ms
[1.773s][info][gc,phases     ] GC(11)   Post Evacuate Collection Set: 0.3ms
[1.773s][info][gc,phases     ] GC(11)   Other: 0.2ms
[1.773s][info][gc,heap       ] GC(11) Eden regions: 173->0(161)
[1.773s][info][gc,heap       ] GC(11) Survivor regions: 14->24(24)
[1.773s][info][gc,heap       ] GC(11) Old regions: 287->439
[1.773s][info][gc,heap       ] GC(11) Humongous regions: 0->0
[1.773s][info][gc,metaspace  ] GC(11) Metaspace: 7841K->7841K(1056768K)
[1.773s][info][gc            ] GC(11) Pause Young (Normal) (G1 Evacuation Pause) 473M->462M(1087M) 38.587ms
[1.773s][info][gc,cpu        ] GC(11) User=0.11s Sys=0.27s Real=0.04s
[2.113s][info][gc,start      ] GC(12) Pause Young (Normal) (G1 Evacuation Pause)
[2.113s][info][gc,task       ] GC(12) Using 10 workers of 10 for evacuation
[2.141s][info][gc,phases     ] GC(12)   Pre Evacuate Collection Set: 0.0ms
[2.142s][info][gc,phases     ] GC(12)   Evacuate Collection Set: 28.3ms
[2.142s][info][gc,phases     ] GC(12)   Post Evacuate Collection Set: 0.3ms
[2.142s][info][gc,phases     ] GC(12)   Other: 0.2ms
[2.142s][info][gc,heap       ] GC(12) Eden regions: 161->0(116)
[2.142s][info][gc,heap       ] GC(12) Survivor regions: 24->24(24)
[2.142s][info][gc,heap       ] GC(12) Old regions: 439->582
[2.142s][info][gc,heap       ] GC(12) Humongous regions: 0->0
[2.142s][info][gc,metaspace  ] GC(12) Metaspace: 7849K->7849K(1056768K)
[2.142s][info][gc            ] GC(12) Pause Young (Normal) (G1 Evacuation Pause) 623M->605M(1087M) 29.091ms
[2.142s][info][gc,cpu        ] GC(12) User=0.16s Sys=0.13s Real=0.03s
[2.395s][info][gc,start      ] GC(13) Pause Young (Concurrent Start) (G1 Evacuation Pause)
[2.395s][info][gc,task       ] GC(13) Using 10 workers of 10 for evacuation
[2.443s][info][gc,phases     ] GC(13)   Pre Evacuate Collection Set: 0.0ms
[2.443s][info][gc,phases     ] GC(13)   Evacuate Collection Set: 35.7ms
[2.443s][info][gc,phases     ] GC(13)   Post Evacuate Collection Set: 12.3ms
[2.443s][info][gc,phases     ] GC(13)   Other: 0.3ms
[2.443s][info][gc,heap       ] GC(13) Eden regions: 116->0(293)
[2.443s][info][gc,heap       ] GC(13) Survivor regions: 24->18(18)
[2.443s][info][gc,heap       ] GC(13) Old regions: 582->703
[2.443s][info][gc,heap       ] GC(13) Humongous regions: 0->0
[2.443s][info][gc,metaspace  ] GC(13) Metaspace: 7869K->7869K(1056768K)
[2.443s][info][gc            ] GC(13) Pause Young (Concurrent Start) (G1 Evacuation Pause) 721M->720M(1734M) 48.413ms
[2.443s][info][gc,cpu        ] GC(13) User=0.14s Sys=0.17s Real=0.05s
[2.443s][info][gc            ] GC(14) Concurrent Cycle
[2.443s][info][gc,marking    ] GC(14) Concurrent Clear Claimed Marks
[2.443s][info][gc,marking    ] GC(14) Concurrent Clear Claimed Marks 0.022ms
[2.443s][info][gc,marking    ] GC(14) Concurrent Scan Root Regions
[2.444s][info][gc,marking    ] GC(14) Concurrent Scan Root Regions 0.371ms
[2.444s][info][gc,marking    ] GC(14) Concurrent Mark (2.444s)
[2.444s][info][gc,marking    ] GC(14) Concurrent Mark From Roots
[2.444s][info][gc,task       ] GC(14) Using 3 workers of 3 for marking
[2.448s][info][gc,marking    ] GC(14) Concurrent Mark From Roots 4.543ms
[2.448s][info][gc,marking    ] GC(14) Concurrent Preclean
[2.449s][info][gc,marking    ] GC(14) Concurrent Preclean 0.125ms
[2.449s][info][gc,marking    ] GC(14) Concurrent Mark (2.444s, 2.449s) 4.753ms
[2.449s][info][gc,start      ] GC(14) Pause Remark
[2.449s][info][gc,stringtable] GC(14) Cleaned string and symbol table, strings: 4599 processed, 1 removed, symbols: 31872 processed, 1 removed
[2.450s][info][gc            ] GC(14) Pause Remark 724M->419M(1734M) 1.007ms
[2.450s][info][gc,cpu        ] GC(14) User=0.00s Sys=0.00s Real=0.00s
[2.450s][info][gc,marking    ] GC(14) Concurrent Rebuild Remembered Sets
[2.453s][info][gc,marking    ] GC(14) Concurrent Rebuild Remembered Sets 3.578ms
[2.454s][info][gc,start      ] GC(14) Pause Cleanup
[2.454s][info][gc            ] GC(14) Pause Cleanup 421M->421M(1734M) 0.251ms
[2.454s][info][gc,cpu        ] GC(14) User=0.00s Sys=0.00s Real=0.00s
[2.454s][info][gc,marking    ] GC(14) Concurrent Cleanup for Next Mark
[2.456s][info][gc,marking    ] GC(14) Concurrent Cleanup for Next Mark 1.141ms
[2.456s][info][gc            ] GC(14) Concurrent Cycle 12.296ms
[3.170s][info][gc,start      ] GC(15) Pause Young (Normal) (G1 Evacuation Pause)
[3.170s][info][gc,task       ] GC(15) Using 10 workers of 10 for evacuation
[3.213s][info][gc,phases     ] GC(15)   Pre Evacuate Collection Set: 0.0ms
[3.213s][info][gc,phases     ] GC(15)   Evacuate Collection Set: 42.1ms
[3.213s][info][gc,phases     ] GC(15)   Post Evacuate Collection Set: 0.5ms
[3.213s][info][gc,phases     ] GC(15)   Other: 0.2ms
[3.213s][info][gc,heap       ] GC(15) Eden regions: 294->0(266)
[3.213s][info][gc,heap       ] GC(15) Survivor regions: 18->39(39)
[3.213s][info][gc,heap       ] GC(15) Old regions: 398->670
[3.213s][info][gc,heap       ] GC(15) Humongous regions: 0->0
[3.213s][info][gc,metaspace  ] GC(15) Metaspace: 7882K->7882K(1056768K)
[3.213s][info][gc            ] GC(15) Pause Young (Normal) (G1 Evacuation Pause) 709M->708M(1734M) 43.120ms
[3.213s][info][gc,cpu        ] GC(15) User=0.11s Sys=0.20s Real=0.04s
[3.761s][info][gc,start      ] GC(16) Pause Young (Normal) (G1 Evacuation Pause)
[3.761s][info][gc,task       ] GC(16) Using 10 workers of 10 for evacuation
[3.816s][info][gc,phases     ] GC(16)   Pre Evacuate Collection Set: 0.0ms
[3.816s][info][gc,phases     ] GC(16)   Evacuate Collection Set: 53.9ms
[3.816s][info][gc,phases     ] GC(16)   Post Evacuate Collection Set: 0.4ms
[3.816s][info][gc,phases     ] GC(16)   Other: 0.2ms
[3.816s][info][gc,heap       ] GC(16) Eden regions: 266->0(187)
[3.816s][info][gc,heap       ] GC(16) Survivor regions: 39->39(39)
[3.816s][info][gc,heap       ] GC(16) Old regions: 670->922
[3.816s][info][gc,heap       ] GC(16) Humongous regions: 0->0
[3.816s][info][gc,metaspace  ] GC(16) Metaspace: 7899K->7899K(1056768K)
[3.816s][info][gc            ] GC(16) Pause Young (Normal) (G1 Evacuation Pause) 974M->960M(1734M) 54.679ms
[3.816s][info][gc,cpu        ] GC(16) User=0.09s Sys=0.38s Real=0.06s
[4.215s][info][gc,start      ] GC(17) Pause Young (Concurrent Start) (G1 Evacuation Pause)
[4.215s][info][gc,task       ] GC(17) Using 10 workers of 10 for evacuation
[4.244s][info][gc,phases     ] GC(17)   Pre Evacuate Collection Set: 0.0ms
[4.244s][info][gc,phases     ] GC(17)   Evacuate Collection Set: 28.5ms
[4.244s][info][gc,phases     ] GC(17)   Post Evacuate Collection Set: 0.4ms
[4.244s][info][gc,phases     ] GC(17)   Other: 0.2ms
[4.244s][info][gc,heap       ] GC(17) Eden regions: 187->0(144)
[4.244s][info][gc,heap       ] GC(17) Survivor regions: 39->29(29)
[4.244s][info][gc,heap       ] GC(17) Old regions: 922->1117
[4.244s][info][gc,heap       ] GC(17) Humongous regions: 0->0
[4.244s][info][gc,metaspace  ] GC(17) Metaspace: 8091K->8091K(1056768K)
[4.244s][info][gc            ] GC(17) Pause Young (Concurrent Start) (G1 Evacuation Pause) 1147M->1145M(1734M) 29.301ms
[4.244s][info][gc,cpu        ] GC(17) User=0.08s Sys=0.06s Real=0.03s
[4.244s][info][gc            ] GC(18) Concurrent Cycle
[4.244s][info][gc,marking    ] GC(18) Concurrent Clear Claimed Marks
[4.244s][info][gc,marking    ] GC(18) Concurrent Clear Claimed Marks 0.023ms
[4.244s][info][gc,marking    ] GC(18) Concurrent Scan Root Regions
[4.245s][info][gc,marking    ] GC(18) Concurrent Scan Root Regions 0.650ms
[4.245s][info][gc,marking    ] GC(18) Concurrent Mark (4.245s)
[4.245s][info][gc,marking    ] GC(18) Concurrent Mark From Roots
[4.245s][info][gc,task       ] GC(18) Using 3 workers of 3 for marking
[4.253s][info][gc,marking    ] GC(18) Concurrent Mark From Roots 7.819ms
[4.253s][info][gc,marking    ] GC(18) Concurrent Preclean
[4.253s][info][gc,marking    ] GC(18) Concurrent Preclean 0.134ms
[4.253s][info][gc,marking    ] GC(18) Concurrent Mark (4.245s, 4.253s) 8.042ms
[4.253s][info][gc,start      ] GC(18) Pause Remark
[4.253s][info][gc,stringtable] GC(18) Cleaned string and symbol table, strings: 4645 processed, 0 removed, symbols: 32570 processed, 0 removed
[4.254s][info][gc            ] GC(18) Pause Remark 1155M->855M(1734M) 1.115ms
[4.254s][info][gc,cpu        ] GC(18) User=0.00s Sys=0.00s Real=0.00s
[4.254s][info][gc,marking    ] GC(18) Concurrent Rebuild Remembered Sets
[4.262s][info][gc,marking    ] GC(18) Concurrent Rebuild Remembered Sets 8.177ms
[4.262s][info][gc,start      ] GC(18) Pause Cleanup
[4.263s][info][gc            ] GC(18) Pause Cleanup 859M->859M(1734M) 0.334ms
[4.263s][info][gc,cpu        ] GC(18) User=0.00s Sys=0.00s Real=0.00s
[4.263s][info][gc,marking    ] GC(18) Concurrent Cleanup for Next Mark
[4.264s][info][gc,marking    ] GC(18) Concurrent Cleanup for Next Mark 1.074ms
[4.264s][info][gc            ] GC(18) Concurrent Cycle 20.125ms
[4.533s][info][gc,start      ] GC(19) Pause Young (Normal) (G1 Evacuation Pause)
[4.533s][info][gc,task       ] GC(19) Using 10 workers of 10 for evacuation
[4.562s][info][gc,phases     ] GC(19)   Pre Evacuate Collection Set: 0.0ms
[4.562s][info][gc,phases     ] GC(19)   Evacuate Collection Set: 19.1ms
[4.562s][info][gc,phases     ] GC(19)   Post Evacuate Collection Set: 9.6ms
[4.562s][info][gc,phases     ] GC(19)   Other: 0.2ms
[4.562s][info][gc,heap       ] GC(19) Eden regions: 144->0(311)
[4.562s][info][gc,heap       ] GC(19) Survivor regions: 29->22(22)
[4.562s][info][gc,heap       ] GC(19) Old regions: 817->965
[4.562s][info][gc,heap       ] GC(19) Humongous regions: 0->0
[4.562s][info][gc,metaspace  ] GC(19) Metaspace: 11695K->11695K(1060864K)
[4.562s][info][gc            ] GC(19) Pause Young (Normal) (G1 Evacuation Pause) 989M->986M(2203M) 29.080ms
[4.562s][info][gc,cpu        ] GC(19) User=0.14s Sys=0.05s Real=0.03s
[5.290s][info][gc,start      ] GC(20) Pause Young (Normal) (G1 Evacuation Pause)
[5.290s][info][gc,task       ] GC(20) Using 10 workers of 10 for evacuation
[5.350s][info][gc,phases     ] GC(20)   Pre Evacuate Collection Set: 0.0ms
[5.350s][info][gc,phases     ] GC(20)   Evacuate Collection Set: 59.1ms
[5.350s][info][gc,phases     ] GC(20)   Post Evacuate Collection Set: 0.4ms
[5.350s][info][gc,phases     ] GC(20)   Other: 0.2ms
[5.350s][info][gc,heap       ] GC(20) Eden regions: 311->0(214)
[5.350s][info][gc,heap       ] GC(20) Survivor regions: 22->42(42)
[5.350s][info][gc,heap       ] GC(20) Old regions: 965->1254
[5.350s][info][gc,heap       ] GC(20) Humongous regions: 0->0
[5.350s][info][gc,metaspace  ] GC(20) Metaspace: 11715K->11715K(1060864K)
[5.350s][info][gc            ] GC(20) Pause Young (Normal) (G1 Evacuation Pause) 1297M->1295M(2203M) 59.951ms
[5.350s][info][gc,cpu        ] GC(20) User=0.16s Sys=0.31s Real=0.06s
[5.808s][info][gc,start      ] GC(21) Pause Young (Concurrent Start) (G1 Evacuation Pause)
[5.808s][info][gc,task       ] GC(21) Using 10 workers of 10 for evacuation
[5.855s][info][gc,phases     ] GC(21)   Pre Evacuate Collection Set: 0.0ms
[5.855s][info][gc,phases     ] GC(21)   Evacuate Collection Set: 46.4ms
[5.855s][info][gc,phases     ] GC(21)   Post Evacuate Collection Set: 0.5ms
[5.855s][info][gc,phases     ] GC(21)   Other: 0.2ms
[5.855s][info][gc,heap       ] GC(21) Eden regions: 214->0(188)
[5.855s][info][gc,heap       ] GC(21) Survivor regions: 42->32(32)
[5.855s][info][gc,heap       ] GC(21) Old regions: 1254->1475
[5.855s][info][gc,heap       ] GC(21) Humongous regions: 0->0
[5.855s][info][gc,metaspace  ] GC(21) Metaspace: 12352K->12352K(1060864K)
[5.855s][info][gc            ] GC(21) Pause Young (Concurrent Start) (G1 Evacuation Pause) 1509M->1506M(2203M) 47.320ms
[5.855s][info][gc,cpu        ] GC(21) User=0.16s Sys=0.27s Real=0.05s
[5.855s][info][gc            ] GC(22) Concurrent Cycle
[5.855s][info][gc,marking    ] GC(22) Concurrent Clear Claimed Marks
[5.855s][info][gc,marking    ] GC(22) Concurrent Clear Claimed Marks 0.046ms
[5.855s][info][gc,marking    ] GC(22) Concurrent Scan Root Regions
[5.856s][info][gc,marking    ] GC(22) Concurrent Scan Root Regions 0.870ms
[5.856s][info][gc,marking    ] GC(22) Concurrent Mark (5.856s)
[5.856s][info][gc,marking    ] GC(22) Concurrent Mark From Roots
[5.856s][info][gc,task       ] GC(22) Using 3 workers of 3 for marking
[5.871s][info][gc,marking    ] GC(22) Concurrent Mark From Roots 14.329ms
[5.871s][info][gc,marking    ] GC(22) Concurrent Preclean
[5.871s][info][gc,marking    ] GC(22) Concurrent Preclean 0.138ms
[5.871s][info][gc,marking    ] GC(22) Concurrent Mark (5.856s, 5.871s) 14.556ms
[5.871s][info][gc,start      ] GC(22) Pause Remark
[5.871s][info][gc,stringtable] GC(22) Cleaned string and symbol table, strings: 5906 processed, 6 removed, symbols: 44491 processed, 1 removed
[5.872s][info][gc            ] GC(22) Pause Remark 1514M->1075M(2203M) 1.011ms
[5.872s][info][gc,cpu        ] GC(22) User=0.00s Sys=0.00s Real=0.00s
[5.872s][info][gc,marking    ] GC(22) Concurrent Rebuild Remembered Sets
[5.882s][info][gc,marking    ] GC(22) Concurrent Rebuild Remembered Sets 10.264ms
[5.882s][info][gc,start      ] GC(22) Pause Cleanup
[5.883s][info][gc            ] GC(22) Pause Cleanup 1083M->1083M(2203M) 0.409ms
[5.883s][info][gc,cpu        ] GC(22) User=0.00s Sys=0.00s Real=0.00s
[5.883s][info][gc,marking    ] GC(22) Concurrent Cleanup for Next Mark
[5.885s][info][gc,marking    ] GC(22) Concurrent Cleanup for Next Mark 1.898ms
[5.885s][info][gc            ] GC(22) Concurrent Cycle 29.703ms
[6.249s][info][gc,start      ] GC(23) Pause Young (Normal) (G1 Evacuation Pause)
[6.249s][info][gc,task       ] GC(23) Using 10 workers of 10 for evacuation
[6.274s][info][gc,phases     ] GC(23)   Pre Evacuate Collection Set: 0.0ms
[6.274s][info][gc,phases     ] GC(23)   Evacuate Collection Set: 24.0ms
[6.274s][info][gc,phases     ] GC(23)   Post Evacuate Collection Set: 0.5ms
[6.274s][info][gc,phases     ] GC(23)   Other: 0.2ms
[6.274s][info][gc,heap       ] GC(23) Eden regions: 188->0(227)
[6.274s][info][gc,heap       ] GC(23) Survivor regions: 32->28(28)
[6.274s][info][gc,heap       ] GC(23) Old regions: 1036->1227
[6.274s][info][gc,heap       ] GC(23) Humongous regions: 0->0
[6.274s][info][gc,metaspace  ] GC(23) Metaspace: 12352K->12352K(1060864K)
[6.274s][info][gc            ] GC(23) Pause Young (Normal) (G1 Evacuation Pause) 1255M->1254M(2203M) 24.935ms
[6.274s][info][gc,cpu        ] GC(23) User=0.08s Sys=0.00s Real=0.02s
[6.741s][info][gc,start      ] GC(24) Pause Young (Concurrent Start) (G1 Evacuation Pause)
[6.741s][info][gc,task       ] GC(24) Using 10 workers of 10 for evacuation
[6.768s][info][gc,phases     ] GC(24)   Pre Evacuate Collection Set: 0.0ms
[6.768s][info][gc,phases     ] GC(24)   Evacuate Collection Set: 25.5ms
[6.768s][info][gc,phases     ] GC(24)   Post Evacuate Collection Set: 0.4ms
[6.768s][info][gc,phases     ] GC(24)   Other: 0.2ms
[6.768s][info][gc,heap       ] GC(24) Eden regions: 227->0(188)
[6.768s][info][gc,heap       ] GC(24) Survivor regions: 28->32(32)
[6.768s][info][gc,heap       ] GC(24) Old regions: 1227->1446
[6.768s][info][gc,heap       ] GC(24) Humongous regions: 0->0
[6.768s][info][gc,metaspace  ] GC(24) Metaspace: 13195K->13195K(1060864K)
[6.768s][info][gc            ] GC(24) Pause Young (Concurrent Start) (G1 Evacuation Pause) 1481M->1477M(2203M) 26.350ms
[6.768s][info][gc,cpu        ] GC(24) User=0.08s Sys=0.02s Real=0.03s
[6.768s][info][gc            ] GC(25) Concurrent Cycle
[6.768s][info][gc,marking    ] GC(25) Concurrent Clear Claimed Marks
[6.768s][info][gc,marking    ] GC(25) Concurrent Clear Claimed Marks 0.036ms
[6.768s][info][gc,marking    ] GC(25) Concurrent Scan Root Regions
[6.769s][info][gc,marking    ] GC(25) Concurrent Scan Root Regions 0.613ms
[6.769s][info][gc,marking    ] GC(25) Concurrent Mark (6.769s)
[6.769s][info][gc,marking    ] GC(25) Concurrent Mark From Roots
[6.769s][info][gc,task       ] GC(25) Using 3 workers of 3 for marking
[6.781s][info][gc,marking    ] GC(25) Concurrent Mark From Roots 12.402ms
[6.781s][info][gc,marking    ] GC(25) Concurrent Preclean
[6.781s][info][gc,marking    ] GC(25) Concurrent Preclean 0.152ms
[6.781s][info][gc,marking    ] GC(25) Concurrent Mark (6.769s, 6.781s) 12.651ms
[6.781s][info][gc,start      ] GC(25) Pause Remark
[6.782s][info][gc,stringtable] GC(25) Cleaned string and symbol table, strings: 6400 processed, 1 removed, symbols: 45801 processed, 1 removed
[6.783s][info][gc            ] GC(25) Pause Remark 1481M->1355M(2203M) 1.124ms
[6.783s][info][gc,cpu        ] GC(25) User=0.00s Sys=0.00s Real=0.00s
[6.783s][info][gc,marking    ] GC(25) Concurrent Rebuild Remembered Sets
[6.794s][info][gc,marking    ] GC(25) Concurrent Rebuild Remembered Sets 11.808ms
[6.795s][info][gc,start      ] GC(25) Pause Cleanup
[6.795s][info][gc            ] GC(25) Pause Cleanup 1363M->1363M(2203M) 0.425ms
[6.795s][info][gc,cpu        ] GC(25) User=0.00s Sys=0.00s Real=0.00s
[6.795s][info][gc,marking    ] GC(25) Concurrent Cleanup for Next Mark
[6.797s][info][gc,marking    ] GC(25) Concurrent Cleanup for Next Mark 1.314ms
[6.797s][info][gc            ] GC(25) Concurrent Cycle 28.819ms
[7.172s][info][gc,start      ] GC(26) Pause Young (Prepare Mixed) (G1 Evacuation Pause)
[7.172s][info][gc,task       ] GC(26) Using 10 workers of 10 for evacuation
[7.197s][info][gc,phases     ] GC(26)   Pre Evacuate Collection Set: 0.0ms
[7.197s][info][gc,phases     ] GC(26)   Evacuate Collection Set: 24.0ms
[7.197s][info][gc,phases     ] GC(26)   Post Evacuate Collection Set: 0.4ms
[7.197s][info][gc,phases     ] GC(26)   Other: 0.2ms
[7.197s][info][gc,heap       ] GC(26) Eden regions: 188->0(192)
[7.197s][info][gc,heap       ] GC(26) Survivor regions: 32->28(28)
[7.197s][info][gc,heap       ] GC(26) Old regions: 1320->1511
[7.197s][info][gc,heap       ] GC(26) Humongous regions: 0->0
[7.197s][info][gc,metaspace  ] GC(26) Metaspace: 13199K->13199K(1060864K)
[7.197s][info][gc            ] GC(26) Pause Young (Prepare Mixed) (G1 Evacuation Pause) 1539M->1538M(2203M) 24.950ms
[7.197s][info][gc,cpu        ] GC(26) User=0.11s Sys=0.00s Real=0.03s
[7.610s][info][gc,start      ] GC(27) Pause Young (Mixed) (G1 Evacuation Pause)
[7.610s][info][gc,task       ] GC(27) Using 10 workers of 10 for evacuation
[7.635s][info][gc,phases     ] GC(27)   Pre Evacuate Collection Set: 0.0ms
[7.635s][info][gc,phases     ] GC(27)   Evacuate Collection Set: 23.8ms
[7.635s][info][gc,phases     ] GC(27)   Post Evacuate Collection Set: 0.5ms
[7.635s][info][gc,phases     ] GC(27)   Other: 0.2ms
[7.635s][info][gc,heap       ] GC(27) Eden regions: 192->0(192)
[7.635s][info][gc,heap       ] GC(27) Survivor regions: 28->28(28)
[7.635s][info][gc,heap       ] GC(27) Old regions: 1511->1682
[7.635s][info][gc,heap       ] GC(27) Humongous regions: 0->0
[7.635s][info][gc,metaspace  ] GC(27) Metaspace: 13278K->13278K(1060864K)
[7.635s][info][gc            ] GC(27) Pause Young (Mixed) (G1 Evacuation Pause) 1730M->1709M(2203M) 24.739ms
[7.635s][info][gc,cpu        ] GC(27) User=0.19s Sys=0.02s Real=0.03s
[8.046s][info][gc,start      ] GC(28) Pause Young (Concurrent Start) (G1 Evacuation Pause)
[8.046s][info][gc,task       ] GC(28) Using 10 workers of 10 for evacuation
[8.086s][info][gc,phases     ] GC(28)   Pre Evacuate Collection Set: 0.0ms
[8.086s][info][gc,phases     ] GC(28)   Evacuate Collection Set: 40.0ms
[8.087s][info][gc,phases     ] GC(28)   Post Evacuate Collection Set: 0.3ms
[8.087s][info][gc,phases     ] GC(28)   Other: 0.2ms
[8.087s][info][gc,heap       ] GC(28) Eden regions: 192->0(192)
[8.087s][info][gc,heap       ] GC(28) Survivor regions: 28->28(28)
[8.087s][info][gc,heap       ] GC(28) Old regions: 1682->1872
[8.087s][info][gc,heap       ] GC(28) Humongous regions: 0->0
[8.087s][info][gc,metaspace  ] GC(28) Metaspace: 13412K->13412K(1062912K)
[8.087s][info][gc            ] GC(28) Pause Young (Concurrent Start) (G1 Evacuation Pause) 1901M->1899M(2203M) 40.728ms
[8.087s][info][gc,cpu        ] GC(28) User=0.20s Sys=0.13s Real=0.04s
[8.087s][info][gc            ] GC(29) Concurrent Cycle
[8.087s][info][gc,marking    ] GC(29) Concurrent Clear Claimed Marks
[8.087s][info][gc,marking    ] GC(29) Concurrent Clear Claimed Marks 0.062ms
[8.087s][info][gc,marking    ] GC(29) Concurrent Scan Root Regions
[8.087s][info][gc,marking    ] GC(29) Concurrent Scan Root Regions 0.438ms
[8.087s][info][gc,marking    ] GC(29) Concurrent Mark (8.087s)
[8.087s][info][gc,marking    ] GC(29) Concurrent Mark From Roots
[8.087s][info][gc,task       ] GC(29) Using 3 workers of 3 for marking
[8.102s][info][gc,marking    ] GC(29) Concurrent Mark From Roots 15.152ms
[8.102s][info][gc,marking    ] GC(29) Concurrent Preclean
[8.103s][info][gc,marking    ] GC(29) Concurrent Preclean 0.145ms
[8.103s][info][gc,marking    ] GC(29) Concurrent Mark (8.087s, 8.103s) 15.380ms
[8.103s][info][gc,start      ] GC(29) Pause Remark
[8.103s][info][gc,stringtable] GC(29) Cleaned string and symbol table, strings: 6581 processed, 6 removed, symbols: 45914 processed, 0 removed
[8.104s][info][gc            ] GC(29) Pause Remark 1906M->1677M(2203M) 1.081ms
[8.104s][info][gc,cpu        ] GC(29) User=0.00s Sys=0.00s Real=0.00s
[8.104s][info][gc,marking    ] GC(29) Concurrent Rebuild Remembered Sets
[8.119s][info][gc,marking    ] GC(29) Concurrent Rebuild Remembered Sets 15.129ms
[8.119s][info][gc,start      ] GC(29) Pause Cleanup
[8.120s][info][gc            ] GC(29) Pause Cleanup 1685M->1685M(2203M) 0.412ms
[8.120s][info][gc,cpu        ] GC(29) User=0.00s Sys=0.00s Real=0.00s
[8.120s][info][gc,marking    ] GC(29) Concurrent Cleanup for Next Mark
[8.122s][info][gc,marking    ] GC(29) Concurrent Cleanup for Next Mark 1.848ms
[8.122s][info][gc            ] GC(29) Concurrent Cycle 35.047ms
[8.489s][info][gc,start      ] GC(30) Pause Young (Normal) (G1 Evacuation Pause)
[8.489s][info][gc,task       ] GC(30) Using 10 workers of 10 for evacuation
[8.516s][info][gc,phases     ] GC(30)   Pre Evacuate Collection Set: 0.1ms
[8.516s][info][gc,phases     ] GC(30)   Evacuate Collection Set: 23.8ms
[8.516s][info][gc,phases     ] GC(30)   Post Evacuate Collection Set: 2.5ms
[8.516s][info][gc,phases     ] GC(30)   Other: 0.2ms
[8.516s][info][gc,heap       ] GC(30) Eden regions: 192->0(203)
[8.516s][info][gc,heap       ] GC(30) Survivor regions: 28->28(28)
[8.516s][info][gc,heap       ] GC(30) Old regions: 1643->1835
[8.516s][info][gc,heap       ] GC(30) Humongous regions: 0->0
[8.516s][info][gc,metaspace  ] GC(30) Metaspace: 13412K->13412K(1062912K)
[8.516s][info][gc            ] GC(30) Pause Young (Normal) (G1 Evacuation Pause) 1862M->1862M(2311M) 26.760ms
[8.516s][info][gc,cpu        ] GC(30) User=0.25s Sys=0.05s Real=0.03s
[8.967s][info][gc,start      ] GC(31) Pause Young (Concurrent Start) (G1 Evacuation Pause)
[8.967s][info][gc,task       ] GC(31) Using 10 workers of 10 for evacuation
[8.994s][info][gc,phases     ] GC(31)   Pre Evacuate Collection Set: 0.1ms
[8.994s][info][gc,phases     ] GC(31)   Evacuate Collection Set: 26.0ms
[8.994s][info][gc,phases     ] GC(31)   Post Evacuate Collection Set: 0.3ms
[8.994s][info][gc,phases     ] GC(31)   Other: 0.4ms
[8.994s][info][gc,heap       ] GC(31) Eden regions: 203->0(202)
[8.994s][info][gc,heap       ] GC(31) Survivor regions: 28->29(29)
[8.994s][info][gc,heap       ] GC(31) Old regions: 1835->2035
[8.994s][info][gc,heap       ] GC(31) Humongous regions: 0->0
[8.994s][info][gc,metaspace  ] GC(31) Metaspace: 13452K->13452K(1062912K)
[8.994s][info][gc            ] GC(31) Pause Young (Concurrent Start) (G1 Evacuation Pause) 2065M->2063M(2311M) 26.884ms
[8.994s][info][gc,cpu        ] GC(31) User=0.19s Sys=0.00s Real=0.03s
[8.994s][info][gc            ] GC(32) Concurrent Cycle
[8.994s][info][gc,marking    ] GC(32) Concurrent Clear Claimed Marks
[8.994s][info][gc,marking    ] GC(32) Concurrent Clear Claimed Marks 0.038ms
[8.994s][info][gc,marking    ] GC(32) Concurrent Scan Root Regions
[8.995s][info][gc,marking    ] GC(32) Concurrent Scan Root Regions 0.503ms
[8.995s][info][gc,marking    ] GC(32) Concurrent Mark (8.995s)
[8.995s][info][gc,marking    ] GC(32) Concurrent Mark From Roots
[8.995s][info][gc,task       ] GC(32) Using 3 workers of 3 for marking
[9.012s][info][gc,marking    ] GC(32) Concurrent Mark From Roots 16.549ms
[9.012s][info][gc,marking    ] GC(32) Concurrent Preclean
[9.012s][info][gc,marking    ] GC(32) Concurrent Preclean 0.165ms
[9.012s][info][gc,marking    ] GC(32) Concurrent Mark (8.995s, 9.012s) 16.813ms
[9.012s][info][gc,start      ] GC(32) Pause Remark
[9.013s][info][gc,stringtable] GC(32) Cleaned string and symbol table, strings: 6587 processed, 6 removed, symbols: 45914 processed, 0 removed
[9.013s][info][gc            ] GC(32) Pause Remark 2070M->1884M(2311M) 1.236ms
[9.013s][info][gc,cpu        ] GC(32) User=0.00s Sys=0.00s Real=0.00s
[9.013s][info][gc,marking    ] GC(32) Concurrent Rebuild Remembered Sets
[9.031s][info][gc,marking    ] GC(32) Concurrent Rebuild Remembered Sets 17.414ms
[9.031s][info][gc,start      ] GC(32) Pause Cleanup
[9.031s][info][gc            ] GC(32) Pause Cleanup 1893M->1893M(2311M) 0.492ms
[9.031s][info][gc,cpu        ] GC(32) User=0.00s Sys=0.00s Real=0.00s
[9.032s][info][gc,marking    ] GC(32) Concurrent Cleanup for Next Mark
[9.033s][info][gc,marking    ] GC(32) Concurrent Cleanup for Next Mark 1.582ms
[9.033s][info][gc            ] GC(32) Concurrent Cycle 38.801ms
[9.430s][info][gc,start      ] GC(33) Pause Young (Normal) (G1 Evacuation Pause)
[9.430s][info][gc,task       ] GC(33) Using 10 workers of 10 for evacuation
[9.454s][info][gc,phases     ] GC(33)   Pre Evacuate Collection Set: 0.0ms
[9.454s][info][gc,phases     ] GC(33)   Evacuate Collection Set: 23.9ms
[9.454s][info][gc,phases     ] GC(33)   Post Evacuate Collection Set: 0.3ms
[9.454s][info][gc,phases     ] GC(33)   Other: 0.2ms
[9.454s][info][gc,heap       ] GC(33) Eden regions: 202->0(202)
[9.454s][info][gc,heap       ] GC(33) Survivor regions: 29->29(29)
[9.454s][info][gc,heap       ] GC(33) Old regions: 1849->2050
[9.454s][info][gc,heap       ] GC(33) Humongous regions: 0->0
[9.454s][info][gc,metaspace  ] GC(33) Metaspace: 13452K->13452K(1062912K)
[9.454s][info][gc            ] GC(33) Pause Young (Normal) (G1 Evacuation Pause) 2079M->2078M(2311M) 24.669ms
[9.454s][info][gc,cpu        ] GC(33) User=0.11s Sys=0.02s Real=0.03s
[9.882s][info][gc,start      ] GC(34) Pause Young (Concurrent Start) (G1 Evacuation Pause)
[9.883s][info][gc,task       ] GC(34) Using 10 workers of 10 for evacuation
[9.949s][info][gc,phases     ] GC(34)   Pre Evacuate Collection Set: 0.1ms
[9.949s][info][gc,phases     ] GC(34)   Evacuate Collection Set: 65.1ms
[9.949s][info][gc,phases     ] GC(34)   Post Evacuate Collection Set: 0.3ms
[9.949s][info][gc,phases     ] GC(34)   Other: 1.0ms
[9.949s][info][gc,heap       ] GC(34) Eden regions: 202->0(222)
[9.949s][info][gc,heap       ] GC(34) Survivor regions: 29->29(29)
[9.949s][info][gc,heap       ] GC(34) Old regions: 2050->2251
[9.949s][info][gc,heap       ] GC(34) Humongous regions: 0->0
[9.949s][info][gc,metaspace  ] GC(34) Metaspace: 13467K->13467K(1062912K)
[9.949s][info][gc            ] GC(34) Pause Young (Concurrent Start) (G1 Evacuation Pause) 2280M->2279M(2511M) 66.686ms
[9.949s][info][gc,cpu        ] GC(34) User=0.09s Sys=0.23s Real=0.07s
[9.949s][info][gc            ] GC(35) Concurrent Cycle
[9.949s][info][gc,marking    ] GC(35) Concurrent Clear Claimed Marks
[9.949s][info][gc,marking    ] GC(35) Concurrent Clear Claimed Marks 0.037ms
[9.949s][info][gc,marking    ] GC(35) Concurrent Scan Root Regions
[9.950s][info][gc,marking    ] GC(35) Concurrent Scan Root Regions 0.392ms
[9.950s][info][gc,marking    ] GC(35) Concurrent Mark (9.950s)
[9.950s][info][gc,marking    ] GC(35) Concurrent Mark From Roots
[9.950s][info][gc,task       ] GC(35) Using 3 workers of 3 for marking
[9.967s][info][gc,marking    ] GC(35) Concurrent Mark From Roots 17.155ms
[9.967s][info][gc,marking    ] GC(35) Concurrent Preclean
[9.967s][info][gc,marking    ] GC(35) Concurrent Preclean 0.156ms
[9.967s][info][gc,marking    ] GC(35) Concurrent Mark (9.950s, 9.967s) 17.402ms
[9.967s][info][gc,start      ] GC(35) Pause Remark
[9.968s][info][gc,stringtable] GC(35) Cleaned string and symbol table, strings: 6588 processed, 0 removed, symbols: 45914 processed, 0 removed
[9.969s][info][gc            ] GC(35) Pause Remark 2288M->2105M(2511M) 1.316ms
[9.969s][info][gc,cpu        ] GC(35) User=0.00s Sys=0.00s Real=0.00s
[9.969s][info][gc,marking    ] GC(35) Concurrent Rebuild Remembered Sets
[9.989s][info][gc,marking    ] GC(35) Concurrent Rebuild Remembered Sets 20.291ms
[9.989s][info][gc,start      ] GC(35) Pause Cleanup
[9.990s][info][gc            ] GC(35) Pause Cleanup 2113M->2113M(2511M) 0.637ms
[9.990s][info][gc,cpu        ] GC(35) User=0.14s Sys=0.00s Real=0.00s
[9.990s][info][gc,marking    ] GC(35) Concurrent Cleanup for Next Mark
[9.992s][info][gc,marking    ] GC(35) Concurrent Cleanup for Next Mark 1.859ms
[9.992s][info][gc            ] GC(35) Concurrent Cycle 42.723ms
[10.416s][info][gc,start      ] GC(36) Pause Young (Normal) (G1 Evacuation Pause)
[10.416s][info][gc,task       ] GC(36) Using 10 workers of 10 for evacuation
[10.456s][info][gc,phases     ] GC(36)   Pre Evacuate Collection Set: 0.0ms
[10.457s][info][gc,phases     ] GC(36)   Evacuate Collection Set: 39.5ms
[10.457s][info][gc,phases     ] GC(36)   Post Evacuate Collection Set: 0.3ms
[10.457s][info][gc,phases     ] GC(36)   Other: 0.2ms
[10.457s][info][gc,heap       ] GC(36) Eden regions: 222->0(224)
[10.457s][info][gc,heap       ] GC(36) Survivor regions: 29->32(32)
[10.457s][info][gc,heap       ] GC(36) Old regions: 2068->2286
[10.457s][info][gc,heap       ] GC(36) Humongous regions: 0->0
[10.457s][info][gc,metaspace  ] GC(36) Metaspace: 13467K->13467K(1062912K)
[10.457s][info][gc            ] GC(36) Pause Young (Normal) (G1 Evacuation Pause) 2318M->2317M(2569M) 40.292ms
[10.457s][info][gc,cpu        ] GC(36) User=0.08s Sys=0.17s Real=0.04s
[10.932s][info][gc,start      ] GC(37) Pause Young (Concurrent Start) (G1 Evacuation Pause)
[10.932s][info][gc,task       ] GC(37) Using 10 workers of 10 for evacuation
[11.004s][info][gc,phases     ] GC(37)   Pre Evacuate Collection Set: 0.0ms
[11.004s][info][gc,phases     ] GC(37)   Evacuate Collection Set: 70.9ms
[11.004s][info][gc,phases     ] GC(37)   Post Evacuate Collection Set: 0.3ms
[11.004s][info][gc,phases     ] GC(37)   Other: 0.2ms
[11.004s][info][gc,heap       ] GC(37) Eden regions: 224->0(247)
[11.004s][info][gc,heap       ] GC(37) Survivor regions: 32->32(32)
[11.004s][info][gc,heap       ] GC(37) Old regions: 2286->2509
[11.004s][info][gc,heap       ] GC(37) Humongous regions: 0->0
[11.004s][info][gc,metaspace  ] GC(37) Metaspace: 13488K->13488K(1062912K)
[11.004s][info][gc            ] GC(37) Pause Young (Concurrent Start) (G1 Evacuation Pause) 2541M->2540M(2797M) 71.692ms
[11.004s][info][gc,cpu        ] GC(37) User=0.02s Sys=0.17s Real=0.07s
[11.004s][info][gc            ] GC(38) Concurrent Cycle
[11.004s][info][gc,marking    ] GC(38) Concurrent Clear Claimed Marks
[11.004s][info][gc,marking    ] GC(38) Concurrent Clear Claimed Marks 0.040ms
[11.004s][info][gc,marking    ] GC(38) Concurrent Scan Root Regions
[11.004s][info][gc,marking    ] GC(38) Concurrent Scan Root Regions 0.471ms
[11.004s][info][gc,marking    ] GC(38) Concurrent Mark (11.004s)
[11.005s][info][gc,marking    ] GC(38) Concurrent Mark From Roots
[11.005s][info][gc,task       ] GC(38) Using 3 workers of 3 for marking
[11.023s][info][gc,marking    ] GC(38) Concurrent Mark From Roots 18.751ms
[11.023s][info][gc,marking    ] GC(38) Concurrent Preclean
[11.023s][info][gc,marking    ] GC(38) Concurrent Preclean 0.140ms
[11.023s][info][gc,marking    ] GC(38) Concurrent Mark (11.004s, 11.023s) 18.979ms
[11.024s][info][gc,start      ] GC(38) Pause Remark
[11.025s][info][gc,stringtable] GC(38) Cleaned string and symbol table, strings: 6589 processed, 6 removed, symbols: 45920 processed, 0 removed
[11.025s][info][gc            ] GC(38) Pause Remark 2551M->2342M(2797M) 1.405ms
[11.025s][info][gc,cpu        ] GC(38) User=0.00s Sys=0.00s Real=0.00s
[11.025s][info][gc,marking    ] GC(38) Concurrent Rebuild Remembered Sets
[11.046s][info][gc,marking    ] GC(38) Concurrent Rebuild Remembered Sets 21.166ms
[11.047s][info][gc,start      ] GC(38) Pause Cleanup
[11.048s][info][gc            ] GC(38) Pause Cleanup 2354M->2354M(2797M) 0.872ms
[11.048s][info][gc,cpu        ] GC(38) User=0.00s Sys=0.00s Real=0.00s
[11.048s][info][gc,marking    ] GC(38) Concurrent Cleanup for Next Mark
[11.050s][info][gc,marking    ] GC(38) Concurrent Cleanup for Next Mark 2.019ms
[11.050s][info][gc            ] GC(38) Concurrent Cycle 45.840ms
[11.520s][info][gc,start      ] GC(39) Pause Young (Prepare Mixed) (G1 Evacuation Pause)
[11.520s][info][gc,task       ] GC(39) Using 10 workers of 10 for evacuation
[11.565s][info][gc,phases     ] GC(39)   Pre Evacuate Collection Set: 0.1ms
[11.565s][info][gc,phases     ] GC(39)   Evacuate Collection Set: 43.9ms
[11.565s][info][gc,phases     ] GC(39)   Post Evacuate Collection Set: 0.3ms
[11.565s][info][gc,phases     ] GC(39)   Other: 0.6ms
[11.565s][info][gc,heap       ] GC(39) Eden regions: 247->0(250)
[11.565s][info][gc,heap       ] GC(39) Survivor regions: 32->35(35)
[11.565s][info][gc,heap       ] GC(39) Old regions: 2300->2543
[11.565s][info][gc,heap       ] GC(39) Humongous regions: 0->0
[11.565s][info][gc,metaspace  ] GC(39) Metaspace: 13488K->13488K(1062912K)
[11.565s][info][gc            ] GC(39) Pause Young (Prepare Mixed) (G1 Evacuation Pause) 2578M->2577M(2857M) 45.047ms
[11.565s][info][gc,cpu        ] GC(39) User=0.20s Sys=0.06s Real=0.05s
[12.090s][info][gc,start      ] GC(40) Pause Young (Mixed) (G1 Evacuation Pause)
[12.091s][info][gc,task       ] GC(40) Using 10 workers of 10 for evacuation
[12.170s][info][gc,phases     ] GC(40)   Pre Evacuate Collection Set: 0.1ms
[12.170s][info][gc,phases     ] GC(40)   Evacuate Collection Set: 77.0ms
[12.170s][info][gc,phases     ] GC(40)   Post Evacuate Collection Set: 2.1ms
[12.170s][info][gc,phases     ] GC(40)   Other: 0.3ms
[12.170s][info][gc,heap       ] GC(40) Eden regions: 250->0(285)
[12.170s][info][gc,heap       ] GC(40) Survivor regions: 35->36(36)
[12.170s][info][gc,heap       ] GC(40) Old regions: 2543->2783
[12.170s][info][gc,heap       ] GC(40) Humongous regions: 0->0
[12.170s][info][gc,metaspace  ] GC(40) Metaspace: 13503K->13503K(1062912K)
[12.170s][info][gc            ] GC(40) Pause Young (Mixed) (G1 Evacuation Pause) 2827M->2818M(3217M) 79.718ms
[12.170s][info][gc,cpu        ] GC(40) User=0.13s Sys=0.23s Real=0.08s
[12.819s][info][gc,start      ] GC(41) Pause Young (Concurrent Start) (G1 Evacuation Pause)
[12.819s][info][gc,task       ] GC(41) Using 10 workers of 10 for evacuation
[12.898s][info][gc,phases     ] GC(41)   Pre Evacuate Collection Set: 0.1ms
[12.898s][info][gc,phases     ] GC(41)   Evacuate Collection Set: 77.8ms
[12.898s][info][gc,phases     ] GC(41)   Post Evacuate Collection Set: 0.4ms
[12.898s][info][gc,phases     ] GC(41)   Other: 0.8ms
[12.898s][info][gc,heap       ] GC(41) Eden regions: 285->0(301)
[12.898s][info][gc,heap       ] GC(41) Survivor regions: 36->41(41)
[12.898s][info][gc,heap       ] GC(41) Old regions: 2783->3062
[12.898s][info][gc,heap       ] GC(41) Humongous regions: 0->0
[12.898s][info][gc,metaspace  ] GC(41) Metaspace: 13515K->13515K(1062912K)
[12.898s][info][gc            ] GC(41) Pause Young (Concurrent Start) (G1 Evacuation Pause) 3103M->3102M(3424M) 79.172ms
[12.898s][info][gc,cpu        ] GC(41) User=0.05s Sys=0.38s Real=0.08s
[12.898s][info][gc            ] GC(42) Concurrent Cycle
[12.898s][info][gc,marking    ] GC(42) Concurrent Clear Claimed Marks
[12.898s][info][gc,marking    ] GC(42) Concurrent Clear Claimed Marks 0.045ms
[12.898s][info][gc,marking    ] GC(42) Concurrent Scan Root Regions
[12.899s][info][gc,marking    ] GC(42) Concurrent Scan Root Regions 0.579ms
[12.899s][info][gc,marking    ] GC(42) Concurrent Mark (12.899s)
[12.899s][info][gc,marking    ] GC(42) Concurrent Mark From Roots
[12.899s][info][gc,task       ] GC(42) Using 3 workers of 3 for marking
[12.924s][info][gc,marking    ] GC(42) Concurrent Mark From Roots 24.575ms
[12.924s][info][gc,marking    ] GC(42) Concurrent Preclean
[12.924s][info][gc,marking    ] GC(42) Concurrent Preclean 0.146ms
[12.924s][info][gc,marking    ] GC(42) Concurrent Mark (12.899s, 12.924s) 24.806ms
[12.924s][info][gc,start      ] GC(42) Pause Remark
[12.925s][info][gc,stringtable] GC(42) Cleaned string and symbol table, strings: 6612 processed, 0 removed, symbols: 45922 processed, 0 removed
[12.925s][info][gc            ] GC(42) Pause Remark 3114M->2782M(3424M) 1.237ms
[12.925s][info][gc,cpu        ] GC(42) User=0.00s Sys=0.00s Real=0.00s
[12.925s][info][gc,marking    ] GC(42) Concurrent Rebuild Remembered Sets
[12.951s][info][gc,marking    ] GC(42) Concurrent Rebuild Remembered Sets 25.128ms
[12.951s][info][gc,start      ] GC(42) Pause Cleanup
[12.951s][info][gc            ] GC(42) Pause Cleanup 2794M->2794M(3424M) 0.709ms
[12.951s][info][gc,cpu        ] GC(42) User=0.00s Sys=0.00s Real=0.00s
[12.951s][info][gc,marking    ] GC(42) Concurrent Cleanup for Next Mark
[12.955s][info][gc,marking    ] GC(42) Concurrent Cleanup for Next Mark 3.208ms
[12.955s][info][gc            ] GC(42) Concurrent Cycle 56.359ms
[13.544s][info][gc,start      ] GC(43) Pause Young (Normal) (G1 Evacuation Pause)
[13.544s][info][gc,task       ] GC(43) Using 10 workers of 10 for evacuation
[13.597s][info][gc,phases     ] GC(43)   Pre Evacuate Collection Set: 0.2ms
[13.597s][info][gc,phases     ] GC(43)   Evacuate Collection Set: 51.5ms
[13.597s][info][gc,phases     ] GC(43)   Post Evacuate Collection Set: 0.3ms
[13.597s][info][gc,phases     ] GC(43)   Other: 0.7ms
[13.597s][info][gc,heap       ] GC(43) Eden regions: 301->0(299)
[13.597s][info][gc,heap       ] GC(43) Survivor regions: 41->43(43)
[13.597s][info][gc,heap       ] GC(43) Old regions: 2730->3027
[13.597s][info][gc,heap       ] GC(43) Humongous regions: 0->0
[13.597s][info][gc,metaspace  ] GC(43) Metaspace: 13515K->13515K(1062912K)
[13.597s][info][gc            ] GC(43) Pause Young (Normal) (G1 Evacuation Pause) 3071M->3069M(3424M) 52.853ms
[13.597s][info][gc,cpu        ] GC(43) User=0.16s Sys=0.00s Real=0.05s
[14.232s][info][gc,start      ] GC(44) Pause Young (Concurrent Start) (G1 Evacuation Pause)
[14.232s][info][gc,task       ] GC(44) Using 10 workers of 10 for evacuation
[14.322s][info][gc,phases     ] GC(44)   Pre Evacuate Collection Set: 0.1ms
[14.322s][info][gc,phases     ] GC(44)   Evacuate Collection Set: 88.8ms
[14.322s][info][gc,phases     ] GC(44)   Post Evacuate Collection Set: 0.3ms
[14.322s][info][gc,phases     ] GC(44)   Other: 1.0ms
[14.322s][info][gc,heap       ] GC(44) Eden regions: 299->0(328)
[14.322s][info][gc,heap       ] GC(44) Survivor regions: 43->43(43)
[14.322s][info][gc,heap       ] GC(44) Old regions: 3027->3325
[14.322s][info][gc,heap       ] GC(44) Humongous regions: 0->0
[14.322s][info][gc,metaspace  ] GC(44) Metaspace: 13529K->13529K(1062912K)
[14.322s][info][gc            ] GC(44) Pause Young (Concurrent Start) (G1 Evacuation Pause) 3368M->3367M(3710M) 90.343ms
[14.322s][info][gc,cpu        ] GC(44) User=0.16s Sys=0.25s Real=0.09s
[14.322s][info][gc            ] GC(45) Concurrent Cycle
[14.322s][info][gc,marking    ] GC(45) Concurrent Clear Claimed Marks
[14.322s][info][gc,marking    ] GC(45) Concurrent Clear Claimed Marks 0.037ms
[14.322s][info][gc,marking    ] GC(45) Concurrent Scan Root Regions
[14.323s][info][gc,marking    ] GC(45) Concurrent Scan Root Regions 0.579ms
[14.323s][info][gc,marking    ] GC(45) Concurrent Mark (14.323s)
[14.323s][info][gc,marking    ] GC(45) Concurrent Mark From Roots
[14.323s][info][gc,task       ] GC(45) Using 3 workers of 3 for marking
[14.352s][info][gc,marking    ] GC(45) Concurrent Mark From Roots 29.042ms
[14.352s][info][gc,marking    ] GC(45) Concurrent Preclean
[14.352s][info][gc,marking    ] GC(45) Concurrent Preclean 0.163ms
[14.352s][info][gc,marking    ] GC(45) Concurrent Mark (14.323s, 14.352s) 29.300ms
[14.352s][info][gc,start      ] GC(45) Pause Remark
[14.353s][info][gc,stringtable] GC(45) Cleaned string and symbol table, strings: 6612 processed, 6 removed, symbols: 45924 processed, 0 removed
[14.354s][info][gc            ] GC(45) Pause Remark 3381M->3016M(3710M) 1.437ms
[14.354s][info][gc,cpu        ] GC(45) User=0.00s Sys=0.00s Real=0.00s
[14.354s][info][gc,marking    ] GC(45) Concurrent Rebuild Remembered Sets
[14.383s][info][gc,marking    ] GC(45) Concurrent Rebuild Remembered Sets 29.535ms
[14.383s][info][gc,start      ] GC(45) Pause Cleanup
[14.384s][info][gc            ] GC(45) Pause Cleanup 3032M->3032M(3710M) 0.854ms
[14.384s][info][gc,cpu        ] GC(45) User=0.00s Sys=0.00s Real=0.00s
[14.384s][info][gc,marking    ] GC(45) Concurrent Cleanup for Next Mark
[14.387s][info][gc,marking    ] GC(45) Concurrent Cleanup for Next Mark 2.498ms
[14.387s][info][gc            ] GC(45) Concurrent Cycle 65.061ms
[15.030s][info][gc,start      ] GC(46) Pause Young (Normal) (G1 Evacuation Pause)
[15.030s][info][gc,task       ] GC(46) Using 10 workers of 10 for evacuation
[15.071s][info][gc,phases     ] GC(46)   Pre Evacuate Collection Set: 0.1ms
[15.071s][info][gc,phases     ] GC(46)   Evacuate Collection Set: 39.0ms
[15.071s][info][gc,phases     ] GC(46)   Post Evacuate Collection Set: 1.8ms
[15.071s][info][gc,phases     ] GC(46)   Other: 0.3ms
[15.071s][info][gc,heap       ] GC(46) Eden regions: 328->0(330)
[15.071s][info][gc,heap       ] GC(46) Survivor regions: 43->47(47)
[15.071s][info][gc,heap       ] GC(46) Old regions: 2960->3283
[15.071s][info][gc,heap       ] GC(46) Humongous regions: 0->0
[15.071s][info][gc,metaspace  ] GC(46) Metaspace: 13549K->13549K(1062912K)
[15.071s][info][gc            ] GC(46) Pause Young (Normal) (G1 Evacuation Pause) 3330M->3329M(3771M) 41.357ms
[15.071s][info][gc,cpu        ] GC(46) User=0.14s Sys=0.00s Real=0.04s
[15.775s][info][gc,start      ] GC(47) Pause Young (Concurrent Start) (G1 Evacuation Pause)
[15.775s][info][gc,task       ] GC(47) Using 10 workers of 10 for evacuation
[15.866s][info][gc,phases     ] GC(47)   Pre Evacuate Collection Set: 0.1ms
[15.866s][info][gc,phases     ] GC(47)   Evacuate Collection Set: 91.0ms
[15.866s][info][gc,phases     ] GC(47)   Post Evacuate Collection Set: 0.4ms
[15.866s][info][gc,phases     ] GC(47)   Other: 0.3ms
[15.866s][info][gc,heap       ] GC(47) Eden regions: 330->0(355)
[15.866s][info][gc,heap       ] GC(47) Survivor regions: 47->48(48)
[15.866s][info][gc,heap       ] GC(47) Old regions: 3283->3610
[15.867s][info][gc,heap       ] GC(47) Humongous regions: 0->0
[15.867s][info][gc,metaspace  ] GC(47) Metaspace: 13551K->13551K(1062912K)
[15.867s][info][gc            ] GC(47) Pause Young (Concurrent Start) (G1 Evacuation Pause) 3659M->3657M(4035M) 91.978ms
[15.867s][info][gc,cpu        ] GC(47) User=0.17s Sys=0.48s Real=0.09s
[15.867s][info][gc            ] GC(48) Concurrent Cycle
[15.867s][info][gc,marking    ] GC(48) Concurrent Clear Claimed Marks
[15.867s][info][gc,marking    ] GC(48) Concurrent Clear Claimed Marks 0.042ms
[15.867s][info][gc,marking    ] GC(48) Concurrent Scan Root Regions
[15.867s][info][gc,marking    ] GC(48) Concurrent Scan Root Regions 0.573ms
[15.867s][info][gc,marking    ] GC(48) Concurrent Mark (15.867s)
[15.867s][info][gc,marking    ] GC(48) Concurrent Mark From Roots
[15.867s][info][gc,task       ] GC(48) Using 3 workers of 3 for marking
[15.893s][info][gc,marking    ] GC(48) Concurrent Mark From Roots 25.708ms
[15.893s][info][gc,marking    ] GC(48) Concurrent Preclean
[15.893s][info][gc,marking    ] GC(48) Concurrent Preclean 0.160ms
[15.893s][info][gc,marking    ] GC(48) Concurrent Mark (15.867s, 15.893s) 25.957ms
[15.893s][info][gc,start      ] GC(48) Pause Remark
[15.894s][info][gc,stringtable] GC(48) Cleaned string and symbol table, strings: 6625 processed, 0 removed, symbols: 45924 processed, 0 removed
[15.895s][info][gc            ] GC(48) Pause Remark 3671M->3325M(4035M) 1.449ms
[15.895s][info][gc,cpu        ] GC(48) User=0.00s Sys=0.00s Real=0.00s
[15.895s][info][gc,marking    ] GC(48) Concurrent Rebuild Remembered Sets
[15.926s][info][gc,marking    ] GC(48) Concurrent Rebuild Remembered Sets 31.094ms
[15.926s][info][gc,start      ] GC(48) Pause Cleanup
[15.927s][info][gc            ] GC(48) Pause Cleanup 3341M->3341M(4035M) 1.092ms
[15.928s][info][gc,cpu        ] GC(48) User=0.16s Sys=0.00s Real=0.00s
[15.928s][info][gc,marking    ] GC(48) Concurrent Cleanup for Next Mark
[15.930s][info][gc,marking    ] GC(48) Concurrent Cleanup for Next Mark 2.666ms
[15.930s][info][gc            ] GC(48) Concurrent Cycle 63.685ms
[16.612s][info][gc,start      ] GC(49) Pause Young (Normal) (G1 Evacuation Pause)
[16.612s][info][gc,task       ] GC(49) Using 10 workers of 10 for evacuation
[16.683s][info][gc,phases     ] GC(49)   Pre Evacuate Collection Set: 0.1ms
[16.683s][info][gc,phases     ] GC(49)   Evacuate Collection Set: 69.6ms
[16.683s][info][gc,phases     ] GC(49)   Post Evacuate Collection Set: 0.4ms
[16.683s][info][gc,phases     ] GC(49)   Other: 0.7ms
[16.683s][info][gc,heap       ] GC(49) Eden regions: 355->0(355)
[16.683s][info][gc,heap       ] GC(49) Survivor regions: 48->51(51)
[16.683s][info][gc,heap       ] GC(49) Old regions: 3264->3615
[16.683s][info][gc,heap       ] GC(49) Humongous regions: 0->0
[16.683s][info][gc,metaspace  ] GC(49) Metaspace: 13551K->13551K(1062912K)
[16.683s][info][gc            ] GC(49) Pause Young (Normal) (G1 Evacuation Pause) 3666M->3665M(4069M) 71.013ms
[16.683s][info][gc,cpu        ] GC(49) User=0.23s Sys=0.14s Real=0.07s
[17.430s][info][gc,start      ] GC(50) Pause Young (Concurrent Start) (G1 Evacuation Pause)
[17.430s][info][gc,task       ] GC(50) Using 10 workers of 10 for evacuation
[17.452s][info][gc            ] GC(50) To-space exhausted
[17.452s][info][gc,phases     ] GC(50)   Pre Evacuate Collection Set: 0.1ms
[17.452s][info][gc,phases     ] GC(50)   Evacuate Collection Set: 18.4ms
[17.452s][info][gc,phases     ] GC(50)   Post Evacuate Collection Set: 2.8ms
[17.452s][info][gc,phases     ] GC(50)   Other: 0.4ms
[17.452s][info][gc,heap       ] GC(50) Eden regions: 355->0(390)
[17.452s][info][gc,heap       ] GC(50) Survivor regions: 51->17(51)
[17.452s][info][gc,heap       ] GC(50) Old regions: 3615->4015
[17.452s][info][gc,heap       ] GC(50) Humongous regions: 0->0
[17.452s][info][gc,metaspace  ] GC(50) Metaspace: 13573K->13573K(1062912K)
[17.452s][info][gc            ] GC(50) Pause Young (Concurrent Start) (G1 Evacuation Pause) 4020M->4032M(4078M) 21.814ms
[17.452s][info][gc,cpu        ] GC(50) User=0.06s Sys=0.00s Real=0.02s
[17.452s][info][gc            ] GC(51) Concurrent Cycle
[17.452s][info][gc,marking    ] GC(51) Concurrent Clear Claimed Marks
[17.452s][info][gc,marking    ] GC(51) Concurrent Clear Claimed Marks 0.037ms
[17.452s][info][gc,marking    ] GC(51) Concurrent Scan Root Regions
[17.452s][info][gc,marking    ] GC(51) Concurrent Scan Root Regions 0.237ms
[17.452s][info][gc,marking    ] GC(51) Concurrent Mark (17.452s)
[17.452s][info][gc,marking    ] GC(51) Concurrent Mark From Roots
[17.452s][info][gc,task       ] GC(51) Using 3 workers of 3 for marking
[17.483s][info][gc,marking    ] GC(51) Concurrent Mark From Roots 30.164ms
[17.483s][info][gc,marking    ] GC(51) Concurrent Preclean
[17.483s][info][gc,marking    ] GC(51) Concurrent Preclean 0.162ms
[17.483s][info][gc,marking    ] GC(51) Concurrent Mark (17.452s, 17.483s) 30.419ms
[17.483s][info][gc,start      ] GC(51) Pause Remark
[17.484s][info][gc,stringtable] GC(51) Cleaned string and symbol table, strings: 6629 processed, 6 removed, symbols: 45924 processed, 0 removed
[17.484s][info][gc            ] GC(51) Pause Remark 4046M->3640M(4078M) 1.483ms
[17.484s][info][gc,cpu        ] GC(51) User=0.00s Sys=0.00s Real=0.00s
[17.485s][info][gc,marking    ] GC(51) Concurrent Rebuild Remembered Sets
[17.520s][info][gc,marking    ] GC(51) Concurrent Rebuild Remembered Sets 35.222ms
[17.520s][info][gc,start      ] GC(51) Pause Cleanup
[17.521s][info][gc            ] GC(51) Pause Cleanup 3656M->3656M(4078M) 1.081ms
[17.521s][info][gc,cpu        ] GC(51) User=0.02s Sys=0.00s Real=0.00s
[17.521s][info][gc,marking    ] GC(51) Concurrent Cleanup for Next Mark
[17.524s][info][gc,marking    ] GC(51) Concurrent Cleanup for Next Mark 3.254ms
[17.524s][info][gc            ] GC(51) Concurrent Cycle 72.366ms
[18.283s][info][gc,start      ] GC(52) Pause Young (Normal) (G1 Evacuation Pause)
[18.283s][info][gc,task       ] GC(52) Using 10 workers of 10 for evacuation
[18.302s][info][gc            ] GC(52) To-space exhausted
[18.302s][info][gc,phases     ] GC(52)   Pre Evacuate Collection Set: 0.1ms
[18.302s][info][gc,phases     ] GC(52)   Evacuate Collection Set: 16.1ms
[18.302s][info][gc,phases     ] GC(52)   Post Evacuate Collection Set: 2.4ms
[18.302s][info][gc,phases     ] GC(52)   Other: 0.3ms
[18.302s][info][gc,heap       ] GC(52) Eden regions: 390->0(356)
[18.302s][info][gc,heap       ] GC(52) Survivor regions: 17->51(51)
[18.302s][info][gc,heap       ] GC(52) Old regions: 3609->3975
[18.302s][info][gc,heap       ] GC(52) Humongous regions: 0->0
[18.302s][info][gc,metaspace  ] GC(52) Metaspace: 13576K->13576K(1062912K)
[18.302s][info][gc            ] GC(52) Pause Young (Normal) (G1 Evacuation Pause) 4016M->4026M(4078M) 19.001ms
[18.302s][info][gc,cpu        ] GC(52) User=0.14s Sys=0.00s Real=0.02s
[18.404s][info][gc,start      ] GC(53) Pause Young (Concurrent Start) (G1 Evacuation Pause)
[18.404s][info][gc,task       ] GC(53) Using 10 workers of 10 for evacuation
[18.407s][info][gc            ] GC(53) To-space exhausted
[18.407s][info][gc,phases     ] GC(53)   Pre Evacuate Collection Set: 0.1ms
[18.407s][info][gc,phases     ] GC(53)   Evacuate Collection Set: 1.0ms
[18.407s][info][gc,phases     ] GC(53)   Post Evacuate Collection Set: 1.3ms
[18.407s][info][gc,phases     ] GC(53)   Other: 0.3ms
[18.407s][info][gc,heap       ] GC(53) Eden regions: 52->0(407)
[18.407s][info][gc,heap       ] GC(53) Survivor regions: 51->0(51)
[18.407s][info][gc,heap       ] GC(53) Old regions: 3975->4078
[18.407s][info][gc,heap       ] GC(53) Humongous regions: 0->0
[18.407s][info][gc,metaspace  ] GC(53) Metaspace: 13576K->13576K(1062912K)
[18.407s][info][gc            ] GC(53) Pause Young (Concurrent Start) (G1 Evacuation Pause) 4078M->4078M(4078M) 2.838ms
[18.407s][info][gc,cpu        ] GC(53) User=0.00s Sys=0.00s Real=0.00s
[18.407s][info][gc            ] GC(54) Concurrent Cycle
[18.407s][info][gc,task       ] GC(55) Using 10 workers of 10 for full compaction
[18.407s][info][gc,marking    ] GC(54) Concurrent Clear Claimed Marks
[18.407s][info][gc,marking    ] GC(54) Concurrent Clear Claimed Marks 0.076ms
[18.407s][info][gc,marking    ] GC(54) Concurrent Scan Root Regions
[18.407s][info][gc,marking    ] GC(54) Concurrent Scan Root Regions 0.015ms
[18.407s][info][gc,marking    ] GC(54) Concurrent Mark (18.407s)
[18.407s][info][gc,marking    ] GC(54) Concurrent Mark From Roots
[18.407s][info][gc,task       ] GC(54) Using 3 workers of 3 for marking
[18.407s][info][gc,start      ] GC(55) Pause Full (G1 Evacuation Pause)
[18.411s][info][gc,phases,start] GC(55) Phase 1: Mark live objects
[18.432s][info][gc,stringtable ] GC(55) Cleaned string and symbol table, strings: 6643 processed, 558 removed, symbols: 45924 processed, 0 removed
[18.432s][info][gc,phases      ] GC(55) Phase 1: Mark live objects 20.745ms
[18.432s][info][gc,phases,start] GC(55) Phase 2: Prepare for compaction
[18.450s][info][gc,phases      ] GC(55) Phase 2: Prepare for compaction 18.225ms
[18.450s][info][gc,phases,start] GC(55) Phase 3: Adjust pointers
[18.468s][info][gc,phases      ] GC(55) Phase 3: Adjust pointers 18.266ms
[18.469s][info][gc,phases,start] GC(55) Phase 4: Compact heap
[18.900s][info][gc,phases      ] GC(55) Phase 4: Compact heap 431.376ms
[18.903s][info][gc,heap        ] GC(55) Eden regions: 0->0(407)
[18.903s][info][gc,heap        ] GC(55) Survivor regions: 0->0(51)
[18.903s][info][gc,heap        ] GC(55) Old regions: 4078->3717
[18.903s][info][gc,heap        ] GC(55) Humongous regions: 0->0
[18.903s][info][gc,metaspace   ] GC(55) Metaspace: 13576K->13197K(1062912K)
[18.903s][info][gc             ] GC(55) Pause Full (G1 Evacuation Pause) 4078M->3712M(4078M) 495.598ms
[18.903s][info][gc,cpu         ] GC(55) User=4.42s Sys=0.06s Real=0.50s
[18.903s][info][gc,marking     ] GC(54) Concurrent Mark From Roots 496.094ms
[18.903s][info][gc,marking     ] GC(54) Concurrent Mark Abort
[18.904s][info][gc             ] GC(54) Concurrent Cycle 496.425ms
[19.660s][info][gc,start       ] GC(56) Pause Young (Normal) (G1 Evacuation Pause)
[19.660s][info][gc,task        ] GC(56) Using 10 workers of 10 for evacuation
[19.665s][info][gc             ] GC(56) To-space exhausted
[19.665s][info][gc,phases      ] GC(56)   Pre Evacuate Collection Set: 0.1ms
[19.665s][info][gc,phases      ] GC(56)   Evacuate Collection Set: 2.0ms
[19.665s][info][gc,phases      ] GC(56)   Post Evacuate Collection Set: 3.1ms
[19.665s][info][gc,phases      ] GC(56)   Other: 0.3ms
[19.665s][info][gc,heap        ] GC(56) Eden regions: 361->0(407)
[19.665s][info][gc,heap        ] GC(56) Survivor regions: 0->0(51)
[19.665s][info][gc,heap        ] GC(56) Old regions: 3717->4078
[19.665s][info][gc,heap        ] GC(56) Humongous regions: 0->0
[19.665s][info][gc,metaspace   ] GC(56) Metaspace: 13280K->13280K(1062912K)
[19.665s][info][gc             ] GC(56) Pause Young (Normal) (G1 Evacuation Pause) 4073M->4073M(4078M) 5.614ms
[19.665s][info][gc,cpu         ] GC(56) User=0.16s Sys=0.00s Real=0.00s
[19.665s][info][gc,task        ] GC(57) Using 10 workers of 10 for full compaction
[19.665s][info][gc,start       ] GC(57) Pause Full (G1 Evacuation Pause)
[19.666s][info][gc,phases,start] GC(57) Phase 1: Mark live objects
[19.690s][info][gc,stringtable ] GC(57) Cleaned string and symbol table, strings: 6423 processed, 6 removed, symbols: 45958 processed, 93 removed
[19.690s][info][gc,phases      ] GC(57) Phase 1: Mark live objects 24.000ms
[19.690s][info][gc,phases,start] GC(57) Phase 2: Prepare for compaction
[19.712s][info][gc,phases      ] GC(57) Phase 2: Prepare for compaction 22.570ms
[19.712s][info][gc,phases,start] GC(57) Phase 3: Adjust pointers
[19.733s][info][gc,phases      ] GC(57) Phase 3: Adjust pointers 20.644ms
[19.733s][info][gc,phases,start] GC(57) Phase 4: Compact heap
[20.146s][info][gc,phases      ] GC(57) Phase 4: Compact heap 412.532ms
[20.148s][info][gc,heap        ] GC(57) Eden regions: 0->0(407)
[20.148s][info][gc,heap        ] GC(57) Survivor regions: 0->0(51)
[20.148s][info][gc,heap        ] GC(57) Old regions: 4078->3869
[20.149s][info][gc,heap        ] GC(57) Humongous regions: 0->0
[20.149s][info][gc,metaspace   ] GC(57) Metaspace: 13280K->13280K(1062912K)
[20.149s][info][gc             ] GC(57) Pause Full (G1 Evacuation Pause) 4073M->3862M(4078M) 483.202ms
[20.149s][info][gc,cpu         ] GC(57) User=3.86s Sys=0.00s Real=0.48s
[20.620s][info][gc,start       ] GC(58) Pause Young (Concurrent Start) (G1 Evacuation Pause)
[20.620s][info][gc,task        ] GC(58) Using 10 workers of 10 for evacuation
[20.624s][info][gc             ] GC(58) To-space exhausted
[20.624s][info][gc,phases      ] GC(58)   Pre Evacuate Collection Set: 0.1ms
[20.624s][info][gc,phases      ] GC(58)   Evacuate Collection Set: 1.3ms
[20.624s][info][gc,phases      ] GC(58)   Post Evacuate Collection Set: 1.7ms
[20.624s][info][gc,phases      ] GC(58)   Other: 0.3ms
[20.624s][info][gc,heap        ] GC(58) Eden regions: 209->0(407)
[20.624s][info][gc,heap        ] GC(58) Survivor regions: 0->0(51)
[20.624s][info][gc,heap        ] GC(58) Old regions: 3869->4078
[20.624s][info][gc,heap        ] GC(58) Humongous regions: 0->0
[20.624s][info][gc,metaspace   ] GC(58) Metaspace: 13288K->13288K(1062912K)
[20.624s][info][gc             ] GC(58) Pause Young (Concurrent Start) (G1 Evacuation Pause) 4071M->4071M(4078M) 3.551ms
[20.624s][info][gc,cpu         ] GC(58) User=0.00s Sys=0.00s Real=0.00s
[20.624s][info][gc,task        ] GC(59) Using 10 workers of 10 for full compaction
[20.624s][info][gc             ] GC(60) Concurrent Cycle
[20.624s][info][gc,marking     ] GC(60) Concurrent Clear Claimed Marks
[20.624s][info][gc,marking     ] GC(60) Concurrent Clear Claimed Marks 0.021ms
[20.624s][info][gc,marking     ] GC(60) Concurrent Scan Root Regions
[20.624s][info][gc,marking     ] GC(60) Concurrent Scan Root Regions 0.017ms
[20.624s][info][gc,marking     ] GC(60) Concurrent Mark (20.624s)
[20.624s][info][gc,marking     ] GC(60) Concurrent Mark From Roots
[20.624s][info][gc,task        ] GC(60) Using 3 workers of 3 for marking
[20.624s][info][gc,start       ] GC(59) Pause Full (G1 Evacuation Pause)
[20.627s][info][gc,phases,start] GC(59) Phase 1: Mark live objects
[20.646s][info][gc,stringtable ] GC(59) Cleaned string and symbol table, strings: 6424 processed, 6 removed, symbols: 45867 processed, 0 removed
[20.646s][info][gc,phases      ] GC(59) Phase 1: Mark live objects 19.058ms
[20.646s][info][gc,phases,start] GC(59) Phase 2: Prepare for compaction
[20.665s][info][gc,phases      ] GC(59) Phase 2: Prepare for compaction 18.782ms
[20.665s][info][gc,phases,start] GC(59) Phase 3: Adjust pointers
[20.685s][info][gc,phases      ] GC(59) Phase 3: Adjust pointers 19.691ms
[20.685s][info][gc,phases,start] GC(59) Phase 4: Compact heap
[21.140s][info][gc,phases      ] GC(59) Phase 4: Compact heap 455.277ms
[21.143s][info][gc,heap        ] GC(59) Eden regions: 0->0(407)
[21.143s][info][gc,heap        ] GC(59) Survivor regions: 0->0(51)
[21.143s][info][gc,heap        ] GC(59) Old regions: 4078->3943
[21.143s][info][gc,heap        ] GC(59) Humongous regions: 0->0
[21.143s][info][gc,metaspace   ] GC(59) Metaspace: 13288K->13288K(1062912K)
[21.143s][info][gc             ] GC(59) Pause Full (G1 Evacuation Pause) 4071M->3937M(4078M) 519.182ms
[21.143s][info][gc,cpu         ] GC(59) User=4.75s Sys=0.00s Real=0.52s
[21.144s][info][gc,marking     ] GC(60) Concurrent Mark From Roots 519.659ms
[21.144s][info][gc,marking     ] GC(60) Concurrent Mark Abort
[21.144s][info][gc             ] GC(60) Concurrent Cycle 519.914ms
[21.434s][info][gc,start       ] GC(61) Pause Young (Normal) (G1 Evacuation Pause)
[21.434s][info][gc,task        ] GC(61) Using 10 workers of 10 for evacuation
[21.437s][info][gc             ] GC(61) To-space exhausted
[21.437s][info][gc,phases      ] GC(61)   Pre Evacuate Collection Set: 0.1ms
[21.437s][info][gc,phases      ] GC(61)   Evacuate Collection Set: 0.9ms
[21.437s][info][gc,phases      ] GC(61)   Post Evacuate Collection Set: 1.2ms
[21.437s][info][gc,phases      ] GC(61)   Other: 0.2ms
[21.437s][info][gc,heap        ] GC(61) Eden regions: 135->0(407)
[21.437s][info][gc,heap        ] GC(61) Survivor regions: 0->0(51)
[21.437s][info][gc,heap        ] GC(61) Old regions: 3943->4078
[21.437s][info][gc,heap        ] GC(61) Humongous regions: 0->0
[21.437s][info][gc,metaspace   ] GC(61) Metaspace: 13297K->13297K(1062912K)
[21.437s][info][gc             ] GC(61) Pause Young (Normal) (G1 Evacuation Pause) 4072M->4072M(4078M) 2.581ms
[21.437s][info][gc,cpu         ] GC(61) User=0.00s Sys=0.00s Real=0.00s
[21.437s][info][gc,task        ] GC(62) Using 10 workers of 10 for full compaction
[21.437s][info][gc,start       ] GC(62) Pause Full (G1 Evacuation Pause)
[21.437s][info][gc,phases,start] GC(62) Phase 1: Mark live objects
[21.458s][info][gc,stringtable ] GC(62) Cleaned string and symbol table, strings: 6424 processed, 6 removed, symbols: 45871 processed, 0 removed
[21.458s][info][gc,phases      ] GC(62) Phase 1: Mark live objects 20.561ms
[21.458s][info][gc,phases,start] GC(62) Phase 2: Prepare for compaction
[21.475s][info][gc,phases      ] GC(62) Phase 2: Prepare for compaction 16.867ms
[21.475s][info][gc,phases,start] GC(62) Phase 3: Adjust pointers
[21.493s][info][gc,phases      ] GC(62) Phase 3: Adjust pointers 18.098ms
[21.493s][info][gc,phases,start] GC(62) Phase 4: Compact heap
[21.756s][info][gc,phases      ] GC(62) Phase 4: Compact heap 262.380ms
[21.758s][info][gc,heap        ] GC(62) Eden regions: 0->0(407)
[21.758s][info][gc,heap        ] GC(62) Survivor regions: 0->0(51)
[21.758s][info][gc,heap        ] GC(62) Old regions: 4078->4006
[21.758s][info][gc,heap        ] GC(62) Humongous regions: 0->0
[21.758s][info][gc,metaspace   ] GC(62) Metaspace: 13297K->13297K(1062912K)
[21.758s][info][gc             ] GC(62) Pause Full (G1 Evacuation Pause) 4072M->3999M(4078M) 321.177ms
[21.759s][info][gc,cpu         ] GC(62) User=2.91s Sys=0.00s Real=0.32s
[21.924s][info][gc,start       ] GC(63) Pause Young (Concurrent Start) (G1 Evacuation Pause)
[21.925s][info][gc,task        ] GC(63) Using 10 workers of 10 for evacuation
[21.931s][info][gc             ] GC(63) To-space exhausted
[21.931s][info][gc,phases      ] GC(63)   Pre Evacuate Collection Set: 0.1ms
[21.931s][info][gc,phases      ] GC(63)   Evacuate Collection Set: 2.6ms
[21.931s][info][gc,phases      ] GC(63)   Post Evacuate Collection Set: 2.8ms
[21.931s][info][gc,phases      ] GC(63)   Other: 1.0ms
[21.931s][info][gc,heap        ] GC(63) Eden regions: 72->0(407)
[21.931s][info][gc,heap        ] GC(63) Survivor regions: 0->0(51)
[21.931s][info][gc,heap        ] GC(63) Old regions: 4006->4078
[21.932s][info][gc,heap        ] GC(63) Humongous regions: 0->0
[21.932s][info][gc,metaspace   ] GC(63) Metaspace: 13324K->13324K(1062912K)
[21.932s][info][gc             ] GC(63) Pause Young (Concurrent Start) (G1 Evacuation Pause) 4071M->4071M(4078M) 7.333ms
[21.932s][info][gc,cpu         ] GC(63) User=0.16s Sys=0.00s Real=0.01s
[21.932s][info][gc,task        ] GC(64) Using 10 workers of 10 for full compaction
[21.932s][info][gc             ] GC(65) Concurrent Cycle
[21.932s][info][gc,marking     ] GC(65) Concurrent Clear Claimed Marks
[21.932s][info][gc,marking     ] GC(65) Concurrent Clear Claimed Marks 0.102ms
[21.932s][info][gc,marking     ] GC(65) Concurrent Scan Root Regions
[21.933s][info][gc,marking     ] GC(65) Concurrent Scan Root Regions 0.079ms
[21.933s][info][gc,marking     ] GC(65) Concurrent Mark (21.933s)
[21.933s][info][gc,marking     ] GC(65) Concurrent Mark From Roots
[21.933s][info][gc,task        ] GC(65) Using 3 workers of 3 for marking
[21.933s][info][gc,start       ] GC(64) Pause Full (G1 Evacuation Pause)
[21.939s][info][gc,phases,start] GC(64) Phase 1: Mark live objects
[21.979s][info][gc,stringtable ] GC(64) Cleaned string and symbol table, strings: 6447 processed, 6 removed, symbols: 45877 processed, 0 removed
[21.979s][info][gc,phases      ] GC(64) Phase 1: Mark live objects 39.834ms
[21.979s][info][gc,phases,start] GC(64) Phase 2: Prepare for compaction
[21.998s][info][gc,phases      ] GC(64) Phase 2: Prepare for compaction 18.686ms
[21.998s][info][gc,phases,start] GC(64) Phase 3: Adjust pointers
[22.018s][info][gc,phases      ] GC(64) Phase 3: Adjust pointers 20.061ms
[22.018s][info][gc,phases,start] GC(64) Phase 4: Compact heap
[22.282s][info][gc,phases      ] GC(64) Phase 4: Compact heap 263.558ms
[22.284s][info][gc,heap        ] GC(64) Eden regions: 0->0(407)
[22.285s][info][gc,heap        ] GC(64) Survivor regions: 0->0(51)
[22.285s][info][gc,heap        ] GC(64) Old regions: 4078->4038
[22.285s][info][gc,heap        ] GC(64) Humongous regions: 0->0
[22.285s][info][gc,metaspace   ] GC(64) Metaspace: 13324K->13324K(1062912K)
[22.285s][info][gc             ] GC(64) Pause Full (G1 Evacuation Pause) 4071M->4031M(4078M) 351.836ms
[22.285s][info][gc,cpu         ] GC(64) User=3.38s Sys=0.00s Real=0.35s
[22.285s][info][gc,marking     ] GC(65) Concurrent Mark From Roots 352.563ms
[22.285s][info][gc,marking     ] GC(65) Concurrent Mark Abort
[22.285s][info][gc             ] GC(65) Concurrent Cycle 353.332ms
[22.368s][info][gc,start       ] GC(66) Pause Young (Normal) (G1 Evacuation Pause)
[22.369s][info][gc,task        ] GC(66) Using 10 workers of 10 for evacuation
[22.372s][info][gc             ] GC(66) To-space exhausted
[22.373s][info][gc,phases      ] GC(66)   Pre Evacuate Collection Set: 0.1ms
[22.373s][info][gc,phases      ] GC(66)   Evacuate Collection Set: 1.2ms
[22.373s][info][gc,phases      ] GC(66)   Post Evacuate Collection Set: 2.0ms
[22.373s][info][gc,phases      ] GC(66)   Other: 0.8ms
[22.373s][info][gc,heap        ] GC(66) Eden regions: 40->0(407)
[22.373s][info][gc,heap        ] GC(66) Survivor regions: 0->0(51)
[22.373s][info][gc,heap        ] GC(66) Old regions: 4038->4078
[22.373s][info][gc,heap        ] GC(66) Humongous regions: 0->0
[22.373s][info][gc,metaspace   ] GC(66) Metaspace: 13324K->13324K(1062912K)
[22.373s][info][gc             ] GC(66) Pause Young (Normal) (G1 Evacuation Pause) 4071M->4071M(4078M) 4.966ms
[22.373s][info][gc,cpu         ] GC(66) User=0.00s Sys=0.00s Real=0.00s
[22.374s][info][gc,task        ] GC(67) Using 10 workers of 10 for full compaction
[22.374s][info][gc,start       ] GC(67) Pause Full (G1 Evacuation Pause)
[22.375s][info][gc,phases,start] GC(67) Phase 1: Mark live objects
[22.416s][info][gc,stringtable ] GC(67) Cleaned string and symbol table, strings: 6441 processed, 0 removed, symbols: 45877 processed, 0 removed
[22.416s][info][gc,phases      ] GC(67) Phase 1: Mark live objects 41.230ms
[22.416s][info][gc,phases,start] GC(67) Phase 2: Prepare for compaction
[22.443s][info][gc,phases      ] GC(67) Phase 2: Prepare for compaction 26.281ms
[22.443s][info][gc,phases,start] GC(67) Phase 3: Adjust pointers
[22.461s][info][gc,phases      ] GC(67) Phase 3: Adjust pointers 18.256ms
[22.461s][info][gc,phases,start] GC(67) Phase 4: Compact heap
[22.796s][info][gc,phases      ] GC(67) Phase 4: Compact heap 335.414ms
[22.799s][info][gc,heap        ] GC(67) Eden regions: 0->0(407)
[22.799s][info][gc,heap        ] GC(67) Survivor regions: 0->0(51)
[22.799s][info][gc,heap        ] GC(67) Old regions: 4078->4047
[22.799s][info][gc,heap        ] GC(67) Humongous regions: 0->0
[22.799s][info][gc,metaspace   ] GC(67) Metaspace: 13324K->13324K(1062912K)
[22.799s][info][gc             ] GC(67) Pause Full (G1 Evacuation Pause) 4071M->4042M(4078M) 424.588ms
[22.799s][info][gc,cpu         ] GC(67) User=3.81s Sys=0.02s Real=0.43s
[22.862s][info][gc,start       ] GC(68) Pause Young (Concurrent Start) (G1 Evacuation Pause)
[22.862s][info][gc,task        ] GC(68) Using 10 workers of 10 for evacuation
[22.867s][info][gc             ] GC(68) To-space exhausted
[22.867s][info][gc,phases      ] GC(68)   Pre Evacuate Collection Set: 0.1ms
[22.867s][info][gc,phases      ] GC(68)   Evacuate Collection Set: 1.9ms
[22.867s][info][gc,phases      ] GC(68)   Post Evacuate Collection Set: 2.3ms
[22.867s][info][gc,phases      ] GC(68)   Other: 1.1ms
[22.868s][info][gc,heap        ] GC(68) Eden regions: 31->0(407)
[22.868s][info][gc,heap        ] GC(68) Survivor regions: 0->0(51)
[22.868s][info][gc,heap        ] GC(68) Old regions: 4047->4078
[22.868s][info][gc,heap        ] GC(68) Humongous regions: 0->0
[22.868s][info][gc,metaspace   ] GC(68) Metaspace: 13351K->13351K(1062912K)
[22.868s][info][gc             ] GC(68) Pause Young (Concurrent Start) (G1 Evacuation Pause) 4073M->4073M(4078M) 6.182ms
[22.868s][info][gc,cpu         ] GC(68) User=0.16s Sys=0.00s Real=0.01s
[22.868s][info][gc,task        ] GC(69) Using 10 workers of 10 for full compaction
[22.868s][info][gc             ] GC(70) Concurrent Cycle
[22.869s][info][gc,marking     ] GC(70) Concurrent Clear Claimed Marks
[22.869s][info][gc,marking     ] GC(70) Concurrent Clear Claimed Marks 0.115ms
[22.869s][info][gc,marking     ] GC(70) Concurrent Scan Root Regions
[22.869s][info][gc,start       ] GC(69) Pause Full (G1 Evacuation Pause)
[22.869s][info][gc,marking     ] GC(70) Concurrent Scan Root Regions 0.086ms
[22.870s][info][gc,marking     ] GC(70) Concurrent Mark (22.870s)
[22.870s][info][gc,marking     ] GC(70) Concurrent Mark From Roots
[22.870s][info][gc,task        ] GC(70) Using 3 workers of 3 for marking
[22.875s][info][gc,phases,start] GC(69) Phase 1: Mark live objects
[22.917s][info][gc,stringtable ] GC(69) Cleaned string and symbol table, strings: 6447 processed, 328 removed, symbols: 45883 processed, 0 removed
[22.917s][info][gc,phases      ] GC(69) Phase 1: Mark live objects 41.497ms
[22.917s][info][gc,phases,start] GC(69) Phase 2: Prepare for compaction
[22.936s][info][gc,phases      ] GC(69) Phase 2: Prepare for compaction 19.158ms
[22.936s][info][gc,phases,start] GC(69) Phase 3: Adjust pointers
[22.955s][info][gc,phases      ] GC(69) Phase 3: Adjust pointers 18.465ms
[22.955s][info][gc,phases,start] GC(69) Phase 4: Compact heap
[23.213s][info][gc,phases      ] GC(69) Phase 4: Compact heap 258.520ms
[23.216s][info][gc,heap        ] GC(69) Eden regions: 0->0(407)
[23.216s][info][gc,heap        ] GC(69) Survivor regions: 0->0(51)
[23.216s][info][gc,heap        ] GC(69) Old regions: 4078->4050
[23.216s][info][gc,heap        ] GC(69) Humongous regions: 0->0
[23.216s][info][gc,metaspace   ] GC(69) Metaspace: 13351K->13351K(1062912K)
[23.216s][info][gc             ] GC(69) Pause Full (G1 Evacuation Pause) 4073M->4045M(4078M) 347.350ms
[23.217s][info][gc,cpu         ] GC(69) User=3.28s Sys=0.00s Real=0.35s
[23.217s][info][gc,marking     ] GC(70) Concurrent Mark From Roots 347.206ms
[23.217s][info][gc,marking     ] GC(70) Concurrent Mark Abort
[23.217s][info][gc             ] GC(70) Concurrent Cycle 348.756ms
[23.278s][info][gc,start       ] GC(71) Pause Young (Normal) (G1 Evacuation Pause)
[23.278s][info][gc,task        ] GC(71) Using 10 workers of 10 for evacuation
[23.282s][info][gc             ] GC(71) To-space exhausted
[23.282s][info][gc,phases      ] GC(71)   Pre Evacuate Collection Set: 0.1ms
[23.282s][info][gc,phases      ] GC(71)   Evacuate Collection Set: 1.2ms
[23.282s][info][gc,phases      ] GC(71)   Post Evacuate Collection Set: 1.9ms
[23.282s][info][gc,phases      ] GC(71)   Other: 0.8ms
[23.282s][info][gc,heap        ] GC(71) Eden regions: 28->0(407)
[23.282s][info][gc,heap        ] GC(71) Survivor regions: 0->0(51)
[23.283s][info][gc,heap        ] GC(71) Old regions: 4050->4078
[23.283s][info][gc,heap        ] GC(71) Humongous regions: 0->0
[23.283s][info][gc,metaspace   ] GC(71) Metaspace: 13351K->13351K(1062912K)
[23.283s][info][gc             ] GC(71) Pause Young (Normal) (G1 Evacuation Pause) 4073M->4073M(4078M) 4.780ms
[23.283s][info][gc,cpu         ] GC(71) User=0.00s Sys=0.00s Real=0.01s
[23.283s][info][gc,task        ] GC(72) Using 10 workers of 10 for full compaction
[23.284s][info][gc,start       ] GC(72) Pause Full (G1 Evacuation Pause)
[23.284s][info][gc,phases,start] GC(72) Phase 1: Mark live objects
[23.327s][info][gc,stringtable ] GC(72) Cleaned string and symbol table, strings: 6119 processed, 0 removed, symbols: 45883 processed, 0 removed
[23.327s][info][gc,phases      ] GC(72) Phase 1: Mark live objects 42.695ms
[23.327s][info][gc,phases,start] GC(72) Phase 2: Prepare for compaction
[23.347s][info][gc,phases      ] GC(72) Phase 2: Prepare for compaction 20.014ms
[23.347s][info][gc,phases,start] GC(72) Phase 3: Adjust pointers
[23.366s][info][gc,phases      ] GC(72) Phase 3: Adjust pointers 18.901ms
[23.366s][info][gc,phases,start] GC(72) Phase 4: Compact heap
[23.788s][info][gc,phases      ] GC(72) Phase 4: Compact heap 421.967ms
[23.791s][info][gc,heap        ] GC(72) Eden regions: 0->0(407)
[23.791s][info][gc,heap        ] GC(72) Survivor regions: 0->0(51)
[23.791s][info][gc,heap        ] GC(72) Old regions: 4078->4051
[23.791s][info][gc,heap        ] GC(72) Humongous regions: 0->0
[23.791s][info][gc,metaspace   ] GC(72) Metaspace: 13351K->13351K(1062912K)
[23.791s][info][gc             ] GC(72) Pause Full (G1 Evacuation Pause) 4073M->4045M(4078M) 507.090ms
[23.791s][info][gc,cpu         ] GC(72) User=4.81s Sys=0.02s Real=0.51s
[23.850s][info][gc,start       ] GC(73) Pause Young (Concurrent Start) (G1 Evacuation Pause)
[23.850s][info][gc,task        ] GC(73) Using 10 workers of 10 for evacuation
[23.852s][info][gc             ] GC(73) To-space exhausted
[23.852s][info][gc,phases      ] GC(73)   Pre Evacuate Collection Set: 0.1ms
[23.852s][info][gc,phases      ] GC(73)   Evacuate Collection Set: 0.4ms
[23.852s][info][gc,phases      ] GC(73)   Post Evacuate Collection Set: 0.8ms
[23.852s][info][gc,phases      ] GC(73)   Other: 0.3ms
[23.852s][info][gc,heap        ] GC(73) Eden regions: 27->0(407)
[23.852s][info][gc,heap        ] GC(73) Survivor regions: 0->0(51)
[23.852s][info][gc,heap        ] GC(73) Old regions: 4051->4078
[23.852s][info][gc,heap        ] GC(73) Humongous regions: 0->0
[23.852s][info][gc,metaspace   ] GC(73) Metaspace: 13358K->13358K(1062912K)
[23.852s][info][gc             ] GC(73) Pause Young (Concurrent Start) (G1 Evacuation Pause) 4072M->4072M(4078M) 1.787ms
[23.852s][info][gc,cpu         ] GC(73) User=0.00s Sys=0.00s Real=0.00s
[23.852s][info][gc,task        ] GC(74) Using 10 workers of 10 for full compaction
[23.852s][info][gc             ] GC(75) Concurrent Cycle
[23.852s][info][gc,marking     ] GC(75) Concurrent Clear Claimed Marks
[23.852s][info][gc,marking     ] GC(75) Concurrent Clear Claimed Marks 0.023ms
[23.852s][info][gc,marking     ] GC(75) Concurrent Scan Root Regions
[23.852s][info][gc,marking     ] GC(75) Concurrent Scan Root Regions 0.017ms
[23.852s][info][gc,marking     ] GC(75) Concurrent Mark (23.852s)
[23.852s][info][gc,marking     ] GC(75) Concurrent Mark From Roots
[23.852s][info][gc,task        ] GC(75) Using 3 workers of 3 for marking
[23.852s][info][gc,start       ] GC(74) Pause Full (G1 Evacuation Pause)
[23.856s][info][gc,phases,start] GC(74) Phase 1: Mark live objects
[23.875s][info][gc,stringtable ] GC(74) Cleaned string and symbol table, strings: 6141 processed, 7 removed, symbols: 45885 processed, 0 removed
[23.875s][info][gc,phases      ] GC(74) Phase 1: Mark live objects 19.641ms
[23.875s][info][gc,phases,start] GC(74) Phase 2: Prepare for compaction
[23.893s][info][gc,phases      ] GC(74) Phase 2: Prepare for compaction 17.907ms
[23.893s][info][gc,phases,start] GC(74) Phase 3: Adjust pointers
[23.912s][info][gc,phases      ] GC(74) Phase 3: Adjust pointers 18.494ms
[23.912s][info][gc,phases,start] GC(74) Phase 4: Compact heap
[24.353s][info][gc,phases      ] GC(74) Phase 4: Compact heap 441.217ms
[24.356s][info][gc,heap        ] GC(74) Eden regions: 0->0(407)
[24.356s][info][gc,heap        ] GC(74) Survivor regions: 0->0(51)
[24.356s][info][gc,heap        ] GC(74) Old regions: 4078->4050
[24.356s][info][gc,heap        ] GC(74) Humongous regions: 0->0
[24.356s][info][gc,metaspace   ] GC(74) Metaspace: 13358K->13358K(1062912K)
[24.356s][info][gc             ] GC(74) Pause Full (G1 Evacuation Pause) 4072M->4043M(4078M) 504.130ms
[24.357s][info][gc,cpu         ] GC(74) User=4.81s Sys=0.00s Real=0.50s
[24.357s][info][gc,marking     ] GC(75) Concurrent Mark From Roots 504.685ms
[24.357s][info][gc,marking     ] GC(75) Concurrent Mark Abort
[24.357s][info][gc             ] GC(75) Concurrent Cycle 504.960ms
[24.416s][info][gc,start       ] GC(76) Pause Young (Normal) (G1 Evacuation Pause)
[24.416s][info][gc,task        ] GC(76) Using 10 workers of 10 for evacuation
[24.417s][info][gc             ] GC(76) To-space exhausted
[24.417s][info][gc,phases      ] GC(76)   Pre Evacuate Collection Set: 0.1ms
[24.417s][info][gc,phases      ] GC(76)   Evacuate Collection Set: 0.3ms
[24.417s][info][gc,phases      ] GC(76)   Post Evacuate Collection Set: 0.5ms
[24.417s][info][gc,phases      ] GC(76)   Other: 0.2ms
[24.417s][info][gc,heap        ] GC(76) Eden regions: 28->0(407)
[24.417s][info][gc,heap        ] GC(76) Survivor regions: 0->0(51)
[24.417s][info][gc,heap        ] GC(76) Old regions: 4050->4078
[24.417s][info][gc,heap        ] GC(76) Humongous regions: 0->0
[24.417s][info][gc,metaspace   ] GC(76) Metaspace: 13358K->13358K(1062912K)
[24.417s][info][gc             ] GC(76) Pause Young (Normal) (G1 Evacuation Pause) 4071M->4071M(4078M) 1.263ms
[24.417s][info][gc,cpu         ] GC(76) User=0.00s Sys=0.00s Real=0.00s
[24.417s][info][gc,task        ] GC(77) Using 10 workers of 10 for full compaction
[24.418s][info][gc,start       ] GC(77) Pause Full (G1 Evacuation Pause)
[24.418s][info][gc,phases,start] GC(77) Phase 1: Mark live objects
[24.438s][info][gc,stringtable ] GC(77) Cleaned string and symbol table, strings: 6134 processed, 0 removed, symbols: 45885 processed, 0 removed
[24.438s][info][gc,phases      ] GC(77) Phase 1: Mark live objects 20.563ms
[24.438s][info][gc,phases,start] GC(77) Phase 2: Prepare for compaction
[24.459s][info][gc,phases      ] GC(77) Phase 2: Prepare for compaction 20.908ms
[24.459s][info][gc,phases,start] GC(77) Phase 3: Adjust pointers
[24.479s][info][gc,phases      ] GC(77) Phase 3: Adjust pointers 19.850ms
[24.479s][info][gc,phases,start] GC(77) Phase 4: Compact heap
[24.914s][info][gc,phases      ] GC(77) Phase 4: Compact heap 434.987ms
[24.917s][info][gc,heap        ] GC(77) Eden regions: 0->0(407)
[24.917s][info][gc,heap        ] GC(77) Survivor regions: 0->0(51)
[24.917s][info][gc,heap        ] GC(77) Old regions: 4078->4050
[24.917s][info][gc,heap        ] GC(77) Humongous regions: 0->0
[24.917s][info][gc,metaspace   ] GC(77) Metaspace: 13358K->13358K(1062912K)
[24.917s][info][gc             ] GC(77) Pause Full (G1 Evacuation Pause) 4071M->4043M(4078M) 499.704ms
[24.918s][info][gc,cpu         ] GC(77) User=4.63s Sys=0.00s Real=0.50s
[24.977s][info][gc,start       ] GC(78) Pause Young (Concurrent Start) (G1 Evacuation Pause)
[24.977s][info][gc,task        ] GC(78) Using 10 workers of 10 for evacuation
[24.979s][info][gc             ] GC(78) To-space exhausted
[24.979s][info][gc,phases      ] GC(78)   Pre Evacuate Collection Set: 0.1ms
[24.980s][info][gc,phases      ] GC(78)   Evacuate Collection Set: 0.7ms
[24.980s][info][gc,phases      ] GC(78)   Post Evacuate Collection Set: 0.9ms
[24.980s][info][gc,phases      ] GC(78)   Other: 0.5ms
[24.980s][info][gc,heap        ] GC(78) Eden regions: 28->0(407)
[24.980s][info][gc,heap        ] GC(78) Survivor regions: 0->0(51)
[24.980s][info][gc,heap        ] GC(78) Old regions: 4050->4078
[24.980s][info][gc,heap        ] GC(78) Humongous regions: 0->0
[24.980s][info][gc,metaspace   ] GC(78) Metaspace: 13361K->13361K(1062912K)
[24.980s][info][gc             ] GC(78) Pause Young (Concurrent Start) (G1 Evacuation Pause) 4071M->4071M(4078M) 2.421ms
[24.980s][info][gc,cpu         ] GC(78) User=0.00s Sys=0.00s Real=0.00s
[24.980s][info][gc,task        ] GC(79) Using 10 workers of 10 for full compaction
[24.980s][info][gc             ] GC(80) Concurrent Cycle
[24.980s][info][gc,marking     ] GC(80) Concurrent Clear Claimed Marks
[24.980s][info][gc,marking     ] GC(80) Concurrent Clear Claimed Marks 0.037ms
[24.980s][info][gc,marking     ] GC(80) Concurrent Scan Root Regions
[24.980s][info][gc,marking     ] GC(80) Concurrent Scan Root Regions 0.028ms
[24.980s][info][gc,marking     ] GC(80) Concurrent Mark (24.980s)
[24.980s][info][gc,marking     ] GC(80) Concurrent Mark From Roots
[24.980s][info][gc,task        ] GC(80) Using 3 workers of 3 for marking
[24.980s][info][gc,start       ] GC(79) Pause Full (G1 Evacuation Pause)
[24.984s][info][gc,phases,start] GC(79) Phase 1: Mark live objects
[25.006s][info][gc,stringtable ] GC(79) Cleaned string and symbol table, strings: 6141 processed, 7 removed, symbols: 45885 processed, 0 removed
[25.006s][info][gc,phases      ] GC(79) Phase 1: Mark live objects 22.177ms
[25.006s][info][gc,phases,start] GC(79) Phase 2: Prepare for compaction
[25.025s][info][gc,phases      ] GC(79) Phase 2: Prepare for compaction 19.474ms
[25.025s][info][gc,phases,start] GC(79) Phase 3: Adjust pointers
[25.044s][info][gc,phases      ] GC(79) Phase 3: Adjust pointers 18.435ms
[25.044s][info][gc,phases,start] GC(79) Phase 4: Compact heap
[25.429s][info][gc,phases      ] GC(79) Phase 4: Compact heap 384.959ms
[25.431s][info][gc,heap        ] GC(79) Eden regions: 0->0(407)
[25.431s][info][gc,heap        ] GC(79) Survivor regions: 0->0(51)
[25.431s][info][gc,heap        ] GC(79) Old regions: 4078->4049
[25.431s][info][gc,heap        ] GC(79) Humongous regions: 0->0
[25.432s][info][gc,metaspace   ] GC(79) Metaspace: 13361K->13361K(1062912K)
[25.432s][info][gc             ] GC(79) Pause Full (G1 Evacuation Pause) 4071M->4042M(4078M) 451.385ms
[25.432s][info][gc,cpu         ] GC(79) User=3.98s Sys=0.00s Real=0.45s
[25.432s][info][gc,marking     ] GC(80) Concurrent Mark From Roots 451.869ms
[25.432s][info][gc,marking     ] GC(80) Concurrent Mark Abort
[25.432s][info][gc             ] GC(80) Concurrent Cycle 452.246ms
[25.491s][info][gc,start       ] GC(81) Pause Young (Normal) (G1 Evacuation Pause)
[25.491s][info][gc,task        ] GC(81) Using 10 workers of 10 for evacuation
[25.492s][info][gc             ] GC(81) To-space exhausted
[25.492s][info][gc,phases      ] GC(81)   Pre Evacuate Collection Set: 0.1ms
[25.492s][info][gc,phases      ] GC(81)   Evacuate Collection Set: 0.3ms
[25.492s][info][gc,phases      ] GC(81)   Post Evacuate Collection Set: 0.4ms
[25.492s][info][gc,phases      ] GC(81)   Other: 0.2ms
[25.492s][info][gc,heap        ] GC(81) Eden regions: 29->0(407)
[25.492s][info][gc,heap        ] GC(81) Survivor regions: 0->0(51)
[25.492s][info][gc,heap        ] GC(81) Old regions: 4049->4078
[25.492s][info][gc,heap        ] GC(81) Humongous regions: 0->0
[25.492s][info][gc,metaspace   ] GC(81) Metaspace: 13361K->13361K(1062912K)
[25.492s][info][gc             ] GC(81) Pause Young (Normal) (G1 Evacuation Pause) 4071M->4071M(4078M) 1.170ms
[25.492s][info][gc,cpu         ] GC(81) User=0.00s Sys=0.00s Real=0.00s
[25.492s][info][gc,task        ] GC(82) Using 10 workers of 10 for full compaction
[25.492s][info][gc,start       ] GC(82) Pause Full (G1 Evacuation Pause)
[25.493s][info][gc,phases,start] GC(82) Phase 1: Mark live objects
[25.514s][info][gc,stringtable ] GC(82) Cleaned string and symbol table, strings: 6134 processed, 0 removed, symbols: 45885 processed, 0 removed
[25.514s][info][gc,phases      ] GC(82) Phase 1: Mark live objects 21.522ms
[25.514s][info][gc,phases,start] GC(82) Phase 2: Prepare for compaction
[25.533s][info][gc,phases      ] GC(82) Phase 2: Prepare for compaction 18.282ms
[25.533s][info][gc,phases,start] GC(82) Phase 3: Adjust pointers
[25.552s][info][gc,phases      ] GC(82) Phase 3: Adjust pointers 19.263ms
[25.552s][info][gc,phases,start] GC(82) Phase 4: Compact heap
[25.929s][info][gc,phases      ] GC(82) Phase 4: Compact heap 377.158ms
[25.932s][info][gc,heap        ] GC(82) Eden regions: 0->0(407)
[25.932s][info][gc,heap        ] GC(82) Survivor regions: 0->0(51)
[25.932s][info][gc,heap        ] GC(82) Old regions: 4078->4046
[25.932s][info][gc,heap        ] GC(82) Humongous regions: 0->0
[25.932s][info][gc,metaspace   ] GC(82) Metaspace: 13361K->13361K(1062912K)
[25.932s][info][gc             ] GC(82) Pause Full (G1 Evacuation Pause) 4071M->4039M(4078M) 439.186ms
[25.932s][info][gc,cpu         ] GC(82) User=3.97s Sys=0.03s Real=0.44s
[26.001s][info][gc,start       ] GC(83) Pause Young (Concurrent Start) (G1 Evacuation Pause)
[26.001s][info][gc,task        ] GC(83) Using 10 workers of 10 for evacuation
[26.003s][info][gc             ] GC(83) To-space exhausted
[26.003s][info][gc,phases      ] GC(83)   Pre Evacuate Collection Set: 0.1ms
[26.003s][info][gc,phases      ] GC(83)   Evacuate Collection Set: 0.5ms
[26.003s][info][gc,phases      ] GC(83)   Post Evacuate Collection Set: 0.5ms
[26.003s][info][gc,phases      ] GC(83)   Other: 0.3ms
[26.003s][info][gc,heap        ] GC(83) Eden regions: 32->0(407)
[26.003s][info][gc,heap        ] GC(83) Survivor regions: 0->0(51)
[26.003s][info][gc,heap        ] GC(83) Old regions: 4046->4078
[26.003s][info][gc,heap        ] GC(83) Humongous regions: 0->0
[26.003s][info][gc,metaspace   ] GC(83) Metaspace: 13364K->13364K(1062912K)
[26.003s][info][gc             ] GC(83) Pause Young (Concurrent Start) (G1 Evacuation Pause) 4071M->4071M(4078M) 1.503ms
[26.003s][info][gc,cpu         ] GC(83) User=0.00s Sys=0.00s Real=0.00s
[26.003s][info][gc,task        ] GC(84) Using 10 workers of 10 for full compaction
[26.003s][info][gc             ] GC(85) Concurrent Cycle
[26.003s][info][gc,marking     ] GC(85) Concurrent Clear Claimed Marks
[26.003s][info][gc,marking     ] GC(85) Concurrent Clear Claimed Marks 0.022ms
[26.003s][info][gc,marking     ] GC(85) Concurrent Scan Root Regions
[26.003s][info][gc,marking     ] GC(85) Concurrent Scan Root Regions 0.016ms
[26.003s][info][gc,marking     ] GC(85) Concurrent Mark (26.003s)
[26.003s][info][gc,marking     ] GC(85) Concurrent Mark From Roots
[26.003s][info][gc,task        ] GC(85) Using 3 workers of 3 for marking
[26.003s][info][gc,start       ] GC(84) Pause Full (G1 Evacuation Pause)
[26.006s][info][gc,phases,start] GC(84) Phase 1: Mark live objects
[26.025s][info][gc,stringtable ] GC(84) Cleaned string and symbol table, strings: 6141 processed, 7 removed, symbols: 45885 processed, 0 removed
[26.026s][info][gc,phases      ] GC(84) Phase 1: Mark live objects 19.319ms
[26.026s][info][gc,phases,start] GC(84) Phase 2: Prepare for compaction
[26.046s][info][gc,phases      ] GC(84) Phase 2: Prepare for compaction 20.244ms
[26.046s][info][gc,phases,start] GC(84) Phase 3: Adjust pointers
[26.064s][info][gc,phases      ] GC(84) Phase 3: Adjust pointers 17.962ms
[26.064s][info][gc,phases,start] GC(84) Phase 4: Compact heap
[26.444s][info][gc,phases      ] GC(84) Phase 4: Compact heap 380.119ms
[26.447s][info][gc,heap        ] GC(84) Eden regions: 0->0(407)
[26.447s][info][gc,heap        ] GC(84) Survivor regions: 0->0(51)
[26.447s][info][gc,heap        ] GC(84) Old regions: 4078->4047
[26.447s][info][gc,heap        ] GC(84) Humongous regions: 0->0
[26.447s][info][gc,metaspace   ] GC(84) Metaspace: 13364K->13364K(1062912K)
[26.447s][info][gc             ] GC(84) Pause Full (G1 Evacuation Pause) 4071M->4039M(4078M) 444.446ms
[26.448s][info][gc,cpu         ] GC(84) User=4.00s Sys=0.03s Real=0.44s
[26.448s][info][gc,marking     ] GC(85) Concurrent Mark From Roots 445.007ms
[26.448s][info][gc,marking     ] GC(85) Concurrent Mark Abort
[26.448s][info][gc             ] GC(85) Concurrent Cycle 445.326ms
[26.508s][info][gc,start       ] GC(86) Pause Young (Normal) (G1 Evacuation Pause)
[26.508s][info][gc,task        ] GC(86) Using 10 workers of 10 for evacuation
[26.510s][info][gc             ] GC(86) To-space exhausted
[26.510s][info][gc,phases      ] GC(86)   Pre Evacuate Collection Set: 0.1ms
[26.510s][info][gc,phases      ] GC(86)   Evacuate Collection Set: 0.4ms
[26.510s][info][gc,phases      ] GC(86)   Post Evacuate Collection Set: 0.6ms
[26.510s][info][gc,phases      ] GC(86)   Other: 0.3ms
[26.510s][info][gc,heap        ] GC(86) Eden regions: 31->0(407)
[26.510s][info][gc,heap        ] GC(86) Survivor regions: 0->0(51)
[26.510s][info][gc,heap        ] GC(86) Old regions: 4047->4078
[26.510s][info][gc,heap        ] GC(86) Humongous regions: 0->0
[26.510s][info][gc,metaspace   ] GC(86) Metaspace: 13364K->13364K(1062912K)
[26.510s][info][gc             ] GC(86) Pause Young (Normal) (G1 Evacuation Pause) 4070M->4070M(4078M) 1.562ms
[26.510s][info][gc,cpu         ] GC(86) User=0.00s Sys=0.00s Real=0.00s
[26.510s][info][gc,task        ] GC(87) Using 10 workers of 10 for full compaction
[26.510s][info][gc,start       ] GC(87) Pause Full (G1 Evacuation Pause)
[26.510s][info][gc,phases,start] GC(87) Phase 1: Mark live objects
[26.532s][info][gc,stringtable ] GC(87) Cleaned string and symbol table, strings: 6134 processed, 0 removed, symbols: 45885 processed, 0 removed
[26.532s][info][gc,phases      ] GC(87) Phase 1: Mark live objects 21.939ms
[26.532s][info][gc,phases,start] GC(87) Phase 2: Prepare for compaction
[26.551s][info][gc,phases      ] GC(87) Phase 2: Prepare for compaction 18.149ms
[26.551s][info][gc,phases,start] GC(87) Phase 3: Adjust pointers
[26.570s][info][gc,phases      ] GC(87) Phase 3: Adjust pointers 19.219ms
[26.570s][info][gc,phases,start] GC(87) Phase 4: Compact heap
[26.934s][info][gc,phases      ] GC(87) Phase 4: Compact heap 363.996ms
[26.936s][info][gc,heap        ] GC(87) Eden regions: 0->0(407)
[26.936s][info][gc,heap        ] GC(87) Survivor regions: 0->0(51)
[26.936s][info][gc,heap        ] GC(87) Old regions: 4078->4044
[26.936s][info][gc,heap        ] GC(87) Humongous regions: 0->0
[26.936s][info][gc,metaspace   ] GC(87) Metaspace: 13364K->13364K(1062912K)
[26.936s][info][gc             ] GC(87) Pause Full (G1 Evacuation Pause) 4070M->4037M(4078M) 426.082ms
[26.937s][info][gc,cpu         ] GC(87) User=3.83s Sys=0.02s Real=0.43s
[27.015s][info][gc,start       ] GC(88) Pause Young (Concurrent Start) (G1 Evacuation Pause)
[27.015s][info][gc,task        ] GC(88) Using 10 workers of 10 for evacuation
[27.016s][info][gc             ] GC(88) To-space exhausted
[27.016s][info][gc,phases      ] GC(88)   Pre Evacuate Collection Set: 0.1ms
[27.016s][info][gc,phases      ] GC(88)   Evacuate Collection Set: 0.5ms
[27.016s][info][gc,phases      ] GC(88)   Post Evacuate Collection Set: 0.5ms
[27.016s][info][gc,phases      ] GC(88)   Other: 0.3ms
[27.016s][info][gc,heap        ] GC(88) Eden regions: 34->0(407)
[27.016s][info][gc,heap        ] GC(88) Survivor regions: 0->0(51)
[27.016s][info][gc,heap        ] GC(88) Old regions: 4044->4078
[27.017s][info][gc,heap        ] GC(88) Humongous regions: 0->0
[27.017s][info][gc,metaspace   ] GC(88) Metaspace: 13375K->13375K(1062912K)
[27.017s][info][gc             ] GC(88) Pause Young (Concurrent Start) (G1 Evacuation Pause) 4071M->4071M(4078M) 1.475ms
[27.017s][info][gc,cpu         ] GC(88) User=0.00s Sys=0.00s Real=0.00s
[27.017s][info][gc,task        ] GC(89) Using 10 workers of 10 for full compaction
[27.017s][info][gc             ] GC(90) Concurrent Cycle
[27.017s][info][gc,marking     ] GC(90) Concurrent Clear Claimed Marks
[27.017s][info][gc,marking     ] GC(90) Concurrent Clear Claimed Marks 0.028ms
[27.017s][info][gc,marking     ] GC(90) Concurrent Scan Root Regions
[27.017s][info][gc,marking     ] GC(90) Concurrent Scan Root Regions 0.016ms
[27.017s][info][gc,marking     ] GC(90) Concurrent Mark (27.017s)
[27.017s][info][gc,marking     ] GC(90) Concurrent Mark From Roots
[27.017s][info][gc,task        ] GC(90) Using 3 workers of 3 for marking
[27.017s][info][gc,start       ] GC(89) Pause Full (G1 Evacuation Pause)
[27.020s][info][gc,phases,start] GC(89) Phase 1: Mark live objects
[27.040s][info][gc,stringtable ] GC(89) Cleaned string and symbol table, strings: 6141 processed, 7 removed, symbols: 45885 processed, 0 removed
[27.040s][info][gc,phases      ] GC(89) Phase 1: Mark live objects 20.227ms
[27.040s][info][gc,phases,start] GC(89) Phase 2: Prepare for compaction
[27.058s][info][gc,phases      ] GC(89) Phase 2: Prepare for compaction 17.321ms
[27.058s][info][gc,phases,start] GC(89) Phase 3: Adjust pointers
[27.076s][info][gc,phases      ] GC(89) Phase 3: Adjust pointers 18.316ms
[27.076s][info][gc,phases,start] GC(89) Phase 4: Compact heap
[27.438s][info][gc,phases      ] GC(89) Phase 4: Compact heap 362.150ms
[27.442s][info][gc,heap        ] GC(89) Eden regions: 0->0(407)
[27.442s][info][gc,heap        ] GC(89) Survivor regions: 0->0(51)
[27.442s][info][gc,heap        ] GC(89) Old regions: 4078->4045
[27.442s][info][gc,heap        ] GC(89) Humongous regions: 0->0
[27.442s][info][gc,metaspace   ] GC(89) Metaspace: 13375K->13375K(1062912K)
[27.442s][info][gc             ] GC(89) Pause Full (G1 Evacuation Pause) 4071M->4039M(4078M) 425.040ms
[27.442s][info][gc,cpu         ] GC(89) User=4.09s Sys=0.00s Real=0.43s
[27.442s][info][gc,marking     ] GC(90) Concurrent Mark From Roots 425.665ms
[27.443s][info][gc,marking     ] GC(90) Concurrent Mark Abort
[27.443s][info][gc             ] GC(90) Concurrent Cycle 425.983ms
[27.513s][info][gc,start       ] GC(91) Pause Young (Normal) (G1 Evacuation Pause)
[27.513s][info][gc,task        ] GC(91) Using 10 workers of 10 for evacuation
[27.514s][info][gc             ] GC(91) To-space exhausted
[27.514s][info][gc,phases      ] GC(91)   Pre Evacuate Collection Set: 0.1ms
[27.514s][info][gc,phases      ] GC(91)   Evacuate Collection Set: 0.3ms
[27.514s][info][gc,phases      ] GC(91)   Post Evacuate Collection Set: 0.6ms
[27.514s][info][gc,phases      ] GC(91)   Other: 0.2ms
[27.514s][info][gc,heap        ] GC(91) Eden regions: 33->0(407)
[27.514s][info][gc,heap        ] GC(91) Survivor regions: 0->0(51)
[27.514s][info][gc,heap        ] GC(91) Old regions: 4045->4078
[27.514s][info][gc,heap        ] GC(91) Humongous regions: 0->0
[27.514s][info][gc,metaspace   ] GC(91) Metaspace: 13375K->13375K(1062912K)
[27.514s][info][gc             ] GC(91) Pause Young (Normal) (G1 Evacuation Pause) 4072M->4072M(4078M) 1.334ms
[27.514s][info][gc,cpu         ] GC(91) User=0.00s Sys=0.00s Real=0.00s
[27.515s][info][gc,task        ] GC(92) Using 10 workers of 10 for full compaction
[27.515s][info][gc,start       ] GC(92) Pause Full (G1 Evacuation Pause)
[27.515s][info][gc,phases,start] GC(92) Phase 1: Mark live objects
[27.536s][info][gc,stringtable ] GC(92) Cleaned string and symbol table, strings: 6134 processed, 0 removed, symbols: 45885 processed, 0 removed
[27.536s][info][gc,phases      ] GC(92) Phase 1: Mark live objects 20.818ms
[27.536s][info][gc,phases,start] GC(92) Phase 2: Prepare for compaction
[27.555s][info][gc,phases      ] GC(92) Phase 2: Prepare for compaction 19.226ms
[27.555s][info][gc,phases,start] GC(92) Phase 3: Adjust pointers
[27.574s][info][gc,phases      ] GC(92) Phase 3: Adjust pointers 19.113ms
[27.574s][info][gc,phases,start] GC(92) Phase 4: Compact heap
[27.985s][info][gc,phases      ] GC(92) Phase 4: Compact heap 410.672ms
[27.988s][info][gc,heap        ] GC(92) Eden regions: 0->0(407)
[27.988s][info][gc,heap        ] GC(92) Survivor regions: 0->0(51)
[27.988s][info][gc,heap        ] GC(92) Old regions: 4078->4045
[27.988s][info][gc,heap        ] GC(92) Humongous regions: 0->0
[27.988s][info][gc,metaspace   ] GC(92) Metaspace: 13375K->13375K(1062912K)
[27.988s][info][gc             ] GC(92) Pause Full (G1 Evacuation Pause) 4072M->4039M(4078M) 473.208ms
[27.988s][info][gc,cpu         ] GC(92) User=4.02s Sys=0.00s Real=0.47s
[28.056s][info][gc,start       ] GC(93) Pause Young (Concurrent Start) (G1 Evacuation Pause)
[28.056s][info][gc,task        ] GC(93) Using 10 workers of 10 for evacuation
[28.058s][info][gc             ] GC(93) To-space exhausted
[28.058s][info][gc,phases      ] GC(93)   Pre Evacuate Collection Set: 0.1ms
[28.058s][info][gc,phases      ] GC(93)   Evacuate Collection Set: 0.6ms
[28.058s][info][gc,phases      ] GC(93)   Post Evacuate Collection Set: 0.9ms
[28.058s][info][gc,phases      ] GC(93)   Other: 0.4ms
[28.058s][info][gc,heap        ] GC(93) Eden regions: 33->0(407)
[28.058s][info][gc,heap        ] GC(93) Survivor regions: 0->0(51)
[28.058s][info][gc,heap        ] GC(93) Old regions: 4045->4078
[28.058s][info][gc,heap        ] GC(93) Humongous regions: 0->0
[28.058s][info][gc,metaspace   ] GC(93) Metaspace: 13380K->13380K(1062912K)
[28.058s][info][gc             ] GC(93) Pause Young (Concurrent Start) (G1 Evacuation Pause) 4072M->4072M(4078M) 2.277ms
[28.058s][info][gc,cpu         ] GC(93) User=0.00s Sys=0.00s Real=0.00s
[28.058s][info][gc,task        ] GC(94) Using 10 workers of 10 for full compaction
[28.058s][info][gc             ] GC(95) Concurrent Cycle
[28.058s][info][gc,marking     ] GC(95) Concurrent Clear Claimed Marks
[28.058s][info][gc,marking     ] GC(95) Concurrent Clear Claimed Marks 0.037ms
[28.058s][info][gc,marking     ] GC(95) Concurrent Scan Root Regions
[28.058s][info][gc,marking     ] GC(95) Concurrent Scan Root Regions 0.026ms
[28.058s][info][gc,marking     ] GC(95) Concurrent Mark (28.058s)
[28.058s][info][gc,marking     ] GC(95) Concurrent Mark From Roots
[28.058s][info][gc,task        ] GC(95) Using 3 workers of 3 for marking
[28.058s][info][gc,start       ] GC(94) Pause Full (G1 Evacuation Pause)
[28.062s][info][gc,phases,start] GC(94) Phase 1: Mark live objects
[28.085s][info][gc,stringtable ] GC(94) Cleaned string and symbol table, strings: 6145 processed, 7 removed, symbols: 45885 processed, 0 removed
[28.085s][info][gc,phases      ] GC(94) Phase 1: Mark live objects 23.070ms
[28.085s][info][gc,phases,start] GC(94) Phase 2: Prepare for compaction
[28.109s][info][gc,phases      ] GC(94) Phase 2: Prepare for compaction 24.384ms
[28.109s][info][gc,phases,start] GC(94) Phase 3: Adjust pointers
[28.128s][info][gc,phases      ] GC(94) Phase 3: Adjust pointers 18.447ms
[28.128s][info][gc,phases,start] GC(94) Phase 4: Compact heap
[28.545s][info][gc,phases      ] GC(94) Phase 4: Compact heap 417.408ms
[28.548s][info][gc,heap        ] GC(94) Eden regions: 0->0(407)
[28.548s][info][gc,heap        ] GC(94) Survivor regions: 0->0(51)
[28.548s][info][gc,heap        ] GC(94) Old regions: 4078->4051
[28.548s][info][gc,heap        ] GC(94) Humongous regions: 0->0
[28.548s][info][gc,metaspace   ] GC(94) Metaspace: 13380K->13380K(1062912K)
[28.548s][info][gc             ] GC(94) Pause Full (G1 Evacuation Pause) 4072M->4044M(4078M) 489.617ms
[28.548s][info][gc,cpu         ] GC(94) User=4.30s Sys=0.00s Real=0.49s
[28.548s][info][gc,marking     ] GC(95) Concurrent Mark From Roots 490.094ms
[28.548s][info][gc,marking     ] GC(95) Concurrent Mark Abort
[28.548s][info][gc             ] GC(95) Concurrent Cycle 490.437ms
[28.609s][info][gc,start       ] GC(96) Pause Young (Normal) (G1 Evacuation Pause)
[28.609s][info][gc,task        ] GC(96) Using 10 workers of 10 for evacuation
[28.613s][info][gc             ] GC(96) To-space exhausted
[28.613s][info][gc,phases      ] GC(96)   Pre Evacuate Collection Set: 0.1ms
[28.613s][info][gc,phases      ] GC(96)   Evacuate Collection Set: 1.1ms
[28.613s][info][gc,phases      ] GC(96)   Post Evacuate Collection Set: 1.8ms
[28.613s][info][gc,phases      ] GC(96)   Other: 0.8ms
[28.613s][info][gc,heap        ] GC(96) Eden regions: 27->0(407)
[28.613s][info][gc,heap        ] GC(96) Survivor regions: 0->0(51)
[28.613s][info][gc,heap        ] GC(96) Old regions: 4051->4078
[28.613s][info][gc,heap        ] GC(96) Humongous regions: 0->0
[28.613s][info][gc,metaspace   ] GC(96) Metaspace: 13380K->13380K(1062912K)
[28.614s][info][gc             ] GC(96) Pause Young (Normal) (G1 Evacuation Pause) 4071M->4071M(4078M) 4.647ms
[28.614s][info][gc,cpu         ] GC(96) User=0.00s Sys=0.00s Real=0.00s
[28.614s][info][gc,task        ] GC(97) Using 10 workers of 10 for full compaction
[28.615s][info][gc,start       ] GC(97) Pause Full (G1 Evacuation Pause)
[28.615s][info][gc,phases,start] GC(97) Phase 1: Mark live objects
[28.658s][info][gc,stringtable ] GC(97) Cleaned string and symbol table, strings: 6138 processed, 0 removed, symbols: 45885 processed, 0 removed
[28.658s][info][gc,phases      ] GC(97) Phase 1: Mark live objects 43.179ms
[28.658s][info][gc,phases,start] GC(97) Phase 2: Prepare for compaction
[28.685s][info][gc,phases      ] GC(97) Phase 2: Prepare for compaction 26.220ms
[28.685s][info][gc,phases,start] GC(97) Phase 3: Adjust pointers
[28.703s][info][gc,phases      ] GC(97) Phase 3: Adjust pointers 18.283ms
[28.703s][info][gc,phases,start] GC(97) Phase 4: Compact heap
[29.057s][info][gc,phases      ] GC(97) Phase 4: Compact heap 353.631ms
[29.059s][info][gc,heap        ] GC(97) Eden regions: 0->0(407)
[29.059s][info][gc,heap        ] GC(97) Survivor regions: 0->0(51)
[29.059s][info][gc,heap        ] GC(97) Old regions: 4078->4049
[29.059s][info][gc,heap        ] GC(97) Humongous regions: 0->0
[29.059s][info][gc,metaspace   ] GC(97) Metaspace: 13380K->13380K(1062912K)
[29.059s][info][gc             ] GC(97) Pause Full (G1 Evacuation Pause) 4071M->4043M(4078M) 444.441ms
[29.059s][info][gc,cpu         ] GC(97) User=3.97s Sys=0.02s Real=0.45s
[29.119s][info][gc,start       ] GC(98) Pause Young (Concurrent Start) (G1 Evacuation Pause)
[29.119s][info][gc,task        ] GC(98) Using 10 workers of 10 for evacuation
[29.121s][info][gc             ] GC(98) To-space exhausted
[29.121s][info][gc,phases      ] GC(98)   Pre Evacuate Collection Set: 0.1ms
[29.121s][info][gc,phases      ] GC(98)   Evacuate Collection Set: 0.5ms
[29.121s][info][gc,phases      ] GC(98)   Post Evacuate Collection Set: 0.6ms
[29.121s][info][gc,phases      ] GC(98)   Other: 0.3ms
[29.121s][info][gc,heap        ] GC(98) Eden regions: 29->0(407)
[29.121s][info][gc,heap        ] GC(98) Survivor regions: 0->0(51)
[29.121s][info][gc,heap        ] GC(98) Old regions: 4049->4078
[29.121s][info][gc,heap        ] GC(98) Humongous regions: 0->0
[29.121s][info][gc,metaspace   ] GC(98) Metaspace: 13380K->13380K(1062912K)
[29.121s][info][gc             ] GC(98) Pause Young (Concurrent Start) (G1 Evacuation Pause) 4072M->4072M(4078M) 1.599ms
[29.121s][info][gc,cpu         ] GC(98) User=0.00s Sys=0.00s Real=0.00s
[29.121s][info][gc,task        ] GC(99) Using 10 workers of 10 for full compaction
[29.121s][info][gc             ] GC(100) Concurrent Cycle
[29.121s][info][gc,marking     ] GC(100) Concurrent Clear Claimed Marks
[29.121s][info][gc,marking     ] GC(100) Concurrent Clear Claimed Marks 0.025ms
[29.121s][info][gc,marking     ] GC(100) Concurrent Scan Root Regions
[29.121s][info][gc,marking     ] GC(100) Concurrent Scan Root Regions 0.022ms
[29.121s][info][gc,marking     ] GC(100) Concurrent Mark (29.121s)
[29.121s][info][gc,marking     ] GC(100) Concurrent Mark From Roots
[29.121s][info][gc,task        ] GC(100) Using 3 workers of 3 for marking
[29.121s][info][gc,start       ] GC(99) Pause Full (G1 Evacuation Pause)
[29.124s][info][gc,phases,start] GC(99) Phase 1: Mark live objects
[29.145s][info][gc,stringtable ] GC(99) Cleaned string and symbol table, strings: 6145 processed, 7 removed, symbols: 45885 processed, 0 removed
[29.145s][info][gc,phases      ] GC(99) Phase 1: Mark live objects 20.457ms
[29.145s][info][gc,phases,start] GC(99) Phase 2: Prepare for compaction
[29.163s][info][gc,phases      ] GC(99) Phase 2: Prepare for compaction 18.183ms
[29.163s][info][gc,phases,start] GC(99) Phase 3: Adjust pointers
[29.181s][info][gc,phases      ] GC(99) Phase 3: Adjust pointers 18.027ms
[29.181s][info][gc,phases,start] GC(99) Phase 4: Compact heap
[29.486s][info][gc,phases      ] GC(99) Phase 4: Compact heap 304.635ms
[29.488s][info][gc,heap        ] GC(99) Eden regions: 0->0(407)
[29.488s][info][gc,heap        ] GC(99) Survivor regions: 0->0(51)
[29.488s][info][gc,heap        ] GC(99) Old regions: 4078->4051
[29.489s][info][gc,heap        ] GC(99) Humongous regions: 0->0
[29.489s][info][gc,metaspace   ] GC(99) Metaspace: 13380K->13380K(1062912K)
[29.489s][info][gc             ] GC(99) Pause Full (G1 Evacuation Pause) 4072M->4043M(4078M) 367.406ms
[29.489s][info][gc,cpu         ] GC(99) User=3.25s Sys=0.00s Real=0.37s
[29.489s][info][gc,marking     ] GC(100) Concurrent Mark From Roots 367.821ms
[29.489s][info][gc,marking     ] GC(100) Concurrent Mark Abort
[29.489s][info][gc             ] GC(100) Concurrent Cycle 368.085ms
[29.549s][info][gc,start       ] GC(101) Pause Young (Normal) (G1 Evacuation Pause)
[29.549s][info][gc,task        ] GC(101) Using 10 workers of 10 for evacuation
[29.551s][info][gc             ] GC(101) To-space exhausted
[29.551s][info][gc,phases      ] GC(101)   Pre Evacuate Collection Set: 0.1ms
[29.551s][info][gc,phases      ] GC(101)   Evacuate Collection Set: 0.4ms
[29.551s][info][gc,phases      ] GC(101)   Post Evacuate Collection Set: 0.6ms
[29.551s][info][gc,phases      ] GC(101)   Other: 0.3ms
[29.551s][info][gc,heap        ] GC(101) Eden regions: 27->0(407)
[29.551s][info][gc,heap        ] GC(101) Survivor regions: 0->0(51)
[29.551s][info][gc,heap        ] GC(101) Old regions: 4051->4078
[29.551s][info][gc,heap        ] GC(101) Humongous regions: 0->0
[29.551s][info][gc,metaspace   ] GC(101) Metaspace: 13380K->13380K(1062912K)
[29.551s][info][gc             ] GC(101) Pause Young (Normal) (G1 Evacuation Pause) 4070M->4070M(4078M) 1.414ms
[29.551s][info][gc,cpu         ] GC(101) User=0.00s Sys=0.00s Real=0.00s
[29.551s][info][gc,task        ] GC(102) Using 10 workers of 10 for full compaction
[29.551s][info][gc,start       ] GC(102) Pause Full (G1 Evacuation Pause)
[29.551s][info][gc,phases,start] GC(102) Phase 1: Mark live objects
[29.573s][info][gc,stringtable ] GC(102) Cleaned string and symbol table, strings: 6138 processed, 0 removed, symbols: 45885 processed, 0 removed
[29.573s][info][gc,phases      ] GC(102) Phase 1: Mark live objects 22.221ms
[29.573s][info][gc,phases,start] GC(102) Phase 2: Prepare for compaction
[29.591s][info][gc,phases      ] GC(102) Phase 2: Prepare for compaction 17.154ms
[29.591s][info][gc,phases,start] GC(102) Phase 3: Adjust pointers
[29.609s][info][gc,phases      ] GC(102) Phase 3: Adjust pointers 18.440ms
[29.609s][info][gc,phases,start] GC(102) Phase 4: Compact heap
[29.962s][info][gc,phases      ] GC(102) Phase 4: Compact heap 353.054ms
[29.965s][info][gc,heap        ] GC(102) Eden regions: 0->0(407)
[29.965s][info][gc,heap        ] GC(102) Survivor regions: 0->0(51)
[29.965s][info][gc,heap        ] GC(102) Old regions: 4078->4049
[29.965s][info][gc,heap        ] GC(102) Humongous regions: 0->0
[29.965s][info][gc,metaspace   ] GC(102) Metaspace: 13380K->13380K(1062912K)
[29.965s][info][gc             ] GC(102) Pause Full (G1 Evacuation Pause) 4070M->4042M(4078M) 414.156ms
[29.965s][info][gc,cpu         ] GC(102) User=3.78s Sys=0.00s Real=0.41s
[30.026s][info][gc,start       ] GC(103) Pause Young (Concurrent Start) (G1 Evacuation Pause)
[30.026s][info][gc,task        ] GC(103) Using 10 workers of 10 for evacuation
[30.029s][info][gc             ] GC(103) To-space exhausted
[30.030s][info][gc,phases      ] GC(103)   Pre Evacuate Collection Set: 0.1ms
[30.030s][info][gc,phases      ] GC(103)   Evacuate Collection Set: 1.4ms
[30.030s][info][gc,phases      ] GC(103)   Post Evacuate Collection Set: 1.4ms
[30.030s][info][gc,phases      ] GC(103)   Other: 0.9ms
[30.030s][info][gc,heap        ] GC(103) Eden regions: 29->0(407)
[30.030s][info][gc,heap        ] GC(103) Survivor regions: 0->0(51)
[30.030s][info][gc,heap        ] GC(103) Old regions: 4049->4078
[30.030s][info][gc,heap        ] GC(103) Humongous regions: 0->0
[30.030s][info][gc,metaspace   ] GC(103) Metaspace: 13389K->13389K(1062912K)
[30.030s][info][gc             ] GC(103) Pause Young (Concurrent Start) (G1 Evacuation Pause) 4071M->4071M(4078M) 4.366ms
[30.030s][info][gc,cpu         ] GC(103) User=0.00s Sys=0.00s Real=0.01s
[30.030s][info][gc,task        ] GC(104) Using 10 workers of 10 for full compaction
[30.030s][info][gc             ] GC(105) Concurrent Cycle
[30.031s][info][gc,marking     ] GC(105) Concurrent Clear Claimed Marks
[30.031s][info][gc,marking     ] GC(105) Concurrent Clear Claimed Marks 0.085ms
[30.031s][info][gc,marking     ] GC(105) Concurrent Scan Root Regions
[30.031s][info][gc,marking     ] GC(105) Concurrent Scan Root Regions 0.061ms
[30.031s][info][gc,marking     ] GC(105) Concurrent Mark (30.031s)
[30.031s][info][gc,marking     ] GC(105) Concurrent Mark From Roots
[30.031s][info][gc,start       ] GC(104) Pause Full (G1 Evacuation Pause)
[30.031s][info][gc,task        ] GC(105) Using 3 workers of 3 for marking
[30.036s][info][gc,phases,start] GC(104) Phase 1: Mark live objects
[30.059s][info][gc,stringtable ] GC(104) Cleaned string and symbol table, strings: 6145 processed, 7 removed, symbols: 45885 processed, 0 removed
[30.059s][info][gc,phases      ] GC(104) Phase 1: Mark live objects 23.282ms
[30.059s][info][gc,phases,start] GC(104) Phase 2: Prepare for compaction
[30.078s][info][gc,phases      ] GC(104) Phase 2: Prepare for compaction 18.941ms
[30.078s][info][gc,phases,start] GC(104) Phase 3: Adjust pointers
[30.098s][info][gc,phases      ] GC(104) Phase 3: Adjust pointers 20.131ms
[30.098s][info][gc,phases,start] GC(104) Phase 4: Compact heap
[30.373s][info][gc,phases      ] GC(104) Phase 4: Compact heap 275.316ms
[30.376s][info][gc,heap        ] GC(104) Eden regions: 0->0(407)
[30.377s][info][gc,heap        ] GC(104) Survivor regions: 0->0(51)
[30.377s][info][gc,heap        ] GC(104) Old regions: 4078->4050
[30.377s][info][gc,heap        ] GC(104) Humongous regions: 0->0
[30.377s][info][gc,metaspace   ] GC(104) Metaspace: 13389K->13389K(1062912K)
[30.377s][info][gc             ] GC(104) Pause Full (G1 Evacuation Pause) 4071M->4043M(4078M) 345.809ms
[30.377s][info][gc,cpu         ] GC(104) User=3.28s Sys=0.02s Real=0.35s
[30.377s][info][gc,marking     ] GC(105) Concurrent Mark From Roots 346.391ms
[30.377s][info][gc,marking     ] GC(105) Concurrent Mark Abort
[30.377s][info][gc             ] GC(105) Concurrent Cycle 347.040ms
[30.435s][info][gc,start       ] GC(106) Pause Young (Normal) (G1 Evacuation Pause)
[30.435s][info][gc,task        ] GC(106) Using 10 workers of 10 for evacuation
[30.439s][info][gc             ] GC(106) To-space exhausted
[30.439s][info][gc,phases      ] GC(106)   Pre Evacuate Collection Set: 0.2ms
[30.439s][info][gc,phases      ] GC(106)   Evacuate Collection Set: 1.3ms
[30.439s][info][gc,phases      ] GC(106)   Post Evacuate Collection Set: 1.7ms
[30.439s][info][gc,phases      ] GC(106)   Other: 0.8ms
[30.439s][info][gc,heap        ] GC(106) Eden regions: 28->0(407)
[30.439s][info][gc,heap        ] GC(106) Survivor regions: 0->0(51)
[30.439s][info][gc,heap        ] GC(106) Old regions: 4050->4078
[30.439s][info][gc,heap        ] GC(106) Humongous regions: 0->0
[30.439s][info][gc,metaspace   ] GC(106) Metaspace: 13389K->13389K(1062912K)
[30.440s][info][gc             ] GC(106) Pause Young (Normal) (G1 Evacuation Pause) 4071M->4071M(4078M) 4.791ms
[30.440s][info][gc,cpu         ] GC(106) User=0.00s Sys=0.00s Real=0.00s
[30.440s][info][gc,task        ] GC(107) Using 10 workers of 10 for full compaction
[30.441s][info][gc,start       ] GC(107) Pause Full (G1 Evacuation Pause)
[30.441s][info][gc,phases,start] GC(107) Phase 1: Mark live objects
[30.483s][info][gc,stringtable ] GC(107) Cleaned string and symbol table, strings: 6138 processed, 0 removed, symbols: 45885 processed, 0 removed
[30.483s][info][gc,phases      ] GC(107) Phase 1: Mark live objects 42.157ms
[30.484s][info][gc,phases,start] GC(107) Phase 2: Prepare for compaction
[30.505s][info][gc,phases      ] GC(107) Phase 2: Prepare for compaction 21.079ms
[30.505s][info][gc,phases,start] GC(107) Phase 3: Adjust pointers
[30.524s][info][gc,phases      ] GC(107) Phase 3: Adjust pointers 19.764ms
[30.525s][info][gc,phases,start] GC(107) Phase 4: Compact heap
[30.783s][info][gc,phases      ] GC(107) Phase 4: Compact heap 258.739ms
[30.786s][info][gc,heap        ] GC(107) Eden regions: 0->0(407)
[30.786s][info][gc,heap        ] GC(107) Survivor regions: 0->0(51)
[30.786s][info][gc,heap        ] GC(107) Old regions: 4078->4049
[30.786s][info][gc,heap        ] GC(107) Humongous regions: 0->0
[30.786s][info][gc,metaspace   ] GC(107) Metaspace: 13389K->13389K(1062912K)
[30.786s][info][gc             ] GC(107) Pause Full (G1 Evacuation Pause) 4071M->4042M(4078M) 345.394ms
[30.786s][info][gc,cpu         ] GC(107) User=2.89s Sys=0.02s Real=0.35s
[30.846s][info][gc,start       ] GC(108) Pause Young (Concurrent Start) (G1 Evacuation Pause)
[30.846s][info][gc,task        ] GC(108) Using 10 workers of 10 for evacuation
[30.848s][info][gc             ] GC(108) To-space exhausted
[30.848s][info][gc,phases      ] GC(108)   Pre Evacuate Collection Set: 0.1ms
[30.848s][info][gc,phases      ] GC(108)   Evacuate Collection Set: 0.5ms
[30.848s][info][gc,phases      ] GC(108)   Post Evacuate Collection Set: 0.5ms
[30.848s][info][gc,phases      ] GC(108)   Other: 0.5ms
[30.848s][info][gc,heap        ] GC(108) Eden regions: 29->0(407)
[30.848s][info][gc,heap        ] GC(108) Survivor regions: 0->0(51)
[30.848s][info][gc,heap        ] GC(108) Old regions: 4049->4078
[30.848s][info][gc,heap        ] GC(108) Humongous regions: 0->0
[30.848s][info][gc,metaspace   ] GC(108) Metaspace: 13393K->13393K(1062912K)
[30.848s][info][gc             ] GC(108) Pause Young (Concurrent Start) (G1 Evacuation Pause) 4071M->4071M(4078M) 1.638ms
[30.848s][info][gc,cpu         ] GC(108) User=0.00s Sys=0.00s Real=0.00s
[30.848s][info][gc,task        ] GC(109) Using 10 workers of 10 for full compaction
[30.848s][info][gc             ] GC(110) Concurrent Cycle
[30.848s][info][gc,marking     ] GC(110) Concurrent Clear Claimed Marks
[30.848s][info][gc,marking     ] GC(110) Concurrent Clear Claimed Marks 0.023ms
[30.848s][info][gc,marking     ] GC(110) Concurrent Scan Root Regions
[30.848s][info][gc,marking     ] GC(110) Concurrent Scan Root Regions 0.016ms
[30.848s][info][gc,marking     ] GC(110) Concurrent Mark (30.848s)
[30.848s][info][gc,marking     ] GC(110) Concurrent Mark From Roots
[30.848s][info][gc,task        ] GC(110) Using 3 workers of 3 for marking
[30.848s][info][gc,start       ] GC(109) Pause Full (G1 Evacuation Pause)
[30.852s][info][gc,phases,start] GC(109) Phase 1: Mark live objects
[30.874s][info][gc,stringtable ] GC(109) Cleaned string and symbol table, strings: 6147 processed, 7 removed, symbols: 45885 processed, 0 removed
[30.874s][info][gc,phases      ] GC(109) Phase 1: Mark live objects 22.673ms
[30.875s][info][gc,phases,start] GC(109) Phase 2: Prepare for compaction
[30.893s][info][gc,phases      ] GC(109) Phase 2: Prepare for compaction 18.315ms
[30.893s][info][gc,phases,start] GC(109) Phase 3: Adjust pointers
[30.913s][info][gc,phases      ] GC(109) Phase 3: Adjust pointers 20.081ms
[30.913s][info][gc,phases,start] GC(109) Phase 4: Compact heap
[31.200s][info][gc,phases      ] GC(109) Phase 4: Compact heap 286.941ms
[31.203s][info][gc,heap        ] GC(109) Eden regions: 0->0(407)
[31.203s][info][gc,heap        ] GC(109) Survivor regions: 0->0(51)
[31.203s][info][gc,heap        ] GC(109) Old regions: 4078->4049
[31.203s][info][gc,heap        ] GC(109) Humongous regions: 0->0
[31.203s][info][gc,metaspace   ] GC(109) Metaspace: 13393K->13393K(1062912K)
[31.203s][info][gc             ] GC(109) Pause Full (G1 Evacuation Pause) 4071M->4043M(4078M) 354.644ms
[31.203s][info][gc,cpu         ] GC(109) User=3.30s Sys=0.00s Real=0.36s
[31.203s][info][gc,marking     ] GC(110) Concurrent Mark From Roots 355.146ms
[31.203s][info][gc,marking     ] GC(110) Concurrent Mark Abort
[31.204s][info][gc             ] GC(110) Concurrent Cycle 355.444ms
[31.262s][info][gc,start       ] GC(111) Pause Young (Normal) (G1 Evacuation Pause)
[31.262s][info][gc,task        ] GC(111) Using 10 workers of 10 for evacuation
[31.263s][info][gc             ] GC(111) To-space exhausted
[31.263s][info][gc,phases      ] GC(111)   Pre Evacuate Collection Set: 0.1ms
[31.263s][info][gc,phases      ] GC(111)   Evacuate Collection Set: 0.4ms
[31.264s][info][gc,phases      ] GC(111)   Post Evacuate Collection Set: 0.4ms
[31.264s][info][gc,phases      ] GC(111)   Other: 0.3ms
[31.264s][info][gc,heap        ] GC(111) Eden regions: 29->0(407)
[31.264s][info][gc,heap        ] GC(111) Survivor regions: 0->0(51)
[31.264s][info][gc,heap        ] GC(111) Old regions: 4049->4078
[31.264s][info][gc,heap        ] GC(111) Humongous regions: 0->0
[31.264s][info][gc,metaspace   ] GC(111) Metaspace: 13393K->13393K(1062912K)
[31.264s][info][gc             ] GC(111) Pause Young (Normal) (G1 Evacuation Pause) 4072M->4072M(4078M) 1.234ms
[31.264s][info][gc,cpu         ] GC(111) User=0.00s Sys=0.00s Real=0.00s
[31.264s][info][gc,task        ] GC(112) Using 10 workers of 10 for full compaction
[31.264s][info][gc,start       ] GC(112) Pause Full (G1 Evacuation Pause)
[31.264s][info][gc,phases,start] GC(112) Phase 1: Mark live objects
[31.284s][info][gc,stringtable ] GC(112) Cleaned string and symbol table, strings: 6140 processed, 0 removed, symbols: 45885 processed, 0 removed
[31.284s][info][gc,phases      ] GC(112) Phase 1: Mark live objects 19.846ms
[31.284s][info][gc,phases,start] GC(112) Phase 2: Prepare for compaction
[31.301s][info][gc,phases      ] GC(112) Phase 2: Prepare for compaction 16.940ms
[31.301s][info][gc,phases,start] GC(112) Phase 3: Adjust pointers
[31.319s][info][gc,phases      ] GC(112) Phase 3: Adjust pointers 18.283ms
[31.319s][info][gc,phases,start] GC(112) Phase 4: Compact heap
[31.594s][info][gc,phases      ] GC(112) Phase 4: Compact heap 274.410ms
[31.597s][info][gc,heap        ] GC(112) Eden regions: 0->0(407)
[31.597s][info][gc,heap        ] GC(112) Survivor regions: 0->0(51)
[31.597s][info][gc,heap        ] GC(112) Old regions: 4078->4051
[31.597s][info][gc,heap        ] GC(112) Humongous regions: 0->0
[31.597s][info][gc,metaspace   ] GC(112) Metaspace: 13393K->13393K(1062912K)
[31.597s][info][gc             ] GC(112) Pause Full (G1 Evacuation Pause) 4072M->4044M(4078M) 333.205ms
[31.598s][info][gc,cpu         ] GC(112) User=3.17s Sys=0.00s Real=0.33s
[31.658s][info][gc,start       ] GC(113) Pause Young (Concurrent Start) (G1 Evacuation Pause)
[31.658s][info][gc,task        ] GC(113) Using 10 workers of 10 for evacuation
[31.662s][info][gc             ] GC(113) To-space exhausted
[31.662s][info][gc,phases      ] GC(113)   Pre Evacuate Collection Set: 0.1ms
[31.662s][info][gc,phases      ] GC(113)   Evacuate Collection Set: 1.6ms
[31.662s][info][gc,phases      ] GC(113)   Post Evacuate Collection Set: 1.9ms
[31.663s][info][gc,phases      ] GC(113)   Other: 1.1ms
[31.663s][info][gc,heap        ] GC(113) Eden regions: 27->0(407)
[31.663s][info][gc,heap        ] GC(113) Survivor regions: 0->0(51)
[31.663s][info][gc,heap        ] GC(113) Old regions: 4051->4078
[31.663s][info][gc,heap        ] GC(113) Humongous regions: 0->0
[31.663s][info][gc,metaspace   ] GC(113) Metaspace: 13393K->13393K(1062912K)
[31.663s][info][gc             ] GC(113) Pause Young (Concurrent Start) (G1 Evacuation Pause) 4071M->4071M(4078M) 5.502ms
[31.663s][info][gc,cpu         ] GC(113) User=0.02s Sys=0.00s Real=0.01s
[31.663s][info][gc,task        ] GC(114) Using 10 workers of 10 for full compaction
[31.663s][info][gc             ] GC(115) Concurrent Cycle
[31.664s][info][gc,marking     ] GC(115) Concurrent Clear Claimed Marks
[31.664s][info][gc,marking     ] GC(115) Concurrent Clear Claimed Marks 0.111ms
[31.664s][info][gc,marking     ] GC(115) Concurrent Scan Root Regions
[31.664s][info][gc,marking     ] GC(115) Concurrent Scan Root Regions 0.241ms
[31.664s][info][gc,marking     ] GC(115) Concurrent Mark (31.664s)
[31.664s][info][gc,start       ] GC(114) Pause Full (G1 Evacuation Pause)
[31.664s][info][gc,marking     ] GC(115) Concurrent Mark From Roots
[31.665s][info][gc,task        ] GC(115) Using 3 workers of 3 for marking
[31.670s][info][gc,phases,start] GC(114) Phase 1: Mark live objects
[31.715s][info][gc,stringtable ] GC(114) Cleaned string and symbol table, strings: 6140 processed, 0 removed, symbols: 45885 processed, 0 removed
[31.715s][info][gc,phases      ] GC(114) Phase 1: Mark live objects 44.999ms
[31.715s][info][gc,phases,start] GC(114) Phase 2: Prepare for compaction
[31.736s][info][gc,phases      ] GC(114) Phase 2: Prepare for compaction 20.539ms
[31.736s][info][gc,phases,start] GC(114) Phase 3: Adjust pointers
[31.756s][info][gc,phases      ] GC(114) Phase 3: Adjust pointers 20.408ms
[31.757s][info][gc,phases,start] GC(114) Phase 4: Compact heap
[32.221s][info][gc,phases      ] GC(114) Phase 4: Compact heap 464.363ms
[32.224s][info][gc,heap        ] GC(114) Eden regions: 0->0(407)
[32.224s][info][gc,heap        ] GC(114) Survivor regions: 0->0(51)
[32.224s][info][gc,heap        ] GC(114) Old regions: 4078->4050
[32.224s][info][gc,heap        ] GC(114) Humongous regions: 0->0
[32.224s][info][gc,metaspace   ] GC(114) Metaspace: 13393K->13393K(1062912K)
[32.224s][info][gc             ] GC(114) Pause Full (G1 Evacuation Pause) 4071M->4042M(4078M) 559.760ms
[32.224s][info][gc,cpu         ] GC(114) User=4.94s Sys=0.02s Real=0.56s
[32.224s][info][gc,marking     ] GC(115) Concurrent Mark From Roots 560.047ms
[32.224s][info][gc,marking     ] GC(115) Concurrent Mark Abort
[32.224s][info][gc             ] GC(115) Concurrent Cycle 560.962ms
[32.286s][info][gc,start       ] GC(116) Pause Young (Normal) (G1 Evacuation Pause)
[32.286s][info][gc,task        ] GC(116) Using 10 workers of 10 for evacuation
[32.287s][info][gc             ] GC(116) To-space exhausted
[32.287s][info][gc,phases      ] GC(116)   Pre Evacuate Collection Set: 0.1ms
[32.287s][info][gc,phases      ] GC(116)   Evacuate Collection Set: 0.3ms
[32.287s][info][gc,phases      ] GC(116)   Post Evacuate Collection Set: 0.4ms
[32.287s][info][gc,phases      ] GC(116)   Other: 0.3ms
[32.287s][info][gc,heap        ] GC(116) Eden regions: 28->0(407)
[32.287s][info][gc,heap        ] GC(116) Survivor regions: 0->0(51)
[32.287s][info][gc,heap        ] GC(116) Old regions: 4050->4078
[32.287s][info][gc,heap        ] GC(116) Humongous regions: 0->0
[32.287s][info][gc,metaspace   ] GC(116) Metaspace: 13410K->13410K(1062912K)
[32.287s][info][gc             ] GC(116) Pause Young (Normal) (G1 Evacuation Pause) 4070M->4070M(4078M) 1.154ms
[32.287s][info][gc,cpu         ] GC(116) User=0.02s Sys=0.00s Real=0.00s
[32.287s][info][gc,task        ] GC(117) Using 10 workers of 10 for full compaction
[32.287s][info][gc,start       ] GC(117) Pause Full (G1 Evacuation Pause)
[32.287s][info][gc,phases,start] GC(117) Phase 1: Mark live objects
[32.310s][info][gc,stringtable ] GC(117) Cleaned string and symbol table, strings: 6148 processed, 7 removed, symbols: 45885 processed, 0 removed
[32.310s][info][gc,phases      ] GC(117) Phase 1: Mark live objects 22.142ms
[32.310s][info][gc,phases,start] GC(117) Phase 2: Prepare for compaction
[32.329s][info][gc,phases      ] GC(117) Phase 2: Prepare for compaction 19.257ms
[32.329s][info][gc,phases,start] GC(117) Phase 3: Adjust pointers
[32.349s][info][gc,phases      ] GC(117) Phase 3: Adjust pointers 19.644ms
[32.349s][info][gc,phases,start] GC(117) Phase 4: Compact heap
[32.809s][info][gc,phases      ] GC(117) Phase 4: Compact heap 460.791ms
[32.811s][info][gc,heap        ] GC(117) Eden regions: 0->0(407)
[32.812s][info][gc,heap        ] GC(117) Survivor regions: 0->0(51)
[32.812s][info][gc,heap        ] GC(117) Old regions: 4078->4048
[32.812s][info][gc,heap        ] GC(117) Humongous regions: 0->0
[32.812s][info][gc,metaspace   ] GC(117) Metaspace: 13410K->13410K(1062912K)
[32.812s][info][gc             ] GC(117) Pause Full (G1 Evacuation Pause) 4070M->4042M(4078M) 524.401ms
[32.812s][info][gc,cpu         ] GC(117) User=4.47s Sys=0.02s Real=0.53s
[32.874s][info][gc,start       ] GC(118) Pause Young (Concurrent Start) (G1 Evacuation Pause)
[32.874s][info][gc,task        ] GC(118) Using 10 workers of 10 for evacuation
[32.875s][info][gc             ] GC(118) To-space exhausted
[32.875s][info][gc,phases      ] GC(118)   Pre Evacuate Collection Set: 0.1ms
[32.875s][info][gc,phases      ] GC(118)   Evacuate Collection Set: 0.4ms
[32.875s][info][gc,phases      ] GC(118)   Post Evacuate Collection Set: 0.5ms
[32.875s][info][gc,phases      ] GC(118)   Other: 0.3ms
[32.875s][info][gc,heap        ] GC(118) Eden regions: 30->0(407)
[32.875s][info][gc,heap        ] GC(118) Survivor regions: 0->0(51)
[32.875s][info][gc,heap        ] GC(118) Old regions: 4048->4078
[32.875s][info][gc,heap        ] GC(118) Humongous regions: 0->0
[32.875s][info][gc,metaspace   ] GC(118) Metaspace: 13425K->13425K(1062912K)
[32.875s][info][gc             ] GC(118) Pause Young (Concurrent Start) (G1 Evacuation Pause) 4072M->4072M(4078M) 1.407ms
[32.875s][info][gc,cpu         ] GC(118) User=0.00s Sys=0.00s Real=0.00s
[32.875s][info][gc,task        ] GC(119) Using 10 workers of 10 for full compaction
[32.875s][info][gc             ] GC(120) Concurrent Cycle
[32.875s][info][gc,marking     ] GC(120) Concurrent Clear Claimed Marks
[32.875s][info][gc,marking     ] GC(120) Concurrent Clear Claimed Marks 0.021ms
[32.875s][info][gc,marking     ] GC(120) Concurrent Scan Root Regions
[32.876s][info][gc,marking     ] GC(120) Concurrent Scan Root Regions 0.015ms
[32.876s][info][gc,marking     ] GC(120) Concurrent Mark (32.876s)
[32.876s][info][gc,marking     ] GC(120) Concurrent Mark From Roots
[32.876s][info][gc,task        ] GC(120) Using 3 workers of 3 for marking
[32.876s][info][gc,start       ] GC(119) Pause Full (G1 Evacuation Pause)
[32.879s][info][gc,phases,start] GC(119) Phase 1: Mark live objects
[32.901s][info][gc,stringtable ] GC(119) Cleaned string and symbol table, strings: 6148 processed, 7 removed, symbols: 45887 processed, 0 removed
[32.901s][info][gc,phases      ] GC(119) Phase 1: Mark live objects 21.625ms
[32.901s][info][gc,phases,start] GC(119) Phase 2: Prepare for compaction
[32.919s][info][gc,phases      ] GC(119) Phase 2: Prepare for compaction 18.523ms
[32.919s][info][gc,phases,start] GC(119) Phase 3: Adjust pointers
[32.939s][info][gc,phases      ] GC(119) Phase 3: Adjust pointers 19.491ms
[32.939s][info][gc,phases,start] GC(119) Phase 4: Compact heap
[33.349s][info][gc,phases      ] GC(119) Phase 4: Compact heap 410.021ms
[33.351s][info][gc,heap        ] GC(119) Eden regions: 0->0(407)
[33.351s][info][gc,heap        ] GC(119) Survivor regions: 0->0(51)
[33.351s][info][gc,heap        ] GC(119) Old regions: 4078->4050
[33.351s][info][gc,heap        ] GC(119) Humongous regions: 0->0
[33.351s][info][gc,metaspace   ] GC(119) Metaspace: 13425K->13425K(1062912K)
[33.351s][info][gc             ] GC(119) Pause Full (G1 Evacuation Pause) 4072M->4043M(4078M) 475.891ms
[33.352s][info][gc,cpu         ] GC(119) User=4.33s Sys=0.00s Real=0.48s
[33.352s][info][gc,marking     ] GC(120) Concurrent Mark From Roots 476.300ms
[33.352s][info][gc,marking     ] GC(120) Concurrent Mark Abort
[33.352s][info][gc             ] GC(120) Concurrent Cycle 476.537ms
[33.414s][info][gc,start       ] GC(121) Pause Young (Normal) (G1 Evacuation Pause)
[33.414s][info][gc,task        ] GC(121) Using 10 workers of 10 for evacuation
[33.417s][info][gc             ] GC(121) To-space exhausted
[33.417s][info][gc,phases      ] GC(121)   Pre Evacuate Collection Set: 0.1ms
[33.417s][info][gc,phases      ] GC(121)   Evacuate Collection Set: 0.9ms
[33.417s][info][gc,phases      ] GC(121)   Post Evacuate Collection Set: 1.1ms
[33.417s][info][gc,phases      ] GC(121)   Other: 0.6ms
[33.417s][info][gc,heap        ] GC(121) Eden regions: 28->0(407)
[33.417s][info][gc,heap        ] GC(121) Survivor regions: 0->0(51)
[33.417s][info][gc,heap        ] GC(121) Old regions: 4050->4078
[33.417s][info][gc,heap        ] GC(121) Humongous regions: 0->0
[33.418s][info][gc,metaspace   ] GC(121) Metaspace: 13429K->13429K(1062912K)
[33.418s][info][gc             ] GC(121) Pause Young (Normal) (G1 Evacuation Pause) 4071M->4071M(4078M) 3.234ms
[33.418s][info][gc,cpu         ] GC(121) User=0.00s Sys=0.00s Real=0.00s
[33.418s][info][gc,task        ] GC(122) Using 10 workers of 10 for full compaction
[33.418s][info][gc,start       ] GC(122) Pause Full (G1 Evacuation Pause)
[33.419s][info][gc,phases,start] GC(122) Phase 1: Mark live objects
[33.448s][info][gc,stringtable ] GC(122) Cleaned string and symbol table, strings: 6141 processed, 0 removed, symbols: 45887 processed, 0 removed
[33.448s][info][gc,phases      ] GC(122) Phase 1: Mark live objects 29.708ms
[33.449s][info][gc,phases,start] GC(122) Phase 2: Prepare for compaction
[33.467s][info][gc,phases      ] GC(122) Phase 2: Prepare for compaction 18.060ms
[33.467s][info][gc,phases,start] GC(122) Phase 3: Adjust pointers
[33.486s][info][gc,phases      ] GC(122) Phase 3: Adjust pointers 19.304ms
[33.486s][info][gc,phases,start] GC(122) Phase 4: Compact heap
[33.804s][info][gc,phases      ] GC(122) Phase 4: Compact heap 318.379ms
[33.806s][info][gc,heap        ] GC(122) Eden regions: 0->0(407)
[33.807s][info][gc,heap        ] GC(122) Survivor regions: 0->0(51)
[33.807s][info][gc,heap        ] GC(122) Old regions: 4078->4051
[33.807s][info][gc,heap        ] GC(122) Humongous regions: 0->0
[33.807s][info][gc,metaspace   ] GC(122) Metaspace: 13429K->13429K(1062912K)
[33.807s][info][gc             ] GC(122) Pause Full (G1 Evacuation Pause) 4071M->4043M(4078M) 388.327ms
[33.807s][info][gc,cpu         ] GC(122) User=3.59s Sys=0.00s Real=0.39s
[33.860s][info][gc,start       ] GC(123) Pause Young (Concurrent Start) (G1 Evacuation Pause)
[33.860s][info][gc,task        ] GC(123) Using 10 workers of 10 for evacuation
[33.863s][info][gc             ] GC(123) To-space exhausted
[33.863s][info][gc,phases      ] GC(123)   Pre Evacuate Collection Set: 0.1ms
[33.863s][info][gc,phases      ] GC(123)   Evacuate Collection Set: 1.2ms
[33.863s][info][gc,phases      ] GC(123)   Post Evacuate Collection Set: 1.3ms
[33.863s][info][gc,phases      ] GC(123)   Other: 0.9ms
[33.864s][info][gc,heap        ] GC(123) Eden regions: 27->0(407)
[33.864s][info][gc,heap        ] GC(123) Survivor regions: 0->0(51)
[33.864s][info][gc,heap        ] GC(123) Old regions: 4051->4078
[33.864s][info][gc,heap        ] GC(123) Humongous regions: 0->0
[33.864s][info][gc,metaspace   ] GC(123) Metaspace: 13438K->13438K(1062912K)
[33.864s][info][gc             ] GC(123) Pause Young (Concurrent Start) (G1 Evacuation Pause) 4070M->4070M(4078M) 3.976ms
[33.864s][info][gc,cpu         ] GC(123) User=0.00s Sys=0.00s Real=0.00s
[33.864s][info][gc,task        ] GC(124) Using 10 workers of 10 for full compaction
[33.864s][info][gc             ] GC(125) Concurrent Cycle
[33.864s][info][gc,marking     ] GC(125) Concurrent Clear Claimed Marks
[33.864s][info][gc,marking     ] GC(125) Concurrent Clear Claimed Marks 0.079ms
[33.864s][info][gc,marking     ] GC(125) Concurrent Scan Root Regions
[33.864s][info][gc,marking     ] GC(125) Concurrent Scan Root Regions 0.055ms
[33.864s][info][gc,marking     ] GC(125) Concurrent Mark (33.864s)
[33.864s][info][gc,marking     ] GC(125) Concurrent Mark From Roots
[33.865s][info][gc,task        ] GC(125) Using 3 workers of 3 for marking
[33.865s][info][gc,start       ] GC(124) Pause Full (G1 Evacuation Pause)
[33.870s][info][gc,phases,start] GC(124) Phase 1: Mark live objects
[33.899s][info][gc,stringtable ] GC(124) Cleaned string and symbol table, strings: 6148 processed, 7 removed, symbols: 45889 processed, 0 removed
[33.899s][info][gc,phases      ] GC(124) Phase 1: Mark live objects 28.889ms
[33.899s][info][gc,phases,start] GC(124) Phase 2: Prepare for compaction
[33.917s][info][gc,phases      ] GC(124) Phase 2: Prepare for compaction 18.175ms
[33.917s][info][gc,phases,start] GC(124) Phase 3: Adjust pointers
[33.937s][info][gc,phases      ] GC(124) Phase 3: Adjust pointers 19.259ms
[33.937s][info][gc,phases,start] GC(124) Phase 4: Compact heap
[34.220s][info][gc,phases      ] GC(124) Phase 4: Compact heap 283.648ms
[34.224s][info][gc,heap        ] GC(124) Eden regions: 0->0(407)
[34.224s][info][gc,heap        ] GC(124) Survivor regions: 0->0(51)
[34.224s][info][gc,heap        ] GC(124) Old regions: 4078->4049
[34.224s][info][gc,heap        ] GC(124) Humongous regions: 0->0
[34.224s][info][gc,metaspace   ] GC(124) Metaspace: 13438K->13438K(1062912K)
[34.224s][info][gc             ] GC(124) Pause Full (G1 Evacuation Pause) 4070M->4042M(4078M) 359.362ms
[34.224s][info][gc,cpu         ] GC(124) User=3.14s Sys=0.03s Real=0.36s
[34.224s][info][gc,marking     ] GC(125) Concurrent Mark From Roots 359.942ms
[34.225s][info][gc,marking     ] GC(125) Concurrent Mark Abort
[34.225s][info][gc             ] GC(125) Concurrent Cycle 360.539ms
[34.291s][info][gc,start       ] GC(126) Pause Young (Normal) (G1 Evacuation Pause)
[34.291s][info][gc,task        ] GC(126) Using 10 workers of 10 for evacuation
[34.292s][info][gc             ] GC(126) To-space exhausted
[34.292s][info][gc,phases      ] GC(126)   Pre Evacuate Collection Set: 0.1ms
[34.292s][info][gc,phases      ] GC(126)   Evacuate Collection Set: 0.3ms
[34.292s][info][gc,phases      ] GC(126)   Post Evacuate Collection Set: 0.6ms
[34.292s][info][gc,phases      ] GC(126)   Other: 0.2ms
[34.292s][info][gc,heap        ] GC(126) Eden regions: 29->0(407)
[34.292s][info][gc,heap        ] GC(126) Survivor regions: 0->0(51)
[34.292s][info][gc,heap        ] GC(126) Old regions: 4049->4078
[34.292s][info][gc,heap        ] GC(126) Humongous regions: 0->0
[34.292s][info][gc,metaspace   ] GC(126) Metaspace: 13444K->13444K(1062912K)
[34.292s][info][gc             ] GC(126) Pause Young (Normal) (G1 Evacuation Pause) 4071M->4071M(4078M) 1.337ms
[34.292s][info][gc,cpu         ] GC(126) User=0.00s Sys=0.00s Real=0.00s
[34.292s][info][gc,task        ] GC(127) Using 10 workers of 10 for full compaction
[34.293s][info][gc,start       ] GC(127) Pause Full (G1 Evacuation Pause)
[34.293s][info][gc,phases,start] GC(127) Phase 1: Mark live objects
[34.313s][info][gc,stringtable ] GC(127) Cleaned string and symbol table, strings: 6141 processed, 0 removed, symbols: 45889 processed, 0 removed
[34.313s][info][gc,phases      ] GC(127) Phase 1: Mark live objects 20.415ms
[34.313s][info][gc,phases,start] GC(127) Phase 2: Prepare for compaction
[34.331s][info][gc,phases      ] GC(127) Phase 2: Prepare for compaction 17.980ms
[34.331s][info][gc,phases,start] GC(127) Phase 3: Adjust pointers
[34.350s][info][gc,phases      ] GC(127) Phase 3: Adjust pointers 19.033ms
[34.350s][info][gc,phases,start] GC(127) Phase 4: Compact heap
[34.704s][info][gc,phases      ] GC(127) Phase 4: Compact heap 353.169ms
[34.706s][info][gc,heap        ] GC(127) Eden regions: 0->0(407)
[34.706s][info][gc,heap        ] GC(127) Survivor regions: 0->0(51)
[34.706s][info][gc,heap        ] GC(127) Old regions: 4078->4044
[34.706s][info][gc,heap        ] GC(127) Humongous regions: 0->0
[34.706s][info][gc,metaspace   ] GC(127) Metaspace: 13444K->13444K(1062912K)
[34.706s][info][gc             ] GC(127) Pause Full (G1 Evacuation Pause) 4071M->4038M(4078M) 413.496ms
[34.706s][info][gc,cpu         ] GC(127) User=3.56s Sys=0.00s Real=0.41s
[34.778s][info][gc,start       ] GC(128) Pause Young (Concurrent Start) (G1 Evacuation Pause)
[34.778s][info][gc,task        ] GC(128) Using 10 workers of 10 for evacuation
[34.780s][info][gc             ] GC(128) To-space exhausted
[34.780s][info][gc,phases      ] GC(128)   Pre Evacuate Collection Set: 0.1ms
[34.780s][info][gc,phases      ] GC(128)   Evacuate Collection Set: 1.0ms
[34.780s][info][gc,phases      ] GC(128)   Post Evacuate Collection Set: 1.0ms
[34.781s][info][gc,phases      ] GC(128)   Other: 0.7ms
[34.781s][info][gc,heap        ] GC(128) Eden regions: 34->0(407)
[34.781s][info][gc,heap        ] GC(128) Survivor regions: 0->0(51)
[34.781s][info][gc,heap        ] GC(128) Old regions: 4044->4078
[34.781s][info][gc,heap        ] GC(128) Humongous regions: 0->0
[34.781s][info][gc,metaspace   ] GC(128) Metaspace: 13444K->13444K(1062912K)
[34.781s][info][gc             ] GC(128) Pause Young (Concurrent Start) (G1 Evacuation Pause) 4072M->4072M(4078M) 3.258ms
[34.781s][info][gc,cpu         ] GC(128) User=0.00s Sys=0.00s Real=0.00s
[34.781s][info][gc,task        ] GC(129) Using 10 workers of 10 for full compaction
[34.781s][info][gc             ] GC(130) Concurrent Cycle
[34.781s][info][gc,marking     ] GC(130) Concurrent Clear Claimed Marks
[34.781s][info][gc,marking     ] GC(130) Concurrent Clear Claimed Marks 0.062ms
[34.781s][info][gc,marking     ] GC(130) Concurrent Scan Root Regions
[34.781s][info][gc,marking     ] GC(130) Concurrent Scan Root Regions 0.042ms
[34.781s][info][gc,marking     ] GC(130) Concurrent Mark (34.781s)
[34.781s][info][gc,marking     ] GC(130) Concurrent Mark From Roots
[34.781s][info][gc,task        ] GC(130) Using 3 workers of 3 for marking
[34.781s][info][gc,start       ] GC(129) Pause Full (G1 Evacuation Pause)
[34.785s][info][gc,phases,start] GC(129) Phase 1: Mark live objects
[34.808s][info][gc,stringtable ] GC(129) Cleaned string and symbol table, strings: 6141 processed, 0 removed, symbols: 45889 processed, 0 removed
[34.808s][info][gc,phases      ] GC(129) Phase 1: Mark live objects 22.634ms
[34.808s][info][gc,phases,start] GC(129) Phase 2: Prepare for compaction
[34.825s][info][gc,phases      ] GC(129) Phase 2: Prepare for compaction 17.161ms
[34.825s][info][gc,phases,start] GC(129) Phase 3: Adjust pointers
[34.843s][info][gc,phases      ] GC(129) Phase 3: Adjust pointers 18.038ms
[34.843s][info][gc,phases,start] GC(129) Phase 4: Compact heap
[35.120s][info][gc,phases      ] GC(129) Phase 4: Compact heap 276.947ms
[35.123s][info][gc,heap        ] GC(129) Eden regions: 0->0(407)
[35.123s][info][gc,heap        ] GC(129) Survivor regions: 0->0(51)
[35.123s][info][gc,heap        ] GC(129) Old regions: 4078->4048
[35.123s][info][gc,heap        ] GC(129) Humongous regions: 0->0
[35.123s][info][gc,metaspace   ] GC(129) Metaspace: 13444K->13444K(1062912K)
[35.123s][info][gc             ] GC(129) Pause Full (G1 Evacuation Pause) 4072M->4040M(4078M) 342.084ms
[35.124s][info][gc,cpu         ] GC(129) User=3.30s Sys=0.00s Real=0.34s
[35.124s][info][gc,marking     ] GC(130) Concurrent Mark From Roots 342.666ms
[35.124s][info][gc,marking     ] GC(130) Concurrent Mark Abort
[35.124s][info][gc             ] GC(130) Concurrent Cycle 343.205ms
[35.187s][info][gc,start       ] GC(131) Pause Young (Normal) (G1 Evacuation Pause)
[35.188s][info][gc,task        ] GC(131) Using 10 workers of 10 for evacuation
[35.191s][info][gc             ] GC(131) To-space exhausted
[35.192s][info][gc,phases      ] GC(131)   Pre Evacuate Collection Set: 0.2ms
[35.192s][info][gc,phases      ] GC(131)   Evacuate Collection Set: 1.3ms
[35.192s][info][gc,phases      ] GC(131)   Post Evacuate Collection Set: 2.0ms
[35.192s][info][gc,phases      ] GC(131)   Other: 0.8ms
[35.192s][info][gc,heap        ] GC(131) Eden regions: 30->0(407)
[35.192s][info][gc,heap        ] GC(131) Survivor regions: 0->0(51)
[35.192s][info][gc,heap        ] GC(131) Old regions: 4048->4078
[35.192s][info][gc,heap        ] GC(131) Humongous regions: 0->0
[35.192s][info][gc,metaspace   ] GC(131) Metaspace: 13445K->13445K(1062912K)
[35.192s][info][gc             ] GC(131) Pause Young (Normal) (G1 Evacuation Pause) 4070M->4070M(4078M) 5.050ms
[35.193s][info][gc,cpu         ] GC(131) User=0.00s Sys=0.00s Real=0.00s
[35.193s][info][gc,task        ] GC(132) Using 10 workers of 10 for full compaction
[35.193s][info][gc,start       ] GC(132) Pause Full (G1 Evacuation Pause)
[35.194s][info][gc,phases,start] GC(132) Phase 1: Mark live objects
[35.236s][info][gc,stringtable ] GC(132) Cleaned string and symbol table, strings: 6148 processed, 7 removed, symbols: 45889 processed, 0 removed
[35.236s][info][gc,phases      ] GC(132) Phase 1: Mark live objects 42.050ms
[35.236s][info][gc,phases,start] GC(132) Phase 2: Prepare for compaction
[35.255s][info][gc,phases      ] GC(132) Phase 2: Prepare for compaction 18.252ms
[35.255s][info][gc,phases,start] GC(132) Phase 3: Adjust pointers
[35.273s][info][gc,phases      ] GC(132) Phase 3: Adjust pointers 18.816ms
[35.273s][info][gc,phases,start] GC(132) Phase 4: Compact heap
[35.555s][info][gc,phases      ] GC(132) Phase 4: Compact heap 281.844ms
[35.558s][info][gc,heap        ] GC(132) Eden regions: 0->0(407)
[35.559s][info][gc,heap        ] GC(132) Survivor regions: 0->0(51)
[35.559s][info][gc,heap        ] GC(132) Old regions: 4078->4045
[35.559s][info][gc,heap        ] GC(132) Humongous regions: 0->0
[35.559s][info][gc,metaspace   ] GC(132) Metaspace: 13445K->13445K(1062912K)
[35.559s][info][gc             ] GC(132) Pause Full (G1 Evacuation Pause) 4070M->4038M(4078M) 365.228ms
[35.559s][info][gc,cpu         ] GC(132) User=3.36s Sys=0.03s Real=0.37s
[35.634s][info][gc,start       ] GC(133) Pause Young (Concurrent Start) (G1 Evacuation Pause)
[35.634s][info][gc,task        ] GC(133) Using 10 workers of 10 for evacuation
[35.636s][info][gc             ] GC(133) To-space exhausted
[35.636s][info][gc,phases      ] GC(133)   Pre Evacuate Collection Set: 0.1ms
[35.636s][info][gc,phases      ] GC(133)   Evacuate Collection Set: 0.4ms
[35.636s][info][gc,phases      ] GC(133)   Post Evacuate Collection Set: 0.7ms
[35.636s][info][gc,phases      ] GC(133)   Other: 0.3ms
[35.636s][info][gc,heap        ] GC(133) Eden regions: 33->0(407)
[35.636s][info][gc,heap        ] GC(133) Survivor regions: 0->0(51)
[35.636s][info][gc,heap        ] GC(133) Old regions: 4045->4078
[35.636s][info][gc,heap        ] GC(133) Humongous regions: 0->0
[35.636s][info][gc,metaspace   ] GC(133) Metaspace: 13445K->13445K(1062912K)
[35.636s][info][gc             ] GC(133) Pause Young (Concurrent Start) (G1 Evacuation Pause) 4071M->4071M(4078M) 1.671ms
[35.636s][info][gc,cpu         ] GC(133) User=0.00s Sys=0.00s Real=0.00s
[35.636s][info][gc,task        ] GC(134) Using 10 workers of 10 for full compaction
[35.636s][info][gc             ] GC(135) Concurrent Cycle
[35.636s][info][gc,marking     ] GC(135) Concurrent Clear Claimed Marks
[35.636s][info][gc,marking     ] GC(135) Concurrent Clear Claimed Marks 0.022ms
[35.636s][info][gc,marking     ] GC(135) Concurrent Scan Root Regions
[35.636s][info][gc,marking     ] GC(135) Concurrent Scan Root Regions 0.016ms
[35.636s][info][gc,marking     ] GC(135) Concurrent Mark (35.636s)
[35.636s][info][gc,marking     ] GC(135) Concurrent Mark From Roots
[35.636s][info][gc,task        ] GC(135) Using 3 workers of 3 for marking
[35.636s][info][gc,start       ] GC(134) Pause Full (G1 Evacuation Pause)
[35.640s][info][gc,phases,start] GC(134) Phase 1: Mark live objects
[35.661s][info][gc,stringtable ] GC(134) Cleaned string and symbol table, strings: 6141 processed, 0 removed, symbols: 45889 processed, 0 removed
[35.661s][info][gc,phases      ] GC(134) Phase 1: Mark live objects 20.821ms
[35.661s][info][gc,phases,start] GC(134) Phase 2: Prepare for compaction
[35.678s][info][gc,phases      ] GC(134) Phase 2: Prepare for compaction 17.839ms
[35.679s][info][gc,phases,start] GC(134) Phase 3: Adjust pointers
[35.698s][info][gc,phases      ] GC(134) Phase 3: Adjust pointers 19.315ms
[35.698s][info][gc,phases,start] GC(134) Phase 4: Compact heap
[35.991s][info][gc,phases      ] GC(134) Phase 4: Compact heap 293.368ms
[35.994s][info][gc,heap        ] GC(134) Eden regions: 0->0(407)
[35.994s][info][gc,heap        ] GC(134) Survivor regions: 0->0(51)
[35.994s][info][gc,heap        ] GC(134) Old regions: 4078->4045
[35.994s][info][gc,heap        ] GC(134) Humongous regions: 0->0
[35.994s][info][gc,metaspace   ] GC(134) Metaspace: 13445K->13445K(1062912K)
[35.994s][info][gc             ] GC(134) Pause Full (G1 Evacuation Pause) 4071M->4038M(4078M) 357.561ms
[35.994s][info][gc,cpu         ] GC(134) User=2.95s Sys=0.02s Real=0.36s
[35.994s][info][gc,marking     ] GC(135) Concurrent Mark From Roots 357.980ms
[35.994s][info][gc,marking     ] GC(135) Concurrent Mark Abort
[35.994s][info][gc             ] GC(135) Concurrent Cycle 358.221ms
[36.063s][info][gc,start       ] GC(136) Pause Young (Normal) (G1 Evacuation Pause)
[36.063s][info][gc,task        ] GC(136) Using 10 workers of 10 for evacuation
[36.065s][info][gc             ] GC(136) To-space exhausted
[36.065s][info][gc,phases      ] GC(136)   Pre Evacuate Collection Set: 0.1ms
[36.065s][info][gc,phases      ] GC(136)   Evacuate Collection Set: 0.3ms
[36.065s][info][gc,phases      ] GC(136)   Post Evacuate Collection Set: 0.6ms
[36.065s][info][gc,phases      ] GC(136)   Other: 0.2ms
[36.065s][info][gc,heap        ] GC(136) Eden regions: 33->0(407)
[36.065s][info][gc,heap        ] GC(136) Survivor regions: 0->0(51)
[36.065s][info][gc,heap        ] GC(136) Old regions: 4045->4078
[36.065s][info][gc,heap        ] GC(136) Humongous regions: 0->0
[36.065s][info][gc,metaspace   ] GC(136) Metaspace: 13452K->13452K(1062912K)
[36.065s][info][gc             ] GC(136) Pause Young (Normal) (G1 Evacuation Pause) 4071M->4071M(4078M) 1.304ms
[36.065s][info][gc,cpu         ] GC(136) User=0.00s Sys=0.00s Real=0.00s
[36.065s][info][gc,task        ] GC(137) Using 10 workers of 10 for full compaction
[36.065s][info][gc,start       ] GC(137) Pause Full (G1 Evacuation Pause)
[36.065s][info][gc,phases,start] GC(137) Phase 1: Mark live objects
[36.085s][info][gc,stringtable ] GC(137) Cleaned string and symbol table, strings: 6148 processed, 7 removed, symbols: 45889 processed, 0 removed
[36.085s][info][gc,phases      ] GC(137) Phase 1: Mark live objects 19.486ms
[36.085s][info][gc,phases,start] GC(137) Phase 2: Prepare for compaction
[36.102s][info][gc,phases      ] GC(137) Phase 2: Prepare for compaction 17.803ms
[36.102s][info][gc,phases,start] GC(137) Phase 3: Adjust pointers
[36.121s][info][gc,phases      ] GC(137) Phase 3: Adjust pointers 18.545ms
[36.121s][info][gc,phases,start] GC(137) Phase 4: Compact heap
[36.515s][info][gc,phases      ] GC(137) Phase 4: Compact heap 394.380ms
[36.518s][info][gc,heap        ] GC(137) Eden regions: 0->0(407)
[36.518s][info][gc,heap        ] GC(137) Survivor regions: 0->0(51)
[36.518s][info][gc,heap        ] GC(137) Old regions: 4078->4045
[36.519s][info][gc,heap        ] GC(137) Humongous regions: 0->0
[36.519s][info][gc,metaspace   ] GC(137) Metaspace: 13452K->13452K(1062912K)
[36.519s][info][gc             ] GC(137) Pause Full (G1 Evacuation Pause) 4071M->4039M(4078M) 453.698ms
[36.519s][info][gc,cpu         ] GC(137) User=4.02s Sys=0.00s Real=0.45s
[36.592s][info][gc,start       ] GC(138) Pause Young (Concurrent Start) (G1 Evacuation Pause)
[36.593s][info][gc,task        ] GC(138) Using 10 workers of 10 for evacuation
[36.597s][info][gc             ] GC(138) To-space exhausted
[36.598s][info][gc,phases      ] GC(138)   Pre Evacuate Collection Set: 0.1ms
[36.598s][info][gc,phases      ] GC(138)   Evacuate Collection Set: 2.0ms
[36.598s][info][gc,phases      ] GC(138)   Post Evacuate Collection Set: 2.1ms
[36.598s][info][gc,phases      ] GC(138)   Other: 1.1ms
[36.598s][info][gc,heap        ] GC(138) Eden regions: 33->0(407)
[36.598s][info][gc,heap        ] GC(138) Survivor regions: 0->0(51)
[36.598s][info][gc,heap        ] GC(138) Old regions: 4045->4078
[36.598s][info][gc,heap        ] GC(138) Humongous regions: 0->0
[36.598s][info][gc,metaspace   ] GC(138) Metaspace: 13452K->13452K(1062912K)
[36.598s][info][gc             ] GC(138) Pause Young (Concurrent Start) (G1 Evacuation Pause) 4072M->4072M(4078M) 6.014ms
[36.598s][info][gc,cpu         ] GC(138) User=0.00s Sys=0.00s Real=0.01s
[36.599s][info][gc,task        ] GC(139) Using 10 workers of 10 for full compaction
[36.599s][info][gc             ] GC(140) Concurrent Cycle
[36.599s][info][gc,marking     ] GC(140) Concurrent Clear Claimed Marks
[36.599s][info][gc,marking     ] GC(140) Concurrent Clear Claimed Marks 0.111ms
[36.599s][info][gc,marking     ] GC(140) Concurrent Scan Root Regions
[36.599s][info][gc,marking     ] GC(140) Concurrent Scan Root Regions 0.090ms
[36.599s][info][gc,marking     ] GC(140) Concurrent Mark (36.599s)
[36.599s][info][gc,marking     ] GC(140) Concurrent Mark From Roots
[36.599s][info][gc,task        ] GC(140) Using 3 workers of 3 for marking
[36.599s][info][gc,start       ] GC(139) Pause Full (G1 Evacuation Pause)
[36.606s][info][gc,phases,start] GC(139) Phase 1: Mark live objects
[36.648s][info][gc,stringtable ] GC(139) Cleaned string and symbol table, strings: 6141 processed, 0 removed, symbols: 45889 processed, 0 removed
[36.648s][info][gc,phases      ] GC(139) Phase 1: Mark live objects 42.301ms
[36.648s][info][gc,phases,start] GC(139) Phase 2: Prepare for compaction
[36.668s][info][gc,phases      ] GC(139) Phase 2: Prepare for compaction 19.973ms
[36.668s][info][gc,phases,start] GC(139) Phase 3: Adjust pointers
[36.687s][info][gc,phases      ] GC(139) Phase 3: Adjust pointers 19.100ms
[36.687s][info][gc,phases,start] GC(139) Phase 4: Compact heap
[37.142s][info][gc,phases      ] GC(139) Phase 4: Compact heap 454.533ms
[37.145s][info][gc,heap        ] GC(139) Eden regions: 0->0(407)
[37.146s][info][gc,heap        ] GC(139) Survivor regions: 0->0(51)
[37.146s][info][gc,heap        ] GC(139) Old regions: 4078->4045
[37.146s][info][gc,heap        ] GC(139) Humongous regions: 0->0
[37.146s][info][gc,metaspace   ] GC(139) Metaspace: 13452K->13452K(1062912K)
[37.146s][info][gc             ] GC(139) Pause Full (G1 Evacuation Pause) 4072M->4040M(4078M) 546.284ms
[37.146s][info][gc,cpu         ] GC(139) User=5.19s Sys=0.02s Real=0.55s
[37.146s][info][gc,marking     ] GC(140) Concurrent Mark From Roots 546.922ms
[37.146s][info][gc,marking     ] GC(140) Concurrent Mark Abort
[37.146s][info][gc             ] GC(140) Concurrent Cycle 547.719ms
[37.215s][info][gc,start       ] GC(141) Pause Young (Normal) (G1 Evacuation Pause)
[37.215s][info][gc,task        ] GC(141) Using 10 workers of 10 for evacuation
[37.216s][info][gc             ] GC(141) To-space exhausted
[37.216s][info][gc,phases      ] GC(141)   Pre Evacuate Collection Set: 0.1ms
[37.216s][info][gc,phases      ] GC(141)   Evacuate Collection Set: 0.3ms
[37.216s][info][gc,phases      ] GC(141)   Post Evacuate Collection Set: 0.4ms
[37.216s][info][gc,phases      ] GC(141)   Other: 0.2ms
[37.216s][info][gc,heap        ] GC(141) Eden regions: 33->0(407)
[37.216s][info][gc,heap        ] GC(141) Survivor regions: 0->0(51)
[37.216s][info][gc,heap        ] GC(141) Old regions: 4045->4078
[37.216s][info][gc,heap        ] GC(141) Humongous regions: 0->0
[37.216s][info][gc,metaspace   ] GC(141) Metaspace: 13457K->13457K(1062912K)
[37.216s][info][gc             ] GC(141) Pause Young (Normal) (G1 Evacuation Pause) 4073M->4073M(4078M) 1.057ms
[37.216s][info][gc,cpu         ] GC(141) User=0.00s Sys=0.00s Real=0.00s
[37.216s][info][gc,task        ] GC(142) Using 10 workers of 10 for full compaction
[37.216s][info][gc,start       ] GC(142) Pause Full (G1 Evacuation Pause)
[37.216s][info][gc,phases,start] GC(142) Phase 1: Mark live objects
[37.235s][info][gc,stringtable ] GC(142) Cleaned string and symbol table, strings: 6148 processed, 7 removed, symbols: 45889 processed, 0 removed
[37.235s][info][gc,phases      ] GC(142) Phase 1: Mark live objects 19.002ms
[37.235s][info][gc,phases,start] GC(142) Phase 2: Prepare for compaction
[37.253s][info][gc,phases      ] GC(142) Phase 2: Prepare for compaction 17.963ms
[37.253s][info][gc,phases,start] GC(142) Phase 3: Adjust pointers
[37.272s][info][gc,phases      ] GC(142) Phase 3: Adjust pointers 18.521ms
[37.272s][info][gc,phases,start] GC(142) Phase 4: Compact heap
[37.753s][info][gc,phases      ] GC(142) Phase 4: Compact heap 481.153ms
[37.756s][info][gc,heap        ] GC(142) Eden regions: 0->0(407)
[37.756s][info][gc,heap        ] GC(142) Survivor regions: 0->0(51)
[37.756s][info][gc,heap        ] GC(142) Old regions: 4078->4047
[37.756s][info][gc,heap        ] GC(142) Humongous regions: 0->0
[37.756s][info][gc,metaspace   ] GC(142) Metaspace: 13457K->13457K(1062912K)
[37.756s][info][gc             ] GC(142) Pause Full (G1 Evacuation Pause) 4073M->4040M(4078M) 540.333ms
[37.757s][info][gc,cpu         ] GC(142) User=4.98s Sys=0.00s Real=0.54s
[37.827s][info][gc,start       ] GC(143) Pause Young (Concurrent Start) (G1 Evacuation Pause)
[37.827s][info][gc,task        ] GC(143) Using 10 workers of 10 for evacuation
[37.828s][info][gc             ] GC(143) To-space exhausted
[37.828s][info][gc,phases      ] GC(143)   Pre Evacuate Collection Set: 0.1ms
[37.828s][info][gc,phases      ] GC(143)   Evacuate Collection Set: 0.6ms
[37.829s][info][gc,phases      ] GC(143)   Post Evacuate Collection Set: 0.7ms
[37.829s][info][gc,phases      ] GC(143)   Other: 0.4ms
[37.829s][info][gc,heap        ] GC(143) Eden regions: 31->0(407)
[37.829s][info][gc,heap        ] GC(143) Survivor regions: 0->0(51)
[37.829s][info][gc,heap        ] GC(143) Old regions: 4047->4078
[37.829s][info][gc,heap        ] GC(143) Humongous regions: 0->0
[37.829s][info][gc,metaspace   ] GC(143) Metaspace: 13457K->13457K(1062912K)
[37.829s][info][gc             ] GC(143) Pause Young (Concurrent Start) (G1 Evacuation Pause) 4071M->4071M(4078M) 1.879ms
[37.829s][info][gc,cpu         ] GC(143) User=0.00s Sys=0.00s Real=0.00s
[37.829s][info][gc,task        ] GC(144) Using 10 workers of 10 for full compaction
[37.829s][info][gc             ] GC(145) Concurrent Cycle
[37.829s][info][gc,marking     ] GC(145) Concurrent Clear Claimed Marks
[37.829s][info][gc,marking     ] GC(145) Concurrent Clear Claimed Marks 0.028ms
[37.829s][info][gc,marking     ] GC(145) Concurrent Scan Root Regions
[37.829s][info][gc,marking     ] GC(145) Concurrent Scan Root Regions 0.020ms
[37.829s][info][gc,marking     ] GC(145) Concurrent Mark (37.829s)
[37.829s][info][gc,marking     ] GC(145) Concurrent Mark From Roots
[37.829s][info][gc,start       ] GC(144) Pause Full (G1 Evacuation Pause)
[37.829s][info][gc,task        ] GC(145) Using 3 workers of 3 for marking
[37.832s][info][gc,phases,start] GC(144) Phase 1: Mark live objects
[37.854s][info][gc,stringtable ] GC(144) Cleaned string and symbol table, strings: 6151 processed, 0 removed, symbols: 45889 processed, 0 removed
[37.854s][info][gc,phases      ] GC(144) Phase 1: Mark live objects 21.922ms
[37.854s][info][gc,phases,start] GC(144) Phase 2: Prepare for compaction
[37.874s][info][gc,phases      ] GC(144) Phase 2: Prepare for compaction 19.832ms
[37.874s][info][gc,phases,start] GC(144) Phase 3: Adjust pointers
[37.894s][info][gc,phases      ] GC(144) Phase 3: Adjust pointers 19.599ms
[37.894s][info][gc,phases,start] GC(144) Phase 4: Compact heap
[38.356s][info][gc,phases      ] GC(144) Phase 4: Compact heap 462.358ms
[38.358s][info][gc,heap        ] GC(144) Eden regions: 0->0(407)
[38.358s][info][gc,heap        ] GC(144) Survivor regions: 0->0(51)
[38.359s][info][gc,heap        ] GC(144) Old regions: 4078->4046
[38.359s][info][gc,heap        ] GC(144) Humongous regions: 0->0
[38.359s][info][gc,metaspace   ] GC(144) Metaspace: 13457K->13457K(1062912K)
[38.359s][info][gc             ] GC(144) Pause Full (G1 Evacuation Pause) 4071M->4039M(4078M) 529.662ms
[38.359s][info][gc,cpu         ] GC(144) User=4.63s Sys=0.02s Real=0.53s
[38.359s][info][gc,marking     ] GC(145) Concurrent Mark From Roots 530.016ms
[38.359s][info][gc,marking     ] GC(145) Concurrent Mark Abort
[38.359s][info][gc             ] GC(145) Concurrent Cycle 530.274ms
[38.427s][info][gc,start       ] GC(146) Pause Young (Normal) (G1 Evacuation Pause)
[38.427s][info][gc,task        ] GC(146) Using 10 workers of 10 for evacuation
[38.431s][info][gc             ] GC(146) To-space exhausted
[38.431s][info][gc,phases      ] GC(146)   Pre Evacuate Collection Set: 0.2ms
[38.432s][info][gc,phases      ] GC(146)   Evacuate Collection Set: 1.5ms
[38.432s][info][gc,phases      ] GC(146)   Post Evacuate Collection Set: 1.8ms
[38.432s][info][gc,phases      ] GC(146)   Other: 1.0ms
[38.432s][info][gc,heap        ] GC(146) Eden regions: 32->0(407)
[38.432s][info][gc,heap        ] GC(146) Survivor regions: 0->0(51)
[38.432s][info][gc,heap        ] GC(146) Old regions: 4046->4078
[38.432s][info][gc,heap        ] GC(146) Humongous regions: 0->0
[38.432s][info][gc,metaspace   ] GC(146) Metaspace: 13459K->13459K(1062912K)
[38.432s][info][gc             ] GC(146) Pause Young (Normal) (G1 Evacuation Pause) 4071M->4071M(4078M) 5.194ms
[38.432s][info][gc,cpu         ] GC(146) User=0.02s Sys=0.00s Real=0.00s
[38.433s][info][gc,task        ] GC(147) Using 10 workers of 10 for full compaction
[38.433s][info][gc,start       ] GC(147) Pause Full (G1 Evacuation Pause)
[38.434s][info][gc,phases,start] GC(147) Phase 1: Mark live objects
[38.464s][info][gc,stringtable ] GC(147) Cleaned string and symbol table, strings: 6160 processed, 7 removed, symbols: 45889 processed, 0 removed
[38.464s][info][gc,phases      ] GC(147) Phase 1: Mark live objects 30.273ms
[38.464s][info][gc,phases,start] GC(147) Phase 2: Prepare for compaction
[38.482s][info][gc,phases      ] GC(147) Phase 2: Prepare for compaction 18.113ms
[38.483s][info][gc,phases,start] GC(147) Phase 3: Adjust pointers
[38.501s][info][gc,phases      ] GC(147) Phase 3: Adjust pointers 18.597ms
[38.501s][info][gc,phases,start] GC(147) Phase 4: Compact heap
[38.965s][info][gc,phases      ] GC(147) Phase 4: Compact heap 464.154ms
[38.968s][info][gc,heap        ] GC(147) Eden regions: 0->0(407)
[38.968s][info][gc,heap        ] GC(147) Survivor regions: 0->0(51)
[38.968s][info][gc,heap        ] GC(147) Old regions: 4078->4046
[38.968s][info][gc,heap        ] GC(147) Humongous regions: 0->0
[38.968s][info][gc,metaspace   ] GC(147) Metaspace: 13459K->13459K(1062912K)
[38.969s][info][gc             ] GC(147) Pause Full (G1 Evacuation Pause) 4071M->4038M(4078M) 535.239ms
[38.969s][info][gc,cpu         ] GC(147) User=4.94s Sys=0.03s Real=0.54s
[39.029s][info][gc,start       ] GC(148) Pause Young (Concurrent Start) (G1 Evacuation Pause)
[39.029s][info][gc,task        ] GC(148) Using 10 workers of 10 for evacuation
[39.030s][info][gc             ] GC(148) To-space exhausted
[39.030s][info][gc,phases      ] GC(148)   Pre Evacuate Collection Set: 0.1ms
[39.030s][info][gc,phases      ] GC(148)   Evacuate Collection Set: 0.4ms
[39.030s][info][gc,phases      ] GC(148)   Post Evacuate Collection Set: 0.5ms
[39.030s][info][gc,phases      ] GC(148)   Other: 0.3ms
[39.030s][info][gc,heap        ] GC(148) Eden regions: 32->0(407)
[39.030s][info][gc,heap        ] GC(148) Survivor regions: 0->0(51)
[39.030s][info][gc,heap        ] GC(148) Old regions: 4046->4078
[39.030s][info][gc,heap        ] GC(148) Humongous regions: 0->0
[39.030s][info][gc,metaspace   ] GC(148) Metaspace: 13462K->13462K(1062912K)
[39.030s][info][gc             ] GC(148) Pause Young (Concurrent Start) (G1 Evacuation Pause) 4070M->4070M(4078M) 1.450ms
[39.030s][info][gc,cpu         ] GC(148) User=0.00s Sys=0.00s Real=0.00s
[39.030s][info][gc,task        ] GC(149) Using 10 workers of 10 for full compaction
[39.030s][info][gc             ] GC(150) Concurrent Cycle
[39.030s][info][gc,marking     ] GC(150) Concurrent Clear Claimed Marks
[39.030s][info][gc,marking     ] GC(150) Concurrent Clear Claimed Marks 0.022ms
[39.030s][info][gc,marking     ] GC(150) Concurrent Scan Root Regions
[39.030s][info][gc,marking     ] GC(150) Concurrent Scan Root Regions 0.015ms
[39.030s][info][gc,marking     ] GC(150) Concurrent Mark (39.030s)
[39.030s][info][gc,marking     ] GC(150) Concurrent Mark From Roots
[39.030s][info][gc,task        ] GC(150) Using 3 workers of 3 for marking
[39.030s][info][gc,start       ] GC(149) Pause Full (G1 Evacuation Pause)
[39.034s][info][gc,phases,start] GC(149) Phase 1: Mark live objects
[39.057s][info][gc,stringtable ] GC(149) Cleaned string and symbol table, strings: 6160 processed, 7 removed, symbols: 45889 processed, 0 removed
[39.057s][info][gc,phases      ] GC(149) Phase 1: Mark live objects 22.623ms
[39.057s][info][gc,phases,start] GC(149) Phase 2: Prepare for compaction
[39.077s][info][gc,phases      ] GC(149) Phase 2: Prepare for compaction 19.898ms
[39.077s][info][gc,phases,start] GC(149) Phase 3: Adjust pointers
[39.098s][info][gc,phases      ] GC(149) Phase 3: Adjust pointers 20.601ms
[39.098s][info][gc,phases,start] GC(149) Phase 4: Compact heap
[39.560s][info][gc,phases      ] GC(149) Phase 4: Compact heap 462.657ms
[39.563s][info][gc,heap        ] GC(149) Eden regions: 0->0(407)
[39.563s][info][gc,heap        ] GC(149) Survivor regions: 0->0(51)
[39.563s][info][gc,heap        ] GC(149) Old regions: 4078->4046
[39.563s][info][gc,heap        ] GC(149) Humongous regions: 0->0
[39.563s][info][gc,metaspace   ] GC(149) Metaspace: 13462K->13462K(1062912K)
[39.563s][info][gc             ] GC(149) Pause Full (G1 Evacuation Pause) 4070M->4038M(4078M) 532.429ms
[39.563s][info][gc,cpu         ] GC(149) User=5.03s Sys=0.03s Real=0.53s
[39.563s][info][gc,marking     ] GC(150) Concurrent Mark From Roots 532.804ms
[39.563s][info][gc,marking     ] GC(150) Concurrent Mark Abort
[39.563s][info][gc             ] GC(150) Concurrent Cycle 533.038ms
[39.632s][info][gc,start       ] GC(151) Pause Young (Normal) (G1 Evacuation Pause)
[39.632s][info][gc,task        ] GC(151) Using 10 workers of 10 for evacuation
[39.633s][info][gc             ] GC(151) To-space exhausted
[39.633s][info][gc,phases      ] GC(151)   Pre Evacuate Collection Set: 0.1ms
[39.633s][info][gc,phases      ] GC(151)   Evacuate Collection Set: 0.3ms
[39.633s][info][gc,phases      ] GC(151)   Post Evacuate Collection Set: 0.6ms
[39.633s][info][gc,phases      ] GC(151)   Other: 0.2ms
[39.633s][info][gc,heap        ] GC(151) Eden regions: 32->0(407)
[39.633s][info][gc,heap        ] GC(151) Survivor regions: 0->0(51)
[39.633s][info][gc,heap        ] GC(151) Old regions: 4046->4078
[39.633s][info][gc,heap        ] GC(151) Humongous regions: 0->0
[39.633s][info][gc,metaspace   ] GC(151) Metaspace: 13462K->13462K(1062912K)
[39.633s][info][gc             ] GC(151) Pause Young (Normal) (G1 Evacuation Pause) 4070M->4070M(4078M) 1.323ms
[39.633s][info][gc,cpu         ] GC(151) User=0.00s Sys=0.00s Real=0.00s
[39.633s][info][gc,task        ] GC(152) Using 10 workers of 10 for full compaction
[39.633s][info][gc,start       ] GC(152) Pause Full (G1 Evacuation Pause)
[39.634s][info][gc,phases,start] GC(152) Phase 1: Mark live objects
[39.654s][info][gc,stringtable ] GC(152) Cleaned string and symbol table, strings: 6153 processed, 0 removed, symbols: 45889 processed, 0 removed
[39.654s][info][gc,phases      ] GC(152) Phase 1: Mark live objects 20.313ms
[39.654s][info][gc,phases,start] GC(152) Phase 2: Prepare for compaction
[39.672s][info][gc,phases      ] GC(152) Phase 2: Prepare for compaction 17.873ms
[39.672s][info][gc,phases,start] GC(152) Phase 3: Adjust pointers
[39.690s][info][gc,phases      ] GC(152) Phase 3: Adjust pointers 18.438ms
[39.690s][info][gc,phases,start] GC(152) Phase 4: Compact heap
[40.149s][info][gc,phases      ] GC(152) Phase 4: Compact heap 458.976ms
[40.153s][info][gc,heap        ] GC(152) Eden regions: 0->0(407)
[40.153s][info][gc,heap        ] GC(152) Survivor regions: 0->0(51)
[40.153s][info][gc,heap        ] GC(152) Old regions: 4078->4044
[40.153s][info][gc,heap        ] GC(152) Humongous regions: 0->0
[40.153s][info][gc,metaspace   ] GC(152) Metaspace: 13462K->13462K(1062912K)
[40.153s][info][gc             ] GC(152) Pause Full (G1 Evacuation Pause) 4070M->4037M(4078M) 519.639ms
[40.153s][info][gc,cpu         ] GC(152) User=4.86s Sys=0.00s Real=0.52s
[40.233s][info][gc,start       ] GC(153) Pause Young (Concurrent Start) (G1 Evacuation Pause)
[40.234s][info][gc,task        ] GC(153) Using 10 workers of 10 for evacuation
[40.238s][info][gc             ] GC(153) To-space exhausted
[40.239s][info][gc,phases      ] GC(153)   Pre Evacuate Collection Set: 0.1ms
[40.239s][info][gc,phases      ] GC(153)   Evacuate Collection Set: 1.9ms
[40.239s][info][gc,phases      ] GC(153)   Post Evacuate Collection Set: 2.2ms
[40.239s][info][gc,phases      ] GC(153)   Other: 1.1ms
[40.239s][info][gc,heap        ] GC(153) Eden regions: 34->0(407)
[40.239s][info][gc,heap        ] GC(153) Survivor regions: 0->0(51)
[40.239s][info][gc,heap        ] GC(153) Old regions: 4044->4078
[40.239s][info][gc,heap        ] GC(153) Humongous regions: 0->0
[40.239s][info][gc,metaspace   ] GC(153) Metaspace: 13464K->13464K(1062912K)
[40.239s][info][gc             ] GC(153) Pause Young (Concurrent Start) (G1 Evacuation Pause) 4071M->4071M(4078M) 6.066ms
[40.240s][info][gc,cpu         ] GC(153) User=0.00s Sys=0.02s Real=0.01s
[40.240s][info][gc,task        ] GC(154) Using 10 workers of 10 for full compaction
[40.240s][info][gc             ] GC(155) Concurrent Cycle
[40.240s][info][gc,marking     ] GC(155) Concurrent Clear Claimed Marks
[40.240s][info][gc,marking     ] GC(155) Concurrent Clear Claimed Marks 0.114ms
[40.240s][info][gc,marking     ] GC(155) Concurrent Scan Root Regions
[40.240s][info][gc,marking     ] GC(155) Concurrent Scan Root Regions 0.079ms
[40.240s][info][gc,marking     ] GC(155) Concurrent Mark (40.240s)
[40.240s][info][gc,marking     ] GC(155) Concurrent Mark From Roots
[40.240s][info][gc,task        ] GC(155) Using 3 workers of 3 for marking
[40.240s][info][gc,start       ] GC(154) Pause Full (G1 Evacuation Pause)
[40.247s][info][gc,phases,start] GC(154) Phase 1: Mark live objects
[40.290s][info][gc,stringtable ] GC(154) Cleaned string and symbol table, strings: 6160 processed, 7 removed, symbols: 45889 processed, 0 removed
[40.290s][info][gc,phases      ] GC(154) Phase 1: Mark live objects 42.763ms
[40.290s][info][gc,phases,start] GC(154) Phase 2: Prepare for compaction
[40.310s][info][gc,phases      ] GC(154) Phase 2: Prepare for compaction 19.650ms
[40.310s][info][gc,phases,start] GC(154) Phase 3: Adjust pointers
[40.329s][info][gc,phases      ] GC(154) Phase 3: Adjust pointers 19.463ms
[40.329s][info][gc,phases,start] GC(154) Phase 4: Compact heap
[40.800s][info][gc,phases      ] GC(154) Phase 4: Compact heap 470.979ms
[40.804s][info][gc,heap        ] GC(154) Eden regions: 0->0(407)
[40.804s][info][gc,heap        ] GC(154) Survivor regions: 0->0(51)
[40.804s][info][gc,heap        ] GC(154) Old regions: 4078->4048
[40.804s][info][gc,heap        ] GC(154) Humongous regions: 0->0
[40.805s][info][gc,metaspace   ] GC(154) Metaspace: 13464K->13464K(1062912K)
[40.805s][info][gc             ] GC(154) Pause Full (G1 Evacuation Pause) 4071M->4039M(4078M) 564.134ms
[40.805s][info][gc,cpu         ] GC(154) User=5.14s Sys=0.02s Real=0.57s
[40.805s][info][gc,marking     ] GC(155) Concurrent Mark From Roots 564.881ms
[40.805s][info][gc,marking     ] GC(155) Concurrent Mark Abort
[40.805s][info][gc             ] GC(155) Concurrent Cycle 565.726ms
[40.865s][info][gc,start       ] GC(156) Pause Young (Normal) (G1 Evacuation Pause)
[40.866s][info][gc,task        ] GC(156) Using 10 workers of 10 for evacuation
[40.868s][info][gc             ] GC(156) To-space exhausted
[40.868s][info][gc,phases      ] GC(156)   Pre Evacuate Collection Set: 0.1ms
[40.868s][info][gc,phases      ] GC(156)   Evacuate Collection Set: 0.7ms
[40.868s][info][gc,phases      ] GC(156)   Post Evacuate Collection Set: 1.2ms
[40.868s][info][gc,phases      ] GC(156)   Other: 0.5ms
[40.868s][info][gc,heap        ] GC(156) Eden regions: 30->0(407)
[40.868s][info][gc,heap        ] GC(156) Survivor regions: 0->0(51)
[40.868s][info][gc,heap        ] GC(156) Old regions: 4048->4078
[40.868s][info][gc,heap        ] GC(156) Humongous regions: 0->0
[40.868s][info][gc,metaspace   ] GC(156) Metaspace: 13464K->13464K(1062912K)
[40.868s][info][gc             ] GC(156) Pause Young (Normal) (G1 Evacuation Pause) 4069M->4069M(4078M) 2.885ms
[40.868s][info][gc,cpu         ] GC(156) User=0.00s Sys=0.00s Real=0.00s
[40.868s][info][gc,task        ] GC(157) Using 10 workers of 10 for full compaction
[40.869s][info][gc,start       ] GC(157) Pause Full (G1 Evacuation Pause)
[40.870s][info][gc,phases,start] GC(157) Phase 1: Mark live objects
[40.898s][info][gc,stringtable ] GC(157) Cleaned string and symbol table, strings: 6153 processed, 0 removed, symbols: 45889 processed, 0 removed
[40.898s][info][gc,phases      ] GC(157) Phase 1: Mark live objects 28.539ms
[40.898s][info][gc,phases,start] GC(157) Phase 2: Prepare for compaction
[40.919s][info][gc,phases      ] GC(157) Phase 2: Prepare for compaction 21.233ms
[40.920s][info][gc,phases,start] GC(157) Phase 3: Adjust pointers
[40.939s][info][gc,phases      ] GC(157) Phase 3: Adjust pointers 19.037ms
[40.939s][info][gc,phases,start] GC(157) Phase 4: Compact heap
[41.391s][info][gc,phases      ] GC(157) Phase 4: Compact heap 452.396ms
[41.394s][info][gc,heap        ] GC(157) Eden regions: 0->0(407)
[41.394s][info][gc,heap        ] GC(157) Survivor regions: 0->0(51)
[41.394s][info][gc,heap        ] GC(157) Old regions: 4078->4048
[41.394s][info][gc,heap        ] GC(157) Humongous regions: 0->0
[41.394s][info][gc,metaspace   ] GC(157) Metaspace: 13464K->13464K(1062912K)
[41.394s][info][gc             ] GC(157) Pause Full (G1 Evacuation Pause) 4069M->4041M(4078M) 524.947ms
[41.394s][info][gc,cpu         ] GC(157) User=4.92s Sys=0.02s Real=0.53s
[41.464s][info][gc,start       ] GC(158) Pause Young (Concurrent Start) (G1 Evacuation Pause)
[41.464s][info][gc,task        ] GC(158) Using 10 workers of 10 for evacuation
[41.467s][info][gc             ] GC(158) To-space exhausted
[41.468s][info][gc,phases      ] GC(158)   Pre Evacuate Collection Set: 0.1ms
[41.468s][info][gc,phases      ] GC(158)   Evacuate Collection Set: 1.2ms
[41.468s][info][gc,phases      ] GC(158)   Post Evacuate Collection Set: 1.4ms
[41.468s][info][gc,phases      ] GC(158)   Other: 0.9ms
[41.468s][info][gc,heap        ] GC(158) Eden regions: 30->0(407)
[41.468s][info][gc,heap        ] GC(158) Survivor regions: 0->0(51)
[41.468s][info][gc,heap        ] GC(158) Old regions: 4048->4078
[41.468s][info][gc,heap        ] GC(158) Humongous regions: 0->0
[41.468s][info][gc,metaspace   ] GC(158) Metaspace: 13469K->13469K(1062912K)
[41.468s][info][gc             ] GC(158) Pause Young (Concurrent Start) (G1 Evacuation Pause) 4071M->4071M(4078M) 4.134ms
[41.468s][info][gc,cpu         ] GC(158) User=0.00s Sys=0.00s Real=0.00s
[41.468s][info][gc,task        ] GC(159) Using 10 workers of 10 for full compaction
[41.468s][info][gc             ] GC(160) Concurrent Cycle
[41.469s][info][gc,marking     ] GC(160) Concurrent Clear Claimed Marks
[41.469s][info][gc,marking     ] GC(160) Concurrent Clear Claimed Marks 0.086ms
[41.469s][info][gc,marking     ] GC(160) Concurrent Scan Root Regions
[41.469s][info][gc,marking     ] GC(160) Concurrent Scan Root Regions 0.058ms
[41.469s][info][gc,marking     ] GC(160) Concurrent Mark (41.469s)
[41.469s][info][gc,marking     ] GC(160) Concurrent Mark From Roots
[41.469s][info][gc,start       ] GC(159) Pause Full (G1 Evacuation Pause)
[41.469s][info][gc,task        ] GC(160) Using 3 workers of 3 for marking
[41.475s][info][gc,phases,start] GC(159) Phase 1: Mark live objects
[41.502s][info][gc,stringtable ] GC(159) Cleaned string and symbol table, strings: 6160 processed, 7 removed, symbols: 45889 processed, 0 removed
[41.502s][info][gc,phases      ] GC(159) Phase 1: Mark live objects 26.420ms
[41.502s][info][gc,phases,start] GC(159) Phase 2: Prepare for compaction
[41.520s][info][gc,phases      ] GC(159) Phase 2: Prepare for compaction 18.154ms
[41.520s][info][gc,phases,start] GC(159) Phase 3: Adjust pointers
[41.539s][info][gc,phases      ] GC(159) Phase 3: Adjust pointers 18.731ms
[41.539s][info][gc,phases,start] GC(159) Phase 4: Compact heap
[41.993s][info][gc,phases      ] GC(159) Phase 4: Compact heap 454.323ms
[41.996s][info][gc,heap        ] GC(159) Eden regions: 0->0(407)
[41.996s][info][gc,heap        ] GC(159) Survivor regions: 0->0(51)
[41.996s][info][gc,heap        ] GC(159) Old regions: 4078->4053
[41.996s][info][gc,heap        ] GC(159) Humongous regions: 0->0
[41.996s][info][gc,metaspace   ] GC(159) Metaspace: 13469K->13469K(1062912K)
[41.996s][info][gc             ] GC(159) Pause Full (G1 Evacuation Pause) 4071M->4046M(4078M) 527.539ms
[41.997s][info][gc,cpu         ] GC(159) User=4.67s Sys=0.02s Real=0.53s
[41.997s][info][gc,marking     ] GC(160) Concurrent Mark From Roots 528.015ms
[41.997s][info][gc,marking     ] GC(160) Concurrent Mark Abort
[41.997s][info][gc             ] GC(160) Concurrent Cycle 528.637ms
[42.048s][info][gc,start       ] GC(161) Pause Young (Normal) (G1 Evacuation Pause)
[42.048s][info][gc,task        ] GC(161) Using 10 workers of 10 for evacuation
[42.049s][info][gc             ] GC(161) To-space exhausted
[42.049s][info][gc,phases      ] GC(161)   Pre Evacuate Collection Set: 0.1ms
[42.049s][info][gc,phases      ] GC(161)   Evacuate Collection Set: 0.2ms
[42.049s][info][gc,phases      ] GC(161)   Post Evacuate Collection Set: 0.5ms
[42.049s][info][gc,phases      ] GC(161)   Other: 0.2ms
[42.049s][info][gc,heap        ] GC(161) Eden regions: 25->0(407)
[42.049s][info][gc,heap        ] GC(161) Survivor regions: 0->0(51)
[42.049s][info][gc,heap        ] GC(161) Old regions: 4053->4078
[42.049s][info][gc,heap        ] GC(161) Humongous regions: 0->0
[42.049s][info][gc,metaspace   ] GC(161) Metaspace: 13483K->13483K(1062912K)
[42.049s][info][gc             ] GC(161) Pause Young (Normal) (G1 Evacuation Pause) 4071M->4071M(4078M) 1.235ms
[42.049s][info][gc,cpu         ] GC(161) User=0.00s Sys=0.00s Real=0.00s
[42.049s][info][gc,task        ] GC(162) Using 10 workers of 10 for full compaction
[42.049s][info][gc,start       ] GC(162) Pause Full (G1 Evacuation Pause)
[42.050s][info][gc,phases,start] GC(162) Phase 1: Mark live objects
[42.070s][info][gc,stringtable ] GC(162) Cleaned string and symbol table, strings: 6176 processed, 7 removed, symbols: 45889 processed, 0 removed
[42.070s][info][gc,phases      ] GC(162) Phase 1: Mark live objects 20.479ms
[42.070s][info][gc,phases,start] GC(162) Phase 2: Prepare for compaction
[42.089s][info][gc,phases      ] GC(162) Phase 2: Prepare for compaction 18.668ms
[42.089s][info][gc,phases,start] GC(162) Phase 3: Adjust pointers
[42.108s][info][gc,phases      ] GC(162) Phase 3: Adjust pointers 19.339ms
[42.108s][info][gc,phases,start] GC(162) Phase 4: Compact heap
[42.581s][info][gc,phases      ] GC(162) Phase 4: Compact heap 472.570ms
[42.584s][info][gc,heap        ] GC(162) Eden regions: 0->0(407)
[42.584s][info][gc,heap        ] GC(162) Survivor regions: 0->0(51)
[42.584s][info][gc,heap        ] GC(162) Old regions: 4078->4054
[42.584s][info][gc,heap        ] GC(162) Humongous regions: 0->0
[42.584s][info][gc,metaspace   ] GC(162) Metaspace: 13483K->13483K(1062912K)
[42.584s][info][gc             ] GC(162) Pause Full (G1 Evacuation Pause) 4071M->4047M(4078M) 534.572ms
[42.584s][info][gc,cpu         ] GC(162) User=5.14s Sys=0.02s Real=0.53s
[42.637s][info][gc,start       ] GC(163) Pause Young (Concurrent Start) (G1 Evacuation Pause)
[42.637s][info][gc,task        ] GC(163) Using 10 workers of 10 for evacuation
[42.638s][info][gc             ] GC(163) To-space exhausted
[42.638s][info][gc,phases      ] GC(163)   Pre Evacuate Collection Set: 0.1ms
[42.638s][info][gc,phases      ] GC(163)   Evacuate Collection Set: 0.4ms
[42.638s][info][gc,phases      ] GC(163)   Post Evacuate Collection Set: 0.5ms
[42.638s][info][gc,phases      ] GC(163)   Other: 0.3ms
[42.638s][info][gc,heap        ] GC(163) Eden regions: 24->0(407)
[42.638s][info][gc,heap        ] GC(163) Survivor regions: 0->0(51)
[42.638s][info][gc,heap        ] GC(163) Old regions: 4054->4078
[42.638s][info][gc,heap        ] GC(163) Humongous regions: 0->0
[42.638s][info][gc,metaspace   ] GC(163) Metaspace: 13483K->13483K(1062912K)
[42.638s][info][gc             ] GC(163) Pause Young (Concurrent Start) (G1 Evacuation Pause) 4071M->4071M(4078M) 1.418ms
[42.638s][info][gc,cpu         ] GC(163) User=0.00s Sys=0.00s Real=0.00s
[42.638s][info][gc,task        ] GC(164) Using 10 workers of 10 for full compaction
[42.638s][info][gc             ] GC(165) Concurrent Cycle
[42.638s][info][gc,marking     ] GC(165) Concurrent Clear Claimed Marks
[42.638s][info][gc,marking     ] GC(165) Concurrent Clear Claimed Marks 0.025ms
[42.638s][info][gc,marking     ] GC(165) Concurrent Scan Root Regions
[42.638s][info][gc,marking     ] GC(165) Concurrent Scan Root Regions 0.018ms
[42.638s][info][gc,marking     ] GC(165) Concurrent Mark (42.638s)
[42.638s][info][gc,marking     ] GC(165) Concurrent Mark From Roots
[42.638s][info][gc,task        ] GC(165) Using 3 workers of 3 for marking
[42.638s][info][gc,start       ] GC(164) Pause Full (G1 Evacuation Pause)
[42.642s][info][gc,phases,start] GC(164) Phase 1: Mark live objects
[42.665s][info][gc,stringtable ] GC(164) Cleaned string and symbol table, strings: 6169 processed, 0 removed, symbols: 45889 processed, 0 removed
[42.665s][info][gc,phases      ] GC(164) Phase 1: Mark live objects 22.667ms
[42.665s][info][gc,phases,start] GC(164) Phase 2: Prepare for compaction
[42.685s][info][gc,phases      ] GC(164) Phase 2: Prepare for compaction 19.665ms
[42.685s][info][gc,phases,start] GC(164) Phase 3: Adjust pointers
[42.705s][info][gc,phases      ] GC(164) Phase 3: Adjust pointers 19.929ms
[42.705s][info][gc,phases,start] GC(164) Phase 4: Compact heap
[43.189s][info][gc,phases      ] GC(164) Phase 4: Compact heap 483.788ms
[43.191s][info][gc,heap        ] GC(164) Eden regions: 0->0(407)
[43.192s][info][gc,heap        ] GC(164) Survivor regions: 0->0(51)
[43.192s][info][gc,heap        ] GC(164) Old regions: 4078->4050
[43.192s][info][gc,heap        ] GC(164) Humongous regions: 0->0
[43.192s][info][gc,metaspace   ] GC(164) Metaspace: 13483K->13483K(1062912K)
[43.192s][info][gc             ] GC(164) Pause Full (G1 Evacuation Pause) 4071M->4043M(4078M) 553.276ms
[43.192s][info][gc,cpu         ] GC(164) User=4.86s Sys=0.02s Real=0.55s
[43.192s][info][gc,marking     ] GC(165) Concurrent Mark From Roots 553.769ms
[43.192s][info][gc,marking     ] GC(165) Concurrent Mark Abort
[43.192s][info][gc             ] GC(165) Concurrent Cycle 554.041ms
[43.253s][info][gc,start       ] GC(166) Pause Young (Normal) (G1 Evacuation Pause)
[43.253s][info][gc,task        ] GC(166) Using 10 workers of 10 for evacuation
[43.254s][info][gc             ] GC(166) To-space exhausted
[43.254s][info][gc,phases      ] GC(166)   Pre Evacuate Collection Set: 0.1ms
[43.254s][info][gc,phases      ] GC(166)   Evacuate Collection Set: 0.3ms
[43.254s][info][gc,phases      ] GC(166)   Post Evacuate Collection Set: 0.4ms
[43.254s][info][gc,phases      ] GC(166)   Other: 0.3ms
[43.254s][info][gc,heap        ] GC(166) Eden regions: 28->0(407)
[43.254s][info][gc,heap        ] GC(166) Survivor regions: 0->0(51)
[43.254s][info][gc,heap        ] GC(166) Old regions: 4050->4078
[43.254s][info][gc,heap        ] GC(166) Humongous regions: 0->0
[43.254s][info][gc,metaspace   ] GC(166) Metaspace: 13483K->13483K(1062912K)
[43.254s][info][gc             ] GC(166) Pause Young (Normal) (G1 Evacuation Pause) 4071M->4071M(4078M) 1.161ms
[43.254s][info][gc,cpu         ] GC(166) User=0.00s Sys=0.00s Real=0.00s
[43.254s][info][gc,task        ] GC(167) Using 10 workers of 10 for full compaction
[43.254s][info][gc,start       ] GC(167) Pause Full (G1 Evacuation Pause)
[43.254s][info][gc,phases,start] GC(167) Phase 1: Mark live objects
[43.276s][info][gc,stringtable ] GC(167) Cleaned string and symbol table, strings: 6169 processed, 0 removed, symbols: 45889 processed, 0 removed
[43.276s][info][gc,phases      ] GC(167) Phase 1: Mark live objects 21.518ms
[43.276s][info][gc,phases,start] GC(167) Phase 2: Prepare for compaction
[43.297s][info][gc,phases      ] GC(167) Phase 2: Prepare for compaction 20.874ms
[43.297s][info][gc,phases,start] GC(167) Phase 3: Adjust pointers
[43.315s][info][gc,phases      ] GC(167) Phase 3: Adjust pointers 18.470ms
[43.315s][info][gc,phases,start] GC(167) Phase 4: Compact heap
[43.784s][info][gc,phases      ] GC(167) Phase 4: Compact heap 468.135ms
[43.786s][info][gc,heap        ] GC(167) Eden regions: 0->0(407)
[43.786s][info][gc,heap        ] GC(167) Survivor regions: 0->0(51)
[43.786s][info][gc,heap        ] GC(167) Old regions: 4078->4046
[43.786s][info][gc,heap        ] GC(167) Humongous regions: 0->0
[43.786s][info][gc,metaspace   ] GC(167) Metaspace: 13483K->13483K(1062912K)
[43.786s][info][gc             ] GC(167) Pause Full (G1 Evacuation Pause) 4071M->4038M(4078M) 531.788ms
[43.786s][info][gc,cpu         ] GC(167) User=4.67s Sys=0.02s Real=0.53s
[43.853s][info][gc,start       ] GC(168) Pause Young (Concurrent Start) (G1 Evacuation Pause)
[43.853s][info][gc,task        ] GC(168) Using 10 workers of 10 for evacuation
[43.854s][info][gc             ] GC(168) To-space exhausted
[43.854s][info][gc,phases      ] GC(168)   Pre Evacuate Collection Set: 0.1ms
[43.854s][info][gc,phases      ] GC(168)   Evacuate Collection Set: 0.5ms
[43.854s][info][gc,phases      ] GC(168)   Post Evacuate Collection Set: 0.5ms
[43.854s][info][gc,phases      ] GC(168)   Other: 0.5ms
[43.854s][info][gc,heap        ] GC(168) Eden regions: 32->0(407)
[43.855s][info][gc,heap        ] GC(168) Survivor regions: 0->0(51)
[43.855s][info][gc,heap        ] GC(168) Old regions: 4046->4078
[43.855s][info][gc,heap        ] GC(168) Humongous regions: 0->0
[43.855s][info][gc,metaspace   ] GC(168) Metaspace: 13483K->13483K(1062912K)
[43.855s][info][gc             ] GC(168) Pause Young (Concurrent Start) (G1 Evacuation Pause) 4070M->4070M(4078M) 1.788ms
[43.855s][info][gc,cpu         ] GC(168) User=0.00s Sys=0.00s Real=0.00s
[43.855s][info][gc,task        ] GC(169) Using 10 workers of 10 for full compaction
[43.855s][info][gc             ] GC(170) Concurrent Cycle
[43.855s][info][gc,marking     ] GC(170) Concurrent Clear Claimed Marks
[43.855s][info][gc,marking     ] GC(170) Concurrent Clear Claimed Marks 0.032ms
[43.855s][info][gc,marking     ] GC(170) Concurrent Scan Root Regions
[43.855s][info][gc,marking     ] GC(170) Concurrent Scan Root Regions 0.023ms
[43.855s][info][gc,marking     ] GC(170) Concurrent Mark (43.855s)
[43.855s][info][gc,marking     ] GC(170) Concurrent Mark From Roots
[43.855s][info][gc,task        ] GC(170) Using 3 workers of 3 for marking
[43.855s][info][gc,start       ] GC(169) Pause Full (G1 Evacuation Pause)
[43.859s][info][gc,phases,start] GC(169) Phase 1: Mark live objects
[43.882s][info][gc,stringtable ] GC(169) Cleaned string and symbol table, strings: 6169 processed, 0 removed, symbols: 45889 processed, 0 removed
[43.882s][info][gc,phases      ] GC(169) Phase 1: Mark live objects 23.074ms
[43.882s][info][gc,phases,start] GC(169) Phase 2: Prepare for compaction
[43.900s][info][gc,phases      ] GC(169) Phase 2: Prepare for compaction 18.092ms
[43.900s][info][gc,phases,start] GC(169) Phase 3: Adjust pointers
[43.921s][info][gc,phases      ] GC(169) Phase 3: Adjust pointers 21.028ms
[43.921s][info][gc,phases,start] GC(169) Phase 4: Compact heap
[44.218s][info][gc,phases      ] GC(169) Phase 4: Compact heap 297.117ms
[44.221s][info][gc,heap        ] GC(169) Eden regions: 0->0(407)
[44.221s][info][gc,heap        ] GC(169) Survivor regions: 0->0(51)
[44.221s][info][gc,heap        ] GC(169) Old regions: 4078->4047
[44.221s][info][gc,heap        ] GC(169) Humongous regions: 0->0
[44.221s][info][gc,metaspace   ] GC(169) Metaspace: 13483K->13483K(1062912K)
[44.221s][info][gc             ] GC(169) Pause Full (G1 Evacuation Pause) 4070M->4038M(4078M) 366.360ms
[44.222s][info][gc,cpu         ] GC(169) User=2.94s Sys=0.00s Real=0.37s
[44.222s][info][gc,marking     ] GC(170) Concurrent Mark From Roots 366.822ms
[44.222s][info][gc,marking     ] GC(170) Concurrent Mark Abort
[44.222s][info][gc             ] GC(170) Concurrent Cycle 367.148ms
[44.283s][info][gc,start       ] GC(171) Pause Young (Normal) (G1 Evacuation Pause)
[44.283s][info][gc,task        ] GC(171) Using 10 workers of 10 for evacuation
[44.284s][info][gc             ] GC(171) To-space exhausted
[44.284s][info][gc,phases      ] GC(171)   Pre Evacuate Collection Set: 0.1ms
[44.284s][info][gc,phases      ] GC(171)   Evacuate Collection Set: 0.4ms
[44.284s][info][gc,phases      ] GC(171)   Post Evacuate Collection Set: 0.4ms
[44.284s][info][gc,phases      ] GC(171)   Other: 0.3ms
[44.284s][info][gc,heap        ] GC(171) Eden regions: 31->0(407)
[44.284s][info][gc,heap        ] GC(171) Survivor regions: 0->0(51)
[44.284s][info][gc,heap        ] GC(171) Old regions: 4047->4078
[44.284s][info][gc,heap        ] GC(171) Humongous regions: 0->0
[44.284s][info][gc,metaspace   ] GC(171) Metaspace: 13483K->13483K(1062912K)
[44.284s][info][gc             ] GC(171) Pause Young (Normal) (G1 Evacuation Pause) 4069M->4069M(4078M) 1.421ms
[44.285s][info][gc,cpu         ] GC(171) User=0.00s Sys=0.00s Real=0.00s
[44.285s][info][gc,task        ] GC(172) Using 10 workers of 10 for full compaction
[44.285s][info][gc,start       ] GC(172) Pause Full (G1 Evacuation Pause)
[44.285s][info][gc,phases,start] GC(172) Phase 1: Mark live objects
[44.311s][info][gc,stringtable ] GC(172) Cleaned string and symbol table, strings: 6170 processed, 0 removed, symbols: 45889 processed, 0 removed
[44.311s][info][gc,phases      ] GC(172) Phase 1: Mark live objects 25.817ms
[44.311s][info][gc,phases,start] GC(172) Phase 2: Prepare for compaction
[44.333s][info][gc,phases      ] GC(172) Phase 2: Prepare for compaction 21.714ms
[44.333s][info][gc,phases,start] GC(172) Phase 3: Adjust pointers
[44.352s][info][gc,phases      ] GC(172) Phase 3: Adjust pointers 19.427ms
[44.352s][info][gc,phases,start] GC(172) Phase 4: Compact heap
[44.651s][info][gc,phases      ] GC(172) Phase 4: Compact heap 298.749ms
[44.654s][info][gc,heap        ] GC(172) Eden regions: 0->0(407)
[44.654s][info][gc,heap        ] GC(172) Survivor regions: 0->0(51)
[44.654s][info][gc,heap        ] GC(172) Old regions: 4078->4045
[44.654s][info][gc,heap        ] GC(172) Humongous regions: 0->0
[44.654s][info][gc,metaspace   ] GC(172) Metaspace: 13483K->13483K(1062912K)
[44.655s][info][gc             ] GC(172) Pause Full (G1 Evacuation Pause) 4069M->4037M(4078M) 369.824ms
[44.655s][info][gc,cpu         ] GC(172) User=3.03s Sys=0.00s Real=0.37s
[44.723s][info][gc,start       ] GC(173) Pause Young (Concurrent Start) (G1 Evacuation Pause)
[44.723s][info][gc,task        ] GC(173) Using 10 workers of 10 for evacuation
[44.727s][info][gc             ] GC(173) To-space exhausted
[44.727s][info][gc,phases      ] GC(173)   Pre Evacuate Collection Set: 0.2ms
[44.727s][info][gc,phases      ] GC(173)   Evacuate Collection Set: 3.1ms
[44.727s][info][gc,phases      ] GC(173)   Post Evacuate Collection Set: 0.6ms
[44.727s][info][gc,phases      ] GC(173)   Other: 0.6ms
[44.727s][info][gc,heap        ] GC(173) Eden regions: 33->0(407)
[44.727s][info][gc,heap        ] GC(173) Survivor regions: 0->0(51)
[44.727s][info][gc,heap        ] GC(173) Old regions: 4045->4078
[44.727s][info][gc,heap        ] GC(173) Humongous regions: 0->0
[44.727s][info][gc,metaspace   ] GC(173) Metaspace: 13483K->13483K(1062912K)
[44.727s][info][gc             ] GC(173) Pause Young (Concurrent Start) (G1 Evacuation Pause) 4070M->4070M(4078M) 4.598ms
[44.728s][info][gc,cpu         ] GC(173) User=0.05s Sys=0.00s Real=0.00s
[44.728s][info][gc,task        ] GC(174) Using 10 workers of 10 for full compaction
[44.728s][info][gc             ] GC(175) Concurrent Cycle
[44.728s][info][gc,marking     ] GC(175) Concurrent Clear Claimed Marks
[44.728s][info][gc,marking     ] GC(175) Concurrent Clear Claimed Marks 0.024ms
[44.728s][info][gc,marking     ] GC(175) Concurrent Scan Root Regions
[44.728s][info][gc,marking     ] GC(175) Concurrent Scan Root Regions 0.027ms
[44.728s][info][gc,marking     ] GC(175) Concurrent Mark (44.728s)
[44.728s][info][gc,start       ] GC(174) Pause Full (G1 Evacuation Pause)
[44.728s][info][gc,marking     ] GC(175) Concurrent Mark From Roots
[44.728s][info][gc,task        ] GC(175) Using 3 workers of 3 for marking
[44.732s][info][gc,phases,start] GC(174) Phase 1: Mark live objects
[44.755s][info][gc,stringtable ] GC(174) Cleaned string and symbol table, strings: 6170 processed, 0 removed, symbols: 45889 processed, 0 removed
[44.756s][info][gc,phases      ] GC(174) Phase 1: Mark live objects 23.631ms
[44.756s][info][gc,phases,start] GC(174) Phase 2: Prepare for compaction
[44.775s][info][gc,phases      ] GC(174) Phase 2: Prepare for compaction 19.544ms
[44.775s][info][gc,phases,start] GC(174) Phase 3: Adjust pointers
[44.797s][info][gc,phases      ] GC(174) Phase 3: Adjust pointers 21.397ms
[44.797s][info][gc,phases,start] GC(174) Phase 4: Compact heap
[45.094s][info][gc,phases      ] GC(174) Phase 4: Compact heap 296.782ms
[45.097s][info][gc,heap        ] GC(174) Eden regions: 0->0(407)
[45.097s][info][gc,heap        ] GC(174) Survivor regions: 0->0(51)
[45.097s][info][gc,heap        ] GC(174) Old regions: 4078->4045
[45.097s][info][gc,heap        ] GC(174) Humongous regions: 0->0
[45.097s][info][gc,metaspace   ] GC(174) Metaspace: 13483K->13483K(1062912K)
[45.097s][info][gc             ] GC(174) Pause Full (G1 Evacuation Pause) 4070M->4037M(4078M) 369.611ms
[45.098s][info][gc,cpu         ] GC(174) User=2.95s Sys=0.00s Real=0.37s
[45.098s][info][gc,marking     ] GC(175) Concurrent Mark From Roots 369.938ms
[45.098s][info][gc,marking     ] GC(175) Concurrent Mark Abort
[45.098s][info][gc             ] GC(175) Concurrent Cycle 370.557ms
[45.176s][info][gc,start       ] GC(176) Pause Young (Normal) (G1 Evacuation Pause)
[45.176s][info][gc,task        ] GC(176) Using 10 workers of 10 for evacuation
[45.177s][info][gc             ] GC(176) To-space exhausted
[45.177s][info][gc,phases      ] GC(176)   Pre Evacuate Collection Set: 0.1ms
[45.177s][info][gc,phases      ] GC(176)   Evacuate Collection Set: 0.3ms
[45.177s][info][gc,phases      ] GC(176)   Post Evacuate Collection Set: 0.4ms
[45.177s][info][gc,phases      ] GC(176)   Other: 0.2ms
[45.177s][info][gc,heap        ] GC(176) Eden regions: 33->0(407)
[45.177s][info][gc,heap        ] GC(176) Survivor regions: 0->0(51)
[45.177s][info][gc,heap        ] GC(176) Old regions: 4045->4078
[45.177s][info][gc,heap        ] GC(176) Humongous regions: 0->0
[45.177s][info][gc,metaspace   ] GC(176) Metaspace: 13484K->13484K(1062912K)
[45.177s][info][gc             ] GC(176) Pause Young (Normal) (G1 Evacuation Pause) 4070M->4070M(4078M) 1.077ms
[45.177s][info][gc,cpu         ] GC(176) User=0.02s Sys=0.00s Real=0.00s
[45.177s][info][gc,task        ] GC(177) Using 10 workers of 10 for full compaction
[45.177s][info][gc,start       ] GC(177) Pause Full (G1 Evacuation Pause)
[45.177s][info][gc,phases,start] GC(177) Phase 1: Mark live objects
[45.200s][info][gc,stringtable ] GC(177) Cleaned string and symbol table, strings: 6170 processed, 0 removed, symbols: 45889 processed, 0 removed
[45.200s][info][gc,phases      ] GC(177) Phase 1: Mark live objects 22.583ms
[45.200s][info][gc,phases,start] GC(177) Phase 2: Prepare for compaction
[45.220s][info][gc,phases      ] GC(177) Phase 2: Prepare for compaction 20.228ms
[45.220s][info][gc,phases,start] GC(177) Phase 3: Adjust pointers
[45.241s][info][gc,phases      ] GC(177) Phase 3: Adjust pointers 20.820ms
[45.242s][info][gc,phases,start] GC(177) Phase 4: Compact heap
[45.561s][info][gc,phases      ] GC(177) Phase 4: Compact heap 319.546ms
[45.564s][info][gc,heap        ] GC(177) Eden regions: 0->0(407)
[45.564s][info][gc,heap        ] GC(177) Survivor regions: 0->0(51)
[45.564s][info][gc,heap        ] GC(177) Old regions: 4078->4046
[45.565s][info][gc,heap        ] GC(177) Humongous regions: 0->0
[45.565s][info][gc,metaspace   ] GC(177) Metaspace: 13484K->13484K(1062912K)
[45.565s][info][gc             ] GC(177) Pause Full (G1 Evacuation Pause) 4070M->4038M(4078M) 387.496ms
[45.565s][info][gc,cpu         ] GC(177) User=2.45s Sys=0.02s Real=0.39s
[45.674s][info][gc,start       ] GC(178) Pause Young (Concurrent Start) (G1 Evacuation Pause)
[45.674s][info][gc,task        ] GC(178) Using 10 workers of 10 for evacuation
[45.677s][info][gc             ] GC(178) To-space exhausted
[45.678s][info][gc,phases      ] GC(178)   Pre Evacuate Collection Set: 0.2ms
[45.678s][info][gc,phases      ] GC(178)   Evacuate Collection Set: 1.8ms
[45.678s][info][gc,phases      ] GC(178)   Post Evacuate Collection Set: 0.8ms
[45.678s][info][gc,phases      ] GC(178)   Other: 0.7ms
[45.678s][info][gc,heap        ] GC(178) Eden regions: 32->0(407)
[45.678s][info][gc,heap        ] GC(178) Survivor regions: 0->0(51)
[45.678s][info][gc,heap        ] GC(178) Old regions: 4046->4078
[45.678s][info][gc,heap        ] GC(178) Humongous regions: 0->0
[45.678s][info][gc,metaspace   ] GC(178) Metaspace: 13484K->13484K(1062912K)
[45.678s][info][gc             ] GC(178) Pause Young (Concurrent Start) (G1 Evacuation Pause) 4070M->4070M(4078M) 3.724ms
[45.678s][info][gc,cpu         ] GC(178) User=0.02s Sys=0.00s Real=0.00s
[45.678s][info][gc             ] GC(180) Concurrent Cycle
[45.678s][info][gc,task        ] GC(179) Using 10 workers of 10 for full compaction
[45.678s][info][gc,marking     ] GC(180) Concurrent Clear Claimed Marks
[45.678s][info][gc,marking     ] GC(180) Concurrent Clear Claimed Marks 0.069ms
[45.678s][info][gc,marking     ] GC(180) Concurrent Scan Root Regions
[45.678s][info][gc,marking     ] GC(180) Concurrent Scan Root Regions 0.022ms
[45.678s][info][gc,marking     ] GC(180) Concurrent Mark (45.678s)
[45.678s][info][gc,marking     ] GC(180) Concurrent Mark From Roots
[45.678s][info][gc,task        ] GC(180) Using 3 workers of 3 for marking
[45.678s][info][gc,start       ] GC(179) Pause Full (G1 Evacuation Pause)
[45.685s][info][gc,phases,start] GC(179) Phase 1: Mark live objects
[45.715s][info][gc,stringtable ] GC(179) Cleaned string and symbol table, strings: 6170 processed, 0 removed, symbols: 45889 processed, 0 removed
[45.715s][info][gc,phases      ] GC(179) Phase 1: Mark live objects 30.252ms
[45.715s][info][gc,phases,start] GC(179) Phase 2: Prepare for compaction
[45.740s][info][gc,phases      ] GC(179) Phase 2: Prepare for compaction 25.333ms
[45.740s][info][gc,phases,start] GC(179) Phase 3: Adjust pointers
[45.772s][info][gc,phases      ] GC(179) Phase 3: Adjust pointers 31.376ms
[45.772s][info][gc,phases,start] GC(179) Phase 4: Compact heap
[46.115s][info][gc,phases      ] GC(179) Phase 4: Compact heap 343.384ms
[46.118s][info][gc,heap        ] GC(179) Eden regions: 0->0(407)
[46.118s][info][gc,heap        ] GC(179) Survivor regions: 0->0(51)
[46.118s][info][gc,heap        ] GC(179) Old regions: 4078->4045
[46.118s][info][gc,heap        ] GC(179) Humongous regions: 0->0
[46.118s][info][gc,metaspace   ] GC(179) Metaspace: 13484K->13484K(1062912K)
[46.118s][info][gc             ] GC(179) Pause Full (G1 Evacuation Pause) 4070M->4038M(4078M) 440.334ms
[46.119s][info][gc,cpu         ] GC(179) User=1.86s Sys=0.00s Real=0.44s
[46.119s][info][gc,marking     ] GC(180) Concurrent Mark From Roots 440.781ms
[46.119s][info][gc,marking     ] GC(180) Concurrent Mark Abort
[46.119s][info][gc             ] GC(180) Concurrent Cycle 441.065ms
[46.196s][info][gc,start       ] GC(181) Pause Young (Normal) (G1 Evacuation Pause)
[46.196s][info][gc,task        ] GC(181) Using 10 workers of 10 for evacuation
[46.197s][info][gc             ] GC(181) To-space exhausted
[46.198s][info][gc,phases      ] GC(181)   Pre Evacuate Collection Set: 0.1ms
[46.198s][info][gc,phases      ] GC(181)   Evacuate Collection Set: 0.4ms
[46.198s][info][gc,phases      ] GC(181)   Post Evacuate Collection Set: 0.4ms
[46.198s][info][gc,phases      ] GC(181)   Other: 0.3ms
[46.198s][info][gc,heap        ] GC(181) Eden regions: 33->0(407)
[46.198s][info][gc,heap        ] GC(181) Survivor regions: 0->0(51)
[46.198s][info][gc,heap        ] GC(181) Old regions: 4045->4078
[46.198s][info][gc,heap        ] GC(181) Humongous regions: 0->0
[46.198s][info][gc,metaspace   ] GC(181) Metaspace: 13484K->13484K(1062912K)
[46.198s][info][gc             ] GC(181) Pause Young (Normal) (G1 Evacuation Pause) 4071M->4071M(4078M) 1.353ms
[46.198s][info][gc,cpu         ] GC(181) User=0.00s Sys=0.00s Real=0.00s
[46.198s][info][gc,task        ] GC(182) Using 10 workers of 10 for full compaction
[46.198s][info][gc,start       ] GC(182) Pause Full (G1 Evacuation Pause)
[46.198s][info][gc,phases,start] GC(182) Phase 1: Mark live objects
[46.222s][info][gc,stringtable ] GC(182) Cleaned string and symbol table, strings: 6170 processed, 0 removed, symbols: 45889 processed, 0 removed
[46.222s][info][gc,phases      ] GC(182) Phase 1: Mark live objects 23.649ms
[46.222s][info][gc,phases,start] GC(182) Phase 2: Prepare for compaction
[46.240s][info][gc,phases      ] GC(182) Phase 2: Prepare for compaction 18.488ms
[46.240s][info][gc,phases,start] GC(182) Phase 3: Adjust pointers
[46.262s][info][gc,phases      ] GC(182) Phase 3: Adjust pointers 21.298ms
[46.262s][info][gc,phases,start] GC(182) Phase 4: Compact heap
