[0.020s][info][gc,heap] Heap region size: 1M
[0.026s][info][gc     ] Using G1
[0.026s][info][gc,heap,coops] Heap address: 0x0000000701200000, size: 4078 MB, Compressed Oops mode: Zero based, Oop shift amount: 3
[0.221s][info][gc,start     ] GC(0) Pause Young (Normal) (G1 Evacuation Pause)
[0.222s][info][gc,task      ] GC(0) Using 10 workers of 10 for evacuation
[0.228s][info][gc,phases    ] GC(0)   Pre Evacuate Collection Set: 0.0ms
[0.228s][info][gc,phases    ] GC(0)   Evacuate Collection Set: 6.0ms
[0.228s][info][gc,phases    ] GC(0)   Post Evacuate Collection Set: 0.3ms
[0.229s][info][gc,phases    ] GC(0)   Other: 0.7ms
[0.229s][info][gc,heap      ] GC(0) Eden regions: 25->0(21)
[0.229s][info][gc,heap      ] GC(0) Survivor regions: 0->4(4)
[0.229s][info][gc,heap      ] GC(0) Old regions: 0->18
[0.229s][info][gc,heap      ] GC(0) Humongous regions: 0->0
[0.229s][info][gc,metaspace ] GC(0) Metaspace: 6526K->6526K(1056768K)
[0.229s][info][gc           ] GC(0) Pause Young (Normal) (G1 Evacuation Pause) 25M->21M(256M) 7.696ms
[0.229s][info][gc,cpu       ] GC(0) User=0.00s Sys=0.00s Real=0.01s
[0.278s][info][gc,start     ] GC(1) Pause Young (Normal) (G1 Evacuation Pause)
[0.278s][info][gc,task      ] GC(1) Using 10 workers of 10 for evacuation
[0.284s][info][gc,phases    ] GC(1)   Pre Evacuate Collection Set: 0.0ms
[0.284s][info][gc,phases    ] GC(1)   Evacuate Collection Set: 5.5ms
[0.284s][info][gc,phases    ] GC(1)   Post Evacuate Collection Set: 0.3ms
[0.284s][info][gc,phases    ] GC(1)   Other: 0.1ms
[0.284s][info][gc,heap      ] GC(1) Eden regions: 21->0(25)
[0.284s][info][gc,heap      ] GC(1) Survivor regions: 4->4(4)
[0.284s][info][gc,heap      ] GC(1) Old regions: 18->39
[0.284s][info][gc,heap      ] GC(1) Humongous regions: 0->0
[0.284s][info][gc,metaspace ] GC(1) Metaspace: 6725K->6725K(1056768K)
[0.284s][info][gc           ] GC(1) Pause Young (Normal) (G1 Evacuation Pause) 42M->42M(256M) 6.020ms
[0.284s][info][gc,cpu       ] GC(1) User=0.03s Sys=0.13s Real=0.01s
[0.334s][info][gc,start     ] GC(2) Pause Young (Normal) (G1 Evacuation Pause)
[0.334s][info][gc,task      ] GC(2) Using 10 workers of 10 for evacuation
[0.341s][info][gc,phases    ] GC(2)   Pre Evacuate Collection Set: 0.0ms
[0.341s][info][gc,phases    ] GC(2)   Evacuate Collection Set: 5.9ms
[0.341s][info][gc,phases    ] GC(2)   Post Evacuate Collection Set: 0.3ms
[0.341s][info][gc,phases    ] GC(2)   Other: 0.1ms
[0.341s][info][gc,heap      ] GC(2) Eden regions: 25->0(37)
[0.341s][info][gc,heap      ] GC(2) Survivor regions: 4->4(4)
[0.341s][info][gc,heap      ] GC(2) Old regions: 39->61
[0.341s][info][gc,heap      ] GC(2) Humongous regions: 0->0
[0.341s][info][gc,metaspace ] GC(2) Metaspace: 7036K->7036K(1056768K)
[0.341s][info][gc           ] GC(2) Pause Young (Normal) (G1 Evacuation Pause) 67M->64M(256M) 6.508ms
[0.341s][info][gc,cpu       ] GC(2) User=0.00s Sys=0.00s Real=0.01s
[0.430s][info][gc,start     ] GC(3) Pause Young (Normal) (G1 Evacuation Pause)
[0.430s][info][gc,task      ] GC(3) Using 10 workers of 10 for evacuation
[0.439s][info][gc,phases    ] GC(3)   Pre Evacuate Collection Set: 0.0ms
[0.439s][info][gc,phases    ] GC(3)   Evacuate Collection Set: 9.4ms
[0.439s][info][gc,phases    ] GC(3)   Post Evacuate Collection Set: 0.2ms
[0.439s][info][gc,phases    ] GC(3)   Other: 0.1ms
[0.439s][info][gc,heap      ] GC(3) Eden regions: 37->0(40)
[0.439s][info][gc,heap      ] GC(3) Survivor regions: 4->6(6)
[0.439s][info][gc,heap      ] GC(3) Old regions: 61->96
[0.439s][info][gc,heap      ] GC(3) Humongous regions: 0->0
[0.439s][info][gc,metaspace ] GC(3) Metaspace: 7036K->7036K(1056768K)
[0.440s][info][gc           ] GC(3) Pause Young (Normal) (G1 Evacuation Pause) 101M->101M(256M) 9.934ms
[0.440s][info][gc,cpu       ] GC(3) User=0.00s Sys=0.00s Real=0.01s
[0.532s][info][gc,start     ] GC(4) Pause Young (Normal) (G1 Evacuation Pause)
[0.532s][info][gc,task      ] GC(4) Using 10 workers of 10 for evacuation
[0.547s][info][gc,phases    ] GC(4)   Pre Evacuate Collection Set: 0.0ms
[0.547s][info][gc,phases    ] GC(4)   Evacuate Collection Set: 9.6ms
[0.547s][info][gc,phases    ] GC(4)   Post Evacuate Collection Set: 4.5ms
[0.547s][info][gc,phases    ] GC(4)   Other: 0.1ms
[0.547s][info][gc,heap      ] GC(4) Eden regions: 40->0(56)
[0.547s][info][gc,heap      ] GC(4) Survivor regions: 6->6(6)
[0.547s][info][gc,heap      ] GC(4) Old regions: 96->131
[0.547s][info][gc,heap      ] GC(4) Humongous regions: 0->0
[0.547s][info][gc,metaspace ] GC(4) Metaspace: 7037K->7037K(1056768K)
[0.547s][info][gc           ] GC(4) Pause Young (Normal) (G1 Evacuation Pause) 141M->136M(489M) 14.453ms
[0.547s][info][gc,cpu       ] GC(4) User=0.03s Sys=0.11s Real=0.01s
[0.686s][info][gc,start     ] GC(5) Pause Young (Normal) (G1 Evacuation Pause)
[0.686s][info][gc,task      ] GC(5) Using 10 workers of 10 for evacuation
[0.700s][info][gc,phases    ] GC(5)   Pre Evacuate Collection Set: 0.0ms
[0.700s][info][gc,phases    ] GC(5)   Evacuate Collection Set: 13.8ms
[0.700s][info][gc,phases    ] GC(5)   Post Evacuate Collection Set: 0.3ms
[0.700s][info][gc,phases    ] GC(5)   Other: 0.2ms
[0.700s][info][gc,heap      ] GC(5) Eden regions: 56->0(73)
[0.700s][info][gc,heap      ] GC(5) Survivor regions: 6->8(8)
[0.700s][info][gc,heap      ] GC(5) Old regions: 131->180
[0.700s][info][gc,heap      ] GC(5) Humongous regions: 0->0
[0.700s][info][gc,metaspace ] GC(5) Metaspace: 7038K->7038K(1056768K)
[0.700s][info][gc           ] GC(5) Pause Young (Normal) (G1 Evacuation Pause) 192M->187M(489M) 14.489ms
[0.700s][info][gc,cpu       ] GC(5) User=0.03s Sys=0.13s Real=0.02s
[0.875s][info][gc,start     ] GC(6) Pause Young (Normal) (G1 Evacuation Pause)
[0.875s][info][gc,task      ] GC(6) Using 10 workers of 10 for evacuation
[0.888s][info][gc,phases    ] GC(6)   Pre Evacuate Collection Set: 0.0ms
[0.888s][info][gc,phases    ] GC(6)   Evacuate Collection Set: 12.4ms
[0.888s][info][gc,phases    ] GC(6)   Post Evacuate Collection Set: 0.3ms
[0.888s][info][gc,phases    ] GC(6)   Other: 0.1ms
[0.888s][info][gc,heap      ] GC(6) Eden regions: 73->0(58)
[0.888s][info][gc,heap      ] GC(6) Survivor regions: 8->11(11)
[0.888s][info][gc,heap      ] GC(6) Old regions: 180->243
[0.888s][info][gc,heap      ] GC(6) Humongous regions: 0->0
[0.888s][info][gc,metaspace ] GC(6) Metaspace: 7040K->7040K(1056768K)
[0.888s][info][gc           ] GC(6) Pause Young (Normal) (G1 Evacuation Pause) 260M->253M(489M) 13.023ms
[0.888s][info][gc,cpu       ] GC(6) User=0.00s Sys=0.03s Real=0.01s
[1.028s][info][gc,start     ] GC(7) Pause Young (Concurrent Start) (G1 Evacuation Pause)
[1.028s][info][gc,task      ] GC(7) Using 10 workers of 10 for evacuation
[1.041s][info][gc,phases    ] GC(7)   Pre Evacuate Collection Set: 0.0ms
[1.041s][info][gc,phases    ] GC(7)   Evacuate Collection Set: 12.3ms
[1.041s][info][gc,phases    ] GC(7)   Post Evacuate Collection Set: 0.3ms
[1.041s][info][gc,phases    ] GC(7)   Other: 0.2ms
[1.041s][info][gc,heap      ] GC(7) Eden regions: 58->0(42)
[1.041s][info][gc,heap      ] GC(7) Survivor regions: 11->9(9)
[1.041s][info][gc,heap      ] GC(7) Old regions: 243->295
[1.041s][info][gc,heap      ] GC(7) Humongous regions: 0->0
[1.041s][info][gc,metaspace ] GC(7) Metaspace: 7046K->7046K(1056768K)
[1.041s][info][gc           ] GC(7) Pause Young (Concurrent Start) (G1 Evacuation Pause) 311M->303M(489M) 13.023ms
[1.042s][info][gc,cpu       ] GC(7) User=0.05s Sys=0.11s Real=0.01s
[1.042s][info][gc           ] GC(8) Concurrent Cycle
[1.042s][info][gc,marking   ] GC(8) Concurrent Clear Claimed Marks
[1.042s][info][gc,marking   ] GC(8) Concurrent Clear Claimed Marks 0.037ms
[1.042s][info][gc,marking   ] GC(8) Concurrent Scan Root Regions
[1.043s][info][gc,marking   ] GC(8) Concurrent Scan Root Regions 0.903ms
[1.043s][info][gc,marking   ] GC(8) Concurrent Mark (1.043s)
[1.043s][info][gc,marking   ] GC(8) Concurrent Mark From Roots
[1.043s][info][gc,task      ] GC(8) Using 3 workers of 3 for marking
[1.045s][info][gc,marking   ] GC(8) Concurrent Mark From Roots 2.767ms
[1.045s][info][gc,marking   ] GC(8) Concurrent Preclean
[1.046s][info][gc,marking   ] GC(8) Concurrent Preclean 0.163ms
[1.046s][info][gc,marking   ] GC(8) Concurrent Mark (1.043s, 1.046s) 3.017ms
[1.046s][info][gc,start     ] GC(8) Pause Remark
[1.046s][info][gc,stringtable] GC(8) Cleaned string and symbol table, strings: 2880 processed, 8 removed, symbols: 28271 processed, 0 removed
[1.047s][info][gc            ] GC(8) Pause Remark 308M->149M(489M) 0.989ms
[1.047s][info][gc,cpu        ] GC(8) User=0.00s Sys=0.00s Real=0.00s
[1.047s][info][gc,marking    ] GC(8) Concurrent Rebuild Remembered Sets
[1.049s][info][gc,marking    ] GC(8) Concurrent Rebuild Remembered Sets 1.678ms
[1.049s][info][gc,start      ] GC(8) Pause Cleanup
[1.049s][info][gc            ] GC(8) Pause Cleanup 149M->149M(489M) 0.183ms
[1.049s][info][gc,cpu        ] GC(8) User=0.00s Sys=0.00s Real=0.00s
[1.049s][info][gc,marking    ] GC(8) Concurrent Cleanup for Next Mark
[1.049s][info][gc,marking    ] GC(8) Concurrent Cleanup for Next Mark 0.251ms
[1.049s][info][gc            ] GC(8) Concurrent Cycle 7.728ms
[1.138s][info][gc,start      ] GC(9) Pause Young (Prepare Mixed) (G1 Evacuation Pause)
[1.138s][info][gc,task       ] GC(9) Using 10 workers of 10 for evacuation
[1.153s][info][gc,phases     ] GC(9)   Pre Evacuate Collection Set: 0.0ms
[1.153s][info][gc,phases     ] GC(9)   Evacuate Collection Set: 5.5ms
[1.153s][info][gc,phases     ] GC(9)   Post Evacuate Collection Set: 9.5ms
[1.153s][info][gc,phases     ] GC(9)   Other: 0.1ms
[1.154s][info][gc,heap       ] GC(9) Eden regions: 42->0(90)
[1.154s][info][gc,heap       ] GC(9) Survivor regions: 9->7(7)
[1.154s][info][gc,heap       ] GC(9) Old regions: 136->179
[1.154s][info][gc,heap       ] GC(9) Humongous regions: 0->0
[1.154s][info][gc,metaspace  ] GC(9) Metaspace: 7837K->7837K(1056768K)
[1.154s][info][gc            ] GC(9) Pause Young (Prepare Mixed) (G1 Evacuation Pause) 186M->185M(979M) 15.357ms
[1.154s][info][gc,cpu        ] GC(9) User=0.05s Sys=0.00s Real=0.02s
[1.392s][info][gc,start      ] GC(10) Pause Young (Mixed) (G1 Evacuation Pause)
[1.392s][info][gc,task       ] GC(10) Using 10 workers of 10 for evacuation
[1.404s][info][gc,phases     ] GC(10)   Pre Evacuate Collection Set: 0.0ms
[1.404s][info][gc,phases     ] GC(10)   Evacuate Collection Set: 12.0ms
[1.404s][info][gc,phases     ] GC(10)   Post Evacuate Collection Set: 0.4ms
[1.404s][info][gc,phases     ] GC(10)   Other: 0.2ms
[1.404s][info][gc,heap       ] GC(10) Eden regions: 90->0(223)
[1.404s][info][gc,heap       ] GC(10) Survivor regions: 7->13(13)
[1.404s][info][gc,heap       ] GC(10) Old regions: 179->257
[1.404s][info][gc,heap       ] GC(10) Humongous regions: 0->0
[1.404s][info][gc,metaspace  ] GC(10) Metaspace: 7843K->7843K(1056768K)
[1.405s][info][gc            ] GC(10) Pause Young (Mixed) (G1 Evacuation Pause) 275M->269M(979M) 12.781ms
[1.405s][info][gc,cpu        ] GC(10) User=0.13s Sys=0.03s Real=0.01s
[1.976s][info][gc,start      ] GC(11) Pause Young (Normal) (G1 Evacuation Pause)
[1.976s][info][gc,task       ] GC(11) Using 10 workers of 10 for evacuation
[2.017s][info][gc,phases     ] GC(11)   Pre Evacuate Collection Set: 0.0ms
[2.017s][info][gc,phases     ] GC(11)   Evacuate Collection Set: 40.8ms
[2.017s][info][gc,phases     ] GC(11)   Post Evacuate Collection Set: 0.3ms
[2.017s][info][gc,phases     ] GC(11)   Other: 0.2ms
[2.017s][info][gc,heap       ] GC(11) Eden regions: 223->0(131)
[2.017s][info][gc,heap       ] GC(11) Survivor regions: 13->30(30)
[2.017s][info][gc,heap       ] GC(11) Old regions: 257->430
[2.017s][info][gc,heap       ] GC(11) Humongous regions: 0->0
[2.017s][info][gc,metaspace  ] GC(11) Metaspace: 7863K->7863K(1056768K)
[2.018s][info][gc            ] GC(11) Pause Young (Normal) (G1 Evacuation Pause) 492M->459M(979M) 41.508ms
[2.018s][info][gc,cpu        ] GC(11) User=0.19s Sys=0.11s Real=0.04s
[2.327s][info][gc,start      ] GC(12) Pause Young (Normal) (G1 Evacuation Pause)
[2.327s][info][gc,task       ] GC(12) Using 10 workers of 10 for evacuation
[2.349s][info][gc,phases     ] GC(12)   Pre Evacuate Collection Set: 0.0ms
[2.349s][info][gc,phases     ] GC(12)   Evacuate Collection Set: 22.0ms
[2.349s][info][gc,phases     ] GC(12)   Post Evacuate Collection Set: 0.4ms
[2.349s][info][gc,phases     ] GC(12)   Other: 0.1ms
[2.349s][info][gc,heap       ] GC(12) Eden regions: 131->0(97)
[2.349s][info][gc,heap       ] GC(12) Survivor regions: 30->21(21)
[2.349s][info][gc,heap       ] GC(12) Old regions: 430->548
[2.349s][info][gc,heap       ] GC(12) Humongous regions: 0->0
[2.349s][info][gc,metaspace  ] GC(12) Metaspace: 7872K->7872K(1056768K)
[2.349s][info][gc            ] GC(12) Pause Young (Normal) (G1 Evacuation Pause) 590M->568M(979M) 22.734ms
[2.349s][info][gc,cpu        ] GC(12) User=0.03s Sys=0.16s Real=0.02s
[2.576s][info][gc,start      ] GC(13) Pause Young (Concurrent Start) (G1 Evacuation Pause)
[2.577s][info][gc,task       ] GC(13) Using 10 workers of 10 for evacuation
[2.615s][info][gc,phases     ] GC(13)   Pre Evacuate Collection Set: 0.0ms
[2.615s][info][gc,phases     ] GC(13)   Evacuate Collection Set: 26.5ms
[2.615s][info][gc,phases     ] GC(13)   Post Evacuate Collection Set: 12.1ms
[2.615s][info][gc,phases     ] GC(13)   Other: 0.2ms
[2.615s][info][gc,heap       ] GC(13) Eden regions: 97->0(261)
[2.615s][info][gc,heap       ] GC(13) Survivor regions: 21->15(15)
[2.615s][info][gc,heap       ] GC(13) Old regions: 548->650
[2.615s][info][gc,heap       ] GC(13) Humongous regions: 0->0
[2.615s][info][gc,metaspace  ] GC(13) Metaspace: 7885K->7885K(1056768K)
[2.615s][info][gc            ] GC(13) Pause Young (Concurrent Start) (G1 Evacuation Pause) 665M->664M(1599M) 39.017ms
[2.615s][info][gc,cpu        ] GC(13) User=0.08s Sys=0.25s Real=0.04s
[2.616s][info][gc            ] GC(14) Concurrent Cycle
[2.616s][info][gc,marking    ] GC(14) Concurrent Clear Claimed Marks
[2.616s][info][gc,marking    ] GC(14) Concurrent Clear Claimed Marks 0.022ms
[2.616s][info][gc,marking    ] GC(14) Concurrent Scan Root Regions
[2.616s][info][gc,marking    ] GC(14) Concurrent Scan Root Regions 0.345ms
[2.616s][info][gc,marking    ] GC(14) Concurrent Mark (2.616s)
[2.616s][info][gc,marking    ] GC(14) Concurrent Mark From Roots
[2.616s][info][gc,task       ] GC(14) Using 3 workers of 3 for marking
[2.620s][info][gc,marking    ] GC(14) Concurrent Mark From Roots 3.994ms
[2.620s][info][gc,marking    ] GC(14) Concurrent Preclean
[2.620s][info][gc,marking    ] GC(14) Concurrent Preclean 0.123ms
[2.620s][info][gc,marking    ] GC(14) Concurrent Mark (2.616s, 2.620s) 4.196ms
[2.620s][info][gc,start      ] GC(14) Pause Remark
[2.621s][info][gc,stringtable] GC(14) Cleaned string and symbol table, strings: 4609 processed, 1 removed, symbols: 31903 processed, 1 removed
[2.621s][info][gc            ] GC(14) Pause Remark 665M->468M(1599M) 1.070ms
[2.621s][info][gc,cpu        ] GC(14) User=0.00s Sys=0.00s Real=0.00s
[2.622s][info][gc,marking    ] GC(14) Concurrent Rebuild Remembered Sets
[2.625s][info][gc,marking    ] GC(14) Concurrent Rebuild Remembered Sets 3.320ms
[2.625s][info][gc,start      ] GC(14) Pause Cleanup
[2.625s][info][gc            ] GC(14) Pause Cleanup 469M->469M(1599M) 0.224ms
[2.625s][info][gc,cpu        ] GC(14) User=0.00s Sys=0.00s Real=0.00s
[2.625s][info][gc,marking    ] GC(14) Concurrent Cleanup for Next Mark
[2.627s][info][gc,marking    ] GC(14) Concurrent Cleanup for Next Mark 1.394ms
[2.627s][info][gc            ] GC(14) Concurrent Cycle 11.450ms
[3.300s][info][gc,start      ] GC(15) Pause Young (Prepare Mixed) (G1 Evacuation Pause)
[3.300s][info][gc,task       ] GC(15) Using 10 workers of 10 for evacuation
[3.340s][info][gc,phases     ] GC(15)   Pre Evacuate Collection Set: 0.0ms
[3.340s][info][gc,phases     ] GC(15)   Evacuate Collection Set: 39.8ms
[3.340s][info][gc,phases     ] GC(15)   Post Evacuate Collection Set: 0.5ms
[3.340s][info][gc,phases     ] GC(15)   Other: 0.2ms
[3.340s][info][gc,heap       ] GC(15) Eden regions: 261->0(124)
[3.340s][info][gc,heap       ] GC(15) Survivor regions: 15->35(35)
[3.340s][info][gc,heap       ] GC(15) Old regions: 453->689
[3.340s][info][gc,heap       ] GC(15) Humongous regions: 0->0
[3.340s][info][gc,metaspace  ] GC(15) Metaspace: 11674K->11674K(1060864K)
[3.341s][info][gc            ] GC(15) Pause Young (Prepare Mixed) (G1 Evacuation Pause) 728M->723M(1599M) 40.698ms
[3.341s][info][gc,cpu        ] GC(15) User=0.14s Sys=0.02s Real=0.04s
[3.635s][info][gc,start      ] GC(16) Pause Young (Mixed) (G1 Evacuation Pause)
[3.635s][info][gc,task       ] GC(16) Using 10 workers of 10 for evacuation
[3.656s][info][gc,phases     ] GC(16)   Pre Evacuate Collection Set: 0.1ms
[3.656s][info][gc,phases     ] GC(16)   Evacuate Collection Set: 20.2ms
[3.656s][info][gc,phases     ] GC(16)   Post Evacuate Collection Set: 0.4ms
[3.656s][info][gc,phases     ] GC(16)   Other: 0.2ms
[3.656s][info][gc,heap       ] GC(16) Eden regions: 124->0(205)
[3.656s][info][gc,heap       ] GC(16) Survivor regions: 35->20(20)
[3.656s][info][gc,heap       ] GC(16) Old regions: 689->766
[3.656s][info][gc,heap       ] GC(16) Humongous regions: 0->0
[3.656s][info][gc,metaspace  ] GC(16) Metaspace: 11694K->11694K(1060864K)
[3.656s][info][gc            ] GC(16) Pause Young (Mixed) (G1 Evacuation Pause) 847M->785M(1599M) 21.064ms
[3.656s][info][gc,cpu        ] GC(16) User=0.06s Sys=0.00s Real=0.02s
[4.131s][info][gc,start      ] GC(17) Pause Young (Concurrent Start) (G1 Evacuation Pause)
[4.131s][info][gc,task       ] GC(17) Using 10 workers of 10 for evacuation
[4.155s][info][gc,phases     ] GC(17)   Pre Evacuate Collection Set: 0.0ms
[4.155s][info][gc,phases     ] GC(17)   Evacuate Collection Set: 23.1ms
[4.155s][info][gc,phases     ] GC(17)   Post Evacuate Collection Set: 0.4ms
[4.155s][info][gc,phases     ] GC(17)   Other: 0.2ms
[4.155s][info][gc,heap       ] GC(17) Eden regions: 205->0(141)
[4.155s][info][gc,heap       ] GC(17) Survivor regions: 20->29(29)
[4.155s][info][gc,heap       ] GC(17) Old regions: 766->959
[4.155s][info][gc,heap       ] GC(17) Humongous regions: 0->0
[4.155s][info][gc,metaspace  ] GC(17) Metaspace: 12324K->12324K(1060864K)
[4.155s][info][gc            ] GC(17) Pause Young (Concurrent Start) (G1 Evacuation Pause) 990M->987M(1599M) 23.915ms
[4.155s][info][gc,cpu        ] GC(17) User=0.11s Sys=0.02s Real=0.02s
[4.155s][info][gc            ] GC(18) Concurrent Cycle
[4.155s][info][gc,marking    ] GC(18) Concurrent Clear Claimed Marks
[4.155s][info][gc,marking    ] GC(18) Concurrent Clear Claimed Marks 0.039ms
[4.155s][info][gc,marking    ] GC(18) Concurrent Scan Root Regions
[4.156s][info][gc,marking    ] GC(18) Concurrent Scan Root Regions 0.575ms
[4.156s][info][gc,marking    ] GC(18) Concurrent Mark (4.156s)
[4.156s][info][gc,marking    ] GC(18) Concurrent Mark From Roots
[4.156s][info][gc,task       ] GC(18) Using 3 workers of 3 for marking
[4.163s][info][gc,marking    ] GC(18) Concurrent Mark From Roots 7.360ms
[4.163s][info][gc,marking    ] GC(18) Concurrent Preclean
[4.163s][info][gc,marking    ] GC(18) Concurrent Preclean 0.147ms
[4.164s][info][gc,marking    ] GC(18) Concurrent Mark (4.156s, 4.164s) 7.600ms
[4.164s][info][gc,start      ] GC(18) Pause Remark
[4.164s][info][gc,stringtable] GC(18) Cleaned string and symbol table, strings: 5920 processed, 6 removed, symbols: 44490 processed, 1 removed
[4.165s][info][gc            ] GC(18) Pause Remark 990M->640M(1599M) 0.994ms
[4.165s][info][gc,cpu        ] GC(18) User=0.00s Sys=0.00s Real=0.00s
[4.165s][info][gc,marking    ] GC(18) Concurrent Rebuild Remembered Sets
[4.171s][info][gc,marking    ] GC(18) Concurrent Rebuild Remembered Sets 6.035ms
[4.171s][info][gc,start      ] GC(18) Pause Cleanup
[4.171s][info][gc            ] GC(18) Pause Cleanup 644M->644M(1599M) 0.212ms
[4.171s][info][gc,cpu        ] GC(18) User=0.00s Sys=0.00s Real=0.00s
[4.171s][info][gc,marking    ] GC(18) Concurrent Cleanup for Next Mark
[4.173s][info][gc,marking    ] GC(18) Concurrent Cleanup for Next Mark 1.344ms
[4.173s][info][gc            ] GC(18) Concurrent Cycle 17.465ms
[4.489s][info][gc,start      ] GC(19) Pause Young (Prepare Mixed) (G1 Evacuation Pause)
[4.489s][info][gc,task       ] GC(19) Using 10 workers of 10 for evacuation
[4.513s][info][gc,phases     ] GC(19)   Pre Evacuate Collection Set: 0.0ms
[4.513s][info][gc,phases     ] GC(19)   Evacuate Collection Set: 17.7ms
[4.513s][info][gc,phases     ] GC(19)   Post Evacuate Collection Set: 6.1ms
[4.513s][info][gc,phases     ] GC(19)   Other: 0.2ms
[4.513s][info][gc,heap       ] GC(19) Eden regions: 141->0(170)
[4.513s][info][gc,heap       ] GC(19) Survivor regions: 29->22(22)
[4.513s][info][gc,heap       ] GC(19) Old regions: 609->757
[4.513s][info][gc,heap       ] GC(19) Humongous regions: 0->0
[4.513s][info][gc,metaspace  ] GC(19) Metaspace: 12325K->12325K(1060864K)
[4.513s][info][gc            ] GC(19) Pause Young (Prepare Mixed) (G1 Evacuation Pause) 778M->778M(1927M) 24.172ms
[4.513s][info][gc,cpu        ] GC(19) User=0.06s Sys=0.00s Real=0.02s
[4.960s][info][gc,start      ] GC(20) Pause Young (Mixed) (G1 Evacuation Pause)
[4.960s][info][gc,task       ] GC(20) Using 10 workers of 10 for evacuation
[4.985s][info][gc,phases     ] GC(20)   Pre Evacuate Collection Set: 0.0ms
[4.986s][info][gc,phases     ] GC(20)   Evacuate Collection Set: 24.6ms
[4.986s][info][gc,phases     ] GC(20)   Post Evacuate Collection Set: 0.4ms
[4.986s][info][gc,phases     ] GC(20)   Other: 0.2ms
[4.986s][info][gc,heap       ] GC(20) Eden regions: 170->0(247)
[4.986s][info][gc,heap       ] GC(20) Survivor regions: 22->24(24)
[4.986s][info][gc,heap       ] GC(20) Old regions: 757->923
[4.986s][info][gc,heap       ] GC(20) Humongous regions: 0->0
[4.986s][info][gc,metaspace  ] GC(20) Metaspace: 12904K->12904K(1060864K)
[4.986s][info][gc            ] GC(20) Pause Young (Mixed) (G1 Evacuation Pause) 948M->946M(1927M) 25.418ms
[4.986s][info][gc,cpu        ] GC(20) User=0.06s Sys=0.00s Real=0.03s
[5.576s][info][gc,start      ] GC(21) Pause Young (Concurrent Start) (G1 Evacuation Pause)
[5.576s][info][gc,task       ] GC(21) Using 10 workers of 10 for evacuation
[5.635s][info][gc,phases     ] GC(21)   Pre Evacuate Collection Set: 0.0ms
[5.635s][info][gc,phases     ] GC(21)   Evacuate Collection Set: 57.9ms
[5.635s][info][gc,phases     ] GC(21)   Post Evacuate Collection Set: 0.4ms
[5.635s][info][gc,phases     ] GC(21)   Other: 0.3ms
[5.635s][info][gc,heap       ] GC(21) Eden regions: 247->0(169)
[5.635s][info][gc,heap       ] GC(21) Survivor regions: 24->34(34)
[5.635s][info][gc,heap       ] GC(21) Old regions: 923->1157
[5.635s][info][gc,heap       ] GC(21) Humongous regions: 0->0
[5.635s][info][gc,metaspace  ] GC(21) Metaspace: 13184K->13184K(1060864K)
[5.635s][info][gc            ] GC(21) Pause Young (Concurrent Start) (G1 Evacuation Pause) 1193M->1190M(1927M) 58.919ms
[5.635s][info][gc,cpu        ] GC(21) User=0.17s Sys=0.22s Real=0.06s
[5.635s][info][gc            ] GC(22) Concurrent Cycle
[5.635s][info][gc,marking    ] GC(22) Concurrent Clear Claimed Marks
[5.635s][info][gc,marking    ] GC(22) Concurrent Clear Claimed Marks 0.038ms
[5.635s][info][gc,marking    ] GC(22) Concurrent Scan Root Regions
[5.636s][info][gc,marking    ] GC(22) Concurrent Scan Root Regions 0.607ms
[5.636s][info][gc,marking    ] GC(22) Concurrent Mark (5.636s)
[5.636s][info][gc,marking    ] GC(22) Concurrent Mark From Roots
[5.636s][info][gc,task       ] GC(22) Using 3 workers of 3 for marking
[5.644s][info][gc,marking    ] GC(22) Concurrent Mark From Roots 8.283ms
[5.644s][info][gc,marking    ] GC(22) Concurrent Preclean
[5.645s][info][gc,marking    ] GC(22) Concurrent Preclean 0.139ms
[5.645s][info][gc,marking    ] GC(22) Concurrent Mark (5.636s, 5.645s) 8.507ms
[5.645s][info][gc,start      ] GC(22) Pause Remark
[5.646s][info][gc,stringtable] GC(22) Cleaned string and symbol table, strings: 6426 processed, 1 removed, symbols: 45801 processed, 1 removed
[5.646s][info][gc            ] GC(22) Pause Remark 1196M->775M(1927M) 1.382ms
[5.646s][info][gc,cpu        ] GC(22) User=0.00s Sys=0.00s Real=0.00s
[5.646s][info][gc,marking    ] GC(22) Concurrent Rebuild Remembered Sets
[5.653s][info][gc,marking    ] GC(22) Concurrent Rebuild Remembered Sets 6.794ms
[5.653s][info][gc,start      ] GC(22) Pause Cleanup
[5.654s][info][gc            ] GC(22) Pause Cleanup 776M->776M(1927M) 0.309ms
[5.654s][info][gc,cpu        ] GC(22) User=0.00s Sys=0.00s Real=0.00s
[5.654s][info][gc,marking    ] GC(22) Concurrent Cleanup for Next Mark
[5.655s][info][gc,marking    ] GC(22) Concurrent Cleanup for Next Mark 1.179ms
[5.655s][info][gc            ] GC(22) Concurrent Cycle 19.560ms
[6.035s][info][gc,start      ] GC(23) Pause Young (Normal) (G1 Evacuation Pause)
[6.035s][info][gc,task       ] GC(23) Using 10 workers of 10 for evacuation
[6.057s][info][gc,phases     ] GC(23)   Pre Evacuate Collection Set: 0.0ms
[6.057s][info][gc,phases     ] GC(23)   Evacuate Collection Set: 21.4ms
[6.057s][info][gc,phases     ] GC(23)   Post Evacuate Collection Set: 0.4ms
[6.057s][info][gc,phases     ] GC(23)   Other: 0.2ms
[6.057s][info][gc,heap       ] GC(23) Eden regions: 169->0(249)
[6.057s][info][gc,heap       ] GC(23) Survivor regions: 34->26(26)
[6.057s][info][gc,heap       ] GC(23) Old regions: 736->912
[6.057s][info][gc,heap       ] GC(23) Humongous regions: 0->0
[6.057s][info][gc,metaspace  ] GC(23) Metaspace: 13225K->13225K(1060864K)
[6.057s][info][gc            ] GC(23) Pause Young (Normal) (G1 Evacuation Pause) 938M->937M(1927M) 22.194ms
[6.057s][info][gc,cpu        ] GC(23) User=0.02s Sys=0.02s Real=0.02s
[6.650s][info][gc,start      ] GC(24) Pause Young (Normal) (G1 Evacuation Pause)
[6.650s][info][gc,task       ] GC(24) Using 10 workers of 10 for evacuation
[6.681s][info][gc,phases     ] GC(24)   Pre Evacuate Collection Set: 0.0ms
[6.681s][info][gc,phases     ] GC(24)   Evacuate Collection Set: 31.0ms
[6.681s][info][gc,phases     ] GC(24)   Post Evacuate Collection Set: 0.4ms
[6.681s][info][gc,phases     ] GC(24)   Other: 0.2ms
[6.681s][info][gc,heap       ] GC(24) Eden regions: 249->0(171)
[6.681s][info][gc,heap       ] GC(24) Survivor regions: 26->35(35)
[6.681s][info][gc,heap       ] GC(24) Old regions: 912->1151
[6.681s][info][gc,heap       ] GC(24) Humongous regions: 0->0
[6.681s][info][gc,metaspace  ] GC(24) Metaspace: 13406K->13406K(1062912K)
[6.681s][info][gc            ] GC(24) Pause Young (Normal) (G1 Evacuation Pause) 1186M->1185M(1927M) 31.767ms
[6.681s][info][gc,cpu        ] GC(24) User=0.20s Sys=0.02s Real=0.03s
[7.081s][info][gc,start      ] GC(25) Pause Young (Normal) (G1 Evacuation Pause)
[7.081s][info][gc,task       ] GC(25) Using 10 workers of 10 for evacuation
[7.120s][info][gc,phases     ] GC(25)   Pre Evacuate Collection Set: 0.0ms
[7.120s][info][gc,phases     ] GC(25)   Evacuate Collection Set: 38.3ms
[7.120s][info][gc,phases     ] GC(25)   Post Evacuate Collection Set: 0.4ms
[7.120s][info][gc,phases     ] GC(25)   Other: 0.2ms
[7.120s][info][gc,heap       ] GC(25) Eden regions: 171->0(166)
[7.120s][info][gc,heap       ] GC(25) Survivor regions: 35->26(26)
[7.120s][info][gc,heap       ] GC(25) Old regions: 1151->1329
[7.120s][info][gc,heap       ] GC(25) Humongous regions: 0->0
[7.120s][info][gc,metaspace  ] GC(25) Metaspace: 13441K->13441K(1062912K)
[7.120s][info][gc            ] GC(25) Pause Young (Normal) (G1 Evacuation Pause) 1356M->1354M(1927M) 39.021ms
[7.120s][info][gc,cpu        ] GC(25) User=0.08s Sys=0.23s Real=0.04s
[7.508s][info][gc,start      ] GC(26) Pause Young (Normal) (G1 Evacuation Pause)
[7.508s][info][gc,task       ] GC(26) Using 10 workers of 10 for evacuation
[7.529s][info][gc,phases     ] GC(26)   Pre Evacuate Collection Set: 0.0ms
[7.529s][info][gc,phases     ] GC(26)   Evacuate Collection Set: 20.6ms
[7.529s][info][gc,phases     ] GC(26)   Post Evacuate Collection Set: 0.3ms
[7.529s][info][gc,phases     ] GC(26)   Other: 0.2ms
[7.529s][info][gc,heap       ] GC(26) Eden regions: 166->0(168)
[7.529s][info][gc,heap       ] GC(26) Survivor regions: 26->24(24)
[7.529s][info][gc,heap       ] GC(26) Old regions: 1329->1497
[7.529s][info][gc,heap       ] GC(26) Humongous regions: 0->0
[7.529s][info][gc,metaspace  ] GC(26) Metaspace: 13441K->13441K(1062912K)
[7.529s][info][gc            ] GC(26) Pause Young (Normal) (G1 Evacuation Pause) 1520M->1520M(1927M) 21.321ms
[7.529s][info][gc,cpu        ] GC(26) User=0.09s Sys=0.00s Real=0.02s
[7.924s][info][gc,start      ] GC(27) Pause Young (Normal) (G1 Evacuation Pause)
[7.924s][info][gc,task       ] GC(27) Using 10 workers of 10 for evacuation
[7.950s][info][gc,phases     ] GC(27)   Pre Evacuate Collection Set: 0.0ms
[7.950s][info][gc,phases     ] GC(27)   Evacuate Collection Set: 25.3ms
[7.950s][info][gc,phases     ] GC(27)   Post Evacuate Collection Set: 0.4ms
[7.950s][info][gc,phases     ] GC(27)   Other: 0.2ms
[7.950s][info][gc,heap       ] GC(27) Eden regions: 168->0(168)
[7.950s][info][gc,heap       ] GC(27) Survivor regions: 24->24(24)
[7.950s][info][gc,heap       ] GC(27) Old regions: 1497->1664
[7.950s][info][gc,heap       ] GC(27) Humongous regions: 0->0
[7.950s][info][gc,metaspace  ] GC(27) Metaspace: 13441K->13441K(1062912K)
[7.951s][info][gc            ] GC(27) Pause Young (Normal) (G1 Evacuation Pause) 1688M->1687M(1927M) 26.151ms
[7.951s][info][gc,cpu        ] GC(27) User=0.03s Sys=0.13s Real=0.03s
[8.355s][info][gc,start      ] GC(28) Pause Young (Concurrent Start) (G1 Evacuation Pause)
[8.355s][info][gc,task       ] GC(28) Using 10 workers of 10 for evacuation
[8.401s][info][gc,phases     ] GC(28)   Pre Evacuate Collection Set: 0.1ms
[8.401s][info][gc,phases     ] GC(28)   Evacuate Collection Set: 44.8ms
[8.401s][info][gc,phases     ] GC(28)   Post Evacuate Collection Set: 0.3ms
[8.401s][info][gc,phases     ] GC(28)   Other: 0.7ms
[8.401s][info][gc,heap       ] GC(28) Eden regions: 168->0(180)
[8.401s][info][gc,heap       ] GC(28) Survivor regions: 24->24(24)
[8.401s][info][gc,heap       ] GC(28) Old regions: 1664->1831
[8.401s][info][gc,heap       ] GC(28) Humongous regions: 0->0
[8.401s][info][gc,metaspace  ] GC(28) Metaspace: 13453K->13453K(1062912K)
[8.401s][info][gc            ] GC(28) Pause Young (Concurrent Start) (G1 Evacuation Pause) 1855M->1854M(2047M) 46.070ms
[8.401s][info][gc,cpu        ] GC(28) User=0.17s Sys=0.06s Real=0.05s
[8.401s][info][gc            ] GC(29) Concurrent Cycle
[8.401s][info][gc,marking    ] GC(29) Concurrent Clear Claimed Marks
[8.401s][info][gc,marking    ] GC(29) Concurrent Clear Claimed Marks 0.041ms
[8.401s][info][gc,marking    ] GC(29) Concurrent Scan Root Regions
[8.402s][info][gc,marking    ] GC(29) Concurrent Scan Root Regions 0.304ms
[8.402s][info][gc,marking    ] GC(29) Concurrent Mark (8.402s)
[8.402s][info][gc,marking    ] GC(29) Concurrent Mark From Roots
[8.402s][info][gc,task       ] GC(29) Using 3 workers of 3 for marking
[8.413s][info][gc,marking    ] GC(29) Concurrent Mark From Roots 11.132ms
[8.413s][info][gc,marking    ] GC(29) Concurrent Preclean
[8.413s][info][gc,marking    ] GC(29) Concurrent Preclean 0.143ms
[8.413s][info][gc,marking    ] GC(29) Concurrent Mark (8.402s, 8.413s) 11.359ms
[8.413s][info][gc,start      ] GC(29) Pause Remark
[8.414s][info][gc,stringtable] GC(29) Cleaned string and symbol table, strings: 6613 processed, 12 removed, symbols: 45914 processed, 0 removed
[8.415s][info][gc            ] GC(29) Pause Remark 1860M->1134M(2047M) 1.382ms
[8.415s][info][gc,cpu        ] GC(29) User=0.00s Sys=0.00s Real=0.00s
[8.415s][info][gc,marking    ] GC(29) Concurrent Rebuild Remembered Sets
[8.425s][info][gc,marking    ] GC(29) Concurrent Rebuild Remembered Sets 10.098ms
[8.425s][info][gc,start      ] GC(29) Pause Cleanup
[8.425s][info][gc            ] GC(29) Pause Cleanup 1138M->1138M(2047M) 0.381ms
[8.425s][info][gc,cpu        ] GC(29) User=0.00s Sys=0.00s Real=0.00s
[8.425s][info][gc,marking    ] GC(29) Concurrent Cleanup for Next Mark
[8.427s][info][gc,marking    ] GC(29) Concurrent Cleanup for Next Mark 1.292ms
[8.427s][info][gc            ] GC(29) Concurrent Cycle 25.607ms
[8.841s][info][gc,start      ] GC(30) Pause Young (Prepare Mixed) (G1 Evacuation Pause)
[8.841s][info][gc,task       ] GC(30) Using 10 workers of 10 for evacuation
[8.881s][info][gc,phases     ] GC(30)   Pre Evacuate Collection Set: 0.1ms
[8.881s][info][gc,phases     ] GC(30)   Evacuate Collection Set: 39.2ms
[8.881s][info][gc,phases     ] GC(30)   Post Evacuate Collection Set: 0.4ms
[8.881s][info][gc,phases     ] GC(30)   Other: 0.6ms
[8.881s][info][gc,heap       ] GC(30) Eden regions: 180->0(178)
[8.881s][info][gc,heap       ] GC(30) Survivor regions: 24->26(26)
[8.881s][info][gc,heap       ] GC(30) Old regions: 1105->1282
[8.881s][info][gc,heap       ] GC(30) Humongous regions: 0->0
[8.881s][info][gc,metaspace  ] GC(30) Metaspace: 13453K->13453K(1062912K)
[8.881s][info][gc            ] GC(30) Pause Young (Prepare Mixed) (G1 Evacuation Pause) 1308M->1307M(2047M) 40.417ms
[8.881s][info][gc,cpu        ] GC(30) User=0.16s Sys=0.02s Real=0.04s
[9.294s][info][gc,start      ] GC(31) Pause Young (Mixed) (G1 Evacuation Pause)
[9.294s][info][gc,task       ] GC(31) Using 10 workers of 10 for evacuation
[9.319s][info][gc,phases     ] GC(31)   Pre Evacuate Collection Set: 0.0ms
[9.319s][info][gc,phases     ] GC(31)   Evacuate Collection Set: 22.1ms
[9.319s][info][gc,phases     ] GC(31)   Post Evacuate Collection Set: 2.9ms
[9.319s][info][gc,phases     ] GC(31)   Other: 0.3ms
[9.319s][info][gc,heap       ] GC(31) Eden regions: 178->0(190)
[9.319s][info][gc,heap       ] GC(31) Survivor regions: 26->26(26)
[9.319s][info][gc,heap       ] GC(31) Old regions: 1282->1455
[9.319s][info][gc,heap       ] GC(31) Humongous regions: 0->0
[9.319s][info][gc,metaspace  ] GC(31) Metaspace: 13476K->13476K(1062912K)
[9.319s][info][gc            ] GC(31) Pause Young (Mixed) (G1 Evacuation Pause) 1485M->1480M(2160M) 25.515ms
[9.319s][info][gc,cpu        ] GC(31) User=0.11s Sys=0.00s Real=0.03s
[9.803s][info][gc,start      ] GC(32) Pause Young (Normal) (G1 Evacuation Pause)
[9.803s][info][gc,task       ] GC(32) Using 10 workers of 10 for evacuation
[9.827s][info][gc,phases     ] GC(32)   Pre Evacuate Collection Set: 0.0ms
[9.827s][info][gc,phases     ] GC(32)   Evacuate Collection Set: 23.8ms
[9.827s][info][gc,phases     ] GC(32)   Post Evacuate Collection Set: 0.4ms
[9.827s][info][gc,phases     ] GC(32)   Other: 0.2ms
[9.827s][info][gc,heap       ] GC(32) Eden regions: 190->0(189)
[9.827s][info][gc,heap       ] GC(32) Survivor regions: 26->27(27)
[9.827s][info][gc,heap       ] GC(32) Old regions: 1455->1644
[9.827s][info][gc,heap       ] GC(32) Humongous regions: 0->0
[9.828s][info][gc,metaspace  ] GC(32) Metaspace: 13476K->13476K(1062912K)
[9.828s][info][gc            ] GC(32) Pause Young (Normal) (G1 Evacuation Pause) 1670M->1670M(2160M) 24.619ms
[9.828s][info][gc,cpu        ] GC(32) User=0.09s Sys=0.00s Real=0.02s
[10.286s][info][gc,start      ] GC(33) Pause Young (Normal) (G1 Evacuation Pause)
[10.286s][info][gc,task       ] GC(33) Using 10 workers of 10 for evacuation
[10.309s][info][gc,phases     ] GC(33)   Pre Evacuate Collection Set: 0.0ms
[10.309s][info][gc,phases     ] GC(33)   Evacuate Collection Set: 22.9ms
[10.309s][info][gc,phases     ] GC(33)   Post Evacuate Collection Set: 0.4ms
[10.309s][info][gc,phases     ] GC(33)   Other: 0.2ms
[10.309s][info][gc,heap       ] GC(33) Eden regions: 189->0(189)
[10.309s][info][gc,heap       ] GC(33) Survivor regions: 27->27(27)
[10.309s][info][gc,heap       ] GC(33) Old regions: 1644->1832
[10.309s][info][gc,heap       ] GC(33) Humongous regions: 0->0
[10.309s][info][gc,metaspace  ] GC(33) Metaspace: 13489K->13489K(1062912K)
[10.309s][info][gc            ] GC(33) Pause Young (Normal) (G1 Evacuation Pause) 1859M->1858M(2160M) 23.713ms
[10.310s][info][gc,cpu        ] GC(33) User=0.09s Sys=0.00s Real=0.02s
[10.751s][info][gc,start      ] GC(34) Pause Young (Normal) (G1 Evacuation Pause)
[10.752s][info][gc,task       ] GC(34) Using 10 workers of 10 for evacuation
[10.797s][info][gc,phases     ] GC(34)   Pre Evacuate Collection Set: 0.1ms
[10.797s][info][gc,phases     ] GC(34)   Evacuate Collection Set: 44.7ms
[10.797s][info][gc,phases     ] GC(34)   Post Evacuate Collection Set: 0.3ms
[10.797s][info][gc,phases     ] GC(34)   Other: 0.5ms
[10.797s][info][gc,heap       ] GC(34) Eden regions: 189->0(199)
[10.797s][info][gc,heap       ] GC(34) Survivor regions: 27->27(27)
[10.797s][info][gc,heap       ] GC(34) Old regions: 1832->2020
[10.797s][info][gc,heap       ] GC(34) Humongous regions: 0->0
[10.797s][info][gc,metaspace  ] GC(34) Metaspace: 13489K->13489K(1062912K)
[10.797s][info][gc            ] GC(34) Pause Young (Normal) (G1 Evacuation Pause) 2047M->2046M(2263M) 45.824ms
[10.797s][info][gc,cpu        ] GC(34) User=0.03s Sys=0.20s Real=0.05s
[11.274s][info][gc,start      ] GC(35) Pause Young (Concurrent Start) (G1 Evacuation Pause)
[11.274s][info][gc,task       ] GC(35) Using 10 workers of 10 for evacuation
[11.336s][info][gc,phases     ] GC(35)   Pre Evacuate Collection Set: 0.0ms
[11.336s][info][gc,phases     ] GC(35)   Evacuate Collection Set: 61.3ms
[11.336s][info][gc,phases     ] GC(35)   Post Evacuate Collection Set: 0.3ms
[11.336s][info][gc,phases     ] GC(35)   Other: 0.2ms
[11.336s][info][gc,heap       ] GC(35) Eden regions: 199->0(218)
[11.336s][info][gc,heap       ] GC(35) Survivor regions: 27->29(29)
[11.336s][info][gc,heap       ] GC(35) Old regions: 2020->2216
[11.336s][info][gc,heap       ] GC(35) Humongous regions: 0->0
[11.336s][info][gc,metaspace  ] GC(35) Metaspace: 13501K->13501K(1062912K)
[11.336s][info][gc            ] GC(35) Pause Young (Concurrent Start) (G1 Evacuation Pause) 2245M->2244M(2471M) 62.103ms
[11.336s][info][gc,cpu        ] GC(35) User=0.13s Sys=0.36s Real=0.06s
[11.336s][info][gc            ] GC(36) Concurrent Cycle
[11.336s][info][gc,marking    ] GC(36) Concurrent Clear Claimed Marks
[11.336s][info][gc,marking    ] GC(36) Concurrent Clear Claimed Marks 0.038ms
[11.336s][info][gc,marking    ] GC(36) Concurrent Scan Root Regions
[11.337s][info][gc,marking    ] GC(36) Concurrent Scan Root Regions 0.548ms
[11.337s][info][gc,marking    ] GC(36) Concurrent Mark (11.337s)
[11.337s][info][gc,marking    ] GC(36) Concurrent Mark From Roots
[11.337s][info][gc,task       ] GC(36) Using 3 workers of 3 for marking
[11.351s][info][gc,marking    ] GC(36) Concurrent Mark From Roots 13.956ms
[11.351s][info][gc,marking    ] GC(36) Concurrent Preclean
[11.351s][info][gc,marking    ] GC(36) Concurrent Preclean 0.143ms
[11.351s][info][gc,marking    ] GC(36) Concurrent Mark (11.337s, 11.351s) 14.184ms
[11.351s][info][gc,start      ] GC(36) Pause Remark
[11.352s][info][gc,stringtable] GC(36) Cleaned string and symbol table, strings: 6631 processed, 6 removed, symbols: 45922 processed, 0 removed
[11.352s][info][gc            ] GC(36) Pause Remark 2252M->1629M(2471M) 1.368ms
[11.352s][info][gc,cpu        ] GC(36) User=0.00s Sys=0.00s Real=0.00s
[11.352s][info][gc,marking    ] GC(36) Concurrent Rebuild Remembered Sets
[11.367s][info][gc,marking    ] GC(36) Concurrent Rebuild Remembered Sets 14.351ms
[11.367s][info][gc,start      ] GC(36) Pause Cleanup
[11.368s][info][gc            ] GC(36) Pause Cleanup 1637M->1637M(2471M) 0.538ms
[11.368s][info][gc,cpu        ] GC(36) User=0.00s Sys=0.00s Real=0.00s
[11.368s][info][gc,marking    ] GC(36) Concurrent Cleanup for Next Mark
[11.369s][info][gc,marking    ] GC(36) Concurrent Cleanup for Next Mark 1.604ms
[11.369s][info][gc            ] GC(36) Concurrent Cycle 33.395ms
[11.860s][info][gc,start      ] GC(37) Pause Young (Normal) (G1 Evacuation Pause)
[11.860s][info][gc,task       ] GC(37) Using 10 workers of 10 for evacuation
[11.887s][info][gc,phases     ] GC(37)   Pre Evacuate Collection Set: 0.0ms
[11.887s][info][gc,phases     ] GC(37)   Evacuate Collection Set: 26.6ms
[11.887s][info][gc,phases     ] GC(37)   Post Evacuate Collection Set: 0.4ms
[11.888s][info][gc,phases     ] GC(37)   Other: 0.2ms
[11.888s][info][gc,heap       ] GC(37) Eden regions: 218->0(216)
[11.888s][info][gc,heap       ] GC(37) Survivor regions: 29->31(31)
[11.888s][info][gc,heap       ] GC(37) Old regions: 1593->1808
[11.888s][info][gc,heap       ] GC(37) Humongous regions: 0->0
[11.888s][info][gc,metaspace  ] GC(37) Metaspace: 13501K->13501K(1062912K)
[11.888s][info][gc            ] GC(37) Pause Young (Normal) (G1 Evacuation Pause) 1839M->1838M(2471M) 27.391ms
[11.888s][info][gc,cpu        ] GC(37) User=0.20s Sys=0.03s Real=0.03s
[12.395s][info][gc,start      ] GC(38) Pause Young (Normal) (G1 Evacuation Pause)
[12.395s][info][gc,task       ] GC(38) Using 10 workers of 10 for evacuation
[12.422s][info][gc,phases     ] GC(38)   Pre Evacuate Collection Set: 0.1ms
[12.422s][info][gc,phases     ] GC(38)   Evacuate Collection Set: 26.7ms
[12.423s][info][gc,phases     ] GC(38)   Post Evacuate Collection Set: 0.4ms
[12.423s][info][gc,phases     ] GC(38)   Other: 0.5ms
[12.423s][info][gc,heap       ] GC(38) Eden regions: 216->0(216)
[12.423s][info][gc,heap       ] GC(38) Survivor regions: 31->31(31)
[12.423s][info][gc,heap       ] GC(38) Old regions: 1808->2023
[12.423s][info][gc,heap       ] GC(38) Humongous regions: 0->0
[12.423s][info][gc,metaspace  ] GC(38) Metaspace: 13517K->13517K(1062912K)
[12.423s][info][gc            ] GC(38) Pause Young (Normal) (G1 Evacuation Pause) 2054M->2053M(2471M) 27.808ms
[12.423s][info][gc,cpu        ] GC(38) User=0.16s Sys=0.00s Real=0.03s
[12.946s][info][gc,start      ] GC(39) Pause Young (Normal) (G1 Evacuation Pause)
[12.946s][info][gc,task       ] GC(39) Using 10 workers of 10 for evacuation
[12.980s][info][gc,phases     ] GC(39)   Pre Evacuate Collection Set: 0.0ms
[12.980s][info][gc,phases     ] GC(39)   Evacuate Collection Set: 33.5ms
[12.981s][info][gc,phases     ] GC(39)   Post Evacuate Collection Set: 0.3ms
[12.981s][info][gc,phases     ] GC(39)   Other: 0.2ms
[12.981s][info][gc,heap       ] GC(39) Eden regions: 216->0(220)
[12.981s][info][gc,heap       ] GC(39) Survivor regions: 31->31(31)
[12.981s][info][gc,heap       ] GC(39) Old regions: 2023->2238
[12.981s][info][gc,heap       ] GC(39) Humongous regions: 0->0
[12.981s][info][gc,metaspace  ] GC(39) Metaspace: 13517K->13517K(1062912K)
[12.981s][info][gc            ] GC(39) Pause Young (Normal) (G1 Evacuation Pause) 2269M->2268M(2516M) 34.219ms
[12.981s][info][gc,cpu        ] GC(39) User=0.06s Sys=0.05s Real=0.03s
[13.492s][info][gc,start      ] GC(40) Pause Young (Concurrent Start) (G1 Evacuation Pause)
[13.492s][info][gc,task       ] GC(40) Using 10 workers of 10 for evacuation
[13.561s][info][gc,phases     ] GC(40)   Pre Evacuate Collection Set: 0.1ms
[13.561s][info][gc,phases     ] GC(40)   Evacuate Collection Set: 67.8ms
[13.561s][info][gc,phases     ] GC(40)   Post Evacuate Collection Set: 0.3ms
[13.561s][info][gc,phases     ] GC(40)   Other: 0.5ms
[13.561s][info][gc,heap       ] GC(40) Eden regions: 220->0(241)
[13.561s][info][gc,heap       ] GC(40) Survivor regions: 31->32(32)
[13.561s][info][gc,heap       ] GC(40) Old regions: 2238->2456
[13.561s][info][gc,heap       ] GC(40) Humongous regions: 0->0
[13.561s][info][gc,metaspace  ] GC(40) Metaspace: 13537K->13537K(1062912K)
[13.561s][info][gc            ] GC(40) Pause Young (Concurrent Start) (G1 Evacuation Pause) 2488M->2487M(2739M) 68.879ms
[13.561s][info][gc,cpu        ] GC(40) User=0.09s Sys=0.17s Real=0.07s
[13.561s][info][gc            ] GC(41) Concurrent Cycle
[13.561s][info][gc,marking    ] GC(41) Concurrent Clear Claimed Marks
[13.561s][info][gc,marking    ] GC(41) Concurrent Clear Claimed Marks 0.037ms
[13.561s][info][gc,marking    ] GC(41) Concurrent Scan Root Regions
[13.562s][info][gc,marking    ] GC(41) Concurrent Scan Root Regions 0.524ms
[13.562s][info][gc,marking    ] GC(41) Concurrent Mark (13.562s)
[13.562s][info][gc,marking    ] GC(41) Concurrent Mark From Roots
[13.562s][info][gc,task       ] GC(41) Using 3 workers of 3 for marking
[13.578s][info][gc,marking    ] GC(41) Concurrent Mark From Roots 16.672ms
[13.578s][info][gc,marking    ] GC(41) Concurrent Preclean
[13.579s][info][gc,marking    ] GC(41) Concurrent Preclean 0.143ms
[13.579s][info][gc,marking    ] GC(41) Concurrent Mark (13.562s, 13.579s) 16.905ms
[13.579s][info][gc,start      ] GC(41) Pause Remark
[13.580s][info][gc,stringtable] GC(41) Cleaned string and symbol table, strings: 6644 processed, 6 removed, symbols: 45924 processed, 0 removed
[13.580s][info][gc            ] GC(41) Pause Remark 2493M->2064M(2739M) 1.554ms
[13.580s][info][gc,cpu        ] GC(41) User=0.00s Sys=0.00s Real=0.00s
[13.580s][info][gc,marking    ] GC(41) Concurrent Rebuild Remembered Sets
[13.600s][info][gc,marking    ] GC(41) Concurrent Rebuild Remembered Sets 19.618ms
[13.600s][info][gc,start      ] GC(41) Pause Cleanup
[13.601s][info][gc            ] GC(41) Pause Cleanup 2076M->2076M(2739M) 0.620ms
[13.601s][info][gc,cpu        ] GC(41) User=0.00s Sys=0.00s Real=0.00s
[13.601s][info][gc,marking    ] GC(41) Concurrent Cleanup for Next Mark
[13.603s][info][gc,marking    ] GC(41) Concurrent Cleanup for Next Mark 1.757ms
[13.603s][info][gc            ] GC(41) Concurrent Cycle 41.795ms
[14.147s][info][gc,start      ] GC(42) Pause Young (Normal) (G1 Evacuation Pause)
[14.147s][info][gc,task       ] GC(42) Using 10 workers of 10 for evacuation
[14.178s][info][gc,phases     ] GC(42)   Pre Evacuate Collection Set: 0.0ms
[14.178s][info][gc,phases     ] GC(42)   Evacuate Collection Set: 30.2ms
[14.178s][info][gc,phases     ] GC(42)   Post Evacuate Collection Set: 0.5ms
[14.178s][info][gc,phases     ] GC(42)   Other: 0.2ms
[14.178s][info][gc,heap       ] GC(42) Eden regions: 241->0(238)
[14.178s][info][gc,heap       ] GC(42) Survivor regions: 32->35(35)
[14.178s][info][gc,heap       ] GC(42) Old regions: 2027->2264
[14.178s][info][gc,heap       ] GC(42) Humongous regions: 0->0
[14.178s][info][gc,metaspace  ] GC(42) Metaspace: 13540K->13540K(1062912K)
[14.178s][info][gc            ] GC(42) Pause Young (Normal) (G1 Evacuation Pause) 2299M->2298M(2739M) 31.135ms
[14.178s][info][gc,cpu        ] GC(42) User=0.20s Sys=0.00s Real=0.03s
[14.754s][info][gc,start      ] GC(43) Pause Young (Normal) (G1 Evacuation Pause)
[14.755s][info][gc,task       ] GC(43) Using 10 workers of 10 for evacuation
[14.801s][info][gc,phases     ] GC(43)   Pre Evacuate Collection Set: 0.1ms
[14.801s][info][gc,phases     ] GC(43)   Evacuate Collection Set: 46.2ms
[14.801s][info][gc,phases     ] GC(43)   Post Evacuate Collection Set: 0.3ms
[14.801s][info][gc,phases     ] GC(43)   Other: 0.4ms
[14.801s][info][gc,heap       ] GC(43) Eden regions: 238->0(246)
[14.802s][info][gc,heap       ] GC(43) Survivor regions: 35->35(35)
[14.802s][info][gc,heap       ] GC(43) Old regions: 2264->2502
[14.802s][info][gc,heap       ] GC(43) Humongous regions: 0->0
[14.802s][info][gc,metaspace  ] GC(43) Metaspace: 13540K->13540K(1062912K)
[14.802s][info][gc            ] GC(43) Pause Young (Normal) (G1 Evacuation Pause) 2536M->2536M(2810M) 47.191ms
[14.802s][info][gc,cpu        ] GC(43) User=0.13s Sys=0.17s Real=0.05s
[15.397s][info][gc,start      ] GC(44) Pause Young (Concurrent Start) (G1 Evacuation Pause)
[15.397s][info][gc,task       ] GC(44) Using 10 workers of 10 for evacuation
[15.478s][info][gc,phases     ] GC(44)   Pre Evacuate Collection Set: 0.0ms
[15.478s][info][gc,phases     ] GC(44)   Evacuate Collection Set: 79.1ms
[15.478s][info][gc,phases     ] GC(44)   Post Evacuate Collection Set: 2.1ms
[15.478s][info][gc,phases     ] GC(44)   Other: 0.3ms
[15.478s][info][gc,heap       ] GC(44) Eden regions: 246->0(279)
[15.478s][info][gc,heap       ] GC(44) Survivor regions: 35->36(36)
[15.478s][info][gc,heap       ] GC(44) Old regions: 2502->2745
[15.478s][info][gc,heap       ] GC(44) Humongous regions: 0->0
[15.478s][info][gc,metaspace  ] GC(44) Metaspace: 13560K->13560K(1062912K)
[15.478s][info][gc            ] GC(44) Pause Young (Concurrent Start) (G1 Evacuation Pause) 2782M->2780M(3154M) 81.626ms
[15.478s][info][gc,cpu        ] GC(44) User=0.14s Sys=0.42s Real=0.08s
[15.478s][info][gc            ] GC(45) Concurrent Cycle
[15.478s][info][gc,marking    ] GC(45) Concurrent Clear Claimed Marks
[15.478s][info][gc,marking    ] GC(45) Concurrent Clear Claimed Marks 0.043ms
[15.478s][info][gc,marking    ] GC(45) Concurrent Scan Root Regions
[15.479s][info][gc,marking    ] GC(45) Concurrent Scan Root Regions 0.528ms
[15.479s][info][gc,marking    ] GC(45) Concurrent Mark (15.479s)
[15.479s][info][gc,marking    ] GC(45) Concurrent Mark From Roots
[15.479s][info][gc,task       ] GC(45) Using 3 workers of 3 for marking
[15.499s][info][gc,marking    ] GC(45) Concurrent Mark From Roots 20.494ms
[15.500s][info][gc,marking    ] GC(45) Concurrent Preclean
[15.500s][info][gc,marking    ] GC(45) Concurrent Preclean 0.147ms
[15.500s][info][gc,marking    ] GC(45) Concurrent Mark (15.479s, 15.500s) 20.720ms
[15.500s][info][gc,start      ] GC(45) Pause Remark
[15.501s][info][gc,stringtable] GC(45) Cleaned string and symbol table, strings: 6648 processed, 6 removed, symbols: 45924 processed, 0 removed
[15.502s][info][gc            ] GC(45) Pause Remark 2789M->2457M(3154M) 1.380ms
[15.502s][info][gc,cpu        ] GC(45) User=0.00s Sys=0.00s Real=0.00s
[15.502s][info][gc,marking    ] GC(45) Concurrent Rebuild Remembered Sets
[15.524s][info][gc,marking    ] GC(45) Concurrent Rebuild Remembered Sets 21.866ms
[15.524s][info][gc,start      ] GC(45) Pause Cleanup
[15.525s][info][gc            ] GC(45) Pause Cleanup 2466M->2466M(3154M) 0.780ms
[15.525s][info][gc,cpu        ] GC(45) User=0.00s Sys=0.00s Real=0.00s
[15.525s][info][gc,marking    ] GC(45) Concurrent Cleanup for Next Mark
[15.527s][info][gc,marking    ] GC(45) Concurrent Cleanup for Next Mark 2.266ms
[15.527s][info][gc            ] GC(45) Concurrent Cycle 48.795ms
[16.198s][info][gc,start      ] GC(46) Pause Young (Normal) (G1 Evacuation Pause)
[16.198s][info][gc,task       ] GC(46) Using 10 workers of 10 for evacuation
[16.234s][info][gc,phases     ] GC(46)   Pre Evacuate Collection Set: 0.1ms
[16.234s][info][gc,phases     ] GC(46)   Evacuate Collection Set: 34.9ms
[16.234s][info][gc,phases     ] GC(46)   Post Evacuate Collection Set: 0.4ms
[16.234s][info][gc,phases     ] GC(46)   Other: 0.3ms
[16.234s][info][gc,heap       ] GC(46) Eden regions: 279->0(275)
[16.234s][info][gc,heap       ] GC(46) Survivor regions: 36->40(40)
[16.234s][info][gc,heap       ] GC(46) Old regions: 2413->2687
[16.234s][info][gc,heap       ] GC(46) Humongous regions: 0->0
[16.234s][info][gc,metaspace  ] GC(46) Metaspace: 13563K->13563K(1062912K)
[16.234s][info][gc            ] GC(46) Pause Young (Normal) (G1 Evacuation Pause) 2727M->2726M(3154M) 35.889ms
[16.234s][info][gc,cpu        ] GC(46) User=0.13s Sys=0.02s Real=0.04s
[16.891s][info][gc,start      ] GC(47) Pause Young (Concurrent Start) (G1 Evacuation Pause)
[16.891s][info][gc,task       ] GC(47) Using 10 workers of 10 for evacuation
[16.960s][info][gc,phases     ] GC(47)   Pre Evacuate Collection Set: 0.1ms
[16.960s][info][gc,phases     ] GC(47)   Evacuate Collection Set: 67.1ms
[16.960s][info][gc,phases     ] GC(47)   Post Evacuate Collection Set: 0.4ms
[16.960s][info][gc,phases     ] GC(47)   Other: 0.9ms
[16.960s][info][gc,heap       ] GC(47) Eden regions: 275->0(291)
[16.960s][info][gc,heap       ] GC(47) Survivor regions: 40->40(40)
[16.960s][info][gc,heap       ] GC(47) Old regions: 2687->2961
[16.960s][info][gc,heap       ] GC(47) Humongous regions: 0->0
[16.960s][info][gc,metaspace  ] GC(47) Metaspace: 13563K->13563K(1062912K)
[16.960s][info][gc            ] GC(47) Pause Young (Concurrent Start) (G1 Evacuation Pause) 3001M->3000M(3316M) 68.626ms
[16.960s][info][gc,cpu        ] GC(47) User=0.17s Sys=0.11s Real=0.07s
[16.960s][info][gc            ] GC(48) Concurrent Cycle
[16.960s][info][gc,marking    ] GC(48) Concurrent Clear Claimed Marks
[16.960s][info][gc,marking    ] GC(48) Concurrent Clear Claimed Marks 0.069ms
[16.960s][info][gc,marking    ] GC(48) Concurrent Scan Root Regions
[16.961s][info][gc,marking    ] GC(48) Concurrent Scan Root Regions 0.677ms
[16.961s][info][gc,marking    ] GC(48) Concurrent Mark (16.961s)
[16.961s][info][gc,marking    ] GC(48) Concurrent Mark From Roots
[16.961s][info][gc,task       ] GC(48) Using 3 workers of 3 for marking
[16.984s][info][gc,marking    ] GC(48) Concurrent Mark From Roots 22.839ms
[16.984s][info][gc,marking    ] GC(48) Concurrent Preclean
[16.984s][info][gc,marking    ] GC(48) Concurrent Preclean 0.158ms
[16.984s][info][gc,marking    ] GC(48) Concurrent Mark (16.961s, 16.984s) 23.101ms
[16.984s][info][gc,start      ] GC(48) Pause Remark
[16.985s][info][gc,stringtable] GC(48) Cleaned string and symbol table, strings: 6672 processed, 0 removed, symbols: 45924 processed, 0 removed
[16.986s][info][gc            ] GC(48) Pause Remark 3011M->2662M(3316M) 1.478ms
[16.986s][info][gc,cpu        ] GC(48) User=0.00s Sys=0.00s Real=0.00s
[16.986s][info][gc,marking    ] GC(48) Concurrent Rebuild Remembered Sets
[17.012s][info][gc,marking    ] GC(48) Concurrent Rebuild Remembered Sets 25.821ms
[17.012s][info][gc,start      ] GC(48) Pause Cleanup
[17.013s][info][gc            ] GC(48) Pause Cleanup 2674M->2674M(3316M) 0.852ms
[17.013s][info][gc,cpu        ] GC(48) User=0.00s Sys=0.00s Real=0.00s
[17.013s][info][gc,marking    ] GC(48) Concurrent Cleanup for Next Mark
[17.015s][info][gc,marking    ] GC(48) Concurrent Cleanup for Next Mark 2.112ms
[17.015s][info][gc            ] GC(48) Concurrent Cycle 54.909ms
[17.655s][info][gc,start      ] GC(49) Pause Young (Normal) (G1 Evacuation Pause)
[17.655s][info][gc,task       ] GC(49) Using 10 workers of 10 for evacuation
[17.691s][info][gc,phases     ] GC(49)   Pre Evacuate Collection Set: 0.1ms
[17.691s][info][gc,phases     ] GC(49)   Evacuate Collection Set: 34.6ms
[17.691s][info][gc,phases     ] GC(49)   Post Evacuate Collection Set: 0.5ms
[17.691s][info][gc,phases     ] GC(49)   Other: 0.2ms
[17.691s][info][gc,heap       ] GC(49) Eden regions: 291->0(289)
[17.691s][info][gc,heap       ] GC(49) Survivor regions: 40->42(42)
[17.691s][info][gc,heap       ] GC(49) Old regions: 2612->2900
[17.691s][info][gc,heap       ] GC(49) Humongous regions: 0->0
[17.691s][info][gc,metaspace  ] GC(49) Metaspace: 13568K->13568K(1062912K)
[17.691s][info][gc            ] GC(49) Pause Young (Normal) (G1 Evacuation Pause) 2942M->2941M(3316M) 35.602ms
[17.691s][info][gc,cpu        ] GC(49) User=0.34s Sys=0.00s Real=0.04s
[18.376s][info][gc,start      ] GC(50) Pause Young (Concurrent Start) (G1 Evacuation Pause)
[18.376s][info][gc,task       ] GC(50) Using 10 workers of 10 for evacuation
[18.484s][info][gc,phases     ] GC(50)   Pre Evacuate Collection Set: 0.1ms
[18.485s][info][gc,phases     ] GC(50)   Evacuate Collection Set: 107.2ms
[18.485s][info][gc,phases     ] GC(50)   Post Evacuate Collection Set: 0.4ms
[18.485s][info][gc,phases     ] GC(50)   Other: 0.7ms
[18.485s][info][gc,heap       ] GC(50) Eden regions: 289->0(314)
[18.485s][info][gc,heap       ] GC(50) Survivor regions: 42->42(42)
[18.485s][info][gc,heap       ] GC(50) Old regions: 2900->3188
[18.485s][info][gc,heap       ] GC(50) Humongous regions: 0->0
[18.485s][info][gc,metaspace  ] GC(50) Metaspace: 13585K->13585K(1062912K)
[18.485s][info][gc            ] GC(50) Pause Young (Concurrent Start) (G1 Evacuation Pause) 3230M->3229M(3561M) 108.490ms
[18.485s][info][gc,cpu        ] GC(50) User=0.31s Sys=0.27s Real=0.11s
[18.485s][info][gc            ] GC(51) Concurrent Cycle
[18.485s][info][gc,marking    ] GC(51) Concurrent Clear Claimed Marks
[18.485s][info][gc,marking    ] GC(51) Concurrent Clear Claimed Marks 0.042ms
[18.485s][info][gc,marking    ] GC(51) Concurrent Scan Root Regions
[18.485s][info][gc,marking    ] GC(51) Concurrent Scan Root Regions 0.593ms
[18.485s][info][gc,marking    ] GC(51) Concurrent Mark (18.485s)
[18.485s][info][gc,marking    ] GC(51) Concurrent Mark From Roots
[18.485s][info][gc,task       ] GC(51) Using 3 workers of 3 for marking
[18.508s][info][gc,marking    ] GC(51) Concurrent Mark From Roots 22.419ms
[18.508s][info][gc,marking    ] GC(51) Concurrent Preclean
[18.508s][info][gc,marking    ] GC(51) Concurrent Preclean 0.157ms
[18.508s][info][gc,marking    ] GC(51) Concurrent Mark (18.485s, 18.508s) 22.667ms
[18.508s][info][gc,start      ] GC(51) Pause Remark
[18.509s][info][gc,stringtable] GC(51) Cleaned string and symbol table, strings: 6673 processed, 6 removed, symbols: 45928 processed, 0 removed
[18.510s][info][gc            ] GC(51) Pause Remark 3241M->2825M(3561M) 1.518ms
[18.510s][info][gc,cpu        ] GC(51) User=0.00s Sys=0.00s Real=0.00s
[18.510s][info][gc,marking    ] GC(51) Concurrent Rebuild Remembered Sets
[18.536s][info][gc,marking    ] GC(51) Concurrent Rebuild Remembered Sets 26.145ms
[18.536s][info][gc,start      ] GC(51) Pause Cleanup
[18.537s][info][gc            ] GC(51) Pause Cleanup 2837M->2837M(3561M) 0.877ms
[18.537s][info][gc,cpu        ] GC(51) User=0.00s Sys=0.00s Real=0.00s
[18.537s][info][gc,marking    ] GC(51) Concurrent Cleanup for Next Mark
[18.540s][info][gc,marking    ] GC(51) Concurrent Cleanup for Next Mark 2.338ms
[18.540s][info][gc            ] GC(51) Concurrent Cycle 55.034ms
[19.230s][info][gc,start      ] GC(52) Pause Young (Normal) (G1 Evacuation Pause)
[19.231s][info][gc,task       ] GC(52) Using 10 workers of 10 for evacuation
[19.270s][info][gc,phases     ] GC(52)   Pre Evacuate Collection Set: 0.1ms
[19.270s][info][gc,phases     ] GC(52)   Evacuate Collection Set: 38.8ms
[19.270s][info][gc,phases     ] GC(52)   Post Evacuate Collection Set: 0.5ms
[19.270s][info][gc,phases     ] GC(52)   Other: 0.3ms
[19.270s][info][gc,heap       ] GC(52) Eden regions: 314->0(311)
[19.270s][info][gc,heap       ] GC(52) Survivor regions: 42->45(45)
[19.270s][info][gc,heap       ] GC(52) Old regions: 2772->3081
[19.270s][info][gc,heap       ] GC(52) Humongous regions: 0->0
[19.270s][info][gc,metaspace  ] GC(52) Metaspace: 13602K->13602K(1062912K)
[19.270s][info][gc            ] GC(52) Pause Young (Normal) (G1 Evacuation Pause) 3127M->3125M(3561M) 39.960ms
[19.270s][info][gc,cpu        ] GC(52) User=0.27s Sys=0.00s Real=0.04s
[20.011s][info][gc,start      ] GC(53) Pause Young (Concurrent Start) (G1 Evacuation Pause)
[20.011s][info][gc,task       ] GC(53) Using 10 workers of 10 for evacuation
[20.110s][info][gc,phases     ] GC(53)   Pre Evacuate Collection Set: 0.1ms
[20.110s][info][gc,phases     ] GC(53)   Evacuate Collection Set: 98.0ms
[20.110s][info][gc,phases     ] GC(53)   Post Evacuate Collection Set: 0.4ms
[20.110s][info][gc,phases     ] GC(53)   Other: 0.6ms
[20.110s][info][gc,heap       ] GC(53) Eden regions: 311->0(334)
[20.110s][info][gc,heap       ] GC(53) Survivor regions: 45->45(45)
[20.110s][info][gc,heap       ] GC(53) Old regions: 3081->3391
[20.110s][info][gc,heap       ] GC(53) Humongous regions: 0->0
[20.110s][info][gc,metaspace  ] GC(53) Metaspace: 13602K->13602K(1062912K)
[20.110s][info][gc            ] GC(53) Pause Young (Concurrent Start) (G1 Evacuation Pause) 3436M->3435M(3792M) 99.327ms
[20.110s][info][gc,cpu        ] GC(53) User=0.19s Sys=0.34s Real=0.10s
[20.111s][info][gc            ] GC(54) Concurrent Cycle
[20.111s][info][gc,marking    ] GC(54) Concurrent Clear Claimed Marks
[20.111s][info][gc,marking    ] GC(54) Concurrent Clear Claimed Marks 0.061ms
[20.111s][info][gc,marking    ] GC(54) Concurrent Scan Root Regions
[20.111s][info][gc,marking    ] GC(54) Concurrent Scan Root Regions 0.691ms
[20.111s][info][gc,marking    ] GC(54) Concurrent Mark (20.111s)
[20.111s][info][gc,marking    ] GC(54) Concurrent Mark From Roots
[20.111s][info][gc,task       ] GC(54) Using 3 workers of 3 for marking
[20.135s][info][gc,marking    ] GC(54) Concurrent Mark From Roots 23.788ms
[20.135s][info][gc,marking    ] GC(54) Concurrent Preclean
[20.135s][info][gc,marking    ] GC(54) Concurrent Preclean 0.152ms
[20.135s][info][gc,marking    ] GC(54) Concurrent Mark (20.111s, 20.135s) 24.031ms
[20.136s][info][gc,start      ] GC(54) Pause Remark
[20.136s][info][gc,stringtable] GC(54) Cleaned string and symbol table, strings: 6677 processed, 0 removed, symbols: 45934 processed, 0 removed
[20.137s][info][gc            ] GC(54) Pause Remark 3444M->2992M(3792M) 1.550ms
[20.137s][info][gc,cpu        ] GC(54) User=0.00s Sys=0.00s Real=0.00s
[20.137s][info][gc,marking    ] GC(54) Concurrent Rebuild Remembered Sets
[20.165s][info][gc,marking    ] GC(54) Concurrent Rebuild Remembered Sets 28.012ms
[20.166s][info][gc,start      ] GC(54) Pause Cleanup
[20.167s][info][gc            ] GC(54) Pause Cleanup 3004M->3004M(3792M) 0.913ms
[20.167s][info][gc,cpu        ] GC(54) User=0.00s Sys=0.00s Real=0.00s
[20.167s][info][gc,marking    ] GC(54) Concurrent Cleanup for Next Mark
[20.170s][info][gc,marking    ] GC(54) Concurrent Cleanup for Next Mark 3.730ms
[20.171s][info][gc            ] GC(54) Concurrent Cycle 59.953ms
[20.900s][info][gc,start      ] GC(55) Pause Young (Normal) (G1 Evacuation Pause)
[20.900s][info][gc,task       ] GC(55) Using 10 workers of 10 for evacuation
[20.942s][info][gc,phases     ] GC(55)   Pre Evacuate Collection Set: 0.1ms
[20.942s][info][gc,phases     ] GC(55)   Evacuate Collection Set: 39.7ms
[20.942s][info][gc,phases     ] GC(55)   Post Evacuate Collection Set: 1.6ms
[20.942s][info][gc,phases     ] GC(55)   Other: 0.3ms
[20.942s][info][gc,heap       ] GC(55) Eden regions: 334->0(335)
[20.942s][info][gc,heap       ] GC(55) Survivor regions: 45->48(48)
[20.942s][info][gc,heap       ] GC(55) Old regions: 2939->3269
[20.942s][info][gc,heap       ] GC(55) Humongous regions: 0->0
[20.942s][info][gc,metaspace  ] GC(55) Metaspace: 13619K->13619K(1062912K)
[20.942s][info][gc            ] GC(55) Pause Young (Normal) (G1 Evacuation Pause) 3317M->3316M(3839M) 41.807ms
[20.942s][info][gc,cpu        ] GC(55) User=0.13s Sys=0.02s Real=0.04s
[21.746s][info][gc,start      ] GC(56) Pause Young (Concurrent Start) (G1 Evacuation Pause)
[21.746s][info][gc,task       ] GC(56) Using 10 workers of 10 for evacuation
[21.832s][info][gc,phases     ] GC(56)   Pre Evacuate Collection Set: 0.1ms
[21.832s][info][gc,phases     ] GC(56)   Evacuate Collection Set: 85.3ms
[21.832s][info][gc,phases     ] GC(56)   Post Evacuate Collection Set: 0.4ms
[21.832s][info][gc,phases     ] GC(56)   Other: 0.9ms
[21.832s][info][gc,heap       ] GC(56) Eden regions: 335->0(355)
[21.832s][info][gc,heap       ] GC(56) Survivor regions: 48->48(48)
[21.832s][info][gc,heap       ] GC(56) Old regions: 3269->3602
[21.832s][info][gc,heap       ] GC(56) Humongous regions: 0->0
[21.832s][info][gc,metaspace  ] GC(56) Metaspace: 13644K->13644K(1062912K)
[21.832s][info][gc            ] GC(56) Pause Young (Concurrent Start) (G1 Evacuation Pause) 3651M->3649M(4033M) 86.842ms
[21.832s][info][gc,cpu        ] GC(56) User=0.30s Sys=0.20s Real=0.09s
[21.832s][info][gc            ] GC(57) Concurrent Cycle
[21.832s][info][gc,marking    ] GC(57) Concurrent Clear Claimed Marks
[21.833s][info][gc,marking    ] GC(57) Concurrent Clear Claimed Marks 0.040ms
[21.833s][info][gc,marking    ] GC(57) Concurrent Scan Root Regions
[21.833s][info][gc,marking    ] GC(57) Concurrent Scan Root Regions 0.612ms
[21.833s][info][gc,marking    ] GC(57) Concurrent Mark (21.833s)
[21.833s][info][gc,marking    ] GC(57) Concurrent Mark From Roots
[21.833s][info][gc,task       ] GC(57) Using 3 workers of 3 for marking
[21.859s][info][gc,marking    ] GC(57) Concurrent Mark From Roots 25.318ms
[21.859s][info][gc,marking    ] GC(57) Concurrent Preclean
[21.859s][info][gc,marking    ] GC(57) Concurrent Preclean 0.156ms
[21.859s][info][gc,marking    ] GC(57) Concurrent Mark (21.833s, 21.859s) 25.561ms
[21.859s][info][gc,start      ] GC(57) Pause Remark
[21.860s][info][gc,stringtable] GC(57) Cleaned string and symbol table, strings: 6702 processed, 6 removed, symbols: 45944 processed, 0 removed
[21.861s][info][gc            ] GC(57) Pause Remark 3659M->3150M(4033M) 1.658ms
[21.861s][info][gc,cpu        ] GC(57) User=0.00s Sys=0.00s Real=0.00s
[21.861s][info][gc,marking    ] GC(57) Concurrent Rebuild Remembered Sets
[21.892s][info][gc,marking    ] GC(57) Concurrent Rebuild Remembered Sets 30.875ms
[21.892s][info][gc,start      ] GC(57) Pause Cleanup
[21.893s][info][gc            ] GC(57) Pause Cleanup 3166M->3166M(4033M) 0.965ms
[21.893s][info][gc,cpu        ] GC(57) User=0.00s Sys=0.00s Real=0.00s
[21.893s][info][gc,marking    ] GC(57) Concurrent Cleanup for Next Mark
[21.896s][info][gc,marking    ] GC(57) Concurrent Cleanup for Next Mark 3.124ms
[21.896s][info][gc            ] GC(57) Concurrent Cycle 63.685ms
[22.682s][info][gc,start      ] GC(58) Pause Young (Normal) (G1 Evacuation Pause)
[22.683s][info][gc,task       ] GC(58) Using 10 workers of 10 for evacuation
[22.730s][info][gc,phases     ] GC(58)   Pre Evacuate Collection Set: 0.3ms
[22.730s][info][gc,phases     ] GC(58)   Evacuate Collection Set: 46.5ms
[22.730s][info][gc,phases     ] GC(58)   Post Evacuate Collection Set: 0.5ms
[22.731s][info][gc,phases     ] GC(58)   Other: 0.9ms
[22.731s][info][gc,heap       ] GC(58) Eden regions: 355->0(352)
[22.731s][info][gc,heap       ] GC(58) Survivor regions: 48->51(51)
[22.731s][info][gc,heap       ] GC(58) Old regions: 3093->3444
[22.731s][info][gc,heap       ] GC(58) Humongous regions: 0->0
[22.731s][info][gc,metaspace  ] GC(58) Metaspace: 13650K->13650K(1062912K)
[22.731s][info][gc            ] GC(58) Pause Young (Normal) (G1 Evacuation Pause) 3495M->3494M(4033M) 48.370ms
[22.731s][info][gc,cpu        ] GC(58) User=0.25s Sys=0.00s Real=0.05s
[23.567s][info][gc,start      ] GC(59) Pause Young (Concurrent Start) (G1 Evacuation Pause)
[23.567s][info][gc,task       ] GC(59) Using 10 workers of 10 for evacuation
[23.612s][info][gc            ] GC(59) To-space exhausted
[23.612s][info][gc,phases     ] GC(59)   Pre Evacuate Collection Set: 0.1ms
[23.612s][info][gc,phases     ] GC(59)   Evacuate Collection Set: 42.5ms
[23.612s][info][gc,phases     ] GC(59)   Post Evacuate Collection Set: 1.6ms
[23.612s][info][gc,phases     ] GC(59)   Other: 0.4ms
[23.612s][info][gc,heap       ] GC(59) Eden regions: 352->0(356)
[23.612s][info][gc,heap       ] GC(59) Survivor regions: 51->51(51)
[23.612s][info][gc,heap       ] GC(59) Old regions: 3444->3800
[23.612s][info][gc,heap       ] GC(59) Humongous regions: 0->0
[23.612s][info][gc,metaspace  ] GC(59) Metaspace: 13652K->13652K(1062912K)
[23.612s][info][gc            ] GC(59) Pause Young (Concurrent Start) (G1 Evacuation Pause) 3846M->3851M(4078M) 44.741ms
[23.612s][info][gc,cpu        ] GC(59) User=0.11s Sys=0.08s Real=0.04s
[23.612s][info][gc            ] GC(60) Concurrent Cycle
[23.612s][info][gc,marking    ] GC(60) Concurrent Clear Claimed Marks
[23.612s][info][gc,marking    ] GC(60) Concurrent Clear Claimed Marks 0.035ms
[23.612s][info][gc,marking    ] GC(60) Concurrent Scan Root Regions
[23.613s][info][gc,marking    ] GC(60) Concurrent Scan Root Regions 0.639ms
[23.613s][info][gc,marking    ] GC(60) Concurrent Mark (23.613s)
[23.613s][info][gc,marking    ] GC(60) Concurrent Mark From Roots
[23.613s][info][gc,task       ] GC(60) Using 3 workers of 3 for marking
[23.639s][info][gc,marking    ] GC(60) Concurrent Mark From Roots 25.632ms
[23.639s][info][gc,marking    ] GC(60) Concurrent Preclean
[23.639s][info][gc,marking    ] GC(60) Concurrent Preclean 0.161ms
[23.639s][info][gc,marking    ] GC(60) Concurrent Mark (23.613s, 23.639s) 25.893ms
[23.639s][info][gc,start      ] GC(60) Pause Remark
[23.640s][info][gc,stringtable] GC(60) Cleaned string and symbol table, strings: 6727 processed, 0 removed, symbols: 45944 processed, 0 removed
[23.640s][info][gc            ] GC(60) Pause Remark 3860M->3280M(4078M) 1.448ms
[23.641s][info][gc,cpu        ] GC(60) User=0.00s Sys=0.00s Real=0.00s
[23.641s][info][gc,marking    ] GC(60) Concurrent Rebuild Remembered Sets
[23.672s][info][gc,marking    ] GC(60) Concurrent Rebuild Remembered Sets 31.524ms
[23.672s][info][gc,start      ] GC(60) Pause Cleanup
[23.673s][info][gc            ] GC(60) Pause Cleanup 3297M->3297M(4078M) 1.056ms
[23.673s][info][gc,cpu        ] GC(60) User=0.00s Sys=0.00s Real=0.00s
[23.674s][info][gc,marking    ] GC(60) Concurrent Cleanup for Next Mark
[23.677s][info][gc,marking    ] GC(60) Concurrent Cleanup for Next Mark 3.739ms
[23.677s][info][gc            ] GC(60) Concurrent Cycle 65.142ms
[24.461s][info][gc,start      ] GC(61) Pause Young (Normal) (G1 Evacuation Pause)
[24.461s][info][gc,task       ] GC(61) Using 10 workers of 10 for evacuation
[24.504s][info][gc,phases     ] GC(61)   Pre Evacuate Collection Set: 0.1ms
[24.504s][info][gc,phases     ] GC(61)   Evacuate Collection Set: 42.3ms
[24.504s][info][gc,phases     ] GC(61)   Post Evacuate Collection Set: 0.4ms
[24.504s][info][gc,phases     ] GC(61)   Other: 0.5ms
[24.504s][info][gc,heap       ] GC(61) Eden regions: 356->0(356)
[24.504s][info][gc,heap       ] GC(61) Survivor regions: 51->51(51)
[24.504s][info][gc,heap       ] GC(61) Old regions: 3220->3575
[24.504s][info][gc,heap       ] GC(61) Humongous regions: 0->0
[24.504s][info][gc,metaspace  ] GC(61) Metaspace: 13657K->13657K(1062912K)
[24.504s][info][gc            ] GC(61) Pause Young (Normal) (G1 Evacuation Pause) 3627M->3625M(4078M) 43.513ms
[24.504s][info][gc,cpu        ] GC(61) User=0.22s Sys=0.02s Real=0.04s
[25.348s][info][gc,start      ] GC(62) Pause Young (Concurrent Start) (G1 Evacuation Pause)
[25.348s][info][gc,task       ] GC(62) Using 10 workers of 10 for evacuation
[25.370s][info][gc            ] GC(62) To-space exhausted
[25.371s][info][gc,phases     ] GC(62)   Pre Evacuate Collection Set: 0.1ms
[25.371s][info][gc,phases     ] GC(62)   Evacuate Collection Set: 19.5ms
[25.371s][info][gc,phases     ] GC(62)   Post Evacuate Collection Set: 2.4ms
[25.371s][info][gc,phases     ] GC(62)   Other: 0.4ms
[25.371s][info][gc,heap       ] GC(62) Eden regions: 356->0(362)
[25.371s][info][gc,heap       ] GC(62) Survivor regions: 51->45(51)
[25.371s][info][gc,heap       ] GC(62) Old regions: 3575->3944
[25.371s][info][gc,heap       ] GC(62) Humongous regions: 0->0
[25.371s][info][gc,metaspace  ] GC(62) Metaspace: 13670K->13670K(1062912K)
[25.371s][info][gc            ] GC(62) Pause Young (Concurrent Start) (G1 Evacuation Pause) 3981M->3989M(4078M) 22.495ms
[25.371s][info][gc,cpu        ] GC(62) User=0.06s Sys=0.00s Real=0.02s
[25.371s][info][gc            ] GC(63) Concurrent Cycle
[25.371s][info][gc,marking    ] GC(63) Concurrent Clear Claimed Marks
[25.371s][info][gc,marking    ] GC(63) Concurrent Clear Claimed Marks 0.036ms
[25.371s][info][gc,marking    ] GC(63) Concurrent Scan Root Regions
[25.371s][info][gc,marking    ] GC(63) Concurrent Scan Root Regions 0.461ms
[25.371s][info][gc,marking    ] GC(63) Concurrent Mark (25.371s)
[25.371s][info][gc,marking    ] GC(63) Concurrent Mark From Roots
[25.371s][info][gc,task       ] GC(63) Using 3 workers of 3 for marking
[25.398s][info][gc,marking    ] GC(63) Concurrent Mark From Roots 27.126ms
[25.399s][info][gc,marking    ] GC(63) Concurrent Preclean
[25.399s][info][gc,marking    ] GC(63) Concurrent Preclean 0.164ms
[25.399s][info][gc,marking    ] GC(63) Concurrent Mark (25.371s, 25.399s) 27.377ms
[25.399s][info][gc,start      ] GC(63) Pause Remark
[25.400s][info][gc,stringtable] GC(63) Cleaned string and symbol table, strings: 6729 processed, 6 removed, symbols: 45944 processed, 0 removed
[25.400s][info][gc            ] GC(63) Pause Remark 4001M->3550M(4078M) 1.434ms
[25.400s][info][gc,cpu        ] GC(63) User=0.00s Sys=0.00s Real=0.00s
[25.400s][info][gc,marking    ] GC(63) Concurrent Rebuild Remembered Sets
[25.432s][info][gc,marking    ] GC(63) Concurrent Rebuild Remembered Sets 31.433ms
[25.432s][info][gc,start      ] GC(63) Pause Cleanup
[25.433s][info][gc            ] GC(63) Pause Cleanup 3566M->3566M(4078M) 1.072ms
[25.433s][info][gc,cpu        ] GC(63) User=0.00s Sys=0.00s Real=0.00s
[25.433s][info][gc,marking    ] GC(63) Concurrent Cleanup for Next Mark
[25.436s][info][gc,marking    ] GC(63) Concurrent Cleanup for Next Mark 3.003ms
[25.436s][info][gc            ] GC(63) Concurrent Cycle 65.625ms
[26.222s][info][gc,start      ] GC(64) Pause Young (Normal) (G1 Evacuation Pause)
[26.222s][info][gc,task       ] GC(64) Using 10 workers of 10 for evacuation
[26.252s][info][gc            ] GC(64) To-space exhausted
[26.252s][info][gc,phases     ] GC(64)   Pre Evacuate Collection Set: 0.1ms
[26.252s][info][gc,phases     ] GC(64)   Evacuate Collection Set: 27.1ms
[26.252s][info][gc,phases     ] GC(64)   Post Evacuate Collection Set: 2.3ms
[26.252s][info][gc,phases     ] GC(64)   Other: 0.3ms
[26.252s][info][gc,heap       ] GC(64) Eden regions: 362->0(356)
[26.252s][info][gc,heap       ] GC(64) Survivor regions: 45->51(51)
[26.252s][info][gc,heap       ] GC(64) Old regions: 3493->3854
[26.252s][info][gc,heap       ] GC(64) Humongous regions: 0->0
[26.252s][info][gc,metaspace  ] GC(64) Metaspace: 13670K->13670K(1062912K)
[26.252s][info][gc            ] GC(64) Pause Young (Normal) (G1 Evacuation Pause) 3900M->3905M(4078M) 29.967ms
[26.252s][info][gc,cpu        ] GC(64) User=0.13s Sys=0.03s Real=0.03s
[26.664s][info][gc,start      ] GC(65) Pause Young (Concurrent Start) (G1 Evacuation Pause)
[26.664s][info][gc,task       ] GC(65) Using 10 workers of 10 for evacuation
[26.668s][info][gc            ] GC(65) To-space exhausted
[26.668s][info][gc,phases     ] GC(65)   Pre Evacuate Collection Set: 0.1ms
[26.668s][info][gc,phases     ] GC(65)   Evacuate Collection Set: 1.7ms
[26.668s][info][gc,phases     ] GC(65)   Post Evacuate Collection Set: 2.0ms
[26.668s][info][gc,phases     ] GC(65)   Other: 0.4ms
[26.668s][info][gc,heap       ] GC(65) Eden regions: 173->0(407)
[26.668s][info][gc,heap       ] GC(65) Survivor regions: 51->0(51)
[26.668s][info][gc,heap       ] GC(65) Old regions: 3854->4078
[26.668s][info][gc,heap       ] GC(65) Humongous regions: 0->0
[26.668s][info][gc,metaspace  ] GC(65) Metaspace: 13670K->13670K(1062912K)
[26.668s][info][gc            ] GC(65) Pause Young (Concurrent Start) (G1 Evacuation Pause) 4078M->4078M(4078M) 4.301ms
[26.668s][info][gc,cpu        ] GC(65) User=0.00s Sys=0.00s Real=0.00s
[26.668s][info][gc,task       ] GC(66) Using 10 workers of 10 for full compaction
[26.668s][info][gc            ] GC(67) Concurrent Cycle
[26.668s][info][gc,marking    ] GC(67) Concurrent Clear Claimed Marks
[26.668s][info][gc,marking    ] GC(67) Concurrent Clear Claimed Marks 0.026ms
[26.668s][info][gc,marking    ] GC(67) Concurrent Scan Root Regions
[26.668s][info][gc,marking    ] GC(67) Concurrent Scan Root Regions 0.016ms
[26.668s][info][gc,marking    ] GC(67) Concurrent Mark (26.668s)
[26.668s][info][gc,marking    ] GC(67) Concurrent Mark From Roots
[26.668s][info][gc,task       ] GC(67) Using 3 workers of 3 for marking
[26.668s][info][gc,start      ] GC(66) Pause Full (G1 Evacuation Pause)
[26.672s][info][gc,phases,start] GC(66) Phase 1: Mark live objects
[26.692s][info][gc,stringtable ] GC(66) Cleaned string and symbol table, strings: 6730 processed, 557 removed, symbols: 45944 processed, 0 removed
[26.692s][info][gc,phases      ] GC(66) Phase 1: Mark live objects 20.328ms
[26.692s][info][gc,phases,start] GC(66) Phase 2: Prepare for compaction
[26.710s][info][gc,phases      ] GC(66) Phase 2: Prepare for compaction 17.651ms
[26.710s][info][gc,phases,start] GC(66) Phase 3: Adjust pointers
[26.727s][info][gc,phases      ] GC(66) Phase 3: Adjust pointers 16.690ms
[26.727s][info][gc,phases,start] GC(66) Phase 4: Compact heap
[27.153s][info][gc,phases      ] GC(66) Phase 4: Compact heap 425.953ms
[27.156s][info][gc,heap        ] GC(66) Eden regions: 0->0(407)
[27.156s][info][gc,heap        ] GC(66) Survivor regions: 0->0(51)
[27.157s][info][gc,heap        ] GC(66) Old regions: 4078->3531
[27.157s][info][gc,heap        ] GC(66) Humongous regions: 0->0
[27.157s][info][gc,metaspace   ] GC(66) Metaspace: 13670K->13282K(1062912K)
[27.157s][info][gc             ] GC(66) Pause Full (G1 Evacuation Pause) 4078M->3525M(4078M) 488.150ms
[27.157s][info][gc,cpu         ] GC(66) User=4.59s Sys=0.02s Real=0.49s
[27.157s][info][gc,marking     ] GC(67) Concurrent Mark From Roots 488.730ms
[27.157s][info][gc,marking     ] GC(67) Concurrent Mark Abort
[27.157s][info][gc             ] GC(67) Concurrent Cycle 489.005ms
[28.131s][info][gc,start       ] GC(68) Pause Young (Normal) (G1 Evacuation Pause)
[28.132s][info][gc,task        ] GC(68) Using 10 workers of 10 for evacuation
[28.157s][info][gc             ] GC(68) To-space exhausted
[28.157s][info][gc,phases      ] GC(68)   Pre Evacuate Collection Set: 0.1ms
[28.157s][info][gc,phases      ] GC(68)   Evacuate Collection Set: 23.3ms
[28.157s][info][gc,phases      ] GC(68)   Post Evacuate Collection Set: 1.7ms
[28.157s][info][gc,phases      ] GC(68)   Other: 0.9ms
[28.157s][info][gc,heap        ] GC(68) Eden regions: 407->0(356)
[28.158s][info][gc,heap        ] GC(68) Survivor regions: 0->51(51)
[28.158s][info][gc,heap        ] GC(68) Old regions: 3531->3892
[28.158s][info][gc,heap        ] GC(68) Humongous regions: 0->0
[28.158s][info][gc,metaspace   ] GC(68) Metaspace: 13363K->13363K(1062912K)
[28.158s][info][gc             ] GC(68) Pause Young (Normal) (G1 Evacuation Pause) 3932M->3937M(4078M) 26.166ms
[28.158s][info][gc,cpu         ] GC(68) User=0.02s Sys=0.00s Real=0.03s
[28.471s][info][gc,start       ] GC(69) Pause Young (Concurrent Start) (G1 Evacuation Pause)
[28.471s][info][gc,task        ] GC(69) Using 10 workers of 10 for evacuation
[28.475s][info][gc             ] GC(69) To-space exhausted
[28.475s][info][gc,phases      ] GC(69)   Pre Evacuate Collection Set: 0.1ms
[28.475s][info][gc,phases      ] GC(69)   Evacuate Collection Set: 1.5ms
[28.475s][info][gc,phases      ] GC(69)   Post Evacuate Collection Set: 1.8ms
[28.475s][info][gc,phases      ] GC(69)   Other: 0.4ms
[28.475s][info][gc,heap        ] GC(69) Eden regions: 135->0(407)
[28.475s][info][gc,heap        ] GC(69) Survivor regions: 51->0(51)
[28.475s][info][gc,heap        ] GC(69) Old regions: 3892->4078
[28.475s][info][gc,heap        ] GC(69) Humongous regions: 0->0
[28.475s][info][gc,metaspace   ] GC(69) Metaspace: 13372K->13372K(1062912K)
[28.475s][info][gc             ] GC(69) Pause Young (Concurrent Start) (G1 Evacuation Pause) 4072M->4072M(4078M) 3.824ms
[28.475s][info][gc,cpu         ] GC(69) User=0.00s Sys=0.00s Real=0.00s
[28.475s][info][gc,task        ] GC(70) Using 10 workers of 10 for full compaction
[28.475s][info][gc             ] GC(71) Concurrent Cycle
[28.475s][info][gc,marking     ] GC(71) Concurrent Clear Claimed Marks
[28.475s][info][gc,marking     ] GC(71) Concurrent Clear Claimed Marks 0.026ms
[28.475s][info][gc,marking     ] GC(71) Concurrent Scan Root Regions
[28.475s][info][gc,marking     ] GC(71) Concurrent Scan Root Regions 0.015ms
[28.475s][info][gc,marking     ] GC(71) Concurrent Mark (28.475s)
[28.475s][info][gc,marking     ] GC(71) Concurrent Mark From Roots
[28.475s][info][gc,task        ] GC(71) Using 3 workers of 3 for marking
[28.475s][info][gc,start       ] GC(70) Pause Full (G1 Evacuation Pause)
[28.479s][info][gc,phases,start] GC(70) Phase 1: Mark live objects
[28.499s][info][gc,stringtable ] GC(70) Cleaned string and symbol table, strings: 6502 processed, 6 removed, symbols: 45978 processed, 97 removed
[28.499s][info][gc,phases      ] GC(70) Phase 1: Mark live objects 20.132ms
[28.499s][info][gc,phases,start] GC(70) Phase 2: Prepare for compaction
[28.517s][info][gc,phases      ] GC(70) Phase 2: Prepare for compaction 17.779ms
[28.517s][info][gc,phases,start] GC(70) Phase 3: Adjust pointers
[28.534s][info][gc,phases      ] GC(70) Phase 3: Adjust pointers 17.608ms
[28.535s][info][gc,phases,start] GC(70) Phase 4: Compact heap
[28.965s][info][gc,phases      ] GC(70) Phase 4: Compact heap 430.722ms
[28.968s][info][gc,heap        ] GC(70) Eden regions: 0->0(407)
[28.968s][info][gc,heap        ] GC(70) Survivor regions: 0->0(51)
[28.968s][info][gc,heap        ] GC(70) Old regions: 4078->3750
[28.968s][info][gc,heap        ] GC(70) Humongous regions: 0->0
[28.968s][info][gc,metaspace   ] GC(70) Metaspace: 13372K->13372K(1062912K)
[28.968s][info][gc             ] GC(70) Pause Full (G1 Evacuation Pause) 4072M->3743M(4078M) 492.660ms
[28.968s][info][gc,cpu         ] GC(70) User=4.70s Sys=0.00s Real=0.49s
[28.969s][info][gc,marking     ] GC(71) Concurrent Mark From Roots 493.259ms
[28.969s][info][gc,marking     ] GC(71) Concurrent Mark Abort
[28.969s][info][gc             ] GC(71) Concurrent Cycle 493.520ms
[29.761s][info][gc,start       ] GC(72) Pause Young (Normal) (G1 Evacuation Pause)
[29.761s][info][gc,task        ] GC(72) Using 10 workers of 10 for evacuation
[29.765s][info][gc             ] GC(72) To-space exhausted
[29.765s][info][gc,phases      ] GC(72)   Pre Evacuate Collection Set: 0.1ms
[29.765s][info][gc,phases      ] GC(72)   Evacuate Collection Set: 1.9ms
[29.765s][info][gc,phases      ] GC(72)   Post Evacuate Collection Set: 2.2ms
[29.765s][info][gc,phases      ] GC(72)   Other: 0.3ms
[29.765s][info][gc,heap        ] GC(72) Eden regions: 328->0(407)
[29.765s][info][gc,heap        ] GC(72) Survivor regions: 0->0(51)
[29.765s][info][gc,heap        ] GC(72) Old regions: 3750->4078
[29.765s][info][gc,heap        ] GC(72) Humongous regions: 0->0
[29.765s][info][gc,metaspace   ] GC(72) Metaspace: 13372K->13372K(1062912K)
[29.765s][info][gc             ] GC(72) Pause Young (Normal) (G1 Evacuation Pause) 4071M->4071M(4078M) 4.591ms
[29.765s][info][gc,cpu         ] GC(72) User=0.00s Sys=0.00s Real=0.01s
[29.765s][info][gc,task        ] GC(73) Using 10 workers of 10 for full compaction
[29.766s][info][gc,start       ] GC(73) Pause Full (G1 Evacuation Pause)
[29.766s][info][gc,phases,start] GC(73) Phase 1: Mark live objects
[29.786s][info][gc,stringtable ] GC(73) Cleaned string and symbol table, strings: 6502 processed, 6 removed, symbols: 45881 processed, 0 removed
[29.786s][info][gc,phases      ] GC(73) Phase 1: Mark live objects 20.644ms
[29.786s][info][gc,phases,start] GC(73) Phase 2: Prepare for compaction
[29.804s][info][gc,phases      ] GC(73) Phase 2: Prepare for compaction 17.791ms
[29.804s][info][gc,phases,start] GC(73) Phase 3: Adjust pointers
[29.823s][info][gc,phases      ] GC(73) Phase 3: Adjust pointers 18.954ms
[29.823s][info][gc,phases,start] GC(73) Phase 4: Compact heap
[30.263s][info][gc,phases      ] GC(73) Phase 4: Compact heap 439.785ms
[30.266s][info][gc,heap        ] GC(73) Eden regions: 0->0(407)
[30.266s][info][gc,heap        ] GC(73) Survivor regions: 0->0(51)
[30.266s][info][gc,heap        ] GC(73) Old regions: 4078->3884
[30.266s][info][gc,heap        ] GC(73) Humongous regions: 0->0
[30.266s][info][gc,metaspace   ] GC(73) Metaspace: 13372K->13372K(1062912K)
[30.266s][info][gc             ] GC(73) Pause Full (G1 Evacuation Pause) 4071M->3877M(4078M) 500.579ms
[30.266s][info][gc,cpu         ] GC(73) User=4.91s Sys=0.00s Real=0.50s
[30.740s][info][gc,start       ] GC(74) Pause Young (Concurrent Start) (G1 Evacuation Pause)
[30.740s][info][gc,task        ] GC(74) Using 10 workers of 10 for evacuation
[30.747s][info][gc             ] GC(74) To-space exhausted
[30.747s][info][gc,phases      ] GC(74)   Pre Evacuate Collection Set: 0.1ms
[30.747s][info][gc,phases      ] GC(74)   Evacuate Collection Set: 4.0ms
[30.747s][info][gc,phases      ] GC(74)   Post Evacuate Collection Set: 1.9ms
[30.747s][info][gc,phases      ] GC(74)   Other: 1.1ms
[30.747s][info][gc,heap        ] GC(74) Eden regions: 194->0(407)
[30.747s][info][gc,heap        ] GC(74) Survivor regions: 0->0(51)
[30.747s][info][gc,heap        ] GC(74) Old regions: 3884->4078
[30.747s][info][gc,heap        ] GC(74) Humongous regions: 0->0
[30.747s][info][gc,metaspace   ] GC(74) Metaspace: 13395K->13395K(1062912K)
[30.747s][info][gc             ] GC(74) Pause Young (Concurrent Start) (G1 Evacuation Pause) 4071M->4071M(4078M) 7.216ms
[30.747s][info][gc,cpu         ] GC(74) User=0.00s Sys=0.00s Real=0.01s
[30.747s][info][gc,task        ] GC(75) Using 10 workers of 10 for full compaction
[30.747s][info][gc             ] GC(76) Concurrent Cycle
[30.747s][info][gc,marking     ] GC(76) Concurrent Clear Claimed Marks
[30.747s][info][gc,marking     ] GC(76) Concurrent Clear Claimed Marks 0.026ms
[30.747s][info][gc,marking     ] GC(76) Concurrent Scan Root Regions
[30.747s][info][gc,marking     ] GC(76) Concurrent Scan Root Regions 0.015ms
[30.747s][info][gc,marking     ] GC(76) Concurrent Mark (30.747s)
[30.747s][info][gc,marking     ] GC(76) Concurrent Mark From Roots
[30.747s][info][gc,start       ] GC(75) Pause Full (G1 Evacuation Pause)
[30.747s][info][gc,task        ] GC(76) Using 3 workers of 3 for marking
[30.751s][info][gc,phases,start] GC(75) Phase 1: Mark live objects
[30.771s][info][gc,stringtable ] GC(75) Cleaned string and symbol table, strings: 6503 processed, 6 removed, symbols: 45885 processed, 0 removed
[30.771s][info][gc,phases      ] GC(75) Phase 1: Mark live objects 20.191ms
[30.771s][info][gc,phases,start] GC(75) Phase 2: Prepare for compaction
[30.789s][info][gc,phases      ] GC(75) Phase 2: Prepare for compaction 18.427ms
[30.789s][info][gc,phases,start] GC(75) Phase 3: Adjust pointers
[30.807s][info][gc,phases      ] GC(75) Phase 3: Adjust pointers 17.930ms
[30.807s][info][gc,phases,start] GC(75) Phase 4: Compact heap
[31.254s][info][gc,phases      ] GC(75) Phase 4: Compact heap 446.639ms
[31.258s][info][gc,heap        ] GC(75) Eden regions: 0->0(407)
[31.259s][info][gc,heap        ] GC(75) Survivor regions: 0->0(51)
[31.259s][info][gc,heap        ] GC(75) Old regions: 4078->3955
[31.259s][info][gc,heap        ] GC(75) Humongous regions: 0->0
[31.259s][info][gc,metaspace   ] GC(75) Metaspace: 13395K->13391K(1062912K)
[31.259s][info][gc             ] GC(75) Pause Full (G1 Evacuation Pause) 4071M->3949M(4078M) 511.386ms
[31.259s][info][gc,cpu         ] GC(75) User=4.92s Sys=0.02s Real=0.51s
[31.259s][info][gc,marking     ] GC(76) Concurrent Mark From Roots 511.962ms
[31.259s][info][gc,marking     ] GC(76) Concurrent Mark Abort
[31.259s][info][gc             ] GC(76) Concurrent Cycle 512.207ms
[31.556s][info][gc,start       ] GC(77) Pause Young (Normal) (G1 Evacuation Pause)
[31.556s][info][gc,task        ] GC(77) Using 10 workers of 10 for evacuation
[31.558s][info][gc             ] GC(77) To-space exhausted
[31.558s][info][gc,phases      ] GC(77)   Pre Evacuate Collection Set: 0.1ms
[31.558s][info][gc,phases      ] GC(77)   Evacuate Collection Set: 0.8ms
[31.558s][info][gc,phases      ] GC(77)   Post Evacuate Collection Set: 1.1ms
[31.559s][info][gc,phases      ] GC(77)   Other: 0.3ms
[31.559s][info][gc,heap        ] GC(77) Eden regions: 123->0(407)
[31.559s][info][gc,heap        ] GC(77) Survivor regions: 0->0(51)
[31.559s][info][gc,heap        ] GC(77) Old regions: 3955->4078
[31.559s][info][gc,heap        ] GC(77) Humongous regions: 0->0
[31.559s][info][gc,metaspace   ] GC(77) Metaspace: 13407K->13407K(1062912K)
[31.559s][info][gc             ] GC(77) Pause Young (Normal) (G1 Evacuation Pause) 4072M->4072M(4078M) 2.482ms
[31.559s][info][gc,cpu         ] GC(77) User=0.00s Sys=0.00s Real=0.00s
[31.559s][info][gc,task        ] GC(78) Using 10 workers of 10 for full compaction
[31.559s][info][gc,start       ] GC(78) Pause Full (G1 Evacuation Pause)
[31.559s][info][gc,phases,start] GC(78) Phase 1: Mark live objects
[31.578s][info][gc,stringtable ] GC(78) Cleaned string and symbol table, strings: 6503 processed, 6 removed, symbols: 45885 processed, 2 removed
[31.578s][info][gc,phases      ] GC(78) Phase 1: Mark live objects 18.861ms
[31.578s][info][gc,phases,start] GC(78) Phase 2: Prepare for compaction
[31.596s][info][gc,phases      ] GC(78) Phase 2: Prepare for compaction 17.656ms
[31.596s][info][gc,phases,start] GC(78) Phase 3: Adjust pointers
[31.614s][info][gc,phases      ] GC(78) Phase 3: Adjust pointers 18.686ms
[31.614s][info][gc,phases,start] GC(78) Phase 4: Compact heap
[32.042s][info][gc,phases      ] GC(78) Phase 4: Compact heap 427.702ms
[32.045s][info][gc,heap        ] GC(78) Eden regions: 0->0(407)
[32.045s][info][gc,heap        ] GC(78) Survivor regions: 0->0(51)
[32.045s][info][gc,heap        ] GC(78) Old regions: 4078->3995
[32.045s][info][gc,heap        ] GC(78) Humongous regions: 0->0
[32.045s][info][gc,metaspace   ] GC(78) Metaspace: 13407K->13407K(1062912K)
[32.045s][info][gc             ] GC(78) Pause Full (G1 Evacuation Pause) 4072M->3987M(4078M) 486.114ms
[32.045s][info][gc,cpu         ] GC(78) User=4.64s Sys=0.00s Real=0.49s
[32.241s][info][gc,start       ] GC(79) Pause Young (Concurrent Start) (G1 Evacuation Pause)
[32.241s][info][gc,task        ] GC(79) Using 10 workers of 10 for evacuation
[32.243s][info][gc             ] GC(79) To-space exhausted
[32.244s][info][gc,phases      ] GC(79)   Pre Evacuate Collection Set: 0.1ms
[32.244s][info][gc,phases      ] GC(79)   Evacuate Collection Set: 1.1ms
[32.244s][info][gc,phases      ] GC(79)   Post Evacuate Collection Set: 1.2ms
[32.244s][info][gc,phases      ] GC(79)   Other: 0.6ms
[32.244s][info][gc,heap        ] GC(79) Eden regions: 83->0(407)
[32.244s][info][gc,heap        ] GC(79) Survivor regions: 0->0(51)
[32.244s][info][gc,heap        ] GC(79) Old regions: 3995->4078
[32.244s][info][gc,heap        ] GC(79) Humongous regions: 0->0
[32.244s][info][gc,metaspace   ] GC(79) Metaspace: 13407K->13407K(1062912K)
[32.244s][info][gc             ] GC(79) Pause Young (Concurrent Start) (G1 Evacuation Pause) 4070M->4070M(4078M) 3.237ms
[32.244s][info][gc,cpu         ] GC(79) User=0.00s Sys=0.00s Real=0.00s
[32.244s][info][gc,task        ] GC(80) Using 10 workers of 10 for full compaction
[32.244s][info][gc             ] GC(81) Concurrent Cycle
[32.244s][info][gc,marking     ] GC(81) Concurrent Clear Claimed Marks
[32.244s][info][gc,marking     ] GC(81) Concurrent Clear Claimed Marks 0.036ms
[32.244s][info][gc,marking     ] GC(81) Concurrent Scan Root Regions
[32.244s][info][gc,marking     ] GC(81) Concurrent Scan Root Regions 0.027ms
[32.244s][info][gc,marking     ] GC(81) Concurrent Mark (32.244s)
[32.244s][info][gc,marking     ] GC(81) Concurrent Mark From Roots
[32.244s][info][gc,task        ] GC(81) Using 3 workers of 3 for marking
[32.244s][info][gc,start       ] GC(80) Pause Full (G1 Evacuation Pause)
[32.247s][info][gc,phases,start] GC(80) Phase 1: Mark live objects
[32.269s][info][gc,stringtable ] GC(80) Cleaned string and symbol table, strings: 6497 processed, 0 removed, symbols: 45883 processed, 0 removed
[32.269s][info][gc,phases      ] GC(80) Phase 1: Mark live objects 21.660ms
[32.269s][info][gc,phases,start] GC(80) Phase 2: Prepare for compaction
[32.287s][info][gc,phases      ] GC(80) Phase 2: Prepare for compaction 17.544ms
[32.287s][info][gc,phases,start] GC(80) Phase 3: Adjust pointers
[32.306s][info][gc,phases      ] GC(80) Phase 3: Adjust pointers 19.377ms
[32.306s][info][gc,phases,start] GC(80) Phase 4: Compact heap
[32.516s][info][gc,phases      ] GC(80) Phase 4: Compact heap 209.393ms
[32.519s][info][gc,heap        ] GC(80) Eden regions: 0->0(407)
[32.519s][info][gc,heap        ] GC(80) Survivor regions: 0->0(51)
[32.519s][info][gc,heap        ] GC(80) Old regions: 4078->4024
[32.519s][info][gc,heap        ] GC(80) Humongous regions: 0->0
[32.519s][info][gc,metaspace   ] GC(80) Metaspace: 13407K->13407K(1062912K)
[32.519s][info][gc             ] GC(80) Pause Full (G1 Evacuation Pause) 4070M->4017M(4078M) 274.832ms
[32.519s][info][gc,cpu         ] GC(80) User=2.63s Sys=0.00s Real=0.28s
[32.520s][info][gc,marking     ] GC(81) Concurrent Mark From Roots 275.442ms
[32.520s][info][gc,marking     ] GC(81) Concurrent Mark Abort
[32.520s][info][gc             ] GC(81) Concurrent Cycle 275.782ms
[32.654s][info][gc,start       ] GC(82) Pause Young (Normal) (G1 Evacuation Pause)
[32.654s][info][gc,task        ] GC(82) Using 10 workers of 10 for evacuation
[32.658s][info][gc             ] GC(82) To-space exhausted
[32.658s][info][gc,phases      ] GC(82)   Pre Evacuate Collection Set: 0.3ms
[32.659s][info][gc,phases      ] GC(82)   Evacuate Collection Set: 1.9ms
[32.659s][info][gc,phases      ] GC(82)   Post Evacuate Collection Set: 2.1ms
[32.659s][info][gc,phases      ] GC(82)   Other: 0.8ms
[32.659s][info][gc,heap        ] GC(82) Eden regions: 54->0(407)
[32.659s][info][gc,heap        ] GC(82) Survivor regions: 0->0(51)
[32.659s][info][gc,heap        ] GC(82) Old regions: 4024->4078
[32.659s][info][gc,heap        ] GC(82) Humongous regions: 0->0
[32.659s][info][gc,metaspace   ] GC(82) Metaspace: 13418K->13418K(1062912K)
[32.659s][info][gc             ] GC(82) Pause Young (Normal) (G1 Evacuation Pause) 4071M->4071M(4078M) 5.737ms
[32.659s][info][gc,cpu         ] GC(82) User=0.00s Sys=0.02s Real=0.01s
[32.660s][info][gc,task        ] GC(83) Using 10 workers of 10 for full compaction
[32.660s][info][gc,start       ] GC(83) Pause Full (G1 Evacuation Pause)
[32.661s][info][gc,phases,start] GC(83) Phase 1: Mark live objects
[32.699s][info][gc,stringtable ] GC(83) Cleaned string and symbol table, strings: 6503 processed, 6 removed, symbols: 45885 processed, 0 removed
[32.699s][info][gc,phases      ] GC(83) Phase 1: Mark live objects 37.809ms
[32.699s][info][gc,phases,start] GC(83) Phase 2: Prepare for compaction
[32.718s][info][gc,phases      ] GC(83) Phase 2: Prepare for compaction 18.889ms
[32.718s][info][gc,phases,start] GC(83) Phase 3: Adjust pointers
[32.736s][info][gc,phases      ] GC(83) Phase 3: Adjust pointers 18.394ms
[32.736s][info][gc,phases,start] GC(83) Phase 4: Compact heap
[32.977s][info][gc,phases      ] GC(83) Phase 4: Compact heap 240.548ms
[32.979s][info][gc,heap        ] GC(83) Eden regions: 0->0(407)
[32.979s][info][gc,heap        ] GC(83) Survivor regions: 0->0(51)
[32.979s][info][gc,heap        ] GC(83) Old regions: 4078->4028
[32.979s][info][gc,heap        ] GC(83) Humongous regions: 0->0
[32.979s][info][gc,metaspace   ] GC(83) Metaspace: 13418K->13418K(1062912K)
[32.979s][info][gc             ] GC(83) Pause Full (G1 Evacuation Pause) 4071M->4023M(4078M) 319.089ms
[32.980s][info][gc,cpu         ] GC(83) User=2.83s Sys=0.00s Real=0.32s
[33.098s][info][gc,start       ] GC(84) Pause Young (Concurrent Start) (G1 Evacuation Pause)
[33.098s][info][gc,task        ] GC(84) Using 10 workers of 10 for evacuation
[33.103s][info][gc             ] GC(84) To-space exhausted
[33.103s][info][gc,phases      ] GC(84)   Pre Evacuate Collection Set: 0.1ms
[33.103s][info][gc,phases      ] GC(84)   Evacuate Collection Set: 2.0ms
[33.103s][info][gc,phases      ] GC(84)   Post Evacuate Collection Set: 2.0ms
[33.103s][info][gc,phases      ] GC(84)   Other: 1.2ms
[33.103s][info][gc,heap        ] GC(84) Eden regions: 50->0(407)
[33.104s][info][gc,heap        ] GC(84) Survivor regions: 0->0(51)
[33.104s][info][gc,heap        ] GC(84) Old regions: 4028->4078
[33.104s][info][gc,heap        ] GC(84) Humongous regions: 0->0
[33.104s][info][gc,metaspace   ] GC(84) Metaspace: 13418K->13418K(1062912K)
[33.104s][info][gc             ] GC(84) Pause Young (Concurrent Start) (G1 Evacuation Pause) 4073M->4073M(4078M) 6.093ms
[33.104s][info][gc,cpu         ] GC(84) User=0.00s Sys=0.00s Real=0.01s
[33.104s][info][gc,task        ] GC(85) Using 10 workers of 10 for full compaction
[33.104s][info][gc             ] GC(86) Concurrent Cycle
[33.104s][info][gc,marking     ] GC(86) Concurrent Clear Claimed Marks
[33.105s][info][gc,marking     ] GC(86) Concurrent Clear Claimed Marks 0.130ms
[33.105s][info][gc,marking     ] GC(86) Concurrent Scan Root Regions
[33.105s][info][gc,marking     ] GC(86) Concurrent Scan Root Regions 0.078ms
[33.105s][info][gc,marking     ] GC(86) Concurrent Mark (33.105s)
[33.105s][info][gc,marking     ] GC(86) Concurrent Mark From Roots
[33.105s][info][gc,task        ] GC(86) Using 3 workers of 3 for marking
[33.105s][info][gc,start       ] GC(85) Pause Full (G1 Evacuation Pause)
[33.111s][info][gc,phases,start] GC(85) Phase 1: Mark live objects
[33.152s][info][gc,stringtable ] GC(85) Cleaned string and symbol table, strings: 6497 processed, 322 removed, symbols: 45885 processed, 0 removed
[33.152s][info][gc,phases      ] GC(85) Phase 1: Mark live objects 40.660ms
[33.152s][info][gc,phases,start] GC(85) Phase 2: Prepare for compaction
[33.171s][info][gc,phases      ] GC(85) Phase 2: Prepare for compaction 19.150ms
[33.171s][info][gc,phases,start] GC(85) Phase 3: Adjust pointers
[33.189s][info][gc,phases      ] GC(85) Phase 3: Adjust pointers 17.941ms
[33.189s][info][gc,phases,start] GC(85) Phase 4: Compact heap
[33.403s][info][gc,phases      ] GC(85) Phase 4: Compact heap 213.751ms
[33.406s][info][gc,heap        ] GC(85) Eden regions: 0->0(407)
[33.406s][info][gc,heap        ] GC(85) Survivor regions: 0->0(51)
[33.406s][info][gc,heap        ] GC(85) Old regions: 4078->4030
[33.406s][info][gc,heap        ] GC(85) Humongous regions: 0->0
[33.406s][info][gc,metaspace   ] GC(85) Metaspace: 13418K->13418K(1062912K)
[33.407s][info][gc             ] GC(85) Pause Full (G1 Evacuation Pause) 4073M->4024M(4078M) 301.587ms
[33.407s][info][gc,cpu         ] GC(85) User=2.59s Sys=0.03s Real=0.30s
[33.407s][info][gc,marking     ] GC(86) Concurrent Mark From Roots 302.422ms
[33.407s][info][gc,marking     ] GC(86) Concurrent Mark Abort
[33.407s][info][gc             ] GC(86) Concurrent Cycle 303.255ms
[33.521s][info][gc,start       ] GC(87) Pause Young (Normal) (G1 Evacuation Pause)
[33.521s][info][gc,task        ] GC(87) Using 10 workers of 10 for evacuation
[33.522s][info][gc             ] GC(87) To-space exhausted
[33.522s][info][gc,phases      ] GC(87)   Pre Evacuate Collection Set: 0.1ms
[33.522s][info][gc,phases      ] GC(87)   Evacuate Collection Set: 0.4ms
[33.522s][info][gc,phases      ] GC(87)   Post Evacuate Collection Set: 0.8ms
[33.522s][info][gc,phases      ] GC(87)   Other: 0.2ms
[33.522s][info][gc,heap        ] GC(87) Eden regions: 48->0(407)
[33.522s][info][gc,heap        ] GC(87) Survivor regions: 0->0(51)
[33.522s][info][gc,heap        ] GC(87) Old regions: 4030->4078
[33.522s][info][gc,heap        ] GC(87) Humongous regions: 0->0
[33.522s][info][gc,metaspace   ] GC(87) Metaspace: 13418K->13418K(1062912K)
[33.522s][info][gc             ] GC(87) Pause Young (Normal) (G1 Evacuation Pause) 4072M->4072M(4078M) 1.591ms
[33.522s][info][gc,cpu         ] GC(87) User=0.00s Sys=0.00s Real=0.00s
[33.522s][info][gc,task        ] GC(88) Using 10 workers of 10 for full compaction
[33.523s][info][gc,start       ] GC(88) Pause Full (G1 Evacuation Pause)
[33.523s][info][gc,phases,start] GC(88) Phase 1: Mark live objects
[33.541s][info][gc,stringtable ] GC(88) Cleaned string and symbol table, strings: 6182 processed, 7 removed, symbols: 45885 processed, 0 removed
[33.542s][info][gc,phases      ] GC(88) Phase 1: Mark live objects 18.795ms
[33.542s][info][gc,phases,start] GC(88) Phase 2: Prepare for compaction
[33.559s][info][gc,phases      ] GC(88) Phase 2: Prepare for compaction 17.828ms
[33.559s][info][gc,phases,start] GC(88) Phase 3: Adjust pointers
[33.578s][info][gc,phases      ] GC(88) Phase 3: Adjust pointers 18.076ms
[33.578s][info][gc,phases,start] GC(88) Phase 4: Compact heap
[34.020s][info][gc,phases      ] GC(88) Phase 4: Compact heap 442.516ms
[34.023s][info][gc,heap        ] GC(88) Eden regions: 0->0(407)
[34.023s][info][gc,heap        ] GC(88) Survivor regions: 0->0(51)
[34.023s][info][gc,heap        ] GC(88) Old regions: 4078->4023
[34.023s][info][gc,heap        ] GC(88) Humongous regions: 0->0
[34.023s][info][gc,metaspace   ] GC(88) Metaspace: 13418K->13418K(1062912K)
[34.023s][info][gc             ] GC(88) Pause Full (G1 Evacuation Pause) 4072M->4015M(4078M) 500.836ms
[34.024s][info][gc,cpu         ] GC(88) User=4.75s Sys=0.00s Real=0.50s
[34.156s][info][gc,start       ] GC(89) Pause Young (Concurrent Start) (G1 Evacuation Pause)
[34.156s][info][gc,task        ] GC(89) Using 10 workers of 10 for evacuation
[34.159s][info][gc             ] GC(89) To-space exhausted
[34.159s][info][gc,phases      ] GC(89)   Pre Evacuate Collection Set: 0.1ms
[34.159s][info][gc,phases      ] GC(89)   Evacuate Collection Set: 1.0ms
[34.159s][info][gc,phases      ] GC(89)   Post Evacuate Collection Set: 1.2ms
[34.159s][info][gc,phases      ] GC(89)   Other: 0.6ms
[34.159s][info][gc,heap        ] GC(89) Eden regions: 55->0(407)
[34.159s][info][gc,heap        ] GC(89) Survivor regions: 0->0(51)
[34.159s][info][gc,heap        ] GC(89) Old regions: 4023->4078
[34.159s][info][gc,heap        ] GC(89) Humongous regions: 0->0
[34.159s][info][gc,metaspace   ] GC(89) Metaspace: 13418K->13418K(1062912K)
[34.159s][info][gc             ] GC(89) Pause Young (Concurrent Start) (G1 Evacuation Pause) 4070M->4070M(4078M) 3.204ms
[34.160s][info][gc,cpu         ] GC(89) User=0.02s Sys=0.00s Real=0.00s
[34.160s][info][gc,task        ] GC(90) Using 10 workers of 10 for full compaction
[34.160s][info][gc             ] GC(91) Concurrent Cycle
[34.160s][info][gc,marking     ] GC(91) Concurrent Clear Claimed Marks
[34.160s][info][gc,marking     ] GC(91) Concurrent Clear Claimed Marks 0.049ms
[34.160s][info][gc,marking     ] GC(91) Concurrent Scan Root Regions
[34.160s][info][gc,marking     ] GC(91) Concurrent Scan Root Regions 0.042ms
[34.160s][info][gc,marking     ] GC(91) Concurrent Mark (34.160s)
[34.160s][info][gc,marking     ] GC(91) Concurrent Mark From Roots
[34.160s][info][gc,task        ] GC(91) Using 3 workers of 3 for marking
[34.160s][info][gc,start       ] GC(90) Pause Full (G1 Evacuation Pause)
[34.164s][info][gc,phases,start] GC(90) Phase 1: Mark live objects
[34.192s][info][gc,stringtable ] GC(90) Cleaned string and symbol table, strings: 6175 processed, 0 removed, symbols: 45885 processed, 0 removed
[34.192s][info][gc,phases      ] GC(90) Phase 1: Mark live objects 28.053ms
[34.192s][info][gc,phases,start] GC(90) Phase 2: Prepare for compaction
[34.215s][info][gc,phases      ] GC(90) Phase 2: Prepare for compaction 23.187ms
[34.215s][info][gc,phases,start] GC(90) Phase 3: Adjust pointers
[34.235s][info][gc,phases      ] GC(90) Phase 3: Adjust pointers 19.486ms
[34.235s][info][gc,phases,start] GC(90) Phase 4: Compact heap
[34.710s][info][gc,phases      ] GC(90) Phase 4: Compact heap 474.568ms
[34.712s][info][gc,heap        ] GC(90) Eden regions: 0->0(407)
[34.712s][info][gc,heap        ] GC(90) Survivor regions: 0->0(51)
[34.712s][info][gc,heap        ] GC(90) Old regions: 4078->4029
[34.712s][info][gc,heap        ] GC(90) Humongous regions: 0->0
[34.712s][info][gc,metaspace   ] GC(90) Metaspace: 13418K->13418K(1062912K)
[34.712s][info][gc             ] GC(90) Pause Full (G1 Evacuation Pause) 4070M->4022M(4078M) 552.471ms
[34.713s][info][gc,cpu         ] GC(90) User=4.84s Sys=0.05s Real=0.55s
[34.713s][info][gc,marking     ] GC(91) Concurrent Mark From Roots 553.029ms
[34.713s][info][gc,marking     ] GC(91) Concurrent Mark Abort
[34.713s][info][gc             ] GC(91) Concurrent Cycle 553.462ms
[34.830s][info][gc,start       ] GC(92) Pause Young (Normal) (G1 Evacuation Pause)
[34.830s][info][gc,task        ] GC(92) Using 10 workers of 10 for evacuation
[34.834s][info][gc             ] GC(92) To-space exhausted
[34.834s][info][gc,phases      ] GC(92)   Pre Evacuate Collection Set: 0.2ms
[34.834s][info][gc,phases      ] GC(92)   Evacuate Collection Set: 1.7ms
[34.834s][info][gc,phases      ] GC(92)   Post Evacuate Collection Set: 2.0ms
[34.834s][info][gc,phases      ] GC(92)   Other: 0.8ms
[34.835s][info][gc,heap        ] GC(92) Eden regions: 49->0(407)
[34.835s][info][gc,heap        ] GC(92) Survivor regions: 0->0(51)
[34.835s][info][gc,heap        ] GC(92) Old regions: 4029->4078
[34.835s][info][gc,heap        ] GC(92) Humongous regions: 0->0
[34.835s][info][gc,metaspace   ] GC(92) Metaspace: 13426K->13426K(1062912K)
[34.835s][info][gc             ] GC(92) Pause Young (Normal) (G1 Evacuation Pause) 4071M->4071M(4078M) 5.375ms
[34.835s][info][gc,cpu         ] GC(92) User=0.02s Sys=0.00s Real=0.01s
[34.835s][info][gc,task        ] GC(93) Using 10 workers of 10 for full compaction
[34.836s][info][gc,start       ] GC(93) Pause Full (G1 Evacuation Pause)
[34.837s][info][gc,phases,start] GC(93) Phase 1: Mark live objects
[34.876s][info][gc,stringtable ] GC(93) Cleaned string and symbol table, strings: 6182 processed, 7 removed, symbols: 45885 processed, 0 removed
[34.876s][info][gc,phases      ] GC(93) Phase 1: Mark live objects 39.299ms
[34.876s][info][gc,phases,start] GC(93) Phase 2: Prepare for compaction
[34.895s][info][gc,phases      ] GC(93) Phase 2: Prepare for compaction 19.292ms
[34.895s][info][gc,phases,start] GC(93) Phase 3: Adjust pointers
[34.914s][info][gc,phases      ] GC(93) Phase 3: Adjust pointers 18.582ms
[34.914s][info][gc,phases,start] GC(93) Phase 4: Compact heap
[35.394s][info][gc,phases      ] GC(93) Phase 4: Compact heap 479.824ms
[35.397s][info][gc,heap        ] GC(93) Eden regions: 0->0(407)
[35.397s][info][gc,heap        ] GC(93) Survivor regions: 0->0(51)
[35.397s][info][gc,heap        ] GC(93) Old regions: 4078->4029
[35.397s][info][gc,heap        ] GC(93) Humongous regions: 0->0
[35.397s][info][gc,metaspace   ] GC(93) Metaspace: 13426K->13426K(1062912K)
[35.397s][info][gc             ] GC(93) Pause Full (G1 Evacuation Pause) 4071M->4022M(4078M) 561.047ms
[35.397s][info][gc,cpu         ] GC(93) User=5.17s Sys=0.02s Real=0.56s
[35.513s][info][gc,start       ] GC(94) Pause Young (Concurrent Start) (G1 Evacuation Pause)
[35.513s][info][gc,task        ] GC(94) Using 10 workers of 10 for evacuation
[35.515s][info][gc             ] GC(94) To-space exhausted
[35.515s][info][gc,phases      ] GC(94)   Pre Evacuate Collection Set: 0.1ms
[35.515s][info][gc,phases      ] GC(94)   Evacuate Collection Set: 0.6ms
[35.515s][info][gc,phases      ] GC(94)   Post Evacuate Collection Set: 0.8ms
[35.515s][info][gc,phases      ] GC(94)   Other: 0.3ms
[35.515s][info][gc,heap        ] GC(94) Eden regions: 49->0(407)
[35.515s][info][gc,heap        ] GC(94) Survivor regions: 0->0(51)
[35.515s][info][gc,heap        ] GC(94) Old regions: 4029->4078
[35.515s][info][gc,heap        ] GC(94) Humongous regions: 0->0
[35.515s][info][gc,metaspace   ] GC(94) Metaspace: 13434K->13434K(1062912K)
[35.515s][info][gc             ] GC(94) Pause Young (Concurrent Start) (G1 Evacuation Pause) 4071M->4071M(4078M) 1.833ms
[35.515s][info][gc,cpu         ] GC(94) User=0.00s Sys=0.00s Real=0.00s
[35.515s][info][gc,task        ] GC(95) Using 10 workers of 10 for full compaction
[35.515s][info][gc             ] GC(96) Concurrent Cycle
[35.515s][info][gc,marking     ] GC(96) Concurrent Clear Claimed Marks
[35.515s][info][gc,marking     ] GC(96) Concurrent Clear Claimed Marks 0.022ms
[35.515s][info][gc,marking     ] GC(96) Concurrent Scan Root Regions
[35.515s][info][gc,marking     ] GC(96) Concurrent Scan Root Regions 0.015ms
[35.515s][info][gc,marking     ] GC(96) Concurrent Mark (35.515s)
[35.515s][info][gc,marking     ] GC(96) Concurrent Mark From Roots
[35.515s][info][gc,task        ] GC(96) Using 3 workers of 3 for marking
[35.515s][info][gc,start       ] GC(95) Pause Full (G1 Evacuation Pause)
[35.519s][info][gc,phases,start] GC(95) Phase 1: Mark live objects
[35.538s][info][gc,stringtable ] GC(95) Cleaned string and symbol table, strings: 6182 processed, 7 removed, symbols: 45885 processed, 0 removed
[35.538s][info][gc,phases      ] GC(95) Phase 1: Mark live objects 19.606ms
[35.538s][info][gc,phases,start] GC(95) Phase 2: Prepare for compaction
[35.557s][info][gc,phases      ] GC(95) Phase 2: Prepare for compaction 18.115ms
[35.557s][info][gc,phases,start] GC(95) Phase 3: Adjust pointers
[35.575s][info][gc,phases      ] GC(95) Phase 3: Adjust pointers 18.717ms
[35.575s][info][gc,phases,start] GC(95) Phase 4: Compact heap
[36.040s][info][gc,phases      ] GC(95) Phase 4: Compact heap 464.787ms
[36.043s][info][gc,heap        ] GC(95) Eden regions: 0->0(407)
[36.043s][info][gc,heap        ] GC(95) Survivor regions: 0->0(51)
[36.043s][info][gc,heap        ] GC(95) Old regions: 4078->4030
[36.043s][info][gc,heap        ] GC(95) Humongous regions: 0->0
[36.043s][info][gc,metaspace   ] GC(95) Metaspace: 13434K->13434K(1062912K)
[36.044s][info][gc             ] GC(95) Pause Full (G1 Evacuation Pause) 4071M->4023M(4078M) 528.165ms
[36.044s][info][gc,cpu         ] GC(95) User=5.03s Sys=0.02s Real=0.53s
[36.044s][info][gc,marking     ] GC(96) Concurrent Mark From Roots 528.748ms
[36.044s][info][gc,marking     ] GC(96) Concurrent Mark Abort
[36.044s][info][gc             ] GC(96) Concurrent Cycle 529.046ms
[36.158s][info][gc,start       ] GC(97) Pause Young (Normal) (G1 Evacuation Pause)
[36.158s][info][gc,task        ] GC(97) Using 10 workers of 10 for evacuation
[36.160s][info][gc             ] GC(97) To-space exhausted
[36.160s][info][gc,phases      ] GC(97)   Pre Evacuate Collection Set: 0.1ms
[36.160s][info][gc,phases      ] GC(97)   Evacuate Collection Set: 0.5ms
[36.160s][info][gc,phases      ] GC(97)   Post Evacuate Collection Set: 0.7ms
[36.160s][info][gc,phases      ] GC(97)   Other: 0.3ms
[36.160s][info][gc,heap        ] GC(97) Eden regions: 48->0(407)
[36.160s][info][gc,heap        ] GC(97) Survivor regions: 0->0(51)
[36.160s][info][gc,heap        ] GC(97) Old regions: 4030->4078
[36.160s][info][gc,heap        ] GC(97) Humongous regions: 0->0
[36.160s][info][gc,metaspace   ] GC(97) Metaspace: 13434K->13434K(1062912K)
[36.160s][info][gc             ] GC(97) Pause Young (Normal) (G1 Evacuation Pause) 4071M->4071M(4078M) 1.648ms
[36.160s][info][gc,cpu         ] GC(97) User=0.03s Sys=0.11s Real=0.00s
[36.160s][info][gc,task        ] GC(98) Using 10 workers of 10 for full compaction
[36.160s][info][gc,start       ] GC(98) Pause Full (G1 Evacuation Pause)
[36.160s][info][gc,phases,start] GC(98) Phase 1: Mark live objects
