[0.021s][info][gc,heap] Heap region size: 1M
[0.027s][info][gc     ] Using G1
[0.027s][info][gc,heap,coops] Heap address: 0x0000000701200000, size: 4078 MB, Compressed Oops mode: Zero based, Oop shift amount: 3
[0.221s][info][gc,start     ] GC(0) Pause Young (Normal) (G1 Evacuation Pause)
[0.222s][info][gc,task      ] GC(0) Using 10 workers of 10 for evacuation
[0.228s][info][gc,phases    ] GC(0)   Pre Evacuate Collection Set: 0.0ms
[0.228s][info][gc,phases    ] GC(0)   Evacuate Collection Set: 5.8ms
[0.228s][info][gc,phases    ] GC(0)   Post Evacuate Collection Set: 0.3ms
[0.228s][info][gc,phases    ] GC(0)   Other: 0.8ms
[0.228s][info][gc,heap      ] GC(0) Eden regions: 24->0(13)
[0.228s][info][gc,heap      ] GC(0) Survivor regions: 0->3(3)
[0.229s][info][gc,heap      ] GC(0) Old regions: 0->19
[0.229s][info][gc,heap      ] GC(0) Humongous regions: 0->0
[0.229s][info][gc,metaspace ] GC(0) Metaspace: 6527K->6527K(1056768K)
[0.229s][info][gc           ] GC(0) Pause Young (Normal) (G1 Evacuation Pause) 24M->21M(256M) 7.720ms
[0.229s][info][gc,cpu       ] GC(0) User=0.00s Sys=0.00s Real=0.01s
[0.266s][info][gc,start     ] GC(1) Pause Young (Normal) (G1 Evacuation Pause)
[0.266s][info][gc,task      ] GC(1) Using 10 workers of 10 for evacuation
[0.271s][info][gc,phases    ] GC(1)   Pre Evacuate Collection Set: 0.0ms
[0.271s][info][gc,phases    ] GC(1)   Evacuate Collection Set: 3.8ms
[0.271s][info][gc,phases    ] GC(1)   Post Evacuate Collection Set: 0.3ms
[0.271s][info][gc,phases    ] GC(1)   Other: 0.1ms
[0.271s][info][gc,heap      ] GC(1) Eden regions: 13->0(28)
[0.271s][info][gc,heap      ] GC(1) Survivor regions: 3->2(2)
[0.271s][info][gc,heap      ] GC(1) Old regions: 19->33
[0.271s][info][gc,heap      ] GC(1) Humongous regions: 0->0
[0.271s][info][gc,metaspace ] GC(1) Metaspace: 6527K->6527K(1056768K)
[0.271s][info][gc           ] GC(1) Pause Young (Normal) (G1 Evacuation Pause) 34M->34M(256M) 4.356ms
[0.271s][info][gc,cpu       ] GC(1) User=0.06s Sys=0.08s Real=0.00s
[0.327s][info][gc,start     ] GC(2) Pause Young (Normal) (G1 Evacuation Pause)
[0.327s][info][gc,task      ] GC(2) Using 10 workers of 10 for evacuation
[0.334s][info][gc,phases    ] GC(2)   Pre Evacuate Collection Set: 0.0ms
[0.334s][info][gc,phases    ] GC(2)   Evacuate Collection Set: 7.0ms
[0.334s][info][gc,phases    ] GC(2)   Post Evacuate Collection Set: 0.2ms
[0.334s][info][gc,phases    ] GC(2)   Other: 0.1ms
[0.334s][info][gc,heap      ] GC(2) Eden regions: 28->0(35)
[0.334s][info][gc,heap      ] GC(2) Survivor regions: 2->4(4)
[0.334s][info][gc,heap      ] GC(2) Old regions: 33->57
[0.334s][info][gc,heap      ] GC(2) Humongous regions: 0->0
[0.334s][info][gc,metaspace ] GC(2) Metaspace: 6995K->6995K(1056768K)
[0.334s][info][gc           ] GC(2) Pause Young (Normal) (G1 Evacuation Pause) 62M->60M(256M) 7.522ms
[0.334s][info][gc,cpu       ] GC(2) User=0.05s Sys=0.11s Real=0.01s
[0.413s][info][gc,start     ] GC(3) Pause Young (Normal) (G1 Evacuation Pause)
[0.413s][info][gc,task      ] GC(3) Using 10 workers of 10 for evacuation
[0.422s][info][gc,phases    ] GC(3)   Pre Evacuate Collection Set: 0.0ms
[0.422s][info][gc,phases    ] GC(3)   Evacuate Collection Set: 8.5ms
[0.422s][info][gc,phases    ] GC(3)   Post Evacuate Collection Set: 0.2ms
[0.422s][info][gc,phases    ] GC(3)   Other: 0.1ms
[0.422s][info][gc,heap      ] GC(3) Eden regions: 35->0(43)
[0.422s][info][gc,heap      ] GC(3) Survivor regions: 4->5(5)
[0.422s][info][gc,heap      ] GC(3) Old regions: 57->87
[0.422s][info][gc,heap      ] GC(3) Humongous regions: 0->0
[0.422s][info][gc,metaspace ] GC(3) Metaspace: 6995K->6995K(1056768K)
[0.422s][info][gc           ] GC(3) Pause Young (Normal) (G1 Evacuation Pause) 95M->91M(256M) 9.025ms
[0.422s][info][gc,cpu       ] GC(3) User=0.00s Sys=0.00s Real=0.01s
[0.528s][info][gc,start     ] GC(4) Pause Young (Normal) (G1 Evacuation Pause)
[0.528s][info][gc,task      ] GC(4) Using 10 workers of 10 for evacuation
[0.543s][info][gc,phases    ] GC(4)   Pre Evacuate Collection Set: 0.0ms
[0.543s][info][gc,phases    ] GC(4)   Evacuate Collection Set: 10.3ms
[0.543s][info][gc,phases    ] GC(4)   Post Evacuate Collection Set: 4.7ms
[0.543s][info][gc,phases    ] GC(4)   Other: 0.1ms
[0.543s][info][gc,heap      ] GC(4) Eden regions: 43->0(61)
[0.543s][info][gc,heap      ] GC(4) Survivor regions: 5->6(6)
[0.543s][info][gc,heap      ] GC(4) Old regions: 87->126
[0.543s][info][gc,heap      ] GC(4) Humongous regions: 0->0
[0.543s][info][gc,metaspace ] GC(4) Metaspace: 6996K->6996K(1056768K)
[0.543s][info][gc           ] GC(4) Pause Young (Normal) (G1 Evacuation Pause) 134M->131M(482M) 15.393ms
[0.543s][info][gc,cpu       ] GC(4) User=0.05s Sys=0.08s Real=0.02s
[0.701s][info][gc,start     ] GC(5) Pause Young (Normal) (G1 Evacuation Pause)
[0.701s][info][gc,task      ] GC(5) Using 10 workers of 10 for evacuation
[0.716s][info][gc,phases    ] GC(5)   Pre Evacuate Collection Set: 0.0ms
[0.716s][info][gc,phases    ] GC(5)   Evacuate Collection Set: 15.1ms
[0.716s][info][gc,phases    ] GC(5)   Post Evacuate Collection Set: 0.3ms
[0.716s][info][gc,phases    ] GC(5)   Other: 0.2ms
[0.716s][info][gc,heap      ] GC(5) Eden regions: 61->0(80)
[0.716s][info][gc,heap      ] GC(5) Survivor regions: 6->9(9)
[0.716s][info][gc,heap      ] GC(5) Old regions: 126->179
[0.716s][info][gc,heap      ] GC(5) Humongous regions: 0->0
[0.716s][info][gc,metaspace ] GC(5) Metaspace: 6997K->6997K(1056768K)
[0.716s][info][gc           ] GC(5) Pause Young (Normal) (G1 Evacuation Pause) 192M->187M(482M) 15.755ms
[0.716s][info][gc,cpu       ] GC(5) User=0.02s Sys=0.08s Real=0.02s
[0.903s][info][gc,start     ] GC(6) Pause Young (Normal) (G1 Evacuation Pause)
[0.903s][info][gc,task      ] GC(6) Using 10 workers of 10 for evacuation
[0.916s][info][gc,phases    ] GC(6)   Pre Evacuate Collection Set: 0.0ms
[0.916s][info][gc,phases    ] GC(6)   Evacuate Collection Set: 12.5ms
[0.916s][info][gc,phases    ] GC(6)   Post Evacuate Collection Set: 0.3ms
[0.916s][info][gc,phases    ] GC(6)   Other: 0.1ms
[0.916s][info][gc,heap      ] GC(6) Eden regions: 80->0(53)
[0.916s][info][gc,heap      ] GC(6) Survivor regions: 9->12(12)
[0.916s][info][gc,heap      ] GC(6) Old regions: 179->250
[0.916s][info][gc,heap      ] GC(6) Humongous regions: 0->0
[0.916s][info][gc,metaspace ] GC(6) Metaspace: 6999K->6999K(1056768K)
[0.916s][info][gc           ] GC(6) Pause Young (Normal) (G1 Evacuation Pause) 267M->261M(482M) 13.184ms
[0.916s][info][gc,cpu       ] GC(6) User=0.03s Sys=0.13s Real=0.01s
[1.039s][info][gc,start     ] GC(7) Pause Young (Concurrent Start) (G1 Evacuation Pause)
[1.039s][info][gc,task      ] GC(7) Using 10 workers of 10 for evacuation
[1.052s][info][gc,phases    ] GC(7)   Pre Evacuate Collection Set: 0.0ms
[1.052s][info][gc,phases    ] GC(7)   Evacuate Collection Set: 12.5ms
[1.052s][info][gc,phases    ] GC(7)   Post Evacuate Collection Set: 0.3ms
[1.052s][info][gc,phases    ] GC(7)   Other: 0.3ms
[1.052s][info][gc,heap      ] GC(7) Eden regions: 53->0(39)
[1.052s][info][gc,heap      ] GC(7) Survivor regions: 12->9(9)
[1.052s][info][gc,heap      ] GC(7) Old regions: 250->298
[1.052s][info][gc,heap      ] GC(7) Humongous regions: 0->0
[1.052s][info][gc,metaspace ] GC(7) Metaspace: 7872K->7872K(1056768K)
[1.052s][info][gc           ] GC(7) Pause Young (Concurrent Start) (G1 Evacuation Pause) 314M->306M(482M) 13.400ms
[1.052s][info][gc,cpu       ] GC(7) User=0.06s Sys=0.11s Real=0.01s
[1.052s][info][gc           ] GC(8) Concurrent Cycle
[1.052s][info][gc,marking   ] GC(8) Concurrent Clear Claimed Marks
[1.052s][info][gc,marking   ] GC(8) Concurrent Clear Claimed Marks 0.033ms
[1.052s][info][gc,marking   ] GC(8) Concurrent Scan Root Regions
[1.053s][info][gc,marking   ] GC(8) Concurrent Scan Root Regions 0.931ms
[1.053s][info][gc,marking   ] GC(8) Concurrent Mark (1.053s)
[1.053s][info][gc,marking   ] GC(8) Concurrent Mark From Roots
[1.053s][info][gc,task      ] GC(8) Using 3 workers of 3 for marking
[1.056s][info][gc,marking   ] GC(8) Concurrent Mark From Roots 3.087ms
[1.056s][info][gc,marking   ] GC(8) Concurrent Preclean
[1.056s][info][gc,marking   ] GC(8) Concurrent Preclean 0.173ms
[1.056s][info][gc,marking   ] GC(8) Concurrent Mark (1.053s, 1.056s) 3.355ms
[1.057s][info][gc,start     ] GC(8) Pause Remark
[1.057s][info][gc,stringtable] GC(8) Cleaned string and symbol table, strings: 4585 processed, 8 removed, symbols: 31873 processed, 1 removed
[1.058s][info][gc            ] GC(8) Pause Remark 309M->153M(482M) 1.005ms
[1.058s][info][gc,cpu        ] GC(8) User=0.00s Sys=0.00s Real=0.00s
[1.058s][info][gc,marking    ] GC(8) Concurrent Rebuild Remembered Sets
[1.059s][info][gc,marking    ] GC(8) Concurrent Rebuild Remembered Sets 1.429ms
[1.059s][info][gc,start      ] GC(8) Pause Cleanup
[1.059s][info][gc            ] GC(8) Pause Cleanup 153M->153M(482M) 0.103ms
[1.059s][info][gc,cpu        ] GC(8) User=0.00s Sys=0.00s Real=0.00s
[1.059s][info][gc,marking    ] GC(8) Concurrent Cleanup for Next Mark
[1.060s][info][gc,marking    ] GC(8) Concurrent Cleanup for Next Mark 0.235ms
[1.060s][info][gc            ] GC(8) Concurrent Cycle 7.658ms
[1.140s][info][gc,start      ] GC(9) Pause Young (Prepare Mixed) (G1 Evacuation Pause)
[1.140s][info][gc,task       ] GC(9) Using 10 workers of 10 for evacuation
[1.154s][info][gc,phases     ] GC(9)   Pre Evacuate Collection Set: 0.0ms
[1.155s][info][gc,phases     ] GC(9)   Evacuate Collection Set: 4.9ms
[1.155s][info][gc,phases     ] GC(9)   Post Evacuate Collection Set: 9.7ms
[1.155s][info][gc,phases     ] GC(9)   Other: 0.1ms
[1.155s][info][gc,heap       ] GC(9) Eden regions: 39->0(43)
[1.155s][info][gc,heap       ] GC(9) Survivor regions: 9->6(6)
[1.155s][info][gc,heap       ] GC(9) Old regions: 142->183
[1.155s][info][gc,heap       ] GC(9) Humongous regions: 0->0
[1.155s][info][gc,metaspace  ] GC(9) Metaspace: 7832K->7832K(1056768K)
[1.155s][info][gc            ] GC(9) Pause Young (Prepare Mixed) (G1 Evacuation Pause) 189M->188M(983M) 14.931ms
[1.155s][info][gc,cpu        ] GC(9) User=0.08s Sys=0.00s Real=0.01s
[1.270s][info][gc,start      ] GC(10) Pause Young (Mixed) (G1 Evacuation Pause)
[1.270s][info][gc,task       ] GC(10) Using 10 workers of 10 for evacuation
[1.276s][info][gc,phases     ] GC(10)   Pre Evacuate Collection Set: 0.0ms
[1.276s][info][gc,phases     ] GC(10)   Evacuate Collection Set: 5.7ms
[1.276s][info][gc,phases     ] GC(10)   Post Evacuate Collection Set: 0.4ms
[1.276s][info][gc,phases     ] GC(10)   Other: 0.2ms
[1.276s][info][gc,heap       ] GC(10) Eden regions: 43->0(198)
[1.276s][info][gc,heap       ] GC(10) Survivor regions: 6->7(7)
[1.276s][info][gc,heap       ] GC(10) Old regions: 183->225
[1.276s][info][gc,heap       ] GC(10) Humongous regions: 0->0
[1.276s][info][gc,metaspace  ] GC(10) Metaspace: 7832K->7832K(1056768K)
[1.276s][info][gc            ] GC(10) Pause Young (Mixed) (G1 Evacuation Pause) 231M->231M(983M) 6.442ms
[1.276s][info][gc,cpu        ] GC(10) User=0.00s Sys=0.00s Real=0.01s
[1.784s][info][gc,start      ] GC(11) Pause Young (Normal) (G1 Evacuation Pause)
[1.784s][info][gc,task       ] GC(11) Using 10 workers of 10 for evacuation
[1.819s][info][gc,phases     ] GC(11)   Pre Evacuate Collection Set: 0.0ms
[1.819s][info][gc,phases     ] GC(11)   Evacuate Collection Set: 34.1ms
[1.819s][info][gc,phases     ] GC(11)   Post Evacuate Collection Set: 0.3ms
[1.819s][info][gc,phases     ] GC(11)   Other: 0.2ms
[1.819s][info][gc,heap       ] GC(11) Eden regions: 198->0(150)
[1.819s][info][gc,heap       ] GC(11) Survivor regions: 7->26(26)
[1.819s][info][gc,heap       ] GC(11) Old regions: 225->378
[1.819s][info][gc,heap       ] GC(11) Humongous regions: 0->0
[1.819s][info][gc,metaspace  ] GC(11) Metaspace: 7836K->7836K(1056768K)
[1.819s][info][gc            ] GC(11) Pause Young (Normal) (G1 Evacuation Pause) 429M->403M(983M) 34.910ms
[1.819s][info][gc,cpu        ] GC(11) User=0.17s Sys=0.09s Real=0.03s
[2.171s][info][gc,start      ] GC(12) Pause Young (Normal) (G1 Evacuation Pause)
[2.171s][info][gc,task       ] GC(12) Using 10 workers of 10 for evacuation
[2.194s][info][gc,phases     ] GC(12)   Pre Evacuate Collection Set: 0.0ms
[2.194s][info][gc,phases     ] GC(12)   Evacuate Collection Set: 22.1ms
[2.194s][info][gc,phases     ] GC(12)   Post Evacuate Collection Set: 0.3ms
[2.194s][info][gc,phases     ] GC(12)   Other: 0.3ms
[2.194s][info][gc,heap       ] GC(12) Eden regions: 150->0(110)
[2.194s][info][gc,heap       ] GC(12) Survivor regions: 26->22(22)
[2.194s][info][gc,heap       ] GC(12) Old regions: 378->510
[2.194s][info][gc,heap       ] GC(12) Humongous regions: 0->0
[2.194s][info][gc,metaspace  ] GC(12) Metaspace: 7852K->7852K(1056768K)
[2.194s][info][gc            ] GC(12) Pause Young (Normal) (G1 Evacuation Pause) 553M->531M(983M) 22.881ms
[2.194s][info][gc,cpu        ] GC(12) User=0.11s Sys=0.20s Real=0.02s
[2.463s][info][gc,start      ] GC(13) Pause Young (Concurrent Start) (G1 Evacuation Pause)
[2.463s][info][gc,task       ] GC(13) Using 10 workers of 10 for evacuation
[2.517s][info][gc,phases     ] GC(13)   Pre Evacuate Collection Set: 0.0ms
[2.517s][info][gc,phases     ] GC(13)   Evacuate Collection Set: 41.7ms
[2.517s][info][gc,phases     ] GC(13)   Post Evacuate Collection Set: 12.0ms
[2.517s][info][gc,phases     ] GC(13)   Other: 0.5ms
[2.517s][info][gc,heap       ] GC(13) Eden regions: 110->0(280)
[2.518s][info][gc,heap       ] GC(13) Survivor regions: 22->17(17)
[2.518s][info][gc,heap       ] GC(13) Old regions: 510->624
[2.518s][info][gc,heap       ] GC(13) Humongous regions: 0->0
[2.518s][info][gc,metaspace  ] GC(13) Metaspace: 7856K->7856K(1056768K)
[2.518s][info][gc            ] GC(13) Pause Young (Concurrent Start) (G1 Evacuation Pause) 641M->640M(1602M) 54.401ms
[2.518s][info][gc,cpu        ] GC(13) User=0.06s Sys=0.34s Real=0.05s
[2.518s][info][gc            ] GC(14) Concurrent Cycle
[2.518s][info][gc,marking    ] GC(14) Concurrent Clear Claimed Marks
[2.518s][info][gc,marking    ] GC(14) Concurrent Clear Claimed Marks 0.020ms
[2.518s][info][gc,marking    ] GC(14) Concurrent Scan Root Regions
[2.518s][info][gc,marking    ] GC(14) Concurrent Scan Root Regions 0.273ms
[2.518s][info][gc,marking    ] GC(14) Concurrent Mark (2.518s)
[2.518s][info][gc,marking    ] GC(14) Concurrent Mark From Roots
[2.518s][info][gc,task       ] GC(14) Using 3 workers of 3 for marking
[2.522s][info][gc,marking    ] GC(14) Concurrent Mark From Roots 3.586ms
[2.522s][info][gc,marking    ] GC(14) Concurrent Preclean
[2.522s][info][gc,marking    ] GC(14) Concurrent Preclean 0.121ms
[2.522s][info][gc,marking    ] GC(14) Concurrent Mark (2.518s, 2.522s) 3.781ms
[2.522s][info][gc,start      ] GC(14) Pause Remark
[2.522s][info][gc,stringtable] GC(14) Cleaned string and symbol table, strings: 4579 processed, 1 removed, symbols: 31872 processed, 0 removed
[2.523s][info][gc            ] GC(14) Pause Remark 642M->306M(1602M) 0.904ms
[2.523s][info][gc,cpu        ] GC(14) User=0.00s Sys=0.00s Real=0.00s
[2.523s][info][gc,marking    ] GC(14) Concurrent Rebuild Remembered Sets
[2.525s][info][gc,marking    ] GC(14) Concurrent Rebuild Remembered Sets 2.412ms
[2.526s][info][gc,start      ] GC(14) Pause Cleanup
[2.526s][info][gc            ] GC(14) Pause Cleanup 306M->306M(1602M) 0.226ms
[2.526s][info][gc,cpu        ] GC(14) User=0.00s Sys=0.00s Real=0.00s
[2.526s][info][gc,marking    ] GC(14) Concurrent Cleanup for Next Mark
[2.527s][info][gc,marking    ] GC(14) Concurrent Cleanup for Next Mark 0.835ms
[2.527s][info][gc            ] GC(14) Concurrent Cycle 9.197ms
[3.261s][info][gc,start      ] GC(15) Pause Young (Normal) (G1 Evacuation Pause)
[3.261s][info][gc,task       ] GC(15) Using 10 workers of 10 for evacuation
[3.298s][info][gc,phases     ] GC(15)   Pre Evacuate Collection Set: 0.0ms
[3.298s][info][gc,phases     ] GC(15)   Evacuate Collection Set: 36.0ms
[3.298s][info][gc,phases     ] GC(15)   Post Evacuate Collection Set: 0.5ms
[3.298s][info][gc,phases     ] GC(15)   Other: 0.2ms
[3.298s][info][gc,heap       ] GC(15) Eden regions: 280->0(274)
[3.298s][info][gc,heap       ] GC(15) Survivor regions: 17->38(38)
[3.298s][info][gc,heap       ] GC(15) Old regions: 288->537
[3.298s][info][gc,heap       ] GC(15) Humongous regions: 0->0
[3.298s][info][gc,metaspace  ] GC(15) Metaspace: 7887K->7887K(1056768K)
[3.298s][info][gc            ] GC(15) Pause Young (Normal) (G1 Evacuation Pause) 584M->574M(1602M) 37.035ms
[3.298s][info][gc,cpu        ] GC(15) User=0.08s Sys=0.16s Real=0.04s
[3.940s][info][gc,start      ] GC(16) Pause Young (Normal) (G1 Evacuation Pause)
[3.940s][info][gc,task       ] GC(16) Using 10 workers of 10 for evacuation
[3.993s][info][gc,phases     ] GC(16)   Pre Evacuate Collection Set: 0.0ms
[3.993s][info][gc,phases     ] GC(16)   Evacuate Collection Set: 52.8ms
[3.993s][info][gc,phases     ] GC(16)   Post Evacuate Collection Set: 0.5ms
[3.993s][info][gc,phases     ] GC(16)   Other: 0.2ms
[3.993s][info][gc,heap       ] GC(16) Eden regions: 274->0(198)
[3.993s][info][gc,heap       ] GC(16) Survivor regions: 38->39(39)
[3.993s][info][gc,heap       ] GC(16) Old regions: 537->775
[3.993s][info][gc,heap       ] GC(16) Humongous regions: 0->0
[3.993s][info][gc,metaspace  ] GC(16) Metaspace: 9705K->9705K(1058816K)
[3.993s][info][gc            ] GC(16) Pause Young (Normal) (G1 Evacuation Pause) 848M->813M(1602M) 53.714ms
[3.993s][info][gc,cpu        ] GC(16) User=0.19s Sys=0.16s Real=0.05s
[4.454s][info][gc,start      ] GC(17) Pause Young (Concurrent Start) (G1 Evacuation Pause)
[4.454s][info][gc,task       ] GC(17) Using 10 workers of 10 for evacuation
[4.480s][info][gc,phases     ] GC(17)   Pre Evacuate Collection Set: 0.0ms
[4.480s][info][gc,phases     ] GC(17)   Evacuate Collection Set: 25.6ms
[4.480s][info][gc,phases     ] GC(17)   Post Evacuate Collection Set: 0.5ms
[4.480s][info][gc,phases     ] GC(17)   Other: 0.2ms
[4.480s][info][gc,heap       ] GC(17) Eden regions: 198->0(135)
[4.480s][info][gc,heap       ] GC(17) Survivor regions: 39->30(30)
[4.480s][info][gc,heap       ] GC(17) Old regions: 775->979
[4.480s][info][gc,heap       ] GC(17) Humongous regions: 0->0
[4.480s][info][gc,metaspace  ] GC(17) Metaspace: 11700K->11700K(1060864K)
[4.480s][info][gc            ] GC(17) Pause Young (Concurrent Start) (G1 Evacuation Pause) 1011M->1008M(1602M) 26.528ms
[4.480s][info][gc,cpu        ] GC(17) User=0.19s Sys=0.00s Real=0.03s
[4.480s][info][gc            ] GC(18) Concurrent Cycle
[4.480s][info][gc,marking    ] GC(18) Concurrent Clear Claimed Marks
[4.480s][info][gc,marking    ] GC(18) Concurrent Clear Claimed Marks 0.030ms
[4.481s][info][gc,marking    ] GC(18) Concurrent Scan Root Regions
[4.481s][info][gc,marking    ] GC(18) Concurrent Scan Root Regions 0.717ms
[4.481s][info][gc,marking    ] GC(18) Concurrent Mark (4.481s)
[4.481s][info][gc,marking    ] GC(18) Concurrent Mark From Roots
[4.481s][info][gc,task       ] GC(18) Using 3 workers of 3 for marking
[4.488s][info][gc,marking    ] GC(18) Concurrent Mark From Roots 6.878ms
[4.488s][info][gc,marking    ] GC(18) Concurrent Preclean
[4.488s][info][gc,marking    ] GC(18) Concurrent Preclean 0.136ms
[4.488s][info][gc,marking    ] GC(18) Concurrent Mark (4.481s, 4.488s) 7.102ms
[4.489s][info][gc,start      ] GC(18) Pause Remark
[4.489s][info][gc,stringtable] GC(18) Cleaned string and symbol table, strings: 5788 processed, 0 removed, symbols: 43017 processed, 0 removed
[4.490s][info][gc            ] GC(18) Pause Remark 1010M->613M(1602M) 1.123ms
[4.490s][info][gc,cpu        ] GC(18) User=0.00s Sys=0.00s Real=0.00s
[4.490s][info][gc,marking    ] GC(18) Concurrent Rebuild Remembered Sets
[4.495s][info][gc,marking    ] GC(18) Concurrent Rebuild Remembered Sets 5.361ms
[4.495s][info][gc,start      ] GC(18) Pause Cleanup
[4.496s][info][gc            ] GC(18) Pause Cleanup 617M->617M(1602M) 0.220ms
[4.496s][info][gc,cpu        ] GC(18) User=0.00s Sys=0.00s Real=0.00s
[4.496s][info][gc,marking    ] GC(18) Concurrent Cleanup for Next Mark
[4.497s][info][gc,marking    ] GC(18) Concurrent Cleanup for Next Mark 0.854ms
[4.497s][info][gc            ] GC(18) Concurrent Cycle 16.218ms
[4.809s][info][gc,start      ] GC(19) Pause Young (Prepare Mixed) (G1 Evacuation Pause)
[4.809s][info][gc,task       ] GC(19) Using 10 workers of 10 for evacuation
[4.838s][info][gc,phases     ] GC(19)   Pre Evacuate Collection Set: 0.0ms
[4.838s][info][gc,phases     ] GC(19)   Evacuate Collection Set: 18.3ms
[4.838s][info][gc,phases     ] GC(19)   Post Evacuate Collection Set: 10.8ms
[4.838s][info][gc,phases     ] GC(19)   Other: 0.2ms
[4.838s][info][gc,heap       ] GC(19) Eden regions: 135->0(83)
[4.838s][info][gc,heap       ] GC(19) Survivor regions: 30->21(21)
[4.838s][info][gc,heap       ] GC(19) Old regions: 582->726
[4.838s][info][gc,heap       ] GC(19) Humongous regions: 0->0
[4.838s][info][gc,metaspace  ] GC(19) Metaspace: 11704K->11704K(1060864K)
[4.838s][info][gc            ] GC(19) Pause Young (Prepare Mixed) (G1 Evacuation Pause) 746M->746M(2098M) 29.486ms
[4.838s][info][gc,cpu        ] GC(19) User=0.14s Sys=0.02s Real=0.03s
[5.049s][info][gc,start      ] GC(20) Pause Young (Mixed) (G1 Evacuation Pause)
[5.049s][info][gc,task       ] GC(20) Using 10 workers of 10 for evacuation
[5.061s][info][gc,phases     ] GC(20)   Pre Evacuate Collection Set: 0.0ms
[5.061s][info][gc,phases     ] GC(20)   Evacuate Collection Set: 11.1ms
[5.061s][info][gc,phases     ] GC(20)   Post Evacuate Collection Set: 0.4ms
[5.061s][info][gc,phases     ] GC(20)   Other: 0.2ms
[5.061s][info][gc,heap       ] GC(20) Eden regions: 83->0(344)
[5.061s][info][gc,heap       ] GC(20) Survivor regions: 21->13(13)
[5.061s][info][gc,heap       ] GC(20) Old regions: 726->816
[5.061s][info][gc,heap       ] GC(20) Humongous regions: 0->0
[5.061s][info][gc,metaspace  ] GC(20) Metaspace: 11704K->11704K(1060864K)
[5.061s][info][gc            ] GC(20) Pause Young (Mixed) (G1 Evacuation Pause) 829M->828M(2098M) 11.919ms
[5.061s][info][gc,cpu        ] GC(20) User=0.00s Sys=0.00s Real=0.01s
[5.942s][info][gc,start      ] GC(21) Pause Young (Normal) (G1 Evacuation Pause)
[5.942s][info][gc,task       ] GC(21) Using 10 workers of 10 for evacuation
[6.009s][info][gc,phases     ] GC(21)   Pre Evacuate Collection Set: 0.0ms
[6.009s][info][gc,phases     ] GC(21)   Evacuate Collection Set: 65.8ms
[6.009s][info][gc,phases     ] GC(21)   Post Evacuate Collection Set: 0.5ms
[6.009s][info][gc,phases     ] GC(21)   Other: 0.2ms
[6.009s][info][gc,heap       ] GC(21) Eden regions: 344->0(224)
[6.009s][info][gc,heap       ] GC(21) Survivor regions: 13->45(45)
[6.009s][info][gc,heap       ] GC(21) Old regions: 816->1125
[6.009s][info][gc,heap       ] GC(21) Humongous regions: 0->0
[6.009s][info][gc,metaspace  ] GC(21) Metaspace: 12333K->12333K(1060864K)
[6.009s][info][gc            ] GC(21) Pause Young (Normal) (G1 Evacuation Pause) 1172M->1169M(2098M) 66.747ms
[6.009s][info][gc,cpu        ] GC(21) User=0.27s Sys=0.31s Real=0.07s
[6.526s][info][gc,start      ] GC(22) Pause Young (Concurrent Start) (G1 Evacuation Pause)
[6.526s][info][gc,task       ] GC(22) Using 10 workers of 10 for evacuation
[6.572s][info][gc,phases     ] GC(22)   Pre Evacuate Collection Set: 0.0ms
[6.572s][info][gc,phases     ] GC(22)   Evacuate Collection Set: 45.1ms
[6.572s][info][gc,phases     ] GC(22)   Post Evacuate Collection Set: 0.6ms
[6.572s][info][gc,phases     ] GC(22)   Other: 0.2ms
[6.572s][info][gc,heap       ] GC(22) Eden regions: 224->0(156)
[6.572s][info][gc,heap       ] GC(22) Survivor regions: 45->34(34)
[6.572s][info][gc,heap       ] GC(22) Old regions: 1125->1356
[6.572s][info][gc,heap       ] GC(22) Humongous regions: 0->0
[6.572s][info][gc,metaspace  ] GC(22) Metaspace: 13198K->13198K(1060864K)
[6.572s][info][gc            ] GC(22) Pause Young (Concurrent Start) (G1 Evacuation Pause) 1393M->1389M(2098M) 46.116ms
[6.572s][info][gc,cpu        ] GC(22) User=0.19s Sys=0.27s Real=0.05s
[6.572s][info][gc            ] GC(23) Concurrent Cycle
[6.572s][info][gc,marking    ] GC(23) Concurrent Clear Claimed Marks
[6.572s][info][gc,marking    ] GC(23) Concurrent Clear Claimed Marks 0.033ms
[6.572s][info][gc,marking    ] GC(23) Concurrent Scan Root Regions
[6.573s][info][gc,marking    ] GC(23) Concurrent Scan Root Regions 0.645ms
[6.573s][info][gc,marking    ] GC(23) Concurrent Mark (6.573s)
[6.573s][info][gc,marking    ] GC(23) Concurrent Mark From Roots
[6.573s][info][gc,task       ] GC(23) Using 3 workers of 3 for marking
[6.582s][info][gc,marking    ] GC(23) Concurrent Mark From Roots 9.290ms
[6.582s][info][gc,marking    ] GC(23) Concurrent Preclean
[6.582s][info][gc,marking    ] GC(23) Concurrent Preclean 0.134ms
[6.582s][info][gc,marking    ] GC(23) Concurrent Mark (6.573s, 6.582s) 9.513ms
[6.583s][info][gc,start      ] GC(23) Pause Remark
[6.583s][info][gc,stringtable] GC(23) Cleaned string and symbol table, strings: 6420 processed, 5 removed, symbols: 45802 processed, 2 removed
[6.584s][info][gc            ] GC(23) Pause Remark 1393M->927M(2098M) 1.124ms
[6.584s][info][gc,cpu        ] GC(23) User=0.00s Sys=0.00s Real=0.00s
[6.584s][info][gc,marking    ] GC(23) Concurrent Rebuild Remembered Sets
[6.592s][info][gc,marking    ] GC(23) Concurrent Rebuild Remembered Sets 8.325ms
[6.592s][info][gc,start      ] GC(23) Pause Cleanup
[6.593s][info][gc            ] GC(23) Pause Cleanup 931M->931M(2098M) 0.349ms
[6.593s][info][gc,cpu        ] GC(23) User=0.00s Sys=0.00s Real=0.00s
[6.593s][info][gc,marking    ] GC(23) Concurrent Cleanup for Next Mark
[6.594s][info][gc,marking    ] GC(23) Concurrent Cleanup for Next Mark 1.356ms
[6.594s][info][gc            ] GC(23) Concurrent Cycle 22.093ms
[6.945s][info][gc,start      ] GC(24) Pause Young (Normal) (G1 Evacuation Pause)
[6.945s][info][gc,task       ] GC(24) Using 10 workers of 10 for evacuation
[6.966s][info][gc,phases     ] GC(24)   Pre Evacuate Collection Set: 0.0ms
[6.966s][info][gc,phases     ] GC(24)   Evacuate Collection Set: 20.8ms
[6.966s][info][gc,phases     ] GC(24)   Post Evacuate Collection Set: 0.4ms
[6.966s][info][gc,phases     ] GC(24)   Other: 0.2ms
[6.966s][info][gc,heap       ] GC(24) Eden regions: 156->0(253)
[6.966s][info][gc,heap       ] GC(24) Survivor regions: 34->24(24)
[6.966s][info][gc,heap       ] GC(24) Old regions: 890->1055
[6.966s][info][gc,heap       ] GC(24) Humongous regions: 0->0
[6.966s][info][gc,metaspace  ] GC(24) Metaspace: 13204K->13204K(1060864K)
[6.966s][info][gc            ] GC(24) Pause Young (Normal) (G1 Evacuation Pause) 1079M->1078M(2098M) 21.604ms
[6.966s][info][gc,cpu        ] GC(24) User=0.14s Sys=0.00s Real=0.02s
[7.557s][info][gc,start      ] GC(25) Pause Young (Concurrent Start) (G1 Evacuation Pause)
[7.557s][info][gc,task       ] GC(25) Using 10 workers of 10 for evacuation
[7.588s][info][gc,phases     ] GC(25)   Pre Evacuate Collection Set: 0.0ms
[7.588s][info][gc,phases     ] GC(25)   Evacuate Collection Set: 30.2ms
[7.588s][info][gc,phases     ] GC(25)   Post Evacuate Collection Set: 0.4ms
[7.588s][info][gc,phases     ] GC(25)   Other: 0.2ms
[7.588s][info][gc,heap       ] GC(25) Eden regions: 253->0(174)
[7.588s][info][gc,heap       ] GC(25) Survivor regions: 24->35(35)
[7.588s][info][gc,heap       ] GC(25) Old regions: 1055->1295
[7.588s][info][gc,heap       ] GC(25) Humongous regions: 0->0
[7.588s][info][gc,metaspace  ] GC(25) Metaspace: 13422K->13422K(1062912K)
[7.588s][info][gc            ] GC(25) Pause Young (Concurrent Start) (G1 Evacuation Pause) 1331M->1329M(2098M) 31.155ms
[7.588s][info][gc,cpu        ] GC(25) User=0.11s Sys=0.00s Real=0.03s
[7.588s][info][gc            ] GC(26) Concurrent Cycle
[7.588s][info][gc,marking    ] GC(26) Concurrent Clear Claimed Marks
[7.588s][info][gc,marking    ] GC(26) Concurrent Clear Claimed Marks 0.042ms
[7.588s][info][gc,marking    ] GC(26) Concurrent Scan Root Regions
[7.589s][info][gc,marking    ] GC(26) Concurrent Scan Root Regions 0.591ms
[7.589s][info][gc,marking    ] GC(26) Concurrent Mark (7.589s)
[7.589s][info][gc,marking    ] GC(26) Concurrent Mark From Roots
[7.589s][info][gc,task       ] GC(26) Using 3 workers of 3 for marking
[7.600s][info][gc,marking    ] GC(26) Concurrent Mark From Roots 10.815ms
[7.600s][info][gc,marking    ] GC(26) Concurrent Preclean
[7.600s][info][gc,marking    ] GC(26) Concurrent Preclean 0.160ms
[7.600s][info][gc,marking    ] GC(26) Concurrent Mark (7.589s, 7.600s) 11.068ms
[7.600s][info][gc,start      ] GC(26) Pause Remark
[7.601s][info][gc,stringtable] GC(26) Cleaned string and symbol table, strings: 6594 processed, 5 removed, symbols: 45914 processed, 0 removed
[7.602s][info][gc            ] GC(26) Pause Remark 1334M->1129M(2098M) 1.231ms
[7.602s][info][gc,cpu        ] GC(26) User=0.00s Sys=0.00s Real=0.00s
[7.602s][info][gc,marking    ] GC(26) Concurrent Rebuild Remembered Sets
[7.613s][info][gc,marking    ] GC(26) Concurrent Rebuild Remembered Sets 10.866ms
[7.613s][info][gc,start      ] GC(26) Pause Cleanup
[7.613s][info][gc            ] GC(26) Pause Cleanup 1133M->1133M(2098M) 0.363ms
[7.613s][info][gc,cpu        ] GC(26) User=0.00s Sys=0.00s Real=0.00s
[7.613s][info][gc,marking    ] GC(26) Concurrent Cleanup for Next Mark
[7.615s][info][gc,marking    ] GC(26) Concurrent Cleanup for Next Mark 1.380ms
[7.615s][info][gc            ] GC(26) Concurrent Cycle 26.409ms
[7.991s][info][gc,start      ] GC(27) Pause Young (Prepare Mixed) (G1 Evacuation Pause)
[7.991s][info][gc,task       ] GC(27) Using 10 workers of 10 for evacuation
[8.012s][info][gc,phases     ] GC(27)   Pre Evacuate Collection Set: 0.0ms
[8.012s][info][gc,phases     ] GC(27)   Evacuate Collection Set: 20.8ms
[8.012s][info][gc,phases     ] GC(27)   Post Evacuate Collection Set: 0.3ms
[8.012s][info][gc,phases     ] GC(27)   Other: 0.2ms
[8.012s][info][gc,heap       ] GC(27) Eden regions: 174->0(77)
[8.012s][info][gc,heap       ] GC(27) Survivor regions: 35->27(27)
[8.012s][info][gc,heap       ] GC(27) Old regions: 1090->1271
[8.012s][info][gc,heap       ] GC(27) Humongous regions: 0->0
[8.012s][info][gc,metaspace  ] GC(27) Metaspace: 13422K->13422K(1062912K)
[8.012s][info][gc            ] GC(27) Pause Young (Prepare Mixed) (G1 Evacuation Pause) 1298M->1297M(2098M) 21.623ms
[8.012s][info][gc,cpu        ] GC(27) User=0.05s Sys=0.02s Real=0.02s
[8.204s][info][gc,start      ] GC(28) Pause Young (Mixed) (G1 Evacuation Pause)
[8.204s][info][gc,task       ] GC(28) Using 10 workers of 10 for evacuation
[8.218s][info][gc,phases     ] GC(28)   Pre Evacuate Collection Set: 0.1ms
[8.218s][info][gc,phases     ] GC(28)   Evacuate Collection Set: 13.2ms
[8.218s][info][gc,phases     ] GC(28)   Post Evacuate Collection Set: 0.4ms
[8.218s][info][gc,phases     ] GC(28)   Other: 0.7ms
[8.218s][info][gc,heap       ] GC(28) Eden regions: 77->0(165)
[8.218s][info][gc,heap       ] GC(28) Survivor regions: 27->13(13)
[8.218s][info][gc,heap       ] GC(28) Old regions: 1271->1347
[8.218s][info][gc,heap       ] GC(28) Humongous regions: 0->0
[8.218s][info][gc,metaspace  ] GC(28) Metaspace: 13422K->13422K(1062912K)
[8.218s][info][gc            ] GC(28) Pause Young (Mixed) (G1 Evacuation Pause) 1374M->1359M(2098M) 14.504ms
[8.218s][info][gc,cpu        ] GC(28) User=0.02s Sys=0.00s Real=0.02s
[8.616s][info][gc,start      ] GC(29) Pause Young (Concurrent Start) (G1 Evacuation Pause)
[8.616s][info][gc,task       ] GC(29) Using 10 workers of 10 for evacuation
[8.640s][info][gc,phases     ] GC(29)   Pre Evacuate Collection Set: 0.1ms
[8.640s][info][gc,phases     ] GC(29)   Evacuate Collection Set: 22.7ms
[8.640s][info][gc,phases     ] GC(29)   Post Evacuate Collection Set: 0.5ms
[8.640s][info][gc,phases     ] GC(29)   Other: 0.3ms
[8.640s][info][gc,heap       ] GC(29) Eden regions: 165->0(113)
[8.640s][info][gc,heap       ] GC(29) Survivor regions: 13->23(23)
[8.640s][info][gc,heap       ] GC(29) Old regions: 1347->1501
[8.640s][info][gc,heap       ] GC(29) Humongous regions: 0->0
[8.640s][info][gc,metaspace  ] GC(29) Metaspace: 13463K->13463K(1062912K)
[8.640s][info][gc            ] GC(29) Pause Young (Concurrent Start) (G1 Evacuation Pause) 1524M->1523M(2098M) 23.772ms
[8.640s][info][gc,cpu        ] GC(29) User=0.00s Sys=0.00s Real=0.02s
[8.640s][info][gc            ] GC(30) Concurrent Cycle
[8.640s][info][gc,marking    ] GC(30) Concurrent Clear Claimed Marks
[8.640s][info][gc,marking    ] GC(30) Concurrent Clear Claimed Marks 0.065ms
[8.640s][info][gc,marking    ] GC(30) Concurrent Scan Root Regions
[8.641s][info][gc,marking    ] GC(30) Concurrent Scan Root Regions 0.584ms
[8.641s][info][gc,marking    ] GC(30) Concurrent Mark (8.641s)
[8.641s][info][gc,marking    ] GC(30) Concurrent Mark From Roots
[8.641s][info][gc,task       ] GC(30) Using 3 workers of 3 for marking
[8.653s][info][gc,marking    ] GC(30) Concurrent Mark From Roots 11.742ms
[8.653s][info][gc,marking    ] GC(30) Concurrent Preclean
[8.653s][info][gc,marking    ] GC(30) Concurrent Preclean 0.158ms
[8.653s][info][gc,marking    ] GC(30) Concurrent Mark (8.641s, 8.653s) 12.002ms
[8.653s][info][gc,start      ] GC(30) Pause Remark
[8.654s][info][gc,stringtable] GC(30) Cleaned string and symbol table, strings: 6598 processed, 7 removed, symbols: 45914 processed, 0 removed
[8.654s][info][gc            ] GC(30) Pause Remark 1528M->1287M(2098M) 1.200ms
[8.654s][info][gc,cpu        ] GC(30) User=0.00s Sys=0.00s Real=0.00s
[8.654s][info][gc,marking    ] GC(30) Concurrent Rebuild Remembered Sets
[8.666s][info][gc,marking    ] GC(30) Concurrent Rebuild Remembered Sets 11.635ms
[8.666s][info][gc,start      ] GC(30) Pause Cleanup
[8.667s][info][gc            ] GC(30) Pause Cleanup 1291M->1291M(2098M) 0.457ms
[8.667s][info][gc,cpu        ] GC(30) User=0.00s Sys=0.00s Real=0.00s
[8.667s][info][gc,marking    ] GC(30) Concurrent Cleanup for Next Mark
[8.668s][info][gc,marking    ] GC(30) Concurrent Cleanup for Next Mark 1.420ms
[8.668s][info][gc            ] GC(30) Concurrent Cycle 28.201ms
[8.905s][info][gc,start      ] GC(31) Pause Young (Normal) (G1 Evacuation Pause)
[8.905s][info][gc,task       ] GC(31) Using 10 workers of 10 for evacuation
[8.921s][info][gc,phases     ] GC(31)   Pre Evacuate Collection Set: 0.1ms
[8.922s][info][gc,phases     ] GC(31)   Evacuate Collection Set: 15.4ms
[8.922s][info][gc,phases     ] GC(31)   Post Evacuate Collection Set: 0.4ms
[8.922s][info][gc,phases     ] GC(31)   Other: 0.7ms
[8.922s][info][gc,heap       ] GC(31) Eden regions: 113->0(154)
[8.922s][info][gc,heap       ] GC(31) Survivor regions: 23->17(17)
[8.922s][info][gc,heap       ] GC(31) Old regions: 1260->1378
[8.922s][info][gc,heap       ] GC(31) Humongous regions: 0->0
[8.922s][info][gc,metaspace  ] GC(31) Metaspace: 13463K->13463K(1062912K)
[8.922s][info][gc            ] GC(31) Pause Young (Normal) (G1 Evacuation Pause) 1395M->1394M(2098M) 16.689ms
[8.922s][info][gc,cpu        ] GC(31) User=0.13s Sys=0.00s Real=0.02s
[9.309s][info][gc,start      ] GC(32) Pause Young (Normal) (G1 Evacuation Pause)
[9.309s][info][gc,task       ] GC(32) Using 10 workers of 10 for evacuation
[9.329s][info][gc,phases     ] GC(32)   Pre Evacuate Collection Set: 0.0ms
[9.330s][info][gc,phases     ] GC(32)   Evacuate Collection Set: 19.9ms
[9.330s][info][gc,phases     ] GC(32)   Post Evacuate Collection Set: 0.4ms
[9.330s][info][gc,phases     ] GC(32)   Other: 0.2ms
[9.330s][info][gc,heap       ] GC(32) Eden regions: 154->0(106)
[9.330s][info][gc,heap       ] GC(32) Survivor regions: 17->22(22)
[9.330s][info][gc,heap       ] GC(32) Old regions: 1378->1527
[9.330s][info][gc,heap       ] GC(32) Humongous regions: 0->0
[9.330s][info][gc,metaspace  ] GC(32) Metaspace: 13463K->13463K(1062912K)
[9.330s][info][gc            ] GC(32) Pause Young (Normal) (G1 Evacuation Pause) 1548M->1548M(2098M) 20.912ms
[9.330s][info][gc,cpu        ] GC(32) User=0.06s Sys=0.00s Real=0.02s
[9.573s][info][gc,start      ] GC(33) Pause Young (Normal) (G1 Evacuation Pause)
[9.573s][info][gc,task       ] GC(33) Using 10 workers of 10 for evacuation
[9.593s][info][gc,phases     ] GC(33)   Pre Evacuate Collection Set: 0.0ms
[9.593s][info][gc,phases     ] GC(33)   Evacuate Collection Set: 18.9ms
[9.593s][info][gc,phases     ] GC(33)   Post Evacuate Collection Set: 0.3ms
[9.593s][info][gc,phases     ] GC(33)   Other: 0.2ms
[9.593s][info][gc,heap       ] GC(33) Eden regions: 106->0(88)
[9.593s][info][gc,heap       ] GC(33) Survivor regions: 22->16(16)
[9.593s][info][gc,heap       ] GC(33) Old regions: 1527->1638
[9.593s][info][gc,heap       ] GC(33) Humongous regions: 0->0
[9.593s][info][gc,metaspace  ] GC(33) Metaspace: 13477K->13477K(1062912K)
[9.593s][info][gc            ] GC(33) Pause Young (Normal) (G1 Evacuation Pause) 1654M->1653M(2098M) 19.673ms
[9.593s][info][gc,cpu        ] GC(33) User=0.02s Sys=0.00s Real=0.02s
[9.802s][info][gc,start      ] GC(34) Pause Young (Normal) (G1 Evacuation Pause)
[9.803s][info][gc,task       ] GC(34) Using 10 workers of 10 for evacuation
[9.842s][info][gc,phases     ] GC(34)   Pre Evacuate Collection Set: 0.2ms
[9.842s][info][gc,phases     ] GC(34)   Evacuate Collection Set: 38.1ms
[9.842s][info][gc,phases     ] GC(34)   Post Evacuate Collection Set: 0.4ms
[9.842s][info][gc,phases     ] GC(34)   Other: 0.8ms
[9.842s][info][gc,heap       ] GC(34) Eden regions: 88->0(91)
[9.842s][info][gc,heap       ] GC(34) Survivor regions: 16->13(13)
[9.842s][info][gc,heap       ] GC(34) Old regions: 1638->1729
[9.842s][info][gc,heap       ] GC(34) Humongous regions: 0->0
[9.842s][info][gc,metaspace  ] GC(34) Metaspace: 13477K->13477K(1062912K)
[9.842s][info][gc            ] GC(34) Pause Young (Normal) (G1 Evacuation Pause) 1741M->1741M(2098M) 39.626ms
[9.842s][info][gc,cpu        ] GC(34) User=0.05s Sys=0.16s Real=0.04s
[10.054s][info][gc,start      ] GC(35) Pause Young (Normal) (G1 Evacuation Pause)
[10.054s][info][gc,task       ] GC(35) Using 10 workers of 10 for evacuation
[10.068s][info][gc,phases     ] GC(35)   Pre Evacuate Collection Set: 0.1ms
[10.068s][info][gc,phases     ] GC(35)   Evacuate Collection Set: 13.1ms
[10.068s][info][gc,phases     ] GC(35)   Post Evacuate Collection Set: 0.4ms
[10.068s][info][gc,phases     ] GC(35)   Other: 0.5ms
[10.068s][info][gc,heap       ] GC(35) Eden regions: 91->0(91)
[10.068s][info][gc,heap       ] GC(35) Survivor regions: 13->13(13)
[10.068s][info][gc,heap       ] GC(35) Old regions: 1729->1819
[10.068s][info][gc,heap       ] GC(35) Humongous regions: 0->0
[10.068s][info][gc,metaspace  ] GC(35) Metaspace: 13477K->13477K(1062912K)
[10.068s][info][gc            ] GC(35) Pause Young (Normal) (G1 Evacuation Pause) 1832M->1831M(2098M) 14.277ms
[10.068s][info][gc,cpu        ] GC(35) User=0.03s Sys=0.00s Real=0.01s
[10.288s][info][gc,start      ] GC(36) Pause Young (Normal) (G1 Evacuation Pause)
[10.288s][info][gc,task       ] GC(36) Using 10 workers of 10 for evacuation
[10.303s][info][gc,phases     ] GC(36)   Pre Evacuate Collection Set: 0.1ms
[10.303s][info][gc,phases     ] GC(36)   Evacuate Collection Set: 13.6ms
[10.303s][info][gc,phases     ] GC(36)   Post Evacuate Collection Set: 0.4ms
[10.303s][info][gc,phases     ] GC(36)   Other: 1.3ms
[10.303s][info][gc,heap       ] GC(36) Eden regions: 91->0(91)
[10.303s][info][gc,heap       ] GC(36) Survivor regions: 13->13(13)
[10.303s][info][gc,heap       ] GC(36) Old regions: 1819->1910
[10.303s][info][gc,heap       ] GC(36) Humongous regions: 0->0
[10.303s][info][gc,metaspace  ] GC(36) Metaspace: 13477K->13477K(1062912K)
[10.303s][info][gc            ] GC(36) Pause Young (Normal) (G1 Evacuation Pause) 1922M->1922M(2098M) 15.442ms
[10.303s][info][gc,cpu        ] GC(36) User=0.11s Sys=0.00s Real=0.02s
[10.509s][info][gc,start      ] GC(37) Pause Young (Concurrent Start) (G1 Evacuation Pause)
[10.509s][info][gc,task       ] GC(37) Using 10 workers of 10 for evacuation
[10.524s][info][gc,phases     ] GC(37)   Pre Evacuate Collection Set: 0.0ms
[10.524s][info][gc,phases     ] GC(37)   Evacuate Collection Set: 14.0ms
[10.524s][info][gc,phases     ] GC(37)   Post Evacuate Collection Set: 0.3ms
[10.524s][info][gc,phases     ] GC(37)   Other: 0.2ms
[10.524s][info][gc,heap       ] GC(37) Eden regions: 91->0(92)
[10.524s][info][gc,heap       ] GC(37) Survivor regions: 13->13(13)
[10.524s][info][gc,heap       ] GC(37) Old regions: 1910->2001
[10.524s][info][gc,heap       ] GC(37) Humongous regions: 0->0
[10.524s][info][gc,metaspace  ] GC(37) Metaspace: 13497K->13497K(1062912K)
[10.524s][info][gc            ] GC(37) Pause Young (Concurrent Start) (G1 Evacuation Pause) 2013M->2013M(2118M) 14.771ms
[10.524s][info][gc,cpu        ] GC(37) User=0.06s Sys=0.00s Real=0.02s
[10.524s][info][gc            ] GC(38) Concurrent Cycle
[10.524s][info][gc,marking    ] GC(38) Concurrent Clear Claimed Marks
[10.524s][info][gc,marking    ] GC(38) Concurrent Clear Claimed Marks 0.035ms
[10.524s][info][gc,marking    ] GC(38) Concurrent Scan Root Regions
[10.524s][info][gc,marking    ] GC(38) Concurrent Scan Root Regions 0.319ms
[10.524s][info][gc,marking    ] GC(38) Concurrent Mark (10.524s)
[10.524s][info][gc,marking    ] GC(38) Concurrent Mark From Roots
[10.524s][info][gc,task       ] GC(38) Using 3 workers of 3 for marking
[10.538s][info][gc,marking    ] GC(38) Concurrent Mark From Roots 13.285ms
[10.538s][info][gc,marking    ] GC(38) Concurrent Preclean
[10.538s][info][gc,marking    ] GC(38) Concurrent Preclean 0.144ms
[10.538s][info][gc,marking    ] GC(38) Concurrent Mark (10.524s, 10.538s) 13.520ms
[10.538s][info][gc,start      ] GC(38) Pause Remark
[10.539s][info][gc,stringtable] GC(38) Cleaned string and symbol table, strings: 6600 processed, 6 removed, symbols: 45920 processed, 0 removed
[10.539s][info][gc            ] GC(38) Pause Remark 2019M->1564M(2118M) 1.257ms
[10.539s][info][gc,cpu        ] GC(38) User=0.00s Sys=0.00s Real=0.00s
[10.539s][info][gc,marking    ] GC(38) Concurrent Rebuild Remembered Sets
[10.554s][info][gc,marking    ] GC(38) Concurrent Rebuild Remembered Sets 14.525ms
[10.554s][info][gc,start      ] GC(38) Pause Cleanup
[10.555s][info][gc            ] GC(38) Pause Cleanup 1572M->1572M(2118M) 0.403ms
[10.555s][info][gc,cpu        ] GC(38) User=0.00s Sys=0.00s Real=0.00s
[10.555s][info][gc,marking    ] GC(38) Concurrent Cleanup for Next Mark
[10.556s][info][gc,marking    ] GC(38) Concurrent Cleanup for Next Mark 1.415ms
[10.556s][info][gc            ] GC(38) Concurrent Cycle 32.197ms
[10.743s][info][gc,start      ] GC(39) Pause Young (Prepare Mixed) (G1 Evacuation Pause)
[10.743s][info][gc,task       ] GC(39) Using 10 workers of 10 for evacuation
[10.754s][info][gc,phases     ] GC(39)   Pre Evacuate Collection Set: 0.0ms
[10.754s][info][gc,phases     ] GC(39)   Evacuate Collection Set: 10.4ms
[10.754s][info][gc,phases     ] GC(39)   Post Evacuate Collection Set: 0.6ms
[10.754s][info][gc,phases     ] GC(39)   Other: 0.2ms
[10.754s][info][gc,heap       ] GC(39) Eden regions: 92->0(91)
[10.754s][info][gc,heap       ] GC(39) Survivor regions: 13->14(14)
[10.754s][info][gc,heap       ] GC(39) Old regions: 1546->1636
[10.754s][info][gc,heap       ] GC(39) Humongous regions: 0->0
[10.754s][info][gc,metaspace  ] GC(39) Metaspace: 13497K->13497K(1062912K)
[10.754s][info][gc            ] GC(39) Pause Young (Prepare Mixed) (G1 Evacuation Pause) 1650M->1649M(2118M) 11.412ms
[10.755s][info][gc,cpu        ] GC(39) User=0.06s Sys=0.00s Real=0.01s
[10.969s][info][gc,start      ] GC(40) Pause Young (Mixed) (G1 Evacuation Pause)
[10.969s][info][gc,task       ] GC(40) Using 10 workers of 10 for evacuation
[10.982s][info][gc,phases     ] GC(40)   Pre Evacuate Collection Set: 0.1ms
[10.982s][info][gc,phases     ] GC(40)   Evacuate Collection Set: 12.7ms
[10.982s][info][gc,phases     ] GC(40)   Post Evacuate Collection Set: 0.3ms
[10.982s][info][gc,phases     ] GC(40)   Other: 0.6ms
[10.982s][info][gc,heap       ] GC(40) Eden regions: 91->0(91)
[10.982s][info][gc,heap       ] GC(40) Survivor regions: 14->14(14)
[10.982s][info][gc,heap       ] GC(40) Old regions: 1636->1711
[10.982s][info][gc,heap       ] GC(40) Humongous regions: 0->0
[10.982s][info][gc,metaspace  ] GC(40) Metaspace: 13497K->13497K(1062912K)
[10.982s][info][gc            ] GC(40) Pause Young (Mixed) (G1 Evacuation Pause) 1740M->1724M(2118M) 13.876ms
[10.982s][info][gc,cpu        ] GC(40) User=0.08s Sys=0.00s Real=0.01s
[11.201s][info][gc,start      ] GC(41) Pause Young (Normal) (G1 Evacuation Pause)
[11.201s][info][gc,task       ] GC(41) Using 10 workers of 10 for evacuation
[11.218s][info][gc,phases     ] GC(41)   Pre Evacuate Collection Set: 0.1ms
[11.218s][info][gc,phases     ] GC(41)   Evacuate Collection Set: 15.8ms
[11.218s][info][gc,phases     ] GC(41)   Post Evacuate Collection Set: 0.5ms
[11.218s][info][gc,phases     ] GC(41)   Other: 0.3ms
[11.218s][info][gc,heap       ] GC(41) Eden regions: 91->0(91)
[11.218s][info][gc,heap       ] GC(41) Survivor regions: 14->14(14)
[11.218s][info][gc,heap       ] GC(41) Old regions: 1711->1802
[11.218s][info][gc,heap       ] GC(41) Humongous regions: 0->0
[11.218s][info][gc,metaspace  ] GC(41) Metaspace: 13497K->13497K(1062912K)
[11.218s][info][gc            ] GC(41) Pause Young (Normal) (G1 Evacuation Pause) 1815M->1815M(2118M) 16.993ms
[11.218s][info][gc,cpu        ] GC(41) User=0.06s Sys=0.00s Real=0.02s
[11.435s][info][gc,start      ] GC(42) Pause Young (Normal) (G1 Evacuation Pause)
[11.435s][info][gc,task       ] GC(42) Using 10 workers of 10 for evacuation
[11.446s][info][gc,phases     ] GC(42)   Pre Evacuate Collection Set: 0.0ms
[11.446s][info][gc,phases     ] GC(42)   Evacuate Collection Set: 11.1ms
[11.446s][info][gc,phases     ] GC(42)   Post Evacuate Collection Set: 0.4ms
[11.446s][info][gc,phases     ] GC(42)   Other: 0.2ms
[11.446s][info][gc,heap       ] GC(42) Eden regions: 91->0(91)
[11.446s][info][gc,heap       ] GC(42) Survivor regions: 14->14(14)
[11.447s][info][gc,heap       ] GC(42) Old regions: 1802->1892
[11.447s][info][gc,heap       ] GC(42) Humongous regions: 0->0
[11.447s][info][gc,metaspace  ] GC(42) Metaspace: 13510K->13510K(1062912K)
[11.447s][info][gc            ] GC(42) Pause Young (Normal) (G1 Evacuation Pause) 1906M->1905M(2118M) 11.917ms
[11.447s][info][gc,cpu        ] GC(42) User=0.03s Sys=0.00s Real=0.01s
[11.655s][info][gc,start      ] GC(43) Pause Young (Normal) (G1 Evacuation Pause)
[11.656s][info][gc,task       ] GC(43) Using 10 workers of 10 for evacuation
[11.667s][info][gc,phases     ] GC(43)   Pre Evacuate Collection Set: 0.0ms
[11.667s][info][gc,phases     ] GC(43)   Evacuate Collection Set: 10.8ms
[11.667s][info][gc,phases     ] GC(43)   Post Evacuate Collection Set: 0.4ms
[11.667s][info][gc,phases     ] GC(43)   Other: 0.2ms
[11.667s][info][gc,heap       ] GC(43) Eden regions: 91->0(91)
[11.667s][info][gc,heap       ] GC(43) Survivor regions: 14->14(14)
[11.667s][info][gc,heap       ] GC(43) Old regions: 1892->1983
[11.667s][info][gc,heap       ] GC(43) Humongous regions: 0->0
[11.667s][info][gc,metaspace  ] GC(43) Metaspace: 13510K->13510K(1062912K)
[11.667s][info][gc            ] GC(43) Pause Young (Normal) (G1 Evacuation Pause) 1996M->1996M(2118M) 11.556ms
[11.667s][info][gc,cpu        ] GC(43) User=0.16s Sys=0.00s Real=0.01s
[11.889s][info][gc,start      ] GC(44) Pause Young (Concurrent Start) (G1 Evacuation Pause)
[11.889s][info][gc,task       ] GC(44) Using 10 workers of 10 for evacuation
[11.930s][info][gc,phases     ] GC(44)   Pre Evacuate Collection Set: 0.1ms
[11.930s][info][gc,phases     ] GC(44)   Evacuate Collection Set: 40.3ms
[11.930s][info][gc,phases     ] GC(44)   Post Evacuate Collection Set: 0.4ms
[11.930s][info][gc,phases     ] GC(44)   Other: 0.4ms
[11.930s][info][gc,heap       ] GC(44) Eden regions: 91->0(95)
[11.930s][info][gc,heap       ] GC(44) Survivor regions: 14->14(14)
[11.930s][info][gc,heap       ] GC(44) Old regions: 1983->2073
[11.930s][info][gc,heap       ] GC(44) Humongous regions: 0->0
[11.930s][info][gc,metaspace  ] GC(44) Metaspace: 13510K->13510K(1062912K)
[11.930s][info][gc            ] GC(44) Pause Young (Concurrent Start) (G1 Evacuation Pause) 2087M->2086M(2192M) 41.342ms
[11.930s][info][gc,cpu        ] GC(44) User=0.14s Sys=0.17s Real=0.04s
[11.930s][info][gc            ] GC(45) Concurrent Cycle
[11.930s][info][gc,marking    ] GC(45) Concurrent Clear Claimed Marks
[11.930s][info][gc,marking    ] GC(45) Concurrent Clear Claimed Marks 0.039ms
[11.930s][info][gc,marking    ] GC(45) Concurrent Scan Root Regions
[11.931s][info][gc,marking    ] GC(45) Concurrent Scan Root Regions 0.398ms
[11.931s][info][gc,marking    ] GC(45) Concurrent Mark (11.931s)
[11.931s][info][gc,marking    ] GC(45) Concurrent Mark From Roots
[11.931s][info][gc,task       ] GC(45) Using 3 workers of 3 for marking
[11.945s][info][gc,marking    ] GC(45) Concurrent Mark From Roots 14.293ms
[11.945s][info][gc,marking    ] GC(45) Concurrent Preclean
[11.945s][info][gc,marking    ] GC(45) Concurrent Preclean 0.144ms
[11.945s][info][gc,marking    ] GC(45) Concurrent Mark (11.931s, 11.945s) 14.530ms
[11.945s][info][gc,start      ] GC(45) Pause Remark
[11.946s][info][gc,stringtable] GC(45) Cleaned string and symbol table, strings: 6618 processed, 6 removed, symbols: 45920 processed, 0 removed
[11.947s][info][gc            ] GC(45) Pause Remark 2094M->1775M(2192M) 1.285ms
[11.947s][info][gc,cpu        ] GC(45) User=0.00s Sys=0.00s Real=0.00s
[11.947s][info][gc,marking    ] GC(45) Concurrent Rebuild Remembered Sets
[11.963s][info][gc,marking    ] GC(45) Concurrent Rebuild Remembered Sets 15.717ms
[11.963s][info][gc,start      ] GC(45) Pause Cleanup
[11.963s][info][gc            ] GC(45) Pause Cleanup 1783M->1783M(2192M) 0.488ms
[11.963s][info][gc,cpu        ] GC(45) User=0.00s Sys=0.00s Real=0.00s
[11.963s][info][gc,marking    ] GC(45) Concurrent Cleanup for Next Mark
[11.965s][info][gc,marking    ] GC(45) Concurrent Cleanup for Next Mark 1.344ms
[11.965s][info][gc            ] GC(45) Concurrent Cycle 34.609ms
[12.146s][info][gc,start      ] GC(46) Pause Young (Prepare Mixed) (G1 Evacuation Pause)
[12.146s][info][gc,task       ] GC(46) Using 10 workers of 10 for evacuation
[12.157s][info][gc,phases     ] GC(46)   Pre Evacuate Collection Set: 0.0ms
[12.157s][info][gc,phases     ] GC(46)   Evacuate Collection Set: 10.8ms
[12.157s][info][gc,phases     ] GC(46)   Post Evacuate Collection Set: 0.3ms
[12.157s][info][gc,phases     ] GC(46)   Other: 0.2ms
[12.157s][info][gc,heap       ] GC(46) Eden regions: 95->0(95)
[12.157s][info][gc,heap       ] GC(46) Survivor regions: 14->14(14)
[12.157s][info][gc,heap       ] GC(46) Old regions: 1754->1849
[12.157s][info][gc,heap       ] GC(46) Humongous regions: 0->0
[12.157s][info][gc,metaspace  ] GC(46) Metaspace: 13510K->13510K(1062912K)
[12.157s][info][gc            ] GC(46) Pause Young (Prepare Mixed) (G1 Evacuation Pause) 1862M->1862M(2192M) 11.544ms
[12.157s][info][gc,cpu        ] GC(46) User=0.00s Sys=0.00s Real=0.01s
[12.394s][info][gc,start      ] GC(47) Pause Young (Mixed) (G1 Evacuation Pause)
[12.394s][info][gc,task       ] GC(47) Using 10 workers of 10 for evacuation
[12.406s][info][gc,phases     ] GC(47)   Pre Evacuate Collection Set: 0.0ms
[12.406s][info][gc,phases     ] GC(47)   Evacuate Collection Set: 11.6ms
[12.406s][info][gc,phases     ] GC(47)   Post Evacuate Collection Set: 0.3ms
[12.406s][info][gc,phases     ] GC(47)   Other: 0.3ms
[12.406s][info][gc,heap       ] GC(47) Eden regions: 95->0(95)
[12.406s][info][gc,heap       ] GC(47) Survivor regions: 14->14(14)
[12.406s][info][gc,heap       ] GC(47) Old regions: 1849->1941
[12.406s][info][gc,heap       ] GC(47) Humongous regions: 0->0
[12.406s][info][gc,metaspace  ] GC(47) Metaspace: 13523K->13523K(1062912K)
[12.406s][info][gc            ] GC(47) Pause Young (Mixed) (G1 Evacuation Pause) 1957M->1954M(2192M) 12.397ms
[12.406s][info][gc,cpu        ] GC(47) User=0.00s Sys=0.00s Real=0.01s
[12.622s][info][gc,start      ] GC(48) Pause Young (Normal) (G1 Evacuation Pause)
[12.622s][info][gc,task       ] GC(48) Using 10 workers of 10 for evacuation
[12.635s][info][gc,phases     ] GC(48)   Pre Evacuate Collection Set: 0.0ms
[12.635s][info][gc,phases     ] GC(48)   Evacuate Collection Set: 11.7ms
[12.635s][info][gc,phases     ] GC(48)   Post Evacuate Collection Set: 0.4ms
[12.635s][info][gc,phases     ] GC(48)   Other: 0.2ms
[12.635s][info][gc,heap       ] GC(48) Eden regions: 95->0(95)
[12.635s][info][gc,heap       ] GC(48) Survivor regions: 14->14(14)
[12.635s][info][gc,heap       ] GC(48) Old regions: 1941->2035
[12.635s][info][gc,heap       ] GC(48) Humongous regions: 0->0
[12.635s][info][gc,metaspace  ] GC(48) Metaspace: 13523K->13523K(1062912K)
[12.635s][info][gc            ] GC(48) Pause Young (Normal) (G1 Evacuation Pause) 2049M->2048M(2192M) 12.525ms
[12.635s][info][gc,cpu        ] GC(48) User=0.13s Sys=0.00s Real=0.01s
[12.861s][info][gc,start      ] GC(49) Pause Young (Normal) (G1 Evacuation Pause)
[12.862s][info][gc,task       ] GC(49) Using 10 workers of 10 for evacuation
[12.905s][info][gc,phases     ] GC(49)   Pre Evacuate Collection Set: 0.1ms
[12.905s][info][gc,phases     ] GC(49)   Evacuate Collection Set: 42.8ms
[12.905s][info][gc,phases     ] GC(49)   Post Evacuate Collection Set: 0.4ms
[12.905s][info][gc,phases     ] GC(49)   Other: 0.6ms
[12.905s][info][gc,heap       ] GC(49) Eden regions: 95->0(98)
[12.905s][info][gc,heap       ] GC(49) Survivor regions: 14->14(14)
[12.905s][info][gc,heap       ] GC(49) Old regions: 2035->2130
[12.905s][info][gc,heap       ] GC(49) Humongous regions: 0->0
[12.905s][info][gc,metaspace  ] GC(49) Metaspace: 13523K->13523K(1062912K)
[12.905s][info][gc            ] GC(49) Pause Young (Normal) (G1 Evacuation Pause) 2143M->2143M(2253M) 43.978ms
[12.905s][info][gc,cpu        ] GC(49) User=0.08s Sys=0.06s Real=0.04s
[13.133s][info][gc,start      ] GC(50) Pause Young (Concurrent Start) (G1 Evacuation Pause)
[13.133s][info][gc,task       ] GC(50) Using 10 workers of 10 for evacuation
[13.165s][info][gc,phases     ] GC(50)   Pre Evacuate Collection Set: 0.0ms
[13.165s][info][gc,phases     ] GC(50)   Evacuate Collection Set: 31.3ms
[13.165s][info][gc,phases     ] GC(50)   Post Evacuate Collection Set: 0.3ms
[13.165s][info][gc,phases     ] GC(50)   Other: 0.2ms
[13.165s][info][gc,heap       ] GC(50) Eden regions: 98->0(103)
[13.165s][info][gc,heap       ] GC(50) Survivor regions: 14->14(14)
[13.165s][info][gc,heap       ] GC(50) Old regions: 2130->2227
[13.165s][info][gc,heap       ] GC(50) Humongous regions: 0->0
[13.165s][info][gc,metaspace  ] GC(50) Metaspace: 13523K->13523K(1062912K)
[13.165s][info][gc            ] GC(50) Pause Young (Concurrent Start) (G1 Evacuation Pause) 2241M->2240M(2353M) 32.064ms
[13.165s][info][gc,cpu        ] GC(50) User=0.02s Sys=0.08s Real=0.03s
[13.165s][info][gc            ] GC(51) Concurrent Cycle
[13.165s][info][gc,marking    ] GC(51) Concurrent Clear Claimed Marks
[13.165s][info][gc,marking    ] GC(51) Concurrent Clear Claimed Marks 0.050ms
[13.165s][info][gc,marking    ] GC(51) Concurrent Scan Root Regions
[13.165s][info][gc,marking    ] GC(51) Concurrent Scan Root Regions 0.286ms
[13.166s][info][gc,marking    ] GC(51) Concurrent Mark (13.166s)
[13.166s][info][gc,marking    ] GC(51) Concurrent Mark From Roots
[13.166s][info][gc,task       ] GC(51) Using 3 workers of 3 for marking
[13.181s][info][gc,marking    ] GC(51) Concurrent Mark From Roots 15.088ms
[13.181s][info][gc,marking    ] GC(51) Concurrent Preclean
[13.181s][info][gc,marking    ] GC(51) Concurrent Preclean 0.145ms
[13.181s][info][gc,marking    ] GC(51) Concurrent Mark (13.166s, 13.181s) 15.321ms
[13.181s][info][gc,start      ] GC(51) Pause Remark
[13.182s][info][gc,stringtable] GC(51) Cleaned string and symbol table, strings: 6622 processed, 6 removed, symbols: 45922 processed, 0 removed
[13.182s][info][gc            ] GC(51) Pause Remark 2247M->1907M(2353M) 1.221ms
[13.182s][info][gc,cpu        ] GC(51) User=0.00s Sys=0.00s Real=0.00s
[13.182s][info][gc,marking    ] GC(51) Concurrent Rebuild Remembered Sets
[13.200s][info][gc,marking    ] GC(51) Concurrent Rebuild Remembered Sets 17.991ms
[13.200s][info][gc,start      ] GC(51) Pause Cleanup
[13.201s][info][gc            ] GC(51) Pause Cleanup 1915M->1915M(2353M) 0.542ms
[13.201s][info][gc,cpu        ] GC(51) User=0.00s Sys=0.00s Real=0.00s
[13.201s][info][gc,marking    ] GC(51) Concurrent Cleanup for Next Mark
[13.203s][info][gc,marking    ] GC(51) Concurrent Cleanup for Next Mark 1.850ms
[13.203s][info][gc            ] GC(51) Concurrent Cycle 37.913ms
[13.404s][info][gc,start      ] GC(52) Pause Young (Normal) (G1 Evacuation Pause)
[13.404s][info][gc,task       ] GC(52) Using 10 workers of 10 for evacuation
[13.416s][info][gc,phases     ] GC(52)   Pre Evacuate Collection Set: 0.0ms
[13.416s][info][gc,phases     ] GC(52)   Evacuate Collection Set: 11.9ms
[13.416s][info][gc,phases     ] GC(52)   Post Evacuate Collection Set: 0.3ms
[13.416s][info][gc,phases     ] GC(52)   Other: 0.2ms
[13.416s][info][gc,heap       ] GC(52) Eden regions: 103->0(102)
[13.416s][info][gc,heap       ] GC(52) Survivor regions: 14->15(15)
[13.416s][info][gc,heap       ] GC(52) Old regions: 1887->1989
[13.416s][info][gc,heap       ] GC(52) Humongous regions: 0->0
[13.416s][info][gc,metaspace  ] GC(52) Metaspace: 13537K->13537K(1062912K)
[13.416s][info][gc            ] GC(52) Pause Young (Normal) (G1 Evacuation Pause) 2003M->2003M(2353M) 12.666ms
[13.417s][info][gc,cpu        ] GC(52) User=0.05s Sys=0.02s Real=0.01s
[13.662s][info][gc,start      ] GC(53) Pause Young (Normal) (G1 Evacuation Pause)
[13.662s][info][gc,task       ] GC(53) Using 10 workers of 10 for evacuation
[13.674s][info][gc,phases     ] GC(53)   Pre Evacuate Collection Set: 0.0ms
[13.674s][info][gc,phases     ] GC(53)   Evacuate Collection Set: 11.5ms
[13.674s][info][gc,phases     ] GC(53)   Post Evacuate Collection Set: 0.4ms
[13.674s][info][gc,phases     ] GC(53)   Other: 0.2ms
[13.674s][info][gc,heap       ] GC(53) Eden regions: 102->0(102)
[13.674s][info][gc,heap       ] GC(53) Survivor regions: 15->15(15)
[13.674s][info][gc,heap       ] GC(53) Old regions: 1989->2091
[13.674s][info][gc,heap       ] GC(53) Humongous regions: 0->0
[13.674s][info][gc,metaspace  ] GC(53) Metaspace: 13537K->13537K(1062912K)
[13.674s][info][gc            ] GC(53) Pause Young (Normal) (G1 Evacuation Pause) 2105M->2105M(2353M) 12.382ms
[13.674s][info][gc,cpu        ] GC(53) User=0.06s Sys=0.00s Real=0.01s
[13.912s][info][gc,start      ] GC(54) Pause Young (Normal) (G1 Evacuation Pause)
[13.912s][info][gc,task       ] GC(54) Using 10 workers of 10 for evacuation
[13.924s][info][gc,phases     ] GC(54)   Pre Evacuate Collection Set: 0.0ms
[13.924s][info][gc,phases     ] GC(54)   Evacuate Collection Set: 12.0ms
[13.924s][info][gc,phases     ] GC(54)   Post Evacuate Collection Set: 0.4ms
[13.924s][info][gc,phases     ] GC(54)   Other: 0.2ms
[13.924s][info][gc,heap       ] GC(54) Eden regions: 102->0(102)
[13.925s][info][gc,heap       ] GC(54) Survivor regions: 15->15(15)
[13.925s][info][gc,heap       ] GC(54) Old regions: 2091->2192
[13.925s][info][gc,heap       ] GC(54) Humongous regions: 0->0
[13.925s][info][gc,metaspace  ] GC(54) Metaspace: 13537K->13537K(1062912K)
[13.925s][info][gc            ] GC(54) Pause Young (Normal) (G1 Evacuation Pause) 2207M->2206M(2353M) 12.803ms
[13.925s][info][gc,cpu        ] GC(54) User=0.06s Sys=0.00s Real=0.01s
[14.162s][info][gc,start      ] GC(55) Pause Young (Concurrent Start) (G1 Evacuation Pause)
[14.162s][info][gc,task       ] GC(55) Using 10 workers of 10 for evacuation
[14.189s][info][gc,phases     ] GC(55)   Pre Evacuate Collection Set: 0.0ms
[14.189s][info][gc,phases     ] GC(55)   Evacuate Collection Set: 26.9ms
[14.189s][info][gc,phases     ] GC(55)   Post Evacuate Collection Set: 0.4ms
[14.189s][info][gc,phases     ] GC(55)   Other: 0.2ms
[14.189s][info][gc,heap       ] GC(55) Eden regions: 102->0(106)
[14.189s][info][gc,heap       ] GC(55) Survivor regions: 15->15(15)
[14.190s][info][gc,heap       ] GC(55) Old regions: 2192->2294
[14.190s][info][gc,heap       ] GC(55) Humongous regions: 0->0
[14.190s][info][gc,metaspace  ] GC(55) Metaspace: 13537K->13537K(1062912K)
[14.190s][info][gc            ] GC(55) Pause Young (Concurrent Start) (G1 Evacuation Pause) 2308M->2308M(2426M) 27.772ms
[14.190s][info][gc,cpu        ] GC(55) User=0.02s Sys=0.02s Real=0.03s
[14.190s][info][gc            ] GC(56) Concurrent Cycle
[14.190s][info][gc,marking    ] GC(56) Concurrent Clear Claimed Marks
[14.190s][info][gc,marking    ] GC(56) Concurrent Clear Claimed Marks 0.047ms
[14.190s][info][gc,marking    ] GC(56) Concurrent Scan Root Regions
[14.190s][info][gc,marking    ] GC(56) Concurrent Scan Root Regions 0.526ms
[14.190s][info][gc,marking    ] GC(56) Concurrent Mark (14.190s)
[14.190s][info][gc,marking    ] GC(56) Concurrent Mark From Roots
[14.190s][info][gc,task       ] GC(56) Using 3 workers of 3 for marking
[14.195s][info][gc,marking    ] GC(56) Concurrent Mark From Roots 5.113ms
[14.195s][info][gc,marking    ] GC(56) Concurrent Preclean
[14.196s][info][gc,marking    ] GC(56) Concurrent Preclean 0.139ms
[14.196s][info][gc,marking    ] GC(56) Concurrent Mark (14.190s, 14.196s) 5.335ms
[14.196s][info][gc,start      ] GC(56) Pause Remark
[14.204s][info][gc,stringtable] GC(56) Cleaned string and symbol table, strings: 6633 processed, 6 removed, symbols: 45924 processed, 0 removed
[14.204s][info][gc            ] GC(56) Pause Remark 2309M->2046M(2426M) 8.727ms
[14.205s][info][gc,cpu        ] GC(56) User=0.00s Sys=0.00s Real=0.01s
[14.205s][info][gc,marking    ] GC(56) Concurrent Rebuild Remembered Sets
[14.224s][info][gc,marking    ] GC(56) Concurrent Rebuild Remembered Sets 19.822ms
[14.225s][info][gc,start      ] GC(56) Pause Cleanup
[14.225s][info][gc            ] GC(56) Pause Cleanup 2058M->2058M(2426M) 0.686ms
[14.225s][info][gc,cpu        ] GC(56) User=0.00s Sys=0.00s Real=0.00s
[14.225s][info][gc,marking    ] GC(56) Concurrent Cleanup for Next Mark
[14.227s][info][gc,marking    ] GC(56) Concurrent Cleanup for Next Mark 1.634ms
[14.227s][info][gc            ] GC(56) Concurrent Cycle 37.550ms
[14.447s][info][gc,start      ] GC(57) Pause Young (Normal) (G1 Evacuation Pause)
[14.447s][info][gc,task       ] GC(57) Using 10 workers of 10 for evacuation
[14.487s][info][gc,phases     ] GC(57)   Pre Evacuate Collection Set: 0.1ms
[14.487s][info][gc,phases     ] GC(57)   Evacuate Collection Set: 29.5ms
[14.487s][info][gc,phases     ] GC(57)   Post Evacuate Collection Set: 10.1ms
[14.487s][info][gc,phases     ] GC(57)   Other: 0.6ms
[14.487s][info][gc,heap       ] GC(57) Eden regions: 106->0(120)
[14.487s][info][gc,heap       ] GC(57) Survivor regions: 15->16(16)
[14.487s][info][gc,heap       ] GC(57) Old regions: 2031->2135
[14.487s][info][gc,heap       ] GC(57) Humongous regions: 0->0
[14.487s][info][gc,metaspace  ] GC(57) Metaspace: 13541K->13541K(1062912K)
[14.487s][info][gc            ] GC(57) Pause Young (Normal) (G1 Evacuation Pause) 2151M->2150M(2739M) 40.437ms
[14.487s][info][gc,cpu        ] GC(57) User=0.17s Sys=0.02s Real=0.04s
[14.804s][info][gc,start      ] GC(58) Pause Young (Normal) (G1 Evacuation Pause)
[14.804s][info][gc,task       ] GC(58) Using 10 workers of 10 for evacuation
[14.820s][info][gc,phases     ] GC(58)   Pre Evacuate Collection Set: 0.1ms
[14.820s][info][gc,phases     ] GC(58)   Evacuate Collection Set: 15.0ms
[14.820s][info][gc,phases     ] GC(58)   Post Evacuate Collection Set: 0.4ms
[14.820s][info][gc,phases     ] GC(58)   Other: 0.2ms
[14.820s][info][gc,heap       ] GC(58) Eden regions: 120->0(119)
[14.820s][info][gc,heap       ] GC(58) Survivor regions: 16->17(17)
[14.820s][info][gc,heap       ] GC(58) Old regions: 2135->2254
[14.820s][info][gc,heap       ] GC(58) Humongous regions: 0->0
[14.820s][info][gc,metaspace  ] GC(58) Metaspace: 13541K->13541K(1062912K)
[14.820s][info][gc            ] GC(58) Pause Young (Normal) (G1 Evacuation Pause) 2270M->2270M(2739M) 15.811ms
[14.820s][info][gc,cpu        ] GC(58) User=0.06s Sys=0.00s Real=0.02s
[15.106s][info][gc,start      ] GC(59) Pause Young (Normal) (G1 Evacuation Pause)
[15.106s][info][gc,task       ] GC(59) Using 10 workers of 10 for evacuation
[15.125s][info][gc,phases     ] GC(59)   Pre Evacuate Collection Set: 0.1ms
[15.125s][info][gc,phases     ] GC(59)   Evacuate Collection Set: 17.9ms
[15.125s][info][gc,phases     ] GC(59)   Post Evacuate Collection Set: 0.3ms
[15.125s][info][gc,phases     ] GC(59)   Other: 0.6ms
[15.125s][info][gc,heap       ] GC(59) Eden regions: 119->0(119)
[15.125s][info][gc,heap       ] GC(59) Survivor regions: 17->17(17)
[15.125s][info][gc,heap       ] GC(59) Old regions: 2254->2372
[15.125s][info][gc,heap       ] GC(59) Humongous regions: 0->0
[15.125s][info][gc,metaspace  ] GC(59) Metaspace: 13541K->13541K(1062912K)
[15.125s][info][gc            ] GC(59) Pause Young (Normal) (G1 Evacuation Pause) 2389M->2388M(2739M) 19.008ms
[15.125s][info][gc,cpu        ] GC(59) User=0.09s Sys=0.03s Real=0.02s
[15.404s][info][gc,start      ] GC(60) Pause Young (Normal) (G1 Evacuation Pause)
[15.404s][info][gc,task       ] GC(60) Using 10 workers of 10 for evacuation
[15.429s][info][gc,phases     ] GC(60)   Pre Evacuate Collection Set: 0.0ms
[15.429s][info][gc,phases     ] GC(60)   Evacuate Collection Set: 24.2ms
[15.429s][info][gc,phases     ] GC(60)   Post Evacuate Collection Set: 0.4ms
[15.429s][info][gc,phases     ] GC(60)   Other: 0.2ms
[15.429s][info][gc,heap       ] GC(60) Eden regions: 119->0(119)
[15.429s][info][gc,heap       ] GC(60) Survivor regions: 17->17(17)
[15.429s][info][gc,heap       ] GC(60) Old regions: 2372->2491
[15.429s][info][gc,heap       ] GC(60) Humongous regions: 0->0
[15.429s][info][gc,metaspace  ] GC(60) Metaspace: 13547K->13547K(1062912K)
[15.429s][info][gc            ] GC(60) Pause Young (Normal) (G1 Evacuation Pause) 2507M->2507M(2739M) 24.987ms
[15.429s][info][gc,cpu        ] GC(60) User=0.17s Sys=0.14s Real=0.03s
[15.713s][info][gc,start      ] GC(61) Pause Young (Concurrent Start) (G1 Evacuation Pause)
[15.713s][info][gc,task       ] GC(61) Using 10 workers of 10 for evacuation
[15.744s][info][gc,phases     ] GC(61)   Pre Evacuate Collection Set: 0.1ms
[15.744s][info][gc,phases     ] GC(61)   Evacuate Collection Set: 30.2ms
[15.744s][info][gc,phases     ] GC(61)   Post Evacuate Collection Set: 0.3ms
[15.744s][info][gc,phases     ] GC(61)   Other: 0.3ms
[15.744s][info][gc,heap       ] GC(61) Eden regions: 119->0(121)
[15.744s][info][gc,heap       ] GC(61) Survivor regions: 17->17(17)
[15.744s][info][gc,heap       ] GC(61) Old regions: 2491->2609
[15.744s][info][gc,heap       ] GC(61) Humongous regions: 0->0
[15.744s][info][gc,metaspace  ] GC(61) Metaspace: 13547K->13547K(1062912K)
[15.744s][info][gc            ] GC(61) Pause Young (Concurrent Start) (G1 Evacuation Pause) 2626M->2625M(2762M) 31.034ms
[15.744s][info][gc,cpu        ] GC(61) User=0.06s Sys=0.25s Real=0.03s
[15.744s][info][gc            ] GC(62) Concurrent Cycle
[15.744s][info][gc,marking    ] GC(62) Concurrent Clear Claimed Marks
[15.744s][info][gc,marking    ] GC(62) Concurrent Clear Claimed Marks 0.036ms
[15.744s][info][gc,marking    ] GC(62) Concurrent Scan Root Regions
[15.744s][info][gc,marking    ] GC(62) Concurrent Scan Root Regions 0.357ms
[15.744s][info][gc,marking    ] GC(62) Concurrent Mark (15.744s)
[15.744s][info][gc,marking    ] GC(62) Concurrent Mark From Roots
[15.744s][info][gc,task       ] GC(62) Using 3 workers of 3 for marking
[15.762s][info][gc,marking    ] GC(62) Concurrent Mark From Roots 17.172ms
[15.762s][info][gc,marking    ] GC(62) Concurrent Preclean
[15.762s][info][gc,marking    ] GC(62) Concurrent Preclean 0.147ms
[15.762s][info][gc,marking    ] GC(62) Concurrent Mark (15.744s, 15.762s) 17.407ms
[15.762s][info][gc,start      ] GC(62) Pause Remark
[15.763s][info][gc,stringtable] GC(62) Cleaned string and symbol table, strings: 6638 processed, 7 removed, symbols: 45924 processed, 0 removed
[15.763s][info][gc            ] GC(62) Pause Remark 2633M->2327M(2762M) 1.398ms
[15.763s][info][gc,cpu        ] GC(62) User=0.00s Sys=0.00s Real=0.00s
[15.763s][info][gc,marking    ] GC(62) Concurrent Rebuild Remembered Sets
[15.785s][info][gc,marking    ] GC(62) Concurrent Rebuild Remembered Sets 21.372ms
[15.785s][info][gc,start      ] GC(62) Pause Cleanup
[15.786s][info][gc            ] GC(62) Pause Cleanup 2339M->2339M(2762M) 0.682ms
[15.786s][info][gc,cpu        ] GC(62) User=0.00s Sys=0.00s Real=0.00s
[15.786s][info][gc,marking    ] GC(62) Concurrent Cleanup for Next Mark
[15.788s][info][gc,marking    ] GC(62) Concurrent Cleanup for Next Mark 2.246ms
[15.788s][info][gc            ] GC(62) Concurrent Cycle 44.297ms
[16.033s][info][gc,start      ] GC(63) Pause Young (Normal) (G1 Evacuation Pause)
[16.033s][info][gc,task       ] GC(63) Using 10 workers of 10 for evacuation
[16.047s][info][gc,phases     ] GC(63)   Pre Evacuate Collection Set: 0.0ms
[16.047s][info][gc,phases     ] GC(63)   Evacuate Collection Set: 13.9ms
[16.047s][info][gc,phases     ] GC(63)   Post Evacuate Collection Set: 0.4ms
[16.047s][info][gc,phases     ] GC(63)   Other: 0.2ms
[16.047s][info][gc,heap       ] GC(63) Eden regions: 121->0(120)
[16.047s][info][gc,heap       ] GC(63) Survivor regions: 17->18(18)
[16.047s][info][gc,heap       ] GC(63) Old regions: 2303->2423
[16.047s][info][gc,heap       ] GC(63) Humongous regions: 0->0
[16.047s][info][gc,metaspace  ] GC(63) Metaspace: 13547K->13547K(1062912K)
[16.048s][info][gc            ] GC(63) Pause Young (Normal) (G1 Evacuation Pause) 2440M->2440M(2762M) 14.673ms
[16.048s][info][gc,cpu        ] GC(63) User=0.00s Sys=0.00s Real=0.01s
[16.328s][info][gc,start      ] GC(64) Pause Young (Normal) (G1 Evacuation Pause)
[16.328s][info][gc,task       ] GC(64) Using 10 workers of 10 for evacuation
[16.345s][info][gc,phases     ] GC(64)   Pre Evacuate Collection Set: 0.1ms
[16.345s][info][gc,phases     ] GC(64)   Evacuate Collection Set: 16.5ms
[16.345s][info][gc,phases     ] GC(64)   Post Evacuate Collection Set: 0.3ms
[16.345s][info][gc,phases     ] GC(64)   Other: 0.6ms
[16.345s][info][gc,heap       ] GC(64) Eden regions: 120->0(120)
[16.345s][info][gc,heap       ] GC(64) Survivor regions: 18->18(18)
[16.345s][info][gc,heap       ] GC(64) Old regions: 2423->2542
[16.345s][info][gc,heap       ] GC(64) Humongous regions: 0->0
[16.345s][info][gc,metaspace  ] GC(64) Metaspace: 13547K->13547K(1062912K)
[16.345s][info][gc            ] GC(64) Pause Young (Normal) (G1 Evacuation Pause) 2560M->2559M(2762M) 17.624ms
[16.345s][info][gc,cpu        ] GC(64) User=0.05s Sys=0.02s Real=0.02s
[16.633s][info][gc,start      ] GC(65) Pause Young (Concurrent Start) (G1 Evacuation Pause)
[16.633s][info][gc,task       ] GC(65) Using 10 workers of 10 for evacuation
[16.659s][info][gc,phases     ] GC(65)   Pre Evacuate Collection Set: 0.0ms
[16.659s][info][gc,phases     ] GC(65)   Evacuate Collection Set: 25.8ms
[16.659s][info][gc,phases     ] GC(65)   Post Evacuate Collection Set: 0.2ms
[16.659s][info][gc,phases     ] GC(65)   Other: 0.2ms
[16.659s][info][gc,heap       ] GC(65) Eden regions: 120->0(122)
[16.659s][info][gc,heap       ] GC(65) Survivor regions: 18->18(18)
[16.659s][info][gc,heap       ] GC(65) Old regions: 2542->2662
[16.659s][info][gc,heap       ] GC(65) Humongous regions: 0->0
[16.659s][info][gc,metaspace  ] GC(65) Metaspace: 13564K->13564K(1062912K)
[16.659s][info][gc            ] GC(65) Pause Young (Concurrent Start) (G1 Evacuation Pause) 2679M->2679M(2818M) 26.477ms
[16.659s][info][gc,cpu        ] GC(65) User=0.16s Sys=0.13s Real=0.03s
[16.659s][info][gc            ] GC(66) Concurrent Cycle
[16.659s][info][gc,marking    ] GC(66) Concurrent Clear Claimed Marks
[16.659s][info][gc,marking    ] GC(66) Concurrent Clear Claimed Marks 0.045ms
[16.659s][info][gc,marking    ] GC(66) Concurrent Scan Root Regions
[16.660s][info][gc,marking    ] GC(66) Concurrent Scan Root Regions 0.269ms
[16.660s][info][gc,marking    ] GC(66) Concurrent Mark (16.660s)
[16.660s][info][gc,marking    ] GC(66) Concurrent Mark From Roots
[16.660s][info][gc,task       ] GC(66) Using 3 workers of 3 for marking
[16.665s][info][gc,marking    ] GC(66) Concurrent Mark From Roots 5.452ms
[16.665s][info][gc,marking    ] GC(66) Concurrent Preclean
[16.665s][info][gc,marking    ] GC(66) Concurrent Preclean 0.141ms
[16.665s][info][gc,marking    ] GC(66) Concurrent Mark (16.660s, 16.665s) 5.681ms
[16.666s][info][gc,start      ] GC(66) Pause Remark
[16.677s][info][gc,stringtable] GC(66) Cleaned string and symbol table, strings: 6653 processed, 0 removed, symbols: 45924 processed, 0 removed
[16.678s][info][gc            ] GC(66) Pause Remark 2681M->2455M(2818M) 12.256ms
[16.678s][info][gc,cpu        ] GC(66) User=0.16s Sys=0.00s Real=0.01s
[16.678s][info][gc,marking    ] GC(66) Concurrent Rebuild Remembered Sets
[16.704s][info][gc,marking    ] GC(66) Concurrent Rebuild Remembered Sets 25.606ms
[16.704s][info][gc,start      ] GC(66) Pause Cleanup
[16.704s][info][gc            ] GC(66) Pause Cleanup 2467M->2467M(2818M) 0.620ms
[16.704s][info][gc,cpu        ] GC(66) User=0.00s Sys=0.00s Real=0.00s
[16.705s][info][gc,marking    ] GC(66) Concurrent Cleanup for Next Mark
[16.707s][info][gc,marking    ] GC(66) Concurrent Cleanup for Next Mark 2.308ms
[16.707s][info][gc            ] GC(66) Concurrent Cycle 47.485ms
[16.957s][info][gc,start      ] GC(67) Pause Young (Normal) (G1 Evacuation Pause)
[16.957s][info][gc,task       ] GC(67) Using 10 workers of 10 for evacuation
[16.974s][info][gc,phases     ] GC(67)   Pre Evacuate Collection Set: 0.1ms
[16.974s][info][gc,phases     ] GC(67)   Evacuate Collection Set: 14.6ms
[16.974s][info][gc,phases     ] GC(67)   Post Evacuate Collection Set: 2.5ms
[16.974s][info][gc,phases     ] GC(67)   Other: 0.3ms
[16.974s][info][gc,heap       ] GC(67) Eden regions: 122->0(128)
[16.974s][info][gc,heap       ] GC(67) Survivor regions: 18->18(18)
[16.974s][info][gc,heap       ] GC(67) Old regions: 2436->2557
[16.974s][info][gc,heap       ] GC(67) Humongous regions: 0->0
[16.974s][info][gc,metaspace  ] GC(67) Metaspace: 13564K->13564K(1062912K)
[16.974s][info][gc            ] GC(67) Pause Young (Normal) (G1 Evacuation Pause) 2575M->2574M(2927M) 17.521ms
[16.974s][info][gc,cpu        ] GC(67) User=0.02s Sys=0.02s Real=0.02s
[17.333s][info][gc,start      ] GC(68) Pause Young (Normal) (G1 Evacuation Pause)
[17.333s][info][gc,task       ] GC(68) Using 10 workers of 10 for evacuation
[17.349s][info][gc,phases     ] GC(68)   Pre Evacuate Collection Set: 0.1ms
[17.349s][info][gc,phases     ] GC(68)   Evacuate Collection Set: 15.7ms
[17.349s][info][gc,phases     ] GC(68)   Post Evacuate Collection Set: 0.4ms
[17.349s][info][gc,phases     ] GC(68)   Other: 0.2ms
[17.349s][info][gc,heap       ] GC(68) Eden regions: 128->0(127)
[17.349s][info][gc,heap       ] GC(68) Survivor regions: 18->19(19)
[17.349s][info][gc,heap       ] GC(68) Old regions: 2557->2684
[17.349s][info][gc,heap       ] GC(68) Humongous regions: 0->0
[17.349s][info][gc,metaspace  ] GC(68) Metaspace: 13564K->13564K(1062912K)
[17.349s][info][gc            ] GC(68) Pause Young (Normal) (G1 Evacuation Pause) 2702M->2702M(2927M) 16.538ms
[17.349s][info][gc,cpu        ] GC(68) User=0.05s Sys=0.00s Real=0.02s
[17.646s][info][gc,start      ] GC(69) Pause Young (Concurrent Start) (G1 Evacuation Pause)
[17.646s][info][gc,task       ] GC(69) Using 10 workers of 10 for evacuation
[17.685s][info][gc,phases     ] GC(69)   Pre Evacuate Collection Set: 0.1ms
[17.685s][info][gc,phases     ] GC(69)   Evacuate Collection Set: 37.7ms
[17.685s][info][gc,phases     ] GC(69)   Post Evacuate Collection Set: 0.4ms
[17.685s][info][gc,phases     ] GC(69)   Other: 0.5ms
[17.685s][info][gc,heap       ] GC(69) Eden regions: 127->0(129)
[17.685s][info][gc,heap       ] GC(69) Survivor regions: 19->19(19)
[17.685s][info][gc,heap       ] GC(69) Old regions: 2684->2810
[17.685s][info][gc,heap       ] GC(69) Humongous regions: 0->0
[17.685s][info][gc,metaspace  ] GC(69) Metaspace: 13573K->13573K(1062912K)
[17.685s][info][gc            ] GC(69) Pause Young (Concurrent Start) (G1 Evacuation Pause) 2829M->2828M(2975M) 38.872ms
[17.685s][info][gc,cpu        ] GC(69) User=0.03s Sys=0.03s Real=0.04s
[17.685s][info][gc            ] GC(70) Concurrent Cycle
[17.685s][info][gc,marking    ] GC(70) Concurrent Clear Claimed Marks
[17.685s][info][gc,marking    ] GC(70) Concurrent Clear Claimed Marks 0.037ms
[17.685s][info][gc,marking    ] GC(70) Concurrent Scan Root Regions
[17.685s][info][gc,marking    ] GC(70) Concurrent Scan Root Regions 0.394ms
[17.685s][info][gc,marking    ] GC(70) Concurrent Mark (17.685s)
[17.685s][info][gc,marking    ] GC(70) Concurrent Mark From Roots
[17.685s][info][gc,task       ] GC(70) Using 3 workers of 3 for marking
[17.708s][info][gc,marking    ] GC(70) Concurrent Mark From Roots 22.419ms
[17.708s][info][gc,marking    ] GC(70) Concurrent Preclean
[17.708s][info][gc,marking    ] GC(70) Concurrent Preclean 0.156ms
[17.708s][info][gc,marking    ] GC(70) Concurrent Mark (17.685s, 17.708s) 22.669ms
[17.708s][info][gc,start      ] GC(70) Pause Remark
[17.709s][info][gc,stringtable] GC(70) Cleaned string and symbol table, strings: 6655 processed, 6 removed, symbols: 45924 processed, 0 removed
[17.710s][info][gc            ] GC(70) Pause Remark 2837M->2595M(2975M) 1.315ms
[17.710s][info][gc,cpu        ] GC(70) User=0.00s Sys=0.00s Real=0.00s
[17.710s][info][gc,marking    ] GC(70) Concurrent Rebuild Remembered Sets
[17.737s][info][gc,marking    ] GC(70) Concurrent Rebuild Remembered Sets 27.231ms
[17.737s][info][gc,start      ] GC(70) Pause Cleanup
[17.738s][info][gc            ] GC(70) Pause Cleanup 2607M->2607M(2975M) 0.825ms
[17.738s][info][gc,cpu        ] GC(70) User=0.00s Sys=0.00s Real=0.00s
[17.738s][info][gc,marking    ] GC(70) Concurrent Cleanup for Next Mark
[17.741s][info][gc,marking    ] GC(70) Concurrent Cleanup for Next Mark 2.789ms
[17.741s][info][gc            ] GC(70) Concurrent Cycle 56.128ms
[17.990s][info][gc,start      ] GC(71) Pause Young (Normal) (G1 Evacuation Pause)
[17.990s][info][gc,task       ] GC(71) Using 10 workers of 10 for evacuation
[18.007s][info][gc,phases     ] GC(71)   Pre Evacuate Collection Set: 0.1ms
[18.007s][info][gc,phases     ] GC(71)   Evacuate Collection Set: 16.2ms
[18.007s][info][gc,phases     ] GC(71)   Post Evacuate Collection Set: 0.4ms
[18.007s][info][gc,phases     ] GC(71)   Other: 0.3ms
[18.007s][info][gc,heap       ] GC(71) Eden regions: 129->0(129)
[18.007s][info][gc,heap       ] GC(71) Survivor regions: 19->19(19)
[18.007s][info][gc,heap       ] GC(71) Old regions: 2568->2697
[18.007s][info][gc,heap       ] GC(71) Humongous regions: 0->0
[18.007s][info][gc,metaspace  ] GC(71) Metaspace: 13573K->13573K(1062912K)
[18.007s][info][gc            ] GC(71) Pause Young (Normal) (G1 Evacuation Pause) 2715M->2715M(2975M) 17.190ms
[18.007s][info][gc,cpu        ] GC(71) User=0.06s Sys=0.00s Real=0.02s
[18.310s][info][gc,start      ] GC(72) Pause Young (Concurrent Start) (G1 Evacuation Pause)
[18.310s][info][gc,task       ] GC(72) Using 10 workers of 10 for evacuation
[18.329s][info][gc,phases     ] GC(72)   Pre Evacuate Collection Set: 0.1ms
[18.329s][info][gc,phases     ] GC(72)   Evacuate Collection Set: 18.2ms
[18.329s][info][gc,phases     ] GC(72)   Post Evacuate Collection Set: 0.3ms
[18.329s][info][gc,phases     ] GC(72)   Other: 0.3ms
[18.329s][info][gc,heap       ] GC(72) Eden regions: 129->0(130)
[18.329s][info][gc,heap       ] GC(72) Survivor regions: 19->19(19)
[18.329s][info][gc,heap       ] GC(72) Old regions: 2697->2825
[18.329s][info][gc,heap       ] GC(72) Humongous regions: 0->0
[18.329s][info][gc,metaspace  ] GC(72) Metaspace: 13573K->13573K(1062912K)
[18.329s][info][gc            ] GC(72) Pause Young (Concurrent Start) (G1 Evacuation Pause) 2844M->2843M(2992M) 19.034ms
[18.329s][info][gc,cpu        ] GC(72) User=0.09s Sys=0.00s Real=0.02s
[18.329s][info][gc            ] GC(73) Concurrent Cycle
[18.329s][info][gc,marking    ] GC(73) Concurrent Clear Claimed Marks
[18.329s][info][gc,marking    ] GC(73) Concurrent Clear Claimed Marks 0.042ms
[18.329s][info][gc,marking    ] GC(73) Concurrent Scan Root Regions
[18.329s][info][gc,marking    ] GC(73) Concurrent Scan Root Regions 0.326ms
[18.329s][info][gc,marking    ] GC(73) Concurrent Mark (18.329s)
[18.329s][info][gc,marking    ] GC(73) Concurrent Mark From Roots
[18.329s][info][gc,task       ] GC(73) Using 3 workers of 3 for marking
[18.351s][info][gc,marking    ] GC(73) Concurrent Mark From Roots 21.254ms
[18.351s][info][gc,marking    ] GC(73) Concurrent Preclean
[18.351s][info][gc,marking    ] GC(73) Concurrent Preclean 0.160ms
[18.351s][info][gc,marking    ] GC(73) Concurrent Mark (18.329s, 18.351s) 21.506ms
[18.351s][info][gc,start      ] GC(73) Pause Remark
[18.352s][info][gc,stringtable] GC(73) Cleaned string and symbol table, strings: 6649 processed, 0 removed, symbols: 45924 processed, 0 removed
[18.353s][info][gc            ] GC(73) Pause Remark 2852M->2776M(2992M) 1.312ms
[18.353s][info][gc,cpu        ] GC(73) User=0.00s Sys=0.00s Real=0.00s
[18.353s][info][gc,marking    ] GC(73) Concurrent Rebuild Remembered Sets
[18.380s][info][gc,marking    ] GC(73) Concurrent Rebuild Remembered Sets 27.012ms
[18.380s][info][gc,start      ] GC(73) Pause Cleanup
[18.381s][info][gc            ] GC(73) Pause Cleanup 2788M->2788M(2992M) 0.875ms
[18.381s][info][gc,cpu        ] GC(73) User=0.00s Sys=0.00s Real=0.00s
[18.381s][info][gc,marking    ] GC(73) Concurrent Cleanup for Next Mark
[18.384s][info][gc,marking    ] GC(73) Concurrent Cleanup for Next Mark 2.615ms
[18.384s][info][gc            ] GC(73) Concurrent Cycle 54.670ms
[18.641s][info][gc,start      ] GC(74) Pause Young (Normal) (G1 Evacuation Pause)
[18.641s][info][gc,task       ] GC(74) Using 10 workers of 10 for evacuation
[18.668s][info][gc,phases     ] GC(74)   Pre Evacuate Collection Set: 0.1ms
[18.668s][info][gc,phases     ] GC(74)   Evacuate Collection Set: 26.3ms
[18.668s][info][gc,phases     ] GC(74)   Post Evacuate Collection Set: 0.3ms
[18.668s][info][gc,phases     ] GC(74)   Other: 0.2ms
[18.668s][info][gc,heap       ] GC(74) Eden regions: 130->0(133)
[18.668s][info][gc,heap       ] GC(74) Survivor regions: 19->19(19)
[18.668s][info][gc,heap       ] GC(74) Old regions: 2749->2879
[18.668s][info][gc,heap       ] GC(74) Humongous regions: 0->0
[18.668s][info][gc,metaspace  ] GC(74) Metaspace: 13592K->13592K(1062912K)
[18.668s][info][gc            ] GC(74) Pause Young (Normal) (G1 Evacuation Pause) 2897M->2897M(3047M) 27.005ms
[18.668s][info][gc,cpu        ] GC(74) User=0.09s Sys=0.05s Real=0.03s
[18.972s][info][gc,start      ] GC(75) Pause Young (Concurrent Start) (G1 Evacuation Pause)
[18.972s][info][gc,task       ] GC(75) Using 10 workers of 10 for evacuation
[19.016s][info][gc,phases     ] GC(75)   Pre Evacuate Collection Set: 0.1ms
[19.016s][info][gc,phases     ] GC(75)   Evacuate Collection Set: 42.5ms
[19.016s][info][gc,phases     ] GC(75)   Post Evacuate Collection Set: 0.3ms
[19.016s][info][gc,phases     ] GC(75)   Other: 0.3ms
[19.016s][info][gc,heap       ] GC(75) Eden regions: 133->0(140)
[19.016s][info][gc,heap       ] GC(75) Survivor regions: 19->19(19)
[19.016s][info][gc,heap       ] GC(75) Old regions: 2879->3011
[19.016s][info][gc,heap       ] GC(75) Humongous regions: 0->0
[19.016s][info][gc,metaspace  ] GC(75) Metaspace: 13592K->13592K(1062912K)
[19.016s][info][gc            ] GC(75) Pause Young (Concurrent Start) (G1 Evacuation Pause) 3030M->3029M(3182M) 43.469ms
[19.016s][info][gc,cpu        ] GC(75) User=0.06s Sys=0.13s Real=0.04s
[19.016s][info][gc            ] GC(76) Concurrent Cycle
[19.016s][info][gc,marking    ] GC(76) Concurrent Clear Claimed Marks
[19.016s][info][gc,marking    ] GC(76) Concurrent Clear Claimed Marks 0.034ms
[19.016s][info][gc,marking    ] GC(76) Concurrent Scan Root Regions
[19.016s][info][gc,marking    ] GC(76) Concurrent Scan Root Regions 0.384ms
[19.016s][info][gc,marking    ] GC(76) Concurrent Mark (19.016s)
[19.016s][info][gc,marking    ] GC(76) Concurrent Mark From Roots
[19.016s][info][gc,task       ] GC(76) Using 3 workers of 3 for marking
[19.038s][info][gc,marking    ] GC(76) Concurrent Mark From Roots 21.794ms
[19.038s][info][gc,marking    ] GC(76) Concurrent Preclean
[19.038s][info][gc,marking    ] GC(76) Concurrent Preclean 0.158ms
[19.038s][info][gc,marking    ] GC(76) Concurrent Mark (19.016s, 19.038s) 22.040ms
[19.039s][info][gc,start      ] GC(76) Pause Remark
[19.039s][info][gc,stringtable] GC(76) Cleaned string and symbol table, strings: 6667 processed, 0 removed, symbols: 45926 processed, 0 removed
[19.040s][info][gc            ] GC(76) Pause Remark 3038M->2951M(3182M) 1.293ms
[19.040s][info][gc,cpu        ] GC(76) User=0.00s Sys=0.00s Real=0.00s
[19.040s][info][gc,marking    ] GC(76) Concurrent Rebuild Remembered Sets
[19.068s][info][gc,marking    ] GC(76) Concurrent Rebuild Remembered Sets 27.892ms
[19.068s][info][gc,start      ] GC(76) Pause Cleanup
[19.069s][info][gc            ] GC(76) Pause Cleanup 2963M->2963M(3182M) 0.911ms
[19.069s][info][gc,cpu        ] GC(76) User=0.00s Sys=0.00s Real=0.00s
[19.069s][info][gc,marking    ] GC(76) Concurrent Cleanup for Next Mark
[19.071s][info][gc,marking    ] GC(76) Concurrent Cleanup for Next Mark 2.221ms
[19.071s][info][gc            ] GC(76) Concurrent Cycle 55.592ms
[19.350s][info][gc,start      ] GC(77) Pause Young (Normal) (G1 Evacuation Pause)
[19.350s][info][gc,task       ] GC(77) Using 10 workers of 10 for evacuation
[19.380s][info][gc,phases     ] GC(77)   Pre Evacuate Collection Set: 0.1ms
[19.380s][info][gc,phases     ] GC(77)   Evacuate Collection Set: 29.0ms
[19.380s][info][gc,phases     ] GC(77)   Post Evacuate Collection Set: 0.4ms
[19.380s][info][gc,phases     ] GC(77)   Other: 0.2ms
[19.380s][info][gc,heap       ] GC(77) Eden regions: 140->0(142)
[19.380s][info][gc,heap       ] GC(77) Survivor regions: 19->20(20)
[19.380s][info][gc,heap       ] GC(77) Old regions: 2924->3063
[19.380s][info][gc,heap       ] GC(77) Humongous regions: 0->0
[19.380s][info][gc,metaspace  ] GC(77) Metaspace: 13592K->13592K(1062912K)
[19.380s][info][gc            ] GC(77) Pause Young (Normal) (G1 Evacuation Pause) 3082M->3082M(3242M) 29.884ms
[19.380s][info][gc,cpu        ] GC(77) User=0.08s Sys=0.02s Real=0.03s
[19.715s][info][gc,start      ] GC(78) Pause Young (Concurrent Start) (G1 Evacuation Pause)
[19.716s][info][gc,task       ] GC(78) Using 10 workers of 10 for evacuation
[19.761s][info][gc,phases     ] GC(78)   Pre Evacuate Collection Set: 0.1ms
[19.761s][info][gc,phases     ] GC(78)   Evacuate Collection Set: 44.0ms
[19.761s][info][gc,phases     ] GC(78)   Post Evacuate Collection Set: 1.2ms
[19.761s][info][gc,phases     ] GC(78)   Other: 0.3ms
[19.761s][info][gc,heap       ] GC(78) Eden regions: 142->0(150)
[19.761s][info][gc,heap       ] GC(78) Survivor regions: 20->21(21)
[19.761s][info][gc,heap       ] GC(78) Old regions: 3063->3203
[19.761s][info][gc,heap       ] GC(78) Humongous regions: 0->0
[19.761s][info][gc,metaspace  ] GC(78) Metaspace: 13609K->13609K(1062912K)
[19.761s][info][gc            ] GC(78) Pause Young (Concurrent Start) (G1 Evacuation Pause) 3224M->3223M(3439M) 45.772ms
[19.761s][info][gc,cpu        ] GC(78) User=0.05s Sys=0.31s Real=0.05s
[19.761s][info][gc            ] GC(79) Concurrent Cycle
[19.761s][info][gc,marking    ] GC(79) Concurrent Clear Claimed Marks
[19.761s][info][gc,marking    ] GC(79) Concurrent Clear Claimed Marks 0.040ms
[19.761s][info][gc,marking    ] GC(79) Concurrent Scan Root Regions
[19.762s][info][gc,marking    ] GC(79) Concurrent Scan Root Regions 0.369ms
[19.762s][info][gc,marking    ] GC(79) Concurrent Mark (19.762s)
[19.762s][info][gc,marking    ] GC(79) Concurrent Mark From Roots
[19.762s][info][gc,task       ] GC(79) Using 3 workers of 3 for marking
[19.784s][info][gc,marking    ] GC(79) Concurrent Mark From Roots 22.149ms
[19.784s][info][gc,marking    ] GC(79) Concurrent Preclean
[19.784s][info][gc,marking    ] GC(79) Concurrent Preclean 0.149ms
[19.784s][info][gc,marking    ] GC(79) Concurrent Mark (19.762s, 19.784s) 22.386ms
[19.784s][info][gc,start      ] GC(79) Pause Remark
[19.785s][info][gc,stringtable] GC(79) Cleaned string and symbol table, strings: 6668 processed, 6 removed, symbols: 45928 processed, 0 removed
[19.785s][info][gc            ] GC(79) Pause Remark 3232M->2952M(3439M) 1.150ms
[19.785s][info][gc,cpu        ] GC(79) User=0.00s Sys=0.00s Real=0.00s
[19.786s][info][gc,marking    ] GC(79) Concurrent Rebuild Remembered Sets
[19.813s][info][gc,marking    ] GC(79) Concurrent Rebuild Remembered Sets 27.897ms
[19.814s][info][gc,start      ] GC(79) Pause Cleanup
[19.814s][info][gc            ] GC(79) Pause Cleanup 2960M->2960M(3439M) 0.833ms
[19.814s][info][gc,cpu        ] GC(79) User=0.00s Sys=0.00s Real=0.00s
[19.815s][info][gc,marking    ] GC(79) Concurrent Cleanup for Next Mark
[19.817s][info][gc,marking    ] GC(79) Concurrent Cleanup for Next Mark 2.708ms
[19.817s][info][gc            ] GC(79) Concurrent Cycle 55.987ms
[20.124s][info][gc,start      ] GC(80) Pause Young (Normal) (G1 Evacuation Pause)
[20.124s][info][gc,task       ] GC(80) Using 10 workers of 10 for evacuation
[20.142s][info][gc,phases     ] GC(80)   Pre Evacuate Collection Set: 0.1ms
[20.142s][info][gc,phases     ] GC(80)   Evacuate Collection Set: 17.9ms
[20.142s][info][gc,phases     ] GC(80)   Post Evacuate Collection Set: 0.3ms
[20.142s][info][gc,phases     ] GC(80)   Other: 0.3ms
[20.142s][info][gc,heap       ] GC(80) Eden regions: 150->0(149)
[20.142s][info][gc,heap       ] GC(80) Survivor regions: 21->22(22)
[20.142s][info][gc,heap       ] GC(80) Old regions: 2923->3071
[20.142s][info][gc,heap       ] GC(80) Humongous regions: 0->0
[20.142s][info][gc,metaspace  ] GC(80) Metaspace: 13609K->13609K(1062912K)
[20.142s][info][gc            ] GC(80) Pause Young (Normal) (G1 Evacuation Pause) 3093M->3092M(3439M) 18.777ms
[20.143s][info][gc,cpu        ] GC(80) User=0.17s Sys=0.05s Real=0.02s
[20.492s][info][gc,start      ] GC(81) Pause Young (Normal) (G1 Evacuation Pause)
[20.492s][info][gc,task       ] GC(81) Using 10 workers of 10 for evacuation
[20.511s][info][gc,phases     ] GC(81)   Pre Evacuate Collection Set: 0.1ms
[20.511s][info][gc,phases     ] GC(81)   Evacuate Collection Set: 18.8ms
[20.511s][info][gc,phases     ] GC(81)   Post Evacuate Collection Set: 0.4ms
[20.511s][info][gc,phases     ] GC(81)   Other: 0.2ms
[20.511s][info][gc,heap       ] GC(81) Eden regions: 149->0(149)
[20.512s][info][gc,heap       ] GC(81) Survivor regions: 22->22(22)
[20.512s][info][gc,heap       ] GC(81) Old regions: 3071->3220
[20.512s][info][gc,heap       ] GC(81) Humongous regions: 0->0
[20.512s][info][gc,metaspace  ] GC(81) Metaspace: 13623K->13623K(1062912K)
[20.512s][info][gc            ] GC(81) Pause Young (Normal) (G1 Evacuation Pause) 3241M->3241M(3439M) 19.653ms
[20.512s][info][gc,cpu        ] GC(81) User=0.09s Sys=0.00s Real=0.02s
[20.865s][info][gc,start      ] GC(82) Pause Young (Concurrent Start) (G1 Evacuation Pause)
[20.865s][info][gc,task       ] GC(82) Using 10 workers of 10 for evacuation
[20.909s][info][gc,phases     ] GC(82)   Pre Evacuate Collection Set: 0.1ms
[20.909s][info][gc,phases     ] GC(82)   Evacuate Collection Set: 43.5ms
[20.909s][info][gc,phases     ] GC(82)   Post Evacuate Collection Set: 0.2ms
[20.909s][info][gc,phases     ] GC(82)   Other: 0.3ms
[20.909s][info][gc,heap       ] GC(82) Eden regions: 149->0(156)
[20.909s][info][gc,heap       ] GC(82) Survivor regions: 22->22(22)
[20.909s][info][gc,heap       ] GC(82) Old regions: 3220->3368
[20.909s][info][gc,heap       ] GC(82) Humongous regions: 0->0
[20.909s][info][gc,metaspace  ] GC(82) Metaspace: 13623K->13623K(1062912K)
[20.909s][info][gc            ] GC(82) Pause Young (Concurrent Start) (G1 Evacuation Pause) 3390M->3389M(3561M) 44.370ms
[20.909s][info][gc,cpu        ] GC(82) User=0.14s Sys=0.14s Real=0.04s
[20.909s][info][gc            ] GC(83) Concurrent Cycle
[20.909s][info][gc,marking    ] GC(83) Concurrent Clear Claimed Marks
[20.909s][info][gc,marking    ] GC(83) Concurrent Clear Claimed Marks 0.052ms
[20.909s][info][gc,marking    ] GC(83) Concurrent Scan Root Regions
[20.910s][info][gc,marking    ] GC(83) Concurrent Scan Root Regions 0.501ms
[20.910s][info][gc,marking    ] GC(83) Concurrent Mark (20.910s)
[20.910s][info][gc,marking    ] GC(83) Concurrent Mark From Roots
[20.910s][info][gc,task       ] GC(83) Using 3 workers of 3 for marking
[20.938s][info][gc,marking    ] GC(83) Concurrent Mark From Roots 28.267ms
[20.938s][info][gc,marking    ] GC(83) Concurrent Preclean
[20.938s][info][gc,marking    ] GC(83) Concurrent Preclean 0.153ms
[20.938s][info][gc,marking    ] GC(83) Concurrent Mark (20.910s, 20.938s) 28.508ms
[20.939s][info][gc,start      ] GC(83) Pause Remark
[20.939s][info][gc,stringtable] GC(83) Cleaned string and symbol table, strings: 6692 processed, 0 removed, symbols: 45934 processed, 0 removed
[20.940s][info][gc            ] GC(83) Pause Remark 3403M->3158M(3561M) 1.456ms
[20.940s][info][gc,cpu        ] GC(83) User=0.00s Sys=0.00s Real=0.00s
[20.940s][info][gc,marking    ] GC(83) Concurrent Rebuild Remembered Sets
[20.971s][info][gc,marking    ] GC(83) Concurrent Rebuild Remembered Sets 31.168ms
[20.971s][info][gc,start      ] GC(83) Pause Cleanup
[20.972s][info][gc            ] GC(83) Pause Cleanup 3170M->3170M(3561M) 0.914ms
[20.972s][info][gc,cpu        ] GC(83) User=0.00s Sys=0.00s Real=0.00s
[20.972s][info][gc,marking    ] GC(83) Concurrent Cleanup for Next Mark
[20.976s][info][gc,marking    ] GC(83) Concurrent Cleanup for Next Mark 3.537ms
[20.976s][info][gc            ] GC(83) Concurrent Cycle 66.941ms
[21.282s][info][gc,start      ] GC(84) Pause Young (Normal) (G1 Evacuation Pause)
[21.282s][info][gc,task       ] GC(84) Using 10 workers of 10 for evacuation
[21.301s][info][gc,phases     ] GC(84)   Pre Evacuate Collection Set: 0.1ms
[21.301s][info][gc,phases     ] GC(84)   Evacuate Collection Set: 18.7ms
[21.301s][info][gc,phases     ] GC(84)   Post Evacuate Collection Set: 0.5ms
[21.301s][info][gc,phases     ] GC(84)   Other: 0.2ms
[21.301s][info][gc,heap       ] GC(84) Eden regions: 156->0(155)
[21.301s][info][gc,heap       ] GC(84) Survivor regions: 22->23(23)
[21.301s][info][gc,heap       ] GC(84) Old regions: 3123->3278
[21.301s][info][gc,heap       ] GC(84) Humongous regions: 0->0
[21.301s][info][gc,metaspace  ] GC(84) Metaspace: 13623K->13623K(1062912K)
[21.301s][info][gc            ] GC(84) Pause Young (Normal) (G1 Evacuation Pause) 3300M->3300M(3561M) 19.675ms
[21.301s][info][gc,cpu        ] GC(84) User=0.20s Sys=0.02s Real=0.02s
[21.663s][info][gc,start      ] GC(85) Pause Young (Concurrent Start) (G1 Evacuation Pause)
[21.663s][info][gc,task       ] GC(85) Using 10 workers of 10 for evacuation
[21.696s][info][gc,phases     ] GC(85)   Pre Evacuate Collection Set: 0.1ms
[21.696s][info][gc,phases     ] GC(85)   Evacuate Collection Set: 33.0ms
[21.696s][info][gc,phases     ] GC(85)   Post Evacuate Collection Set: 0.4ms
[21.697s][info][gc,phases     ] GC(85)   Other: 0.3ms
[21.697s][info][gc,heap       ] GC(85) Eden regions: 155->0(158)
[21.697s][info][gc,heap       ] GC(85) Survivor regions: 23->23(23)
[21.697s][info][gc,heap       ] GC(85) Old regions: 3278->3432
[21.697s][info][gc,heap       ] GC(85) Humongous regions: 0->0
[21.697s][info][gc,metaspace  ] GC(85) Metaspace: 13643K->13643K(1062912K)
[21.697s][info][gc            ] GC(85) Pause Young (Concurrent Start) (G1 Evacuation Pause) 3455M->3454M(3633M) 33.884ms
[21.697s][info][gc,cpu        ] GC(85) User=0.16s Sys=0.02s Real=0.03s
[21.697s][info][gc            ] GC(86) Concurrent Cycle
[21.697s][info][gc,marking    ] GC(86) Concurrent Clear Claimed Marks
[21.697s][info][gc,marking    ] GC(86) Concurrent Clear Claimed Marks 0.035ms
[21.697s][info][gc,marking    ] GC(86) Concurrent Scan Root Regions
[21.697s][info][gc,marking    ] GC(86) Concurrent Scan Root Regions 0.365ms
[21.697s][info][gc,marking    ] GC(86) Concurrent Mark (21.697s)
[21.697s][info][gc,marking    ] GC(86) Concurrent Mark From Roots
[21.697s][info][gc,task       ] GC(86) Using 3 workers of 3 for marking
[21.723s][info][gc,marking    ] GC(86) Concurrent Mark From Roots 25.547ms
[21.723s][info][gc,marking    ] GC(86) Concurrent Preclean
[21.723s][info][gc,marking    ] GC(86) Concurrent Preclean 0.163ms
[21.723s][info][gc,marking    ] GC(86) Concurrent Mark (21.697s, 21.723s) 25.806ms
[21.723s][info][gc,start      ] GC(86) Pause Remark
[21.724s][info][gc,stringtable] GC(86) Cleaned string and symbol table, strings: 6694 processed, 6 removed, symbols: 45938 processed, 0 removed
[21.725s][info][gc            ] GC(86) Pause Remark 3463M->3289M(3633M) 1.278ms
[21.725s][info][gc,cpu        ] GC(86) User=0.00s Sys=0.00s Real=0.00s
[21.725s][info][gc,marking    ] GC(86) Concurrent Rebuild Remembered Sets
[21.757s][info][gc,marking    ] GC(86) Concurrent Rebuild Remembered Sets 32.480ms
[21.757s][info][gc,start      ] GC(86) Pause Cleanup
[21.758s][info][gc            ] GC(86) Pause Cleanup 3305M->3305M(3633M) 1.051ms
[21.758s][info][gc,cpu        ] GC(86) User=0.00s Sys=0.00s Real=0.00s
[21.759s][info][gc,marking    ] GC(86) Concurrent Cleanup for Next Mark
[21.761s][info][gc,marking    ] GC(86) Concurrent Cleanup for Next Mark 2.780ms
[21.761s][info][gc            ] GC(86) Concurrent Cycle 64.677ms
[22.070s][info][gc,start      ] GC(87) Pause Young (Normal) (G1 Evacuation Pause)
[22.070s][info][gc,task       ] GC(87) Using 10 workers of 10 for evacuation
[22.090s][info][gc,phases     ] GC(87)   Pre Evacuate Collection Set: 0.1ms
[22.090s][info][gc,phases     ] GC(87)   Evacuate Collection Set: 19.8ms
[22.090s][info][gc,phases     ] GC(87)   Post Evacuate Collection Set: 0.3ms
[22.090s][info][gc,phases     ] GC(87)   Other: 0.4ms
[22.090s][info][gc,heap       ] GC(87) Eden regions: 158->0(158)
[22.090s][info][gc,heap       ] GC(87) Survivor regions: 23->23(23)
[22.090s][info][gc,heap       ] GC(87) Old regions: 3258->3415
[22.090s][info][gc,heap       ] GC(87) Humongous regions: 0->0
[22.090s][info][gc,metaspace  ] GC(87) Metaspace: 13643K->13643K(1062912K)
[22.090s][info][gc            ] GC(87) Pause Young (Normal) (G1 Evacuation Pause) 3438M->3437M(3633M) 20.864ms
[22.091s][info][gc,cpu        ] GC(87) User=0.03s Sys=0.00s Real=0.02s
[22.462s][info][gc,start      ] GC(88) Pause Young (Concurrent Start) (G1 Evacuation Pause)
[22.462s][info][gc,task       ] GC(88) Using 10 workers of 10 for evacuation
[22.509s][info][gc,phases     ] GC(88)   Pre Evacuate Collection Set: 0.1ms
[22.509s][info][gc,phases     ] GC(88)   Evacuate Collection Set: 46.1ms
[22.509s][info][gc,phases     ] GC(88)   Post Evacuate Collection Set: 0.3ms
[22.509s][info][gc,phases     ] GC(88)   Other: 0.3ms
[22.509s][info][gc,heap       ] GC(88) Eden regions: 158->0(165)
[22.509s][info][gc,heap       ] GC(88) Survivor regions: 23->23(23)
[22.509s][info][gc,heap       ] GC(88) Old regions: 3415->3572
[22.509s][info][gc,heap       ] GC(88) Humongous regions: 0->0
[22.509s][info][gc,metaspace  ] GC(88) Metaspace: 13669K->13669K(1062912K)
[22.509s][info][gc            ] GC(88) Pause Young (Concurrent Start) (G1 Evacuation Pause) 3595M->3594M(3776M) 46.986ms
[22.509s][info][gc,cpu        ] GC(88) User=0.09s Sys=0.16s Real=0.05s
[22.509s][info][gc            ] GC(89) Concurrent Cycle
[22.509s][info][gc,marking    ] GC(89) Concurrent Clear Claimed Marks
[22.509s][info][gc,marking    ] GC(89) Concurrent Clear Claimed Marks 0.036ms
[22.509s][info][gc,marking    ] GC(89) Concurrent Scan Root Regions
[22.510s][info][gc,marking    ] GC(89) Concurrent Scan Root Regions 0.481ms
[22.510s][info][gc,marking    ] GC(89) Concurrent Mark (22.510s)
[22.510s][info][gc,marking    ] GC(89) Concurrent Mark From Roots
[22.510s][info][gc,task       ] GC(89) Using 3 workers of 3 for marking
[22.543s][info][gc,marking    ] GC(89) Concurrent Mark From Roots 32.980ms
[22.543s][info][gc,marking    ] GC(89) Concurrent Preclean
[22.543s][info][gc,marking    ] GC(89) Concurrent Preclean 0.145ms
[22.543s][info][gc,marking    ] GC(89) Concurrent Mark (22.510s, 22.543s) 33.215ms
[22.543s][info][gc,start      ] GC(89) Pause Remark
[22.544s][info][gc,stringtable] GC(89) Cleaned string and symbol table, strings: 6697 processed, 0 removed, symbols: 45944 processed, 0 removed
[22.544s][info][gc            ] GC(89) Pause Remark 3607M->3484M(3776M) 1.246ms
[22.544s][info][gc,cpu        ] GC(89) User=0.00s Sys=0.00s Real=0.00s
[22.544s][info][gc,marking    ] GC(89) Concurrent Rebuild Remembered Sets
[22.577s][info][gc,marking    ] GC(89) Concurrent Rebuild Remembered Sets 32.797ms
[22.577s][info][gc,start      ] GC(89) Pause Cleanup
[22.578s][info][gc            ] GC(89) Pause Cleanup 3500M->3500M(3776M) 1.013ms
[22.578s][info][gc,cpu        ] GC(89) User=0.00s Sys=0.00s Real=0.00s
[22.578s][info][gc,marking    ] GC(89) Concurrent Cleanup for Next Mark
[22.582s][info][gc,marking    ] GC(89) Concurrent Cleanup for Next Mark 3.341ms
[22.582s][info][gc            ] GC(89) Concurrent Cycle 72.880ms
[22.895s][info][gc,start      ] GC(90) Pause Young (Normal) (G1 Evacuation Pause)
[22.895s][info][gc,task       ] GC(90) Using 10 workers of 10 for evacuation
[22.925s][info][gc,phases     ] GC(90)   Pre Evacuate Collection Set: 0.1ms
[22.925s][info][gc,phases     ] GC(90)   Evacuate Collection Set: 28.5ms
[22.925s][info][gc,phases     ] GC(90)   Post Evacuate Collection Set: 0.9ms
[22.925s][info][gc,phases     ] GC(90)   Other: 0.2ms
[22.925s][info][gc,heap       ] GC(90) Eden regions: 165->0(168)
[22.925s][info][gc,heap       ] GC(90) Survivor regions: 23->24(24)
[22.925s][info][gc,heap       ] GC(90) Old regions: 3449->3613
[22.925s][info][gc,heap       ] GC(90) Humongous regions: 0->0
[22.925s][info][gc,metaspace  ] GC(90) Metaspace: 13669K->13669K(1062912K)
[22.925s][info][gc            ] GC(90) Pause Young (Normal) (G1 Evacuation Pause) 3636M->3636M(3852M) 29.892ms
[22.925s][info][gc,cpu        ] GC(90) User=0.03s Sys=0.03s Real=0.03s
[23.332s][info][gc,start      ] GC(91) Pause Young (Concurrent Start) (G1 Evacuation Pause)
[23.332s][info][gc,task       ] GC(91) Using 10 workers of 10 for evacuation
[23.379s][info][gc,phases     ] GC(91)   Pre Evacuate Collection Set: 0.1ms
[23.379s][info][gc,phases     ] GC(91)   Evacuate Collection Set: 46.4ms
[23.379s][info][gc,phases     ] GC(91)   Post Evacuate Collection Set: 0.3ms
[23.379s][info][gc,phases     ] GC(91)   Other: 0.3ms
[23.379s][info][gc,heap       ] GC(91) Eden regions: 168->0(175)
[23.379s][info][gc,heap       ] GC(91) Survivor regions: 24->24(24)
[23.379s][info][gc,heap       ] GC(91) Old regions: 3613->3780
[23.379s][info][gc,heap       ] GC(91) Humongous regions: 0->0
[23.379s][info][gc,metaspace  ] GC(91) Metaspace: 13669K->13669K(1062912K)
[23.379s][info][gc            ] GC(91) Pause Young (Concurrent Start) (G1 Evacuation Pause) 3804M->3803M(3996M) 47.182ms
[23.379s][info][gc,cpu        ] GC(91) User=0.13s Sys=0.23s Real=0.05s
[23.379s][info][gc            ] GC(92) Concurrent Cycle
[23.379s][info][gc,marking    ] GC(92) Concurrent Clear Claimed Marks
[23.380s][info][gc,marking    ] GC(92) Concurrent Clear Claimed Marks 0.039ms
[23.380s][info][gc,marking    ] GC(92) Concurrent Scan Root Regions
[23.380s][info][gc,marking    ] GC(92) Concurrent Scan Root Regions 0.510ms
[23.380s][info][gc,marking    ] GC(92) Concurrent Mark (23.380s)
[23.380s][info][gc,marking    ] GC(92) Concurrent Mark From Roots
[23.380s][info][gc,task       ] GC(92) Using 3 workers of 3 for marking
[23.407s][info][gc,marking    ] GC(92) Concurrent Mark From Roots 26.974ms
[23.407s][info][gc,marking    ] GC(92) Concurrent Preclean
[23.407s][info][gc,marking    ] GC(92) Concurrent Preclean 0.157ms
[23.407s][info][gc,marking    ] GC(92) Concurrent Mark (23.380s, 23.407s) 27.225ms
[23.408s][info][gc,start      ] GC(92) Pause Remark
[23.408s][info][gc,stringtable] GC(92) Cleaned string and symbol table, strings: 6697 processed, 6 removed, symbols: 45944 processed, 0 removed
[23.409s][info][gc            ] GC(92) Pause Remark 3818M->3738M(3996M) 1.336ms
[23.409s][info][gc,cpu        ] GC(92) User=0.05s Sys=0.00s Real=0.00s
[23.409s][info][gc,marking    ] GC(92) Concurrent Rebuild Remembered Sets
[23.446s][info][gc,marking    ] GC(92) Concurrent Rebuild Remembered Sets 37.071ms
[23.446s][info][gc,start      ] GC(92) Pause Cleanup
[23.447s][info][gc            ] GC(92) Pause Cleanup 3754M->3754M(3996M) 1.187ms
[23.447s][info][gc,cpu        ] GC(92) User=0.00s Sys=0.00s Real=0.00s
[23.448s][info][gc,marking    ] GC(92) Concurrent Cleanup for Next Mark
[23.451s][info][gc,marking    ] GC(92) Concurrent Cleanup for Next Mark 3.337ms
[23.451s][info][gc            ] GC(92) Concurrent Cycle 71.518ms
[23.793s][info][gc,start      ] GC(93) Pause Young (Normal) (G1 Evacuation Pause)
[23.794s][info][gc,task       ] GC(93) Using 10 workers of 10 for evacuation
[23.832s][info][gc            ] GC(93) To-space exhausted
[23.832s][info][gc,phases     ] GC(93)   Pre Evacuate Collection Set: 0.1ms
[23.832s][info][gc,phases     ] GC(93)   Evacuate Collection Set: 37.7ms
[23.832s][info][gc,phases     ] GC(93)   Post Evacuate Collection Set: 0.7ms
[23.832s][info][gc,phases     ] GC(93)   Other: 0.3ms
[23.832s][info][gc,heap       ] GC(93) Eden regions: 175->0(178)
[23.832s][info][gc,heap       ] GC(93) Survivor regions: 24->25(25)
[23.832s][info][gc,heap       ] GC(93) Old regions: 3700->3879
[23.832s][info][gc,heap       ] GC(93) Humongous regions: 0->0
[23.832s][info][gc,metaspace  ] GC(93) Metaspace: 13673K->13673K(1062912K)
[23.832s][info][gc            ] GC(93) Pause Young (Normal) (G1 Evacuation Pause) 3898M->3904M(4078M) 38.979ms
[23.832s][info][gc,cpu        ] GC(93) User=0.17s Sys=0.19s Real=0.04s
[24.247s][info][gc,start      ] GC(94) Pause Young (Concurrent Start) (G1 Evacuation Pause)
[24.247s][info][gc,task       ] GC(94) Using 10 workers of 10 for evacuation
[24.256s][info][gc            ] GC(94) To-space exhausted
[24.256s][info][gc,phases     ] GC(94)   Pre Evacuate Collection Set: 0.2ms
[24.256s][info][gc,phases     ] GC(94)   Evacuate Collection Set: 4.2ms
[24.256s][info][gc,phases     ] GC(94)   Post Evacuate Collection Set: 3.1ms
[24.256s][info][gc,phases     ] GC(94)   Other: 1.1ms
[24.256s][info][gc,heap       ] GC(94) Eden regions: 174->0(203)
[24.256s][info][gc,heap       ] GC(94) Survivor regions: 25->0(26)
[24.256s][info][gc,heap       ] GC(94) Old regions: 3879->4078
[24.256s][info][gc,heap       ] GC(94) Humongous regions: 0->0
[24.256s][info][gc,metaspace  ] GC(94) Metaspace: 13673K->13673K(1062912K)
[24.256s][info][gc            ] GC(94) Pause Young (Concurrent Start) (G1 Evacuation Pause) 4078M->4078M(4078M) 8.996ms
[24.256s][info][gc,cpu        ] GC(94) User=0.16s Sys=0.00s Real=0.01s
[24.256s][info][gc,task       ] GC(95) Using 10 workers of 10 for full compaction
[24.256s][info][gc            ] GC(96) Concurrent Cycle
[24.256s][info][gc,marking    ] GC(96) Concurrent Clear Claimed Marks
[24.257s][info][gc,marking    ] GC(96) Concurrent Clear Claimed Marks 0.072ms
[24.257s][info][gc,marking    ] GC(96) Concurrent Scan Root Regions
[24.257s][info][gc,marking    ] GC(96) Concurrent Scan Root Regions 0.042ms
[24.257s][info][gc,marking    ] GC(96) Concurrent Mark (24.257s)
[24.257s][info][gc,marking    ] GC(96) Concurrent Mark From Roots
[24.257s][info][gc,task       ] GC(96) Using 3 workers of 3 for marking
[24.257s][info][gc,start      ] GC(95) Pause Full (G1 Evacuation Pause)
[24.261s][info][gc,phases,start] GC(95) Phase 1: Mark live objects
[24.283s][info][gc,stringtable ] GC(95) Cleaned string and symbol table, strings: 6699 processed, 557 removed, symbols: 45944 processed, 0 removed
[24.284s][info][gc,phases      ] GC(95) Phase 1: Mark live objects 22.172ms
[24.284s][info][gc,phases,start] GC(95) Phase 2: Prepare for compaction
[24.302s][info][gc,phases      ] GC(95) Phase 2: Prepare for compaction 18.121ms
[24.302s][info][gc,phases,start] GC(95) Phase 3: Adjust pointers
[24.320s][info][gc,phases      ] GC(95) Phase 3: Adjust pointers 18.175ms
[24.320s][info][gc,phases,start] GC(95) Phase 4: Compact heap
[24.759s][info][gc,phases      ] GC(95) Phase 4: Compact heap 438.777ms
[24.763s][info][gc,heap        ] GC(95) Eden regions: 0->0(203)
[24.763s][info][gc,heap        ] GC(95) Survivor regions: 0->0(26)
[24.763s][info][gc,heap        ] GC(95) Old regions: 4078->3727
[24.763s][info][gc,heap        ] GC(95) Humongous regions: 0->0
[24.763s][info][gc,metaspace   ] GC(95) Metaspace: 13673K->13286K(1062912K)
[24.763s][info][gc             ] GC(95) Pause Full (G1 Evacuation Pause) 4078M->3720M(4078M) 506.002ms
[24.763s][info][gc,cpu         ] GC(95) User=4.55s Sys=0.00s Real=0.51s
[24.763s][info][gc,marking     ] GC(96) Concurrent Mark From Roots 506.652ms
[24.763s][info][gc,marking     ] GC(96) Concurrent Mark Abort
[24.764s][info][gc             ] GC(96) Concurrent Cycle 507.217ms
[25.263s][info][gc,start       ] GC(97) Pause Young (Normal) (G1 Evacuation Pause)
[25.263s][info][gc,task        ] GC(97) Using 10 workers of 10 for evacuation
[25.283s][info][gc             ] GC(97) To-space exhausted
[25.283s][info][gc,phases      ] GC(97)   Pre Evacuate Collection Set: 0.1ms
[25.283s][info][gc,phases      ] GC(97)   Evacuate Collection Set: 18.8ms
[25.283s][info][gc,phases      ] GC(97)   Post Evacuate Collection Set: 1.0ms
[25.283s][info][gc,phases      ] GC(97)   Other: 0.3ms
[25.283s][info][gc,heap        ] GC(97) Eden regions: 203->0(177)
[25.283s][info][gc,heap        ] GC(97) Survivor regions: 0->26(26)
[25.283s][info][gc,heap        ] GC(97) Old regions: 3727->3912
[25.283s][info][gc,heap        ] GC(97) Humongous regions: 0->0
[25.283s][info][gc,metaspace   ] GC(97) Metaspace: 13362K->13362K(1062912K)
[25.283s][info][gc             ] GC(97) Pause Young (Normal) (G1 Evacuation Pause) 3923M->3931M(4078M) 20.350ms
[25.283s][info][gc,cpu         ] GC(97) User=0.08s Sys=0.00s Real=0.02s
[25.627s][info][gc,start       ] GC(98) Pause Young (Concurrent Start) (G1 Evacuation Pause)
[25.627s][info][gc,task        ] GC(98) Using 10 workers of 10 for evacuation
[25.630s][info][gc             ] GC(98) To-space exhausted
[25.630s][info][gc,phases      ] GC(98)   Pre Evacuate Collection Set: 0.1ms
[25.630s][info][gc,phases      ] GC(98)   Evacuate Collection Set: 1.2ms
[25.630s][info][gc,phases      ] GC(98)   Post Evacuate Collection Set: 1.6ms
[25.630s][info][gc,phases      ] GC(98)   Other: 0.4ms
[25.630s][info][gc,heap        ] GC(98) Eden regions: 140->0(203)
[25.631s][info][gc,heap        ] GC(98) Survivor regions: 26->0(26)
[25.631s][info][gc,heap        ] GC(98) Old regions: 3912->4078
[25.631s][info][gc,heap        ] GC(98) Humongous regions: 0->0
[25.631s][info][gc,metaspace   ] GC(98) Metaspace: 13370K->13370K(1062912K)
[25.631s][info][gc             ] GC(98) Pause Young (Concurrent Start) (G1 Evacuation Pause) 4071M->4071M(4078M) 3.456ms
[25.631s][info][gc,cpu         ] GC(98) User=0.00s Sys=0.00s Real=0.00s
[25.631s][info][gc,task        ] GC(99) Using 10 workers of 10 for full compaction
[25.631s][info][gc             ] GC(100) Concurrent Cycle
[25.631s][info][gc,marking     ] GC(100) Concurrent Clear Claimed Marks
[25.631s][info][gc,marking     ] GC(100) Concurrent Clear Claimed Marks 0.026ms
[25.631s][info][gc,marking     ] GC(100) Concurrent Scan Root Regions
[25.631s][info][gc,marking     ] GC(100) Concurrent Scan Root Regions 0.014ms
[25.631s][info][gc,marking     ] GC(100) Concurrent Mark (25.631s)
[25.631s][info][gc,marking     ] GC(100) Concurrent Mark From Roots
[25.631s][info][gc,task        ] GC(100) Using 3 workers of 3 for marking
[25.631s][info][gc,start       ] GC(99) Pause Full (G1 Evacuation Pause)
[25.634s][info][gc,phases,start] GC(99) Phase 1: Mark live objects
[25.659s][info][gc,stringtable ] GC(99) Cleaned string and symbol table, strings: 6477 processed, 6 removed, symbols: 45978 processed, 97 removed
[25.659s][info][gc,phases      ] GC(99) Phase 1: Mark live objects 24.892ms
[25.659s][info][gc,phases,start] GC(99) Phase 2: Prepare for compaction
[25.680s][info][gc,phases      ] GC(99) Phase 2: Prepare for compaction 20.862ms
[25.680s][info][gc,phases,start] GC(99) Phase 3: Adjust pointers
[25.704s][info][gc,phases      ] GC(99) Phase 3: Adjust pointers 23.728ms
[25.704s][info][gc,phases,start] GC(99) Phase 4: Compact heap
[26.115s][info][gc,phases      ] GC(99) Phase 4: Compact heap 411.366ms
[26.118s][info][gc,heap        ] GC(99) Eden regions: 0->0(203)
[26.118s][info][gc,heap        ] GC(99) Survivor regions: 0->0(26)
[26.118s][info][gc,heap        ] GC(99) Old regions: 4078->3812
[26.118s][info][gc,heap        ] GC(99) Humongous regions: 0->0
[26.118s][info][gc,metaspace   ] GC(99) Metaspace: 13370K->13370K(1062912K)
[26.118s][info][gc             ] GC(99) Pause Full (G1 Evacuation Pause) 4071M->3808M(4078M) 487.630ms
[26.119s][info][gc,cpu         ] GC(99) User=3.52s Sys=0.05s Real=0.49s
[26.119s][info][gc,marking     ] GC(100) Concurrent Mark From Roots 488.120ms
[26.119s][info][gc,marking     ] GC(100) Concurrent Mark Abort
[26.119s][info][gc             ] GC(100) Concurrent Cycle 488.364ms
[26.596s][info][gc,start       ] GC(101) Pause Young (Normal) (G1 Evacuation Pause)
[26.596s][info][gc,task        ] GC(101) Using 10 workers of 10 for evacuation
[26.642s][info][gc             ] GC(101) To-space exhausted
[26.642s][info][gc,phases      ] GC(101)   Pre Evacuate Collection Set: 0.1ms
[26.642s][info][gc,phases      ] GC(101)   Evacuate Collection Set: 41.5ms
[26.642s][info][gc,phases      ] GC(101)   Post Evacuate Collection Set: 3.4ms
[26.642s][info][gc,phases      ] GC(101)   Other: 1.0ms
[26.643s][info][gc,heap        ] GC(101) Eden regions: 203->0(177)
[26.643s][info][gc,heap        ] GC(101) Survivor regions: 0->26(26)
[26.643s][info][gc,heap        ] GC(101) Old regions: 3812->3997
[26.643s][info][gc,heap        ] GC(101) Humongous regions: 0->0
[26.643s][info][gc,metaspace   ] GC(101) Metaspace: 13380K->13380K(1062912K)
[26.643s][info][gc             ] GC(101) Pause Young (Normal) (G1 Evacuation Pause) 4011M->4019M(4078M) 46.751ms
[26.643s][info][gc,cpu         ] GC(101) User=0.08s Sys=0.03s Real=0.05s
[26.780s][info][gc,start       ] GC(102) Pause Young (Concurrent Start) (G1 Evacuation Pause)
[26.780s][info][gc,task        ] GC(102) Using 10 workers of 10 for evacuation
[26.782s][info][gc             ] GC(102) To-space exhausted
[26.782s][info][gc,phases      ] GC(102)   Pre Evacuate Collection Set: 0.1ms
[26.782s][info][gc,phases      ] GC(102)   Evacuate Collection Set: 0.8ms
[26.782s][info][gc,phases      ] GC(102)   Post Evacuate Collection Set: 0.9ms
[26.782s][info][gc,phases      ] GC(102)   Other: 0.3ms
[26.782s][info][gc,heap        ] GC(102) Eden regions: 55->0(203)
[26.782s][info][gc,heap        ] GC(102) Survivor regions: 26->0(26)
[26.782s][info][gc,heap        ] GC(102) Old regions: 3997->4078
[26.782s][info][gc,heap        ] GC(102) Humongous regions: 0->0
[26.782s][info][gc,metaspace   ] GC(102) Metaspace: 13380K->13380K(1062912K)
[26.782s][info][gc             ] GC(102) Pause Young (Concurrent Start) (G1 Evacuation Pause) 4074M->4074M(4078M) 2.232ms
[26.782s][info][gc,cpu         ] GC(102) User=0.00s Sys=0.00s Real=0.00s
[26.782s][info][gc,task        ] GC(103) Using 10 workers of 10 for full compaction
[26.782s][info][gc             ] GC(104) Concurrent Cycle
[26.782s][info][gc,marking     ] GC(104) Concurrent Clear Claimed Marks
[26.782s][info][gc,marking     ] GC(104) Concurrent Clear Claimed Marks 0.024ms
[26.782s][info][gc,marking     ] GC(104) Concurrent Scan Root Regions
[26.782s][info][gc,marking     ] GC(104) Concurrent Scan Root Regions 0.015ms
[26.782s][info][gc,marking     ] GC(104) Concurrent Mark (26.782s)
[26.782s][info][gc,marking     ] GC(104) Concurrent Mark From Roots
[26.782s][info][gc,start       ] GC(103) Pause Full (G1 Evacuation Pause)
[26.782s][info][gc,task        ] GC(104) Using 3 workers of 3 for marking
[26.785s][info][gc,phases,start] GC(103) Phase 1: Mark live objects
[26.806s][info][gc,stringtable ] GC(103) Cleaned string and symbol table, strings: 6482 processed, 6 removed, symbols: 45881 processed, 0 removed
[26.806s][info][gc,phases      ] GC(103) Phase 1: Mark live objects 20.545ms
[26.806s][info][gc,phases,start] GC(103) Phase 2: Prepare for compaction
[26.824s][info][gc,phases      ] GC(103) Phase 2: Prepare for compaction 17.597ms
[26.824s][info][gc,phases,start] GC(103) Phase 3: Adjust pointers
[26.842s][info][gc,phases      ] GC(103) Phase 3: Adjust pointers 18.590ms
[26.842s][info][gc,phases,start] GC(103) Phase 4: Compact heap
[27.255s][info][gc,phases      ] GC(103) Phase 4: Compact heap 412.713ms
[27.258s][info][gc,heap        ] GC(103) Eden regions: 0->0(203)
[27.259s][info][gc,heap        ] GC(103) Survivor regions: 0->0(26)
[27.259s][info][gc,heap        ] GC(103) Old regions: 4078->3846
[27.259s][info][gc,heap        ] GC(103) Humongous regions: 0->0
[27.259s][info][gc,metaspace   ] GC(103) Metaspace: 13380K->13380K(1062912K)
[27.259s][info][gc             ] GC(103) Pause Full (G1 Evacuation Pause) 4074M->3839M(4078M) 476.560ms
[27.259s][info][gc,cpu         ] GC(103) User=4.45s Sys=0.03s Real=0.48s
[27.259s][info][gc,marking     ] GC(104) Concurrent Mark From Roots 477.089ms
[27.259s][info][gc,marking     ] GC(104) Concurrent Mark Abort
[27.259s][info][gc             ] GC(104) Concurrent Cycle 477.359ms
[27.750s][info][gc,start       ] GC(105) Pause Young (Normal) (G1 Evacuation Pause)
[27.750s][info][gc,task        ] GC(105) Using 10 workers of 10 for evacuation
[27.759s][info][gc             ] GC(105) To-space exhausted
[27.759s][info][gc,phases      ] GC(105)   Pre Evacuate Collection Set: 0.1ms
[27.759s][info][gc,phases      ] GC(105)   Evacuate Collection Set: 6.6ms
[27.759s][info][gc,phases      ] GC(105)   Post Evacuate Collection Set: 1.7ms
[27.759s][info][gc,phases      ] GC(105)   Other: 0.4ms
[27.759s][info][gc,heap        ] GC(105) Eden regions: 203->0(177)
[27.759s][info][gc,heap        ] GC(105) Survivor regions: 0->26(26)
[27.759s][info][gc,heap        ] GC(105) Old regions: 3846->4029
[27.759s][info][gc,heap        ] GC(105) Humongous regions: 0->0
[27.759s][info][gc,metaspace   ] GC(105) Metaspace: 13386K->13386K(1062912K)
[27.759s][info][gc             ] GC(105) Pause Young (Normal) (G1 Evacuation Pause) 4042M->4048M(4078M) 8.999ms
[27.759s][info][gc,cpu         ] GC(105) User=0.08s Sys=0.00s Real=0.01s
[27.816s][info][gc,start       ] GC(106) Pause Young (Concurrent Start) (G1 Evacuation Pause)
[27.817s][info][gc,task        ] GC(106) Using 10 workers of 10 for evacuation
[27.822s][info][gc             ] GC(106) To-space exhausted
[27.822s][info][gc,phases      ] GC(106)   Pre Evacuate Collection Set: 0.3ms
[27.822s][info][gc,phases      ] GC(106)   Evacuate Collection Set: 2.1ms
[27.822s][info][gc,phases      ] GC(106)   Post Evacuate Collection Set: 2.3ms
[27.822s][info][gc,phases      ] GC(106)   Other: 1.1ms
[27.822s][info][gc,heap        ] GC(106) Eden regions: 23->0(203)
[27.822s][info][gc,heap        ] GC(106) Survivor regions: 26->0(26)
[27.823s][info][gc,heap        ] GC(106) Old regions: 4029->4078
[27.823s][info][gc,heap        ] GC(106) Humongous regions: 0->0
[27.823s][info][gc,metaspace   ] GC(106) Metaspace: 13386K->13386K(1062912K)
[27.823s][info][gc             ] GC(106) Pause Young (Concurrent Start) (G1 Evacuation Pause) 4071M->4071M(4078M) 6.478ms
[27.823s][info][gc,cpu         ] GC(106) User=0.00s Sys=0.00s Real=0.01s
[27.823s][info][gc,task        ] GC(107) Using 10 workers of 10 for full compaction
[27.823s][info][gc             ] GC(108) Concurrent Cycle
[27.824s][info][gc,marking     ] GC(108) Concurrent Clear Claimed Marks
[27.824s][info][gc,marking     ] GC(108) Concurrent Clear Claimed Marks 0.197ms
[27.824s][info][gc,marking     ] GC(108) Concurrent Scan Root Regions
[27.824s][info][gc,marking     ] GC(108) Concurrent Scan Root Regions 0.169ms
[27.824s][info][gc,marking     ] GC(108) Concurrent Mark (27.824s)
[27.824s][info][gc,marking     ] GC(108) Concurrent Mark From Roots
[27.824s][info][gc,start       ] GC(107) Pause Full (G1 Evacuation Pause)
[27.825s][info][gc,task        ] GC(108) Using 3 workers of 3 for marking
[27.831s][info][gc,phases,start] GC(107) Phase 1: Mark live objects
[27.854s][info][gc,stringtable ] GC(107) Cleaned string and symbol table, strings: 6484 processed, 6 removed, symbols: 45883 processed, 0 removed
[27.854s][info][gc,phases      ] GC(107) Phase 1: Mark live objects 23.658ms
[27.854s][info][gc,phases,start] GC(107) Phase 2: Prepare for compaction
[27.872s][info][gc,phases      ] GC(107) Phase 2: Prepare for compaction 17.115ms
[27.872s][info][gc,phases,start] GC(107) Phase 3: Adjust pointers
[27.890s][info][gc,phases      ] GC(107) Phase 3: Adjust pointers 18.715ms
[27.890s][info][gc,phases,start] GC(107) Phase 4: Compact heap
[28.279s][info][gc,phases      ] GC(107) Phase 4: Compact heap 388.116ms
[28.282s][info][gc,heap        ] GC(107) Eden regions: 0->0(203)
[28.282s][info][gc,heap        ] GC(107) Survivor regions: 0->0(26)
[28.282s][info][gc,heap        ] GC(107) Old regions: 4078->3877
[28.282s][info][gc,heap        ] GC(107) Humongous regions: 0->0
[28.282s][info][gc,metaspace   ] GC(107) Metaspace: 13386K->13386K(1062912K)
[28.282s][info][gc             ] GC(107) Pause Full (G1 Evacuation Pause) 4071M->3871M(4078M) 457.444ms
[28.282s][info][gc,cpu         ] GC(107) User=4.34s Sys=0.02s Real=0.46s
[28.282s][info][gc,marking     ] GC(108) Concurrent Mark From Roots 457.909ms
[28.282s][info][gc,marking     ] GC(108) Concurrent Mark Abort
[28.283s][info][gc             ] GC(108) Concurrent Cycle 459.183ms
[28.763s][info][gc,start       ] GC(109) Pause Young (Normal) (G1 Evacuation Pause)
[28.763s][info][gc,task        ] GC(109) Using 10 workers of 10 for evacuation
[28.770s][info][gc             ] GC(109) To-space exhausted
[28.770s][info][gc,phases      ] GC(109)   Pre Evacuate Collection Set: 0.1ms
[28.770s][info][gc,phases      ] GC(109)   Evacuate Collection Set: 3.8ms
[28.770s][info][gc,phases      ] GC(109)   Post Evacuate Collection Set: 2.4ms
[28.770s][info][gc,phases      ] GC(109)   Other: 0.6ms
[28.770s][info][gc,heap        ] GC(109) Eden regions: 201->0(203)
[28.770s][info][gc,heap        ] GC(109) Survivor regions: 0->0(26)
[28.770s][info][gc,heap        ] GC(109) Old regions: 3877->4078
[28.770s][info][gc,heap        ] GC(109) Humongous regions: 0->0
[28.770s][info][gc,metaspace   ] GC(109) Metaspace: 13387K->13387K(1062912K)
[28.770s][info][gc             ] GC(109) Pause Young (Normal) (G1 Evacuation Pause) 4072M->4072M(4078M) 7.114ms
[28.770s][info][gc,cpu         ] GC(109) User=0.16s Sys=0.00s Real=0.01s
[28.770s][info][gc,task        ] GC(110) Using 10 workers of 10 for full compaction
[28.770s][info][gc,start       ] GC(110) Pause Full (G1 Evacuation Pause)
[28.770s][info][gc,phases,start] GC(110) Phase 1: Mark live objects
[28.791s][info][gc,stringtable ] GC(110) Cleaned string and symbol table, strings: 6484 processed, 6 removed, symbols: 45883 processed, 0 removed
[28.791s][info][gc,phases      ] GC(110) Phase 1: Mark live objects 21.162ms
[28.791s][info][gc,phases,start] GC(110) Phase 2: Prepare for compaction
[28.810s][info][gc,phases      ] GC(110) Phase 2: Prepare for compaction 18.765ms
[28.810s][info][gc,phases,start] GC(110) Phase 3: Adjust pointers
[28.831s][info][gc,phases      ] GC(110) Phase 3: Adjust pointers 20.678ms
[28.831s][info][gc,phases,start] GC(110) Phase 4: Compact heap
[29.270s][info][gc,phases      ] GC(110) Phase 4: Compact heap 439.311ms
[29.272s][info][gc,heap        ] GC(110) Eden regions: 0->0(203)
[29.272s][info][gc,heap        ] GC(110) Survivor regions: 0->0(26)
[29.272s][info][gc,heap        ] GC(110) Old regions: 4078->3918
[29.272s][info][gc,heap        ] GC(110) Humongous regions: 0->0
[29.272s][info][gc,metaspace   ] GC(110) Metaspace: 13387K->13387K(1062912K)
[29.272s][info][gc             ] GC(110) Pause Full (G1 Evacuation Pause) 4072M->3910M(4078M) 502.391ms
[29.273s][info][gc,cpu         ] GC(110) User=4.80s Sys=0.00s Real=0.50s
[29.652s][info][gc,start       ] GC(111) Pause Young (Concurrent Start) (G1 Evacuation Pause)
[29.652s][info][gc,task        ] GC(111) Using 10 workers of 10 for evacuation
[29.655s][info][gc             ] GC(111) To-space exhausted
[29.655s][info][gc,phases      ] GC(111)   Pre Evacuate Collection Set: 0.1ms
[29.655s][info][gc,phases      ] GC(111)   Evacuate Collection Set: 1.1ms
[29.655s][info][gc,phases      ] GC(111)   Post Evacuate Collection Set: 1.3ms
[29.655s][info][gc,phases      ] GC(111)   Other: 0.3ms
[29.655s][info][gc,heap        ] GC(111) Eden regions: 160->0(203)
[29.655s][info][gc,heap        ] GC(111) Survivor regions: 0->0(26)
[29.655s][info][gc,heap        ] GC(111) Old regions: 3918->4078
[29.655s][info][gc,heap        ] GC(111) Humongous regions: 0->0
[29.655s][info][gc,metaspace   ] GC(111) Metaspace: 13397K->13397K(1062912K)
[29.655s][info][gc             ] GC(111) Pause Young (Concurrent Start) (G1 Evacuation Pause) 4070M->4070M(4078M) 2.948ms
[29.655s][info][gc,cpu         ] GC(111) User=0.00s Sys=0.00s Real=0.00s
[29.655s][info][gc,task        ] GC(112) Using 10 workers of 10 for full compaction
[29.655s][info][gc             ] GC(113) Concurrent Cycle
[29.655s][info][gc,marking     ] GC(113) Concurrent Clear Claimed Marks
[29.655s][info][gc,marking     ] GC(113) Concurrent Clear Claimed Marks 0.023ms
[29.655s][info][gc,marking     ] GC(113) Concurrent Scan Root Regions
[29.655s][info][gc,marking     ] GC(113) Concurrent Scan Root Regions 0.018ms
[29.655s][info][gc,marking     ] GC(113) Concurrent Mark (29.655s)
[29.655s][info][gc,marking     ] GC(113) Concurrent Mark From Roots
[29.655s][info][gc,task        ] GC(113) Using 3 workers of 3 for marking
[29.655s][info][gc,start       ] GC(112) Pause Full (G1 Evacuation Pause)
[29.659s][info][gc,phases,start] GC(112) Phase 1: Mark live objects
[29.681s][info][gc,stringtable ] GC(112) Cleaned string and symbol table, strings: 6484 processed, 6 removed, symbols: 45885 processed, 0 removed
[29.681s][info][gc,phases      ] GC(112) Phase 1: Mark live objects 22.094ms
[29.681s][info][gc,phases,start] GC(112) Phase 2: Prepare for compaction
[29.700s][info][gc,phases      ] GC(112) Phase 2: Prepare for compaction 18.948ms
[29.700s][info][gc,phases,start] GC(112) Phase 3: Adjust pointers
[29.719s][info][gc,phases      ] GC(112) Phase 3: Adjust pointers 19.166ms
[29.719s][info][gc,phases,start] GC(112) Phase 4: Compact heap
[30.125s][info][gc,phases      ] GC(112) Phase 4: Compact heap 405.395ms
[30.128s][info][gc,heap        ] GC(112) Eden regions: 0->0(203)
[30.128s][info][gc,heap        ] GC(112) Survivor regions: 0->0(26)
[30.128s][info][gc,heap        ] GC(112) Old regions: 4078->3960
[30.128s][info][gc,heap        ] GC(112) Humongous regions: 0->0
[30.128s][info][gc,metaspace   ] GC(112) Metaspace: 13397K->13397K(1062912K)
[30.128s][info][gc             ] GC(112) Pause Full (G1 Evacuation Pause) 4070M->3953M(4078M) 472.475ms
[30.128s][info][gc,cpu         ] GC(112) User=4.34s Sys=0.00s Real=0.47s
[30.128s][info][gc,marking     ] GC(113) Concurrent Mark From Roots 472.949ms
[30.128s][info][gc,marking     ] GC(113) Concurrent Mark Abort
[30.128s][info][gc             ] GC(113) Concurrent Cycle 473.232ms
[30.428s][info][gc,start       ] GC(114) Pause Young (Normal) (G1 Evacuation Pause)
[30.428s][info][gc,task        ] GC(114) Using 10 workers of 10 for evacuation
[30.430s][info][gc             ] GC(114) To-space exhausted
[30.430s][info][gc,phases      ] GC(114)   Pre Evacuate Collection Set: 0.1ms
[30.430s][info][gc,phases      ] GC(114)   Evacuate Collection Set: 0.8ms
[30.430s][info][gc,phases      ] GC(114)   Post Evacuate Collection Set: 1.2ms
[30.430s][info][gc,phases      ] GC(114)   Other: 0.3ms
[30.430s][info][gc,heap        ] GC(114) Eden regions: 118->0(203)
[30.430s][info][gc,heap        ] GC(114) Survivor regions: 0->0(26)
[30.430s][info][gc,heap        ] GC(114) Old regions: 3960->4078
[30.430s][info][gc,heap        ] GC(114) Humongous regions: 0->0
[30.430s][info][gc,metaspace   ] GC(114) Metaspace: 13397K->13397K(1062912K)
[30.430s][info][gc             ] GC(114) Pause Young (Normal) (G1 Evacuation Pause) 4071M->4071M(4078M) 2.476ms
[30.430s][info][gc,cpu         ] GC(114) User=0.00s Sys=0.00s Real=0.00s
[30.431s][info][gc,task        ] GC(115) Using 10 workers of 10 for full compaction
[30.431s][info][gc,start       ] GC(115) Pause Full (G1 Evacuation Pause)
[30.431s][info][gc,phases,start] GC(115) Phase 1: Mark live objects
[30.452s][info][gc,stringtable ] GC(115) Cleaned string and symbol table, strings: 6478 processed, 322 removed, symbols: 45885 processed, 0 removed
[30.452s][info][gc,phases      ] GC(115) Phase 1: Mark live objects 20.941ms
[30.452s][info][gc,phases,start] GC(115) Phase 2: Prepare for compaction
[30.471s][info][gc,phases      ] GC(115) Phase 2: Prepare for compaction 18.735ms
[30.471s][info][gc,phases,start] GC(115) Phase 3: Adjust pointers
[30.491s][info][gc,phases      ] GC(115) Phase 3: Adjust pointers 20.365ms
[30.491s][info][gc,phases,start] GC(115) Phase 4: Compact heap
[30.831s][info][gc,phases      ] GC(115) Phase 4: Compact heap 340.307ms
[30.835s][info][gc,heap        ] GC(115) Eden regions: 0->0(203)
[30.835s][info][gc,heap        ] GC(115) Survivor regions: 0->0(26)
[30.835s][info][gc,heap        ] GC(115) Old regions: 4078->3994
[30.835s][info][gc,heap        ] GC(115) Humongous regions: 0->0
[30.835s][info][gc,metaspace   ] GC(115) Metaspace: 13397K->13397K(1062912K)
[30.835s][info][gc             ] GC(115) Pause Full (G1 Evacuation Pause) 4071M->3986M(4078M) 404.610ms
[30.836s][info][gc,cpu         ] GC(115) User=3.86s Sys=0.00s Real=0.40s
[31.025s][info][gc,start       ] GC(116) Pause Young (Concurrent Start) (G1 Evacuation Pause)
[31.025s][info][gc,task        ] GC(116) Using 10 workers of 10 for evacuation
[31.027s][info][gc             ] GC(116) To-space exhausted
[31.027s][info][gc,phases      ] GC(116)   Pre Evacuate Collection Set: 0.1ms
[31.027s][info][gc,phases      ] GC(116)   Evacuate Collection Set: 0.7ms
[31.027s][info][gc,phases      ] GC(116)   Post Evacuate Collection Set: 1.0ms
[31.027s][info][gc,phases      ] GC(116)   Other: 0.3ms
[31.027s][info][gc,heap        ] GC(116) Eden regions: 84->0(203)
[31.027s][info][gc,heap        ] GC(116) Survivor regions: 0->0(26)
[31.027s][info][gc,heap        ] GC(116) Old regions: 3994->4078
[31.027s][info][gc,heap        ] GC(116) Humongous regions: 0->0
[31.027s][info][gc,metaspace   ] GC(116) Metaspace: 13397K->13397K(1062912K)
[31.027s][info][gc             ] GC(116) Pause Young (Concurrent Start) (G1 Evacuation Pause) 4070M->4070M(4078M) 2.142ms
[31.027s][info][gc,cpu         ] GC(116) User=0.00s Sys=0.00s Real=0.00s
[31.027s][info][gc,task        ] GC(117) Using 10 workers of 10 for full compaction
[31.027s][info][gc             ] GC(118) Concurrent Cycle
[31.027s][info][gc,marking     ] GC(118) Concurrent Clear Claimed Marks
[31.027s][info][gc,marking     ] GC(118) Concurrent Clear Claimed Marks 0.021ms
[31.027s][info][gc,marking     ] GC(118) Concurrent Scan Root Regions
[31.027s][info][gc,marking     ] GC(118) Concurrent Scan Root Regions 0.015ms
[31.028s][info][gc,marking     ] GC(118) Concurrent Mark (31.027s)
[31.028s][info][gc,marking     ] GC(118) Concurrent Mark From Roots
[31.028s][info][gc,task        ] GC(118) Using 3 workers of 3 for marking
[31.028s][info][gc,start       ] GC(117) Pause Full (G1 Evacuation Pause)
[31.031s][info][gc,phases,start] GC(117) Phase 1: Mark live objects
[31.051s][info][gc,stringtable ] GC(117) Cleaned string and symbol table, strings: 6163 processed, 7 removed, symbols: 45885 processed, 0 removed
[31.051s][info][gc,phases      ] GC(117) Phase 1: Mark live objects 20.547ms
[31.051s][info][gc,phases,start] GC(117) Phase 2: Prepare for compaction
[31.071s][info][gc,phases      ] GC(117) Phase 2: Prepare for compaction 19.242ms
[31.071s][info][gc,phases,start] GC(117) Phase 3: Adjust pointers
[31.091s][info][gc,phases      ] GC(117) Phase 3: Adjust pointers 20.399ms
[31.091s][info][gc,phases,start] GC(117) Phase 4: Compact heap
[31.553s][info][gc,phases      ] GC(117) Phase 4: Compact heap 462.301ms
[31.556s][info][gc,heap        ] GC(117) Eden regions: 0->0(203)
[31.557s][info][gc,heap        ] GC(117) Survivor regions: 0->0(26)
[31.557s][info][gc,heap        ] GC(117) Old regions: 4078->4023
[31.557s][info][gc,heap        ] GC(117) Humongous regions: 0->0
[31.557s][info][gc,metaspace   ] GC(117) Metaspace: 13397K->13397K(1062912K)
[31.557s][info][gc             ] GC(117) Pause Full (G1 Evacuation Pause) 4070M->4017M(4078M) 529.174ms
[31.557s][info][gc,cpu         ] GC(117) User=5.03s Sys=0.03s Real=0.53s
[31.557s][info][gc,marking     ] GC(118) Concurrent Mark From Roots 529.727ms
[31.557s][info][gc,marking     ] GC(118) Concurrent Mark Abort
[31.557s][info][gc             ] GC(118) Concurrent Cycle 530.010ms
[31.689s][info][gc,start       ] GC(119) Pause Young (Normal) (G1 Evacuation Pause)
[31.689s][info][gc,task        ] GC(119) Using 10 workers of 10 for evacuation
[31.690s][info][gc             ] GC(119) To-space exhausted
[31.690s][info][gc,phases      ] GC(119)   Pre Evacuate Collection Set: 0.1ms
[31.691s][info][gc,phases      ] GC(119)   Evacuate Collection Set: 0.4ms
[31.691s][info][gc,phases      ] GC(119)   Post Evacuate Collection Set: 0.8ms
[31.691s][info][gc,phases      ] GC(119)   Other: 0.2ms
[31.691s][info][gc,heap        ] GC(119) Eden regions: 55->0(203)
[31.691s][info][gc,heap        ] GC(119) Survivor regions: 0->0(26)
[31.691s][info][gc,heap        ] GC(119) Old regions: 4023->4078
[31.691s][info][gc,heap        ] GC(119) Humongous regions: 0->0
[31.691s][info][gc,metaspace   ] GC(119) Metaspace: 13414K->13414K(1062912K)
[31.691s][info][gc             ] GC(119) Pause Young (Normal) (G1 Evacuation Pause) 4072M->4072M(4078M) 1.669ms
[31.691s][info][gc,cpu         ] GC(119) User=0.00s Sys=0.00s Real=0.00s
[31.691s][info][gc,task        ] GC(120) Using 10 workers of 10 for full compaction
[31.691s][info][gc,start       ] GC(120) Pause Full (G1 Evacuation Pause)
[31.691s][info][gc,phases,start] GC(120) Phase 1: Mark live objects
[31.714s][info][gc,stringtable ] GC(120) Cleaned string and symbol table, strings: 6164 processed, 7 removed, symbols: 45885 processed, 0 removed
[31.714s][info][gc,phases      ] GC(120) Phase 1: Mark live objects 22.669ms
[31.714s][info][gc,phases,start] GC(120) Phase 2: Prepare for compaction
[31.733s][info][gc,phases      ] GC(120) Phase 2: Prepare for compaction 19.541ms
[31.733s][info][gc,phases,start] GC(120) Phase 3: Adjust pointers
[31.754s][info][gc,phases      ] GC(120) Phase 3: Adjust pointers 20.789ms
[31.754s][info][gc,phases,start] GC(120) Phase 4: Compact heap
[32.114s][info][gc,phases      ] GC(120) Phase 4: Compact heap 359.716ms
[32.117s][info][gc,heap        ] GC(120) Eden regions: 0->0(203)
[32.117s][info][gc,heap        ] GC(120) Survivor regions: 0->0(26)
[32.117s][info][gc,heap        ] GC(120) Old regions: 4078->4023
[32.117s][info][gc,heap        ] GC(120) Humongous regions: 0->0
[32.117s][info][gc,metaspace   ] GC(120) Metaspace: 13414K->13414K(1062912K)
[32.117s][info][gc             ] GC(120) Pause Full (G1 Evacuation Pause) 4072M->4016M(4078M) 426.580ms
[32.118s][info][gc,cpu         ] GC(120) User=3.28s Sys=0.00s Real=0.43s
[32.251s][info][gc,start       ] GC(121) Pause Young (Concurrent Start) (G1 Evacuation Pause)
[32.251s][info][gc,task        ] GC(121) Using 10 workers of 10 for evacuation
[32.257s][info][gc             ] GC(121) To-space exhausted
[32.257s][info][gc,phases      ] GC(121)   Pre Evacuate Collection Set: 0.1ms
[32.257s][info][gc,phases      ] GC(121)   Evacuate Collection Set: 2.1ms
[32.257s][info][gc,phases      ] GC(121)   Post Evacuate Collection Set: 2.4ms
[32.257s][info][gc,phases      ] GC(121)   Other: 1.1ms
[32.257s][info][gc,heap        ] GC(121) Eden regions: 55->0(203)
[32.257s][info][gc,heap        ] GC(121) Survivor regions: 0->0(26)
[32.258s][info][gc,heap        ] GC(121) Old regions: 4023->4078
[32.258s][info][gc,heap        ] GC(121) Humongous regions: 0->0
[32.258s][info][gc,metaspace   ] GC(121) Metaspace: 13414K->13414K(1062912K)
[32.258s][info][gc             ] GC(121) Pause Young (Concurrent Start) (G1 Evacuation Pause) 4071M->4071M(4078M) 6.509ms
[32.258s][info][gc,cpu         ] GC(121) User=0.00s Sys=0.00s Real=0.01s
[32.258s][info][gc,task        ] GC(122) Using 10 workers of 10 for full compaction
[32.258s][info][gc             ] GC(123) Concurrent Cycle
[32.258s][info][gc,marking     ] GC(123) Concurrent Clear Claimed Marks
[32.259s][info][gc,marking     ] GC(123) Concurrent Clear Claimed Marks 0.116ms
[32.259s][info][gc,marking     ] GC(123) Concurrent Scan Root Regions
[32.259s][info][gc,marking     ] GC(123) Concurrent Scan Root Regions 0.092ms
[32.259s][info][gc,marking     ] GC(123) Concurrent Mark (32.259s)
[32.259s][info][gc,marking     ] GC(123) Concurrent Mark From Roots
[32.259s][info][gc,start       ] GC(122) Pause Full (G1 Evacuation Pause)
[32.259s][info][gc,task        ] GC(123) Using 3 workers of 3 for marking
[32.265s][info][gc,phases,start] GC(122) Phase 1: Mark live objects
[32.301s][info][gc,stringtable ] GC(122) Cleaned string and symbol table, strings: 6157 processed, 0 removed, symbols: 45885 processed, 0 removed
[32.301s][info][gc,phases      ] GC(122) Phase 1: Mark live objects 35.716ms
[32.301s][info][gc,phases,start] GC(122) Phase 2: Prepare for compaction
[32.321s][info][gc,phases      ] GC(122) Phase 2: Prepare for compaction 19.783ms
[32.321s][info][gc,phases,start] GC(122) Phase 3: Adjust pointers
[32.341s][info][gc,phases      ] GC(122) Phase 3: Adjust pointers 20.480ms
[32.341s][info][gc,phases,start] GC(122) Phase 4: Compact heap
[32.822s][info][gc,phases      ] GC(122) Phase 4: Compact heap 480.778ms
[32.825s][info][gc,heap        ] GC(122) Eden regions: 0->0(203)
[32.825s][info][gc,heap        ] GC(122) Survivor regions: 0->0(26)
[32.825s][info][gc,heap        ] GC(122) Old regions: 4078->4021
[32.825s][info][gc,heap        ] GC(122) Humongous regions: 0->0
[32.825s][info][gc,metaspace   ] GC(122) Metaspace: 13414K->13414K(1062912K)
[32.825s][info][gc             ] GC(122) Pause Full (G1 Evacuation Pause) 4071M->4014M(4078M) 565.714ms
[32.825s][info][gc,cpu         ] GC(122) User=4.98s Sys=0.02s Real=0.57s
[32.825s][info][gc,marking     ] GC(123) Concurrent Mark From Roots 566.158ms
[32.825s][info][gc,marking     ] GC(123) Concurrent Mark Abort
[32.825s][info][gc             ] GC(123) Concurrent Cycle 567.187ms
