[0.290s][info][gc,heap] Heap region size: 1M
[0.296s][info][gc     ] Using G1
[0.296s][info][gc,heap,coops] Heap address: 0x0000000701200000, size: 4078 MB, Compressed Oops mode: Zero based, Oop shift amount: 3
[4.473s][info][gc,start     ] GC(0) Pause Young (Normal) (G1 Evacuation Pause)
[4.474s][info][gc,task      ] GC(0) Using 6 workers of 10 for evacuation
[4.485s][info][gc,phases    ] GC(0)   Pre Evacuate Collection Set: 0.0ms
[4.485s][info][gc,phases    ] GC(0)   Evacuate Collection Set: 10.5ms
[4.485s][info][gc,phases    ] GC(0)   Post Evacuate Collection Set: 0.4ms
[4.485s][info][gc,phases    ] GC(0)   Other: 0.6ms
[4.485s][info][gc,heap      ] GC(0) Eden regions: 15->0(10)
[4.485s][info][gc,heap      ] GC(0) Survivor regions: 0->2(2)
[4.486s][info][gc,heap      ] GC(0) Old regions: 0->9
[4.486s][info][gc,heap      ] GC(0) Humongous regions: 7->7
[4.486s][info][gc,metaspace ] GC(0) Metaspace: 7480K->7480K(1056768K)
[4.486s][info][gc           ] GC(0) Pause Young (Normal) (G1 Evacuation Pause) 22M->17M(256M) 12.300ms
[4.486s][info][gc,cpu       ] GC(0) User=0.09s Sys=0.00s Real=0.01s
[8.530s][info][gc,start     ] GC(1) Pause Young (Normal) (G1 Evacuation Pause)
[8.530s][info][gc,task      ] GC(1) Using 6 workers of 10 for evacuation
[8.544s][info][gc,phases    ] GC(1)   Pre Evacuate Collection Set: 0.0ms
[8.544s][info][gc,phases    ] GC(1)   Evacuate Collection Set: 14.0ms
[8.544s][info][gc,phases    ] GC(1)   Post Evacuate Collection Set: 0.3ms
[8.544s][info][gc,phases    ] GC(1)   Other: 0.2ms
[8.544s][info][gc,heap      ] GC(1) Eden regions: 10->0(10)
[8.544s][info][gc,heap      ] GC(1) Survivor regions: 2->2(2)
[8.544s][info][gc,heap      ] GC(1) Old regions: 9->20
[8.544s][info][gc,heap      ] GC(1) Humongous regions: 16->16
[8.544s][info][gc,metaspace ] GC(1) Metaspace: 7480K->7480K(1056768K)
[8.544s][info][gc           ] GC(1) Pause Young (Normal) (G1 Evacuation Pause) 36M->37M(256M) 14.716ms
[8.544s][info][gc,cpu       ] GC(1) User=0.09s Sys=0.00s Real=0.02s
[12.595s][info][gc,start     ] GC(2) Pause Young (Normal) (G1 Evacuation Pause)
[12.595s][info][gc,task      ] GC(2) Using 6 workers of 10 for evacuation
[12.602s][info][gc,phases    ] GC(2)   Pre Evacuate Collection Set: 0.0ms
[12.602s][info][gc,phases    ] GC(2)   Evacuate Collection Set: 6.8ms
[12.602s][info][gc,phases    ] GC(2)   Post Evacuate Collection Set: 0.3ms
[12.602s][info][gc,phases    ] GC(2)   Other: 0.1ms
[12.602s][info][gc,heap      ] GC(2) Eden regions: 10->0(10)
[12.602s][info][gc,heap      ] GC(2) Survivor regions: 2->2(2)
[12.602s][info][gc,heap      ] GC(2) Old regions: 20->31
[12.602s][info][gc,heap      ] GC(2) Humongous regions: 23->23
[12.602s][info][gc,metaspace ] GC(2) Metaspace: 7480K->7480K(1056768K)
[12.603s][info][gc           ] GC(2) Pause Young (Normal) (G1 Evacuation Pause) 54M->55M(256M) 7.438ms
[12.603s][info][gc,cpu       ] GC(2) User=0.09s Sys=0.00s Real=0.01s
[17.661s][info][gc,start     ] GC(3) Pause Young (Normal) (G1 Evacuation Pause)
[17.662s][info][gc,task      ] GC(3) Using 6 workers of 10 for evacuation
[17.672s][info][gc,phases    ] GC(3)   Pre Evacuate Collection Set: 0.1ms
[17.672s][info][gc,phases    ] GC(3)   Evacuate Collection Set: 9.9ms
[17.672s][info][gc,phases    ] GC(3)   Post Evacuate Collection Set: 0.3ms
[17.672s][info][gc,phases    ] GC(3)   Other: 0.5ms
[17.672s][info][gc,heap      ] GC(3) Eden regions: 10->0(13)
[17.672s][info][gc,heap      ] GC(3) Survivor regions: 2->2(2)
[17.672s][info][gc,heap      ] GC(3) Old regions: 31->42
[17.672s][info][gc,heap      ] GC(3) Humongous regions: 23->23
[17.672s][info][gc,metaspace ] GC(3) Metaspace: 7480K->7480K(1056768K)
[17.672s][info][gc           ] GC(3) Pause Young (Normal) (G1 Evacuation Pause) 65M->66M(256M) 10.850ms
[17.672s][info][gc,cpu       ] GC(3) User=0.09s Sys=0.00s Real=0.01s
[22.714s][info][gc,start     ] GC(4) Pause Young (Normal) (G1 Evacuation Pause)
[22.714s][info][gc,task      ] GC(4) Using 6 workers of 10 for evacuation
[22.722s][info][gc,phases    ] GC(4)   Pre Evacuate Collection Set: 0.0ms
[22.723s][info][gc,phases    ] GC(4)   Evacuate Collection Set: 8.0ms
[22.723s][info][gc,phases    ] GC(4)   Post Evacuate Collection Set: 0.3ms
[22.723s][info][gc,phases    ] GC(4)   Other: 0.1ms
[22.723s][info][gc,heap      ] GC(4) Eden regions: 13->0(14)
[22.723s][info][gc,heap      ] GC(4) Survivor regions: 2->2(2)
[22.723s][info][gc,heap      ] GC(4) Old regions: 42->56
[22.723s][info][gc,heap      ] GC(4) Humongous regions: 34->34
[22.723s][info][gc,metaspace ] GC(4) Metaspace: 7480K->7480K(1056768K)
[22.723s][info][gc           ] GC(4) Pause Young (Normal) (G1 Evacuation Pause) 90M->91M(256M) 8.648ms
[22.723s][info][gc,cpu       ] GC(4) User=0.00s Sys=0.00s Real=0.01s
[28.779s][info][gc,start     ] GC(5) Pause Young (Normal) (G1 Evacuation Pause)
[28.779s][info][gc,task      ] GC(5) Using 6 workers of 10 for evacuation
[28.789s][info][gc,phases    ] GC(5)   Pre Evacuate Collection Set: 0.0ms
[28.789s][info][gc,phases    ] GC(5)   Evacuate Collection Set: 9.7ms
[28.789s][info][gc,phases    ] GC(5)   Post Evacuate Collection Set: 0.4ms
[28.789s][info][gc,phases    ] GC(5)   Other: 0.1ms
[28.789s][info][gc,heap      ] GC(5) Eden regions: 14->0(14)
[28.789s][info][gc,heap      ] GC(5) Survivor regions: 2->2(2)
[28.789s][info][gc,heap      ] GC(5) Old regions: 56->71
[28.789s][info][gc,heap      ] GC(5) Humongous regions: 50->50
[28.789s][info][gc,metaspace ] GC(5) Metaspace: 7483K->7483K(1056768K)
[28.789s][info][gc           ] GC(5) Pause Young (Normal) (G1 Evacuation Pause) 121M->122M(256M) 10.315ms
[28.789s][info][gc,cpu       ] GC(5) User=0.02s Sys=0.00s Real=0.01s
[34.858s][info][gc,start     ] GC(6) Pause Young (Concurrent Start) (G1 Evacuation Pause)
[34.859s][info][gc,task      ] GC(6) Using 6 workers of 10 for evacuation
[34.872s][info][gc,phases    ] GC(6)   Pre Evacuate Collection Set: 0.0ms
[34.872s][info][gc,phases    ] GC(6)   Evacuate Collection Set: 12.3ms
[34.872s][info][gc,phases    ] GC(6)   Post Evacuate Collection Set: 0.3ms
[34.872s][info][gc,phases    ] GC(6)   Other: 0.7ms
[34.872s][info][gc,heap      ] GC(6) Eden regions: 14->0(13)
[34.872s][info][gc,heap      ] GC(6) Survivor regions: 2->2(2)
[34.872s][info][gc,heap      ] GC(6) Old regions: 71->86
[34.872s][info][gc,heap      ] GC(6) Humongous regions: 50->50
[34.872s][info][gc,metaspace ] GC(6) Metaspace: 7483K->7483K(1056768K)
[34.872s][info][gc           ] GC(6) Pause Young (Concurrent Start) (G1 Evacuation Pause) 136M->138M(256M) 13.519ms
[34.872s][info][gc,cpu       ] GC(6) User=0.09s Sys=0.00s Real=0.01s
[34.872s][info][gc           ] GC(7) Concurrent Cycle
[34.872s][info][gc,marking   ] GC(7) Concurrent Clear Claimed Marks
[34.872s][info][gc,marking   ] GC(7) Concurrent Clear Claimed Marks 0.021ms
[34.872s][info][gc,marking   ] GC(7) Concurrent Scan Root Regions
[34.873s][info][gc,marking   ] GC(7) Concurrent Scan Root Regions 0.865ms
[34.873s][info][gc,marking   ] GC(7) Concurrent Mark (34.873s)
[34.873s][info][gc,marking   ] GC(7) Concurrent Mark From Roots
[34.873s][info][gc,task      ] GC(7) Using 3 workers of 3 for marking
[34.922s][info][gc,marking   ] GC(7) Concurrent Mark From Roots 48.577ms
[34.922s][info][gc,marking   ] GC(7) Concurrent Preclean
[34.922s][info][gc,marking   ] GC(7) Concurrent Preclean 0.132ms
[34.922s][info][gc,marking   ] GC(7) Concurrent Mark (34.873s, 34.922s) 48.803ms
[34.922s][info][gc,start     ] GC(7) Pause Remark
[34.922s][info][gc,stringtable] GC(7) Cleaned string and symbol table, strings: 4509 processed, 5 removed, symbols: 31164 processed, 1 removed
[34.923s][info][gc            ] GC(7) Pause Remark 138M->104M(256M) 0.758ms
[34.923s][info][gc,cpu        ] GC(7) User=0.00s Sys=0.00s Real=0.00s
[34.923s][info][gc,marking    ] GC(7) Concurrent Rebuild Remembered Sets
[34.958s][info][gc,marking    ] GC(7) Concurrent Rebuild Remembered Sets 35.589ms
[34.959s][info][gc,start      ] GC(7) Pause Cleanup
[34.959s][info][gc            ] GC(7) Pause Cleanup 104M->104M(256M) 0.165ms
[34.959s][info][gc,cpu        ] GC(7) User=0.00s Sys=0.00s Real=0.00s
[34.959s][info][gc,marking    ] GC(7) Concurrent Cleanup for Next Mark
[34.959s][info][gc,marking    ] GC(7) Concurrent Cleanup for Next Mark 0.282ms
[34.959s][info][gc            ] GC(7) Concurrent Cycle 87.283ms
[40.945s][info][gc,start      ] GC(8) Pause Young (Normal) (G1 Evacuation Pause)
[40.945s][info][gc,task       ] GC(8) Using 6 workers of 10 for evacuation
[40.951s][info][gc,phases     ] GC(8)   Pre Evacuate Collection Set: 0.0ms
[40.951s][info][gc,phases     ] GC(8)   Evacuate Collection Set: 6.0ms
[40.951s][info][gc,phases     ] GC(8)   Post Evacuate Collection Set: 0.3ms
[40.951s][info][gc,phases     ] GC(8)   Other: 0.1ms
[40.951s][info][gc,heap       ] GC(8) Eden regions: 13->0(14)
[40.951s][info][gc,heap       ] GC(8) Survivor regions: 2->2(2)
[40.951s][info][gc,heap       ] GC(8) Old regions: 86->100
[40.951s][info][gc,heap       ] GC(8) Humongous regions: 16->16
[40.951s][info][gc,metaspace  ] GC(8) Metaspace: 7483K->7483K(1056768K)
[40.951s][info][gc            ] GC(8) Pause Young (Normal) (G1 Evacuation Pause) 117M->118M(256M) 6.551ms
[40.951s][info][gc,cpu        ] GC(8) User=0.09s Sys=0.00s Real=0.01s
[41.964s][info][gc,start      ] GC(9) Pause Young (Concurrent Start) (G1 Humongous Allocation)
[41.964s][info][gc,task       ] GC(9) Using 6 workers of 10 for evacuation
[41.966s][info][gc,phases     ] GC(9)   Pre Evacuate Collection Set: 0.0ms
[41.966s][info][gc,phases     ] GC(9)   Evacuate Collection Set: 2.0ms
[41.967s][info][gc,phases     ] GC(9)   Post Evacuate Collection Set: 0.2ms
[41.967s][info][gc,phases     ] GC(9)   Other: 0.2ms
[41.967s][info][gc,heap       ] GC(9) Eden regions: 1->0(14)
[41.967s][info][gc,heap       ] GC(9) Survivor regions: 2->2(2)
[41.967s][info][gc,heap       ] GC(9) Old regions: 100->103
[41.967s][info][gc,heap       ] GC(9) Humongous regions: 16->16
[41.967s][info][gc,metaspace  ] GC(9) Metaspace: 7483K->7483K(1056768K)
[41.967s][info][gc            ] GC(9) Pause Young (Concurrent Start) (G1 Humongous Allocation) 119M->120M(256M) 2.601ms
[41.967s][info][gc,cpu        ] GC(9) User=0.00s Sys=0.00s Real=0.00s
[41.967s][info][gc            ] GC(10) Concurrent Cycle
[41.967s][info][gc,marking    ] GC(10) Concurrent Clear Claimed Marks
[41.967s][info][gc,marking    ] GC(10) Concurrent Clear Claimed Marks 0.018ms
[41.967s][info][gc,marking    ] GC(10) Concurrent Scan Root Regions
[41.967s][info][gc,marking    ] GC(10) Concurrent Scan Root Regions 0.492ms
[41.967s][info][gc,marking    ] GC(10) Concurrent Mark (41.967s)
[41.967s][info][gc,marking    ] GC(10) Concurrent Mark From Roots
[41.967s][info][gc,task       ] GC(10) Using 3 workers of 3 for marking
[42.029s][info][gc,marking    ] GC(10) Concurrent Mark From Roots 61.809ms
[42.029s][info][gc,marking    ] GC(10) Concurrent Preclean
[42.029s][info][gc,marking    ] GC(10) Concurrent Preclean 0.121ms
[42.029s][info][gc,marking    ] GC(10) Concurrent Mark (41.967s, 42.029s) 62.012ms
[42.029s][info][gc,start      ] GC(10) Pause Remark
[42.030s][info][gc,stringtable] GC(10) Cleaned string and symbol table, strings: 4504 processed, 0 removed, symbols: 31163 processed, 0 removed
[42.030s][info][gc            ] GC(10) Pause Remark 146M->146M(256M) 0.609ms
[42.030s][info][gc,cpu        ] GC(10) User=0.00s Sys=0.00s Real=0.00s
[42.030s][info][gc,marking    ] GC(10) Concurrent Rebuild Remembered Sets
[42.078s][info][gc,marking    ] GC(10) Concurrent Rebuild Remembered Sets 48.293ms
[42.079s][info][gc,start      ] GC(10) Pause Cleanup
[42.079s][info][gc            ] GC(10) Pause Cleanup 146M->146M(256M) 0.113ms
[42.079s][info][gc,cpu        ] GC(10) User=0.00s Sys=0.00s Real=0.00s
[42.079s][info][gc,marking    ] GC(10) Concurrent Cleanup for Next Mark
[42.079s][info][gc,marking    ] GC(10) Concurrent Cleanup for Next Mark 0.217ms
[42.079s][info][gc            ] GC(10) Concurrent Cycle 112.290ms
