OpenJDK 64-Bit Server VM (25.342-b07) for windows-amd64 JRE (1.8.0_342-b07), built on Jul 21 2022 18:16:14 by "Administrator" with MS VC++ 12.0 (VS2013)
Memory: 4k page, physical 16696004k(6932000k free), swap 27706052k(12165000k free)
CommandLine flags: -XX:InitialHeapSize=267136064 -XX:MaxHeapSize=4274177024 -XX:+PrintGC -XX:+PrintGCDateStamps -XX:+PrintGCDetails -XX:+PrintGCTimeStamps -XX:+PrintTenuringDistribution -XX:+UseCompressedClassPointers -XX:+UseCompressedOops -XX:-UseLargePagesIndividualAllocation -XX:+UseParallelGC 
2022-10-09T17:14:29.797+0900: 0.173: [GC (Allocation Failure) 
Desired survivor size 11010048 bytes, new threshold 7 (max 15)
[PSYoungGen: 65536K->10745K(76288K)] 65536K->60913K(251392K), 0.0145277 secs] [Times: user=0.03 sys=0.08, real=0.02 secs] 
2022-10-09T17:14:29.850+0900: 0.226: [GC (Allocation Failure) 
Desired survivor size 11010048 bytes, new threshold 7 (max 15)
[PSYoungGen: 76281K->10729K(141824K)] 126449K->124982K(316928K), 0.0180406 secs] [Times: user=0.05 sys=0.23, real=0.02 secs] 
2022-10-09T17:14:29.868+0900: 0.244: [Full GC (Ergonomics) [PSYoungGen: 10729K->0K(141824K)] [ParOldGen: 114252K->119584K(269824K)] 124982K->119584K(411648K), [Metaspace: 3521K->3521K(1056768K)], 0.0169663 secs] [Times: user=0.13 sys=0.00, real=0.02 secs] 
2022-10-09T17:14:29.972+0900: 0.348: [GC (Allocation Failure) 
Desired survivor size 11010048 bytes, new threshold 7 (max 15)
[PSYoungGen: 131072K->10752K(141824K)] 250656K->229687K(411648K), 0.0264254 secs] [Times: user=0.09 sys=0.22, real=0.03 secs] 
2022-10-09T17:14:29.999+0900: 0.375: [Full GC (Ergonomics) [PSYoungGen: 10752K->0K(141824K)] [ParOldGen: 218935K->195401K(415744K)] 229687K->195401K(557568K), [Metaspace: 3521K->3521K(1056768K)], 0.0261430 secs] [Times: user=0.17 sys=0.00, real=0.03 secs] 
2022-10-09T17:14:30.101+0900: 0.477: [GC (Allocation Failure) 
Desired survivor size 11010048 bytes, new threshold 7 (max 15)
[PSYoungGen: 131072K->10752K(222720K)] 326473K->317675K(638464K), 0.0254210 secs] [Times: user=0.05 sys=0.27, real=0.02 secs] 
2022-10-09T17:14:30.126+0900: 0.502: [Full GC (Ergonomics) [PSYoungGen: 10752K->0K(222720K)] [ParOldGen: 306923K->283401K(559616K)] 317675K->283401K(782336K), [Metaspace: 3522K->3522K(1056768K)], 0.0357871 secs] [Times: user=0.28 sys=0.00, real=0.04 secs] 
2022-10-09T17:14:30.302+0900: 0.678: [GC (Allocation Failure) 
Desired survivor size 211812352 bytes, new threshold 6 (max 15)
[PSYoungGen: 211968K->10752K(240128K)] 495369K->485979K(799744K), 0.0453017 secs] [Times: user=0.19 sys=0.28, real=0.04 secs] 
2022-10-09T17:14:30.347+0900: 0.723: [Full GC (Ergonomics) [PSYoungGen: 10752K->0K(240128K)] [ParOldGen: 475227K->418777K(802304K)] 485979K->418777K(1042432K), [Metaspace: 3524K->3524K(1056768K)], 0.0514673 secs] [Times: user=0.28 sys=0.00, real=0.05 secs] 
2022-10-09T17:14:30.543+0900: 0.920: [GC (Allocation Failure) 
Desired survivor size 273154048 bytes, new threshold 5 (max 15)
[PSYoungGen: 229376K->206848K(474624K)] 648153K->665809K(1276928K), 0.0440356 secs] [Times: user=0.25 sys=0.22, real=0.05 secs] 
2022-10-09T17:14:30.749+0900: 1.125: [GC (Allocation Failure) 
Desired survivor size 425721856 bytes, new threshold 4 (max 15)
[PSYoungGen: 474624K->266752K(534528K)] 933585K->928245K(1336832K), 0.0993554 secs] [Times: user=0.14 sys=0.78, real=0.10 secs] 
2022-10-09T17:14:30.849+0900: 1.225: [Full GC (Ergonomics) [PSYoungGen: 266752K->0K(534528K)] [ParOldGen: 661493K->772307K(1228800K)] 928245K->772307K(1763328K), [Metaspace: 4034K->4034K(1056768K)], 0.0962108 secs] [Times: user=0.69 sys=0.13, real=0.10 secs] 
2022-10-09T17:14:31.110+0900: 1.486: [GC (Allocation Failure) 
Desired survivor size 450363392 bytes, new threshold 3 (max 15)
[PSYoungGen: 267776K->301184K(813568K)] 1040083K->1073491K(2042368K), 0.0590636 secs] [Times: user=0.13 sys=0.47, real=0.06 secs] 
2022-10-09T17:14:31.411+0900: 1.787: [GC (Allocation Failure) 
Desired survivor size 475004928 bytes, new threshold 2 (max 15)
[PSYoungGen: 699008K->439808K(837632K)] 1471315K->1485414K(2066432K), 0.1245918 secs] [Times: user=0.44 sys=0.73, real=0.13 secs] 
2022-10-09T17:14:31.536+0900: 1.912: [Full GC (Ergonomics) [PSYoungGen: 439808K->80056K(837632K)] [ParOldGen: 1045606K->1228370K(1767424K)] 1485414K->1308427K(2605056K), [Metaspace: 4050K->4050K(1056768K)], 0.1722872 secs] [Times: user=1.14 sys=0.16, real=0.17 secs] 
2022-10-09T17:14:31.953+0900: 2.329: [GC (Allocation Failure) 
Desired survivor size 475004928 bytes, new threshold 1 (max 15)
[PSYoungGen: 477880K->463872K(927744K)] 1706251K->1758624K(2695168K), 0.1067195 secs] [Times: user=0.36 sys=0.31, real=0.11 secs] 
2022-10-09T17:14:32.351+0900: 2.727: [GC (Allocation Failure) 
Desired survivor size 475004928 bytes, new threshold 1 (max 15)
[PSYoungGen: 927744K->463872K(927744K)] 2222496K->2221802K(2695168K), 0.1262166 secs] [Times: user=0.61 sys=0.66, real=0.13 secs] 
2022-10-09T17:14:32.477+0900: 2.853: [Full GC (Ergonomics) [PSYoungGen: 463872K->299536K(927744K)] [ParOldGen: 1757930K->1767025K(2446336K)] 2221802K->2066562K(3374080K), [Metaspace: 4053K->4053K(1056768K)], 0.2532207 secs] [Times: user=2.03 sys=0.02, real=0.25 secs] 
2022-10-09T17:14:33.019+0900: 3.395: [GC (Allocation Failure) 
Desired survivor size 475004928 bytes, new threshold 1 (max 15)
[PSYoungGen: 763408K->463872K(927744K)] 2530434K->2585179K(3374080K), 0.1101896 secs] [Times: user=0.61 sys=0.39, real=0.11 secs] 
2022-10-09T17:14:33.129+0900: 3.505: [Full GC (Ergonomics) [PSYoungGen: 463872K->37329K(927744K)] [ParOldGen: 2121307K->2446143K(2784256K)] 2585179K->2483473K(3712000K), [Metaspace: 4065K->4065K(1056768K)], 0.3089946 secs] [Times: user=2.42 sys=0.25, real=0.31 secs] 
2022-10-09T17:14:33.717+0900: 4.093: [Full GC (Ergonomics) [PSYoungGen: 501201K->103885K(927744K)] [ParOldGen: 2446143K->2783901K(2784256K)] 2947345K->2887786K(3712000K), [Metaspace: 4067K->4067K(1056768K)], 0.3441889 secs] [Times: user=2.74 sys=0.30, real=0.34 secs] 
2022-10-09T17:14:34.272+0900: 4.648: [Full GC (Ergonomics) [PSYoungGen: 463872K->404767K(927744K)] [ParOldGen: 2783901K->2784134K(2784256K)] 3247773K->3188901K(3712000K), [Metaspace: 4067K->4067K(1056768K)], 0.3921702 secs] [Times: user=3.48 sys=0.05, real=0.39 secs] 
2022-10-09T17:14:34.701+0900: 5.077: [Full GC (Ergonomics) [PSYoungGen: 463872K->438531K(927744K)] [ParOldGen: 2784134K->2784018K(2784256K)] 3248006K->3222549K(3712000K), [Metaspace: 4067K->4067K(1056768K)], 0.3932009 secs] [Times: user=2.75 sys=0.05, real=0.39 secs] 
2022-10-09T17:14:35.110+0900: 5.486: [Full GC (Ergonomics) [PSYoungGen: 463872K->434628K(927744K)] [ParOldGen: 2784018K->2783881K(2784256K)] 3247890K->3218509K(3712000K), [Metaspace: 4067K->4067K(1056768K)], 0.3925540 secs] [Times: user=3.42 sys=0.00, real=0.39 secs] 
2022-10-09T17:14:35.520+0900: 5.896: [Full GC (Ergonomics) [PSYoungGen: 463872K->434310K(927744K)] [ParOldGen: 2783881K->2784254K(2784256K)] 3247753K->3218565K(3712000K), [Metaspace: 4068K->4068K(1056768K)], 0.3866147 secs] [Times: user=3.17 sys=0.02, real=0.39 secs] 
2022-10-09T17:14:35.926+0900: 6.302: [Full GC (Ergonomics) [PSYoungGen: 463872K->430287K(927744K)] [ParOldGen: 2784254K->2784098K(2784256K)] 3248126K->3214385K(3712000K), [Metaspace: 4068K->4068K(1056768K)], 0.3975012 secs] [Times: user=3.25 sys=0.00, real=0.40 secs] 
2022-10-09T17:14:36.344+0900: 6.720: [Full GC (Ergonomics) [PSYoungGen: 463872K->430572K(927744K)] [ParOldGen: 2784098K->2783941K(2784256K)] 3247970K->3214513K(3712000K), [Metaspace: 4077K->4077K(1056768K)], 0.3969193 secs] [Times: user=3.39 sys=0.02, real=0.40 secs] 
2022-10-09T17:14:36.763+0900: 7.139: [Full GC (Ergonomics) [PSYoungGen: 463872K->430704K(927744K)] [ParOldGen: 2783941K->2783785K(2784256K)] 3247813K->3214489K(3712000K), [Metaspace: 4078K->4078K(1056768K)], 0.3805087 secs] [Times: user=2.95 sys=0.05, real=0.38 secs] 
2022-10-09T17:14:37.164+0900: 7.540: [Full GC (Ergonomics) [PSYoungGen: 463872K->430295K(927744K)] [ParOldGen: 2783785K->2784138K(2784256K)] 3247657K->3214433K(3712000K), [Metaspace: 4078K->4078K(1056768K)], 0.3719611 secs] [Times: user=3.22 sys=0.00, real=0.37 secs] 
2022-10-09T17:14:37.557+0900: 7.933: [Full GC (Ergonomics) [PSYoungGen: 463872K->430833K(927744K)] [ParOldGen: 2784138K->2783981K(2784256K)] 3248010K->3214815K(3712000K), [Metaspace: 4078K->4078K(1056768K)], 0.3948433 secs] [Times: user=3.56 sys=0.00, real=0.39 secs] 
2022-10-09T17:14:37.971+0900: 8.347: [Full GC (Ergonomics) [PSYoungGen: 463872K->430897K(927744K)] [ParOldGen: 2783981K->2783825K(2784256K)] 3247853K->3214722K(3712000K), [Metaspace: 4078K->4078K(1056768K)], 0.3977103 secs] [Times: user=3.69 sys=0.00, real=0.40 secs] 
2022-10-09T17:14:38.390+0900: 8.766: [Full GC (Ergonomics) [PSYoungGen: 463872K->430371K(927744K)] [ParOldGen: 2783825K->2784178K(2784256K)] 3247697K->3214549K(3712000K), [Metaspace: 4078K->4078K(1056768K)], 0.3857853 secs] [Times: user=3.64 sys=0.00, real=0.39 secs] 
2022-10-09T17:14:38.795+0900: 9.172: [Full GC (Ergonomics) [PSYoungGen: 463872K->430937K(927744K)] [ParOldGen: 2784178K->2784021K(2784256K)] 3248050K->3214959K(3712000K), [Metaspace: 4078K->4078K(1056768K)], 0.3874660 secs] [Times: user=3.61 sys=0.00, real=0.39 secs] 
2022-10-09T17:14:39.203+0900: 9.579: [Full GC (Ergonomics) [PSYoungGen: 463872K->430993K(927744K)] [ParOldGen: 2784021K->2783865K(2784256K)] 3247893K->3214859K(3712000K), [Metaspace: 4079K->4079K(1056768K)], 0.3815538 secs] [Times: user=3.59 sys=0.00, real=0.38 secs] 
2022-10-09T17:14:39.604+0900: 9.980: [Full GC (Ergonomics) [PSYoungGen: 463872K->434636K(927744K)] [ParOldGen: 2783865K->2784238K(2784256K)] 3247737K->3218874K(3712000K), [Metaspace: 4079K->4079K(1056768K)], 0.3858440 secs] [Times: user=3.67 sys=0.00, real=0.39 secs] 
2022-10-09T17:14:40.008+0900: 10.384: [Full GC (Ergonomics) [PSYoungGen: 463872K->439262K(927744K)] [ParOldGen: 2784238K->2784122K(2784256K)] 3248110K->3223384K(3712000K), [Metaspace: 4084K->4084K(1056768K)], 0.3574472 secs] [Times: user=2.78 sys=0.09, real=0.36 secs] 
2022-10-09T17:14:40.382+0900: 10.758: [Full GC (Ergonomics) [PSYoungGen: 463872K->439258K(927744K)] [ParOldGen: 2784122K->2784005K(2784256K)] 3247994K->3223263K(3712000K), [Metaspace: 4084K->4084K(1056768K)], 0.3633713 secs] [Times: user=3.19 sys=0.02, real=0.36 secs] 
2022-10-09T17:14:40.759+0900: 11.135: [Full GC (Ergonomics) [PSYoungGen: 463872K->439242K(927744K)] [ParOldGen: 2784005K->2783889K(2784256K)] 3247877K->3223131K(3712000K), [Metaspace: 4085K->4085K(1056768K)], 0.3594674 secs] [Times: user=3.17 sys=0.03, real=0.36 secs] 
2022-10-09T17:14:41.134+0900: 11.510: [Full GC (Ergonomics) [PSYoungGen: 463872K->439250K(927744K)] [ParOldGen: 2783889K->2783772K(2784256K)] 3247761K->3223023K(3712000K), [Metaspace: 4085K->4085K(1056768K)], 0.3642715 secs] [Times: user=3.22 sys=0.00, real=0.36 secs] 
2022-10-09T17:14:41.513+0900: 11.889: [Full GC (Ergonomics) [PSYoungGen: 463872K->434612K(927744K)] [ParOldGen: 2783772K->2784146K(2784256K)] 3247644K->3218758K(3712000K), [Metaspace: 4085K->4085K(1056768K)], 0.3751260 secs] [Times: user=3.48 sys=0.00, real=0.38 secs] 
2022-10-09T17:14:41.905+0900: 12.281: [Full GC (Ergonomics) [PSYoungGen: 463872K->430985K(927744K)] [ParOldGen: 2784146K->2783989K(2784256K)] 3248018K->3214975K(3712000K), [Metaspace: 4085K->4085K(1056768K)], 0.3589278 secs] [Times: user=3.06 sys=0.01, real=0.36 secs] 
2022-10-09T17:14:42.285+0900: 12.661: [Full GC (Ergonomics) [PSYoungGen: 463872K->430853K(927744K)] [ParOldGen: 2783989K->2783833K(2784256K)] 3247861K->3214686K(3712000K), [Metaspace: 4085K->4085K(1056768K)], 0.3694796 secs] [Times: user=3.25 sys=0.00, real=0.37 secs] 
2022-10-09T17:14:42.675+0900: 13.052: [Full GC (Ergonomics) [PSYoungGen: 463872K->430435K(927744K)] [ParOldGen: 2783833K->2784186K(2784256K)] 3247705K->3214622K(3712000K), [Metaspace: 4085K->4085K(1056768K)], 0.3764385 secs] [Times: user=3.59 sys=0.00, real=0.38 secs] 
2022-10-09T17:14:43.072+0900: 13.448: [Full GC (Ergonomics) [PSYoungGen: 463872K->431021K(927744K)] [ParOldGen: 2784186K->2784029K(2784256K)] 3248058K->3215051K(3712000K), [Metaspace: 4085K->4085K(1056768K)], 0.3835154 secs] [Times: user=3.30 sys=0.00, real=0.38 secs] 
2022-10-09T17:14:43.477+0900: 13.853: [Full GC (Ergonomics) [PSYoungGen: 463872K->429030K(927744K)] [ParOldGen: 2784029K->2783873K(2784256K)] 3247901K->3212903K(3712000K), [Metaspace: 4085K->4085K(1056768K)], 0.3710736 secs] [Times: user=3.13 sys=0.00, real=0.37 secs] 
2022-10-09T17:14:43.868+0900: 14.244: [Full GC (Ergonomics) [PSYoungGen: 463872K->430492K(927744K)] [ParOldGen: 2783873K->2784226K(2784256K)] 3247745K->3214718K(3712000K), [Metaspace: 4085K->4085K(1056768K)], 0.3552864 secs] [Times: user=3.14 sys=0.02, real=0.36 secs] 
2022-10-09T17:14:44.246+0900: 14.622: [Full GC (Ergonomics) [PSYoungGen: 463872K->430969K(927744K)] [ParOldGen: 2784226K->2784070K(2784256K)] 3248098K->3215039K(3712000K), [Metaspace: 4085K->4085K(1056768K)], 0.3859738 secs] [Times: user=3.41 sys=0.00, real=0.39 secs] 
2022-10-09T17:14:44.653+0900: 15.029: [Full GC (Ergonomics) [PSYoungGen: 463872K->430889K(927744K)] [ParOldGen: 2784070K->2783913K(2784256K)] 3247942K->3214803K(3712000K), [Metaspace: 4085K->4085K(1056768K)], 0.3895543 secs] [Times: user=3.38 sys=0.00, real=0.39 secs] 
2022-10-09T17:14:45.063+0900: 15.439: [Full GC (Ergonomics) [PSYoungGen: 463872K->430897K(927744K)] [ParOldGen: 2783913K->2783756K(2784256K)] 3247785K->3214654K(3712000K), [Metaspace: 4085K->4085K(1056768K)], 0.3849175 secs] [Times: user=3.44 sys=0.00, real=0.38 secs] 
2022-10-09T17:14:45.471+0900: 15.847: [Full GC (Ergonomics) [PSYoungGen: 463872K->430564K(927744K)] [ParOldGen: 2783756K->2784110K(2784256K)] 3247628K->3214674K(3712000K), [Metaspace: 4085K->4085K(1056768K)], 0.3966752 secs] [Times: user=3.72 sys=0.00, real=0.40 secs] 
2022-10-09T17:14:45.887+0900: 16.264: [Full GC (Ergonomics) [PSYoungGen: 463872K->430997K(927744K)] [ParOldGen: 2784110K->2783953K(2784256K)] 3247982K->3214951K(3712000K), [Metaspace: 4085K->4085K(1056768K)], 0.3995139 secs] [Times: user=3.81 sys=0.00, real=0.40 secs] 
2022-10-09T17:14:46.307+0900: 16.683: [Full GC (Ergonomics) [PSYoungGen: 463872K->435162K(927744K)] [ParOldGen: 2783953K->2783817K(2784256K)] 3247825K->3218979K(3712000K), [Metaspace: 4089K->4089K(1056768K)], 0.4062411 secs] [Times: user=3.63 sys=0.00, real=0.41 secs] 
2022-10-09T17:14:46.733+0900: 17.110: [Full GC (Ergonomics) [PSYoungGen: 463872K->434511K(927744K)] [ParOldGen: 2783817K->2784190K(2784256K)] 3247689K->3218702K(3712000K), [Metaspace: 4096K->4096K(1056768K)], 0.3984917 secs] [Times: user=3.88 sys=0.02, real=0.40 secs] 
2022-10-09T17:14:47.150+0900: 17.526: [Full GC (Ergonomics) [PSYoungGen: 463872K->433857K(927744K)] [ParOldGen: 2784190K->2784054K(2784256K)] 3248062K->3217911K(3712000K), [Metaspace: 4097K->4097K(1056768K)], 0.4048680 secs] [Times: user=3.77 sys=0.00, real=0.40 secs] 
2022-10-09T17:14:47.573+0900: 17.949: [Full GC (Ergonomics) [PSYoungGen: 463872K->435094K(927744K)] [ParOldGen: 2784054K->2783917K(2784256K)] 3247926K->3219011K(3712000K), [Metaspace: 4097K->4097K(1056768K)], 0.4032583 secs] [Times: user=3.67 sys=0.00, real=0.40 secs] 
2022-10-09T17:14:47.994+0900: 18.370: [Full GC (Ergonomics) [PSYoungGen: 463872K->435005K(927744K)] [ParOldGen: 2783917K->2783780K(2784256K)] 3247789K->3218786K(3712000K), [Metaspace: 4097K->4097K(1056768K)], 0.4076681 secs] [Times: user=3.80 sys=0.00, real=0.41 secs] 
2022-10-09T17:14:48.419+0900: 18.795: [Full GC (Ergonomics) [PSYoungGen: 463872K->434616K(927744K)] [ParOldGen: 2783780K->2784154K(2784256K)] 3247652K->3218770K(3712000K), [Metaspace: 4097K->4097K(1056768K)], 0.3928621 secs] [Times: user=3.52 sys=0.03, real=0.39 secs] 
2022-10-09T17:14:48.830+0900: 19.206: [Full GC (Ergonomics) [PSYoungGen: 463872K->434997K(927744K)] [ParOldGen: 2784154K->2784017K(2784256K)] 3248026K->3219015K(3712000K), [Metaspace: 4097K->4097K(1056768K)], 0.3819277 secs] [Times: user=3.73 sys=0.02, real=0.38 secs] 
2022-10-09T17:14:49.229+0900: 19.606: [Full GC (Ergonomics) [PSYoungGen: 463872K->435081K(927744K)] [ParOldGen: 2784017K->2783881K(2784256K)] 3247889K->3218963K(3712000K), [Metaspace: 4097K->4097K(1056768K)], 0.3886388 secs] [Times: user=3.58 sys=0.00, real=0.39 secs] 
2022-10-09T17:14:49.638+0900: 20.014: [Full GC (Ergonomics) [PSYoungGen: 463872K->430431K(927744K)] [ParOldGen: 2783881K->2784234K(2784256K)] 3247753K->3214666K(3712000K), [Metaspace: 4097K->4097K(1056768K)], 0.3934002 secs] [Times: user=3.53 sys=0.05, real=0.39 secs] 
2022-10-09T17:14:50.053+0900: 20.429: [Full GC (Ergonomics) [PSYoungGen: 463872K->430857K(927744K)] [ParOldGen: 2784234K->2784078K(2784256K)] 3248106K->3214935K(3712000K), [Metaspace: 4097K->4097K(1056768K)], 0.3891585 secs] [Times: user=3.11 sys=0.00, real=0.39 secs] 
2022-10-09T17:14:50.463+0900: 20.839: [Full GC (Ergonomics) [PSYoungGen: 463872K->435081K(927744K)] [ParOldGen: 2784078K->2783941K(2784256K)] 3247950K->3219023K(3712000K), [Metaspace: 4097K->4097K(1056768K)], 0.3888405 secs] [Times: user=3.56 sys=0.00, real=0.39 secs] 
2022-10-09T17:14:50.869+0900: 21.245: [Full GC (Ergonomics) [PSYoungGen: 463872K->435037K(927744K)] [ParOldGen: 2783941K->2783805K(2784256K)] 3247813K->3218842K(3712000K), [Metaspace: 4097K->4097K(1056768K)], 0.3942618 secs] [Times: user=3.41 sys=0.00, real=0.39 secs] 
2022-10-09T17:14:51.280+0900: 21.656: [Full GC (Ergonomics) [PSYoungGen: 463872K->434636K(927744K)] [ParOldGen: 2783805K->2784178K(2784256K)] 3247677K->3218814K(3712000K), [Metaspace: 4097K->4097K(1056768K)], 0.3719223 secs] [Times: user=3.33 sys=0.00, real=0.37 secs] 
2022-10-09T17:14:51.670+0900: 22.046: [Full GC (Ergonomics) [PSYoungGen: 463872K->435094K(927744K)] [ParOldGen: 2784178K->2784042K(2784256K)] 3248050K->3219136K(3712000K), [Metaspace: 4097K->4097K(1056768K)], 0.3748310 secs] [Times: user=3.47 sys=0.00, real=0.38 secs] 
2022-10-09T17:14:52.065+0900: 22.441: [Full GC (Ergonomics) [PSYoungGen: 463872K->431030K(927744K)] [ParOldGen: 2784042K->2783885K(2784256K)] 3247914K->3214915K(3712000K), [Metaspace: 4097K->4097K(1056768K)], 0.3847259 secs] [Times: user=3.38 sys=0.02, real=0.38 secs] 
2022-10-09T17:14:52.470+0900: 22.846: [Full GC (Ergonomics) [PSYoungGen: 463872K->430403K(927744K)] [ParOldGen: 2783885K->2784238K(2784256K)] 3247757K->3214642K(3712000K), [Metaspace: 4097K->4097K(1056768K)], 0.3908391 secs] [Times: user=3.55 sys=0.00, real=0.39 secs] 
2022-10-09T17:14:52.881+0900: 23.257: [Full GC (Ergonomics) [PSYoungGen: 463872K->430941K(927744K)] [ParOldGen: 2784238K->2784078K(2784256K)] 3248110K->3215020K(3712000K), [Metaspace: 4097K->4097K(1056768K)], 0.4043296 secs] [Times: user=3.64 sys=0.00, real=0.40 secs] 
2022-10-09T17:14:53.307+0900: 23.683: [Full GC (Ergonomics) [PSYoungGen: 463872K->430949K(927744K)] [ParOldGen: 2784078K->2783921K(2784256K)] 3247950K->3214871K(3712000K), [Metaspace: 4097K->4097K(1056768K)], 0.4014016 secs] [Times: user=3.72 sys=0.00, real=0.40 secs] 
2022-10-09T17:14:53.730+0900: 24.106: [Full GC (Ergonomics) [PSYoungGen: 463872K->430885K(927744K)] [ParOldGen: 2783921K->2783765K(2784256K)] 3247793K->3214650K(3712000K), [Metaspace: 4097K->4097K(1056768K)], 0.3787321 secs] [Times: user=3.50 sys=0.00, real=0.38 secs] 
2022-10-09T17:14:54.129+0900: 24.505: [Full GC (Ergonomics) [PSYoungGen: 463872K->434603K(927744K)] [ParOldGen: 2783765K->2784138K(2784256K)] 3247637K->3218742K(3712000K), [Metaspace: 4097K->4097K(1056768K)], 0.3745959 secs] [Times: user=3.08 sys=0.00, real=0.37 secs] 
2022-10-09T17:14:54.521+0900: 24.897: [Full GC (Ergonomics) [PSYoungGen: 463872K->435077K(927744K)] [ParOldGen: 2784138K->2784002K(2784256K)] 3248010K->3219079K(3712000K), [Metaspace: 4097K->4097K(1056768K)], 0.3860135 secs] [Times: user=3.30 sys=0.05, real=0.39 secs] 
2022-10-09T17:14:54.925+0900: 25.301: [Full GC (Ergonomics) [PSYoungGen: 463872K->439125K(927744K)] [ParOldGen: 2784002K->2783885K(2784256K)] 3247874K->3223011K(3712000K), [Metaspace: 4097K->4097K(1056768K)], 0.3752040 secs] [Times: user=3.30 sys=0.05, real=0.38 secs] 
2022-10-09T17:14:55.315+0900: 25.691: [Full GC (Ergonomics) [PSYoungGen: 463872K->439246K(927744K)] [ParOldGen: 2783885K->2783769K(2784256K)] 3247757K->3223015K(3712000K), [Metaspace: 4097K->4097K(1056768K)], 0.3781593 secs] [Times: user=3.33 sys=0.01, real=0.38 secs] 
2022-10-09T17:14:55.710+0900: 26.086: [Full GC (Ergonomics) [PSYoungGen: 463872K->438712K(927744K)] [ParOldGen: 2783769K->2784162K(2784256K)] 3247641K->3222874K(3712000K), [Metaspace: 4097K->4097K(1056768K)], 0.3713666 secs] [Times: user=3.22 sys=0.00, real=0.37 secs] 
2022-10-09T17:14:56.098+0900: 26.474: [Full GC (Ergonomics) [PSYoungGen: 463872K->439153K(927744K)] [ParOldGen: 2784162K->2784046K(2784256K)] 3248034K->3223199K(3712000K), [Metaspace: 4097K->4097K(1056768K)], 0.3670703 secs] [Times: user=2.92 sys=0.03, real=0.37 secs] 
2022-10-09T17:14:56.479+0900: 26.855: [Full GC (Ergonomics) [PSYoungGen: 463872K->439250K(927744K)] [ParOldGen: 2784046K->2783929K(2784256K)] 3247918K->3223179K(3712000K), [Metaspace: 4097K->4097K(1056768K)], 0.3682260 secs] [Times: user=2.77 sys=0.06, real=0.37 secs] 
2022-10-09T17:14:56.863+0900: 27.239: [Full GC (Ergonomics) [PSYoungGen: 463872K->439226K(927744K)] [ParOldGen: 2783929K->2783813K(2784256K)] 3247801K->3223039K(3712000K), [Metaspace: 4097K->4097K(1056768K)], 0.3677393 secs] [Times: user=2.98 sys=0.00, real=0.37 secs] 
2022-10-09T17:14:57.246+0900: 27.622: [Full GC (Ergonomics) [PSYoungGen: 463872K->438732K(927744K)] [ParOldGen: 2783813K->2784206K(2784256K)] 3247685K->3222938K(3712000K), [Metaspace: 4097K->4097K(1056768K)], 0.3731906 secs] [Times: user=3.11 sys=0.00, real=0.37 secs] 
2022-10-09T17:14:57.634+0900: 28.010: [Full GC (Ergonomics) [PSYoungGen: 463872K->435005K(927744K)] [ParOldGen: 2784206K->2784070K(2784256K)] 3248078K->3219075K(3712000K), [Metaspace: 4097K->4097K(1056768K)], 0.3804313 secs] [Times: user=3.27 sys=0.02, real=0.38 secs] 
2022-10-09T17:14:58.033+0900: 28.409: [Full GC (Ergonomics) [PSYoungGen: 463872K->435025K(927744K)] [ParOldGen: 2784070K->2783933K(2784256K)] 3247942K->3218959K(3712000K), [Metaspace: 4097K->4097K(1056768K)], 0.3714234 secs] [Times: user=2.91 sys=0.00, real=0.37 secs] 
2022-10-09T17:14:58.424+0900: 28.800: [Full GC (Ergonomics) [PSYoungGen: 463872K->439266K(927744K)] [ParOldGen: 2783933K->2783817K(2784256K)] 3247805K->3223083K(3712000K), [Metaspace: 4097K->4097K(1056768K)], 0.3756920 secs] [Times: user=3.38 sys=0.01, real=0.38 secs] 
2022-10-09T17:14:58.815+0900: 29.191: [Full GC (Ergonomics) [PSYoungGen: 463872K->434595K(927744K)] [ParOldGen: 2783817K->2784190K(2784256K)] 3247689K->3218786K(3712000K), [Metaspace: 4097K->4097K(1056768K)], 0.3811706 secs] [Times: user=3.47 sys=0.02, real=0.38 secs] 
2022-10-09T17:14:59.214+0900: 29.590: [Full GC (Ergonomics) [PSYoungGen: 463872K->435013K(927744K)] [ParOldGen: 2784190K->2784054K(2784256K)] 3248062K->3219067K(3712000K), [Metaspace: 4097K->4097K(1056768K)], 0.3723009 secs] [Times: user=3.45 sys=0.00, real=0.37 secs] 
2022-10-09T17:14:59.604+0900: 29.980: [Full GC (Ergonomics) [PSYoungGen: 463872K->435033K(927744K)] [ParOldGen: 2784054K->2783917K(2784256K)] 3247926K->3218951K(3712000K), [Metaspace: 4097K->4097K(1056768K)], 0.3831396 secs] [Times: user=2.59 sys=0.03, real=0.38 secs] 
2022-10-09T17:15:00.007+0900: 30.383: [Full GC (Ergonomics) [PSYoungGen: 463872K->439230K(927744K)] [ParOldGen: 2783917K->2783801K(2784256K)] 3247789K->3223031K(3712000K), [Metaspace: 4097K->4097K(1056768K)], 0.3786422 secs] [Times: user=3.17 sys=0.02, real=0.38 secs] 
2022-10-09T17:15:00.401+0900: 30.777: [Full GC (Ergonomics) [PSYoungGen: 463872K->434644K(927744K)] [ParOldGen: 2783801K->2784174K(2784256K)] 3247673K->3218818K(3712000K), [Metaspace: 4097K->4097K(1056768K)], 0.3888306 secs] [Times: user=2.77 sys=0.00, real=0.39 secs] 
2022-10-09T17:15:00.808+0900: 31.184: [Full GC (Ergonomics) [PSYoungGen: 463872K->434989K(927744K)] [ParOldGen: 2784174K->2784038K(2784256K)] 3248046K->3219027K(3712000K), [Metaspace: 4097K->4097K(1056768K)], 0.3829240 secs] [Times: user=2.97 sys=0.03, real=0.38 secs] 
2022-10-09T17:15:01.210+0900: 31.586: [Full GC (Ergonomics) [PSYoungGen: 463872K->435053K(927744K)] [ParOldGen: 2784038K->2783901K(2784256K)] 3247910K->3218955K(3712000K), [Metaspace: 4097K->4097K(1056768K)], 0.3683862 secs] [Times: user=2.88 sys=0.00, real=0.37 secs] 
2022-10-09T17:15:01.596+0900: 31.972: [Full GC (Ergonomics) [PSYoungGen: 463872K->425010K(927744K)] [ParOldGen: 2783901K->2784255K(2784256K)] 3247773K->3209265K(3712000K), [Metaspace: 4100K->4100K(1056768K)], 0.3924668 secs] [Times: user=2.75 sys=0.02, real=0.39 secs] 
2022-10-09T17:15:02.012+0900: 32.388: [Full GC (Ergonomics) [PSYoungGen: 463872K->428081K(927744K)] [ParOldGen: 2784255K->2784097K(2784256K)] 3248127K->3212179K(3712000K), [Metaspace: 4431K->4431K(1056768K)], 0.3924320 secs] [Times: user=2.73 sys=0.01, real=0.39 secs] 
2022-10-09T17:15:02.425+0900: 32.801: [Full GC (Ergonomics) [PSYoungGen: 463872K->428448K(927744K)] [ParOldGen: 2784097K->2783941K(2784256K)] 3247969K->3212389K(3712000K), [Metaspace: 4781K->4781K(1056768K)], 0.3925698 secs] [Times: user=3.33 sys=0.03, real=0.39 secs] 
2022-10-09T17:15:02.838+0900: 33.214: [Full GC (Ergonomics) [PSYoungGen: 463872K->429739K(927744K)] [ParOldGen: 2783941K->2783784K(2784256K)] 3247813K->3213524K(3712000K), [Metaspace: 5435K->5435K(1056768K)], 0.3979843 secs] [Times: user=3.70 sys=0.00, real=0.40 secs] 
2022-10-09T17:15:03.256+0900: 33.632: [Full GC (Ergonomics) [PSYoungGen: 463872K->433600K(927744K)] [ParOldGen: 2783784K->2784157K(2784256K)] 3247656K->3217757K(3712000K), [Metaspace: 5781K->5781K(1056768K)], 0.3813446 secs] [Times: user=3.58 sys=0.00, real=0.38 secs] 
2022-10-09T17:15:03.655+0900: 34.031: [Full GC (Ergonomics) [PSYoungGen: 463872K->433844K(927744K)] [ParOldGen: 2784157K->2784020K(2784256K)] 3248029K->3217865K(3712000K), [Metaspace: 6112K->6112K(1056768K)], 0.3932013 secs] [Times: user=3.50 sys=0.01, real=0.39 secs] 
2022-10-09T17:15:04.065+0900: 34.441: [Full GC (Ergonomics) [PSYoungGen: 463872K->434464K(927744K)] [ParOldGen: 2784020K->2783884K(2784256K)] 3247892K->3218348K(3712000K), [Metaspace: 6577K->6577K(1056768K)], 0.3911935 secs] [Times: user=3.41 sys=0.03, real=0.39 secs] 
2022-10-09T17:15:04.474+0900: 34.850: [Full GC (Ergonomics) [PSYoungGen: 463872K->434874K(927744K)] [ParOldGen: 2783884K->2783747K(2784256K)] 3247756K->3218622K(3712000K), [Metaspace: 6612K->6612K(1056768K)], 0.3834849 secs] [Times: user=3.48 sys=0.03, real=0.38 secs] 
2022-10-09T17:15:04.877+0900: 35.253: [Full GC (Ergonomics) [PSYoungGen: 463872K->434649K(927744K)] [ParOldGen: 2783747K->2784120K(2784256K)] 3247619K->3218770K(3712000K), [Metaspace: 6612K->6612K(1056768K)], 0.3810874 secs] [Times: user=2.86 sys=0.06, real=0.38 secs] 
2022-10-09T17:15:05.277+0900: 35.653: [Full GC (Ergonomics) [PSYoungGen: 463872K->435103K(927744K)] [ParOldGen: 2784120K->2783984K(2784256K)] 3247992K->3219087K(3712000K), [Metaspace: 6612K->6612K(1056768K)], 0.3823011 secs] [Times: user=2.89 sys=0.13, real=0.38 secs] 
2022-10-09T17:15:05.677+0900: 36.053: [Full GC (Ergonomics) [PSYoungGen: 463872K->435067K(927744K)] [ParOldGen: 2783984K->2783847K(2784256K)] 3247856K->3218915K(3712000K), [Metaspace: 6612K->6612K(1056768K)], 0.3787838 secs] [Times: user=3.22 sys=0.05, real=0.38 secs] 
2022-10-09T17:15:06.075+0900: 36.451: [Full GC (Ergonomics) [PSYoungGen: 463872K->434629K(927744K)] [ParOldGen: 2783847K->2784221K(2784256K)] 3247719K->3218851K(3712000K), [Metaspace: 6612K->6612K(1056768K)], 0.3729937 secs] [Times: user=2.95 sys=0.08, real=0.37 secs] 
2022-10-09T17:15:06.465+0900: 36.841: [Full GC (Ergonomics) [PSYoungGen: 463872K->435079K(927744K)] [ParOldGen: 2784221K->2784084K(2784256K)] 3248093K->3219164K(3712000K), [Metaspace: 6612K->6612K(1056768K)], 0.3849214 secs] [Times: user=3.19 sys=0.05, real=0.38 secs] 
2022-10-09T17:15:06.867+0900: 37.243: [Full GC (Ergonomics) [PSYoungGen: 463872K->435043K(927744K)] [ParOldGen: 2784084K->2783948K(2784256K)] 3247956K->3218991K(3712000K), [Metaspace: 6612K->6612K(1056768K)], 0.3750550 secs] [Times: user=3.00 sys=0.05, real=0.38 secs] 
2022-10-09T17:15:07.259+0900: 37.635: [Full GC (Ergonomics) [PSYoungGen: 463872K->434987K(927744K)] [ParOldGen: 2783948K->2783811K(2784256K)] 3247820K->3218798K(3712000K), [Metaspace: 6612K->6612K(1056768K)], 0.3807923 secs] [Times: user=3.30 sys=0.09, real=0.38 secs] 
2022-10-09T17:15:07.657+0900: 38.033: [Full GC (Ergonomics) [PSYoungGen: 463872K->434578K(927744K)] [ParOldGen: 2783811K->2784184K(2784256K)] 3247683K->3218762K(3712000K), [Metaspace: 6612K->6612K(1056768K)], 0.3760489 secs] [Times: user=3.13 sys=0.09, real=0.38 secs] 
2022-10-09T17:15:08.051+0900: 38.427: [Full GC (Ergonomics) [PSYoungGen: 463872K->435096K(927744K)] [ParOldGen: 2784184K->2784047K(2784256K)] 3248056K->3219144K(3712000K), [Metaspace: 6612K->6612K(1056768K)], 0.3871657 secs] [Times: user=3.53 sys=0.00, real=0.39 secs] 
2022-10-09T17:15:08.454+0900: 38.830: [Full GC (Ergonomics) [PSYoungGen: 463872K->430923K(927744K)] [ParOldGen: 2784047K->2783889K(2784256K)] 3247919K->3214812K(3712000K), [Metaspace: 6616K->6616K(1056768K)], 0.3902389 secs] [Times: user=3.34 sys=0.05, real=0.39 secs] 
2022-10-09T17:15:08.863+0900: 39.239: [Full GC (Ergonomics) [PSYoungGen: 463872K->430359K(927744K)] [ParOldGen: 2783889K->2784243K(2784256K)] 3247761K->3214603K(3712000K), [Metaspace: 6616K->6616K(1056768K)], 0.3972066 secs] [Times: user=3.72 sys=0.00, real=0.40 secs] 
2022-10-09T17:15:09.282+0900: 39.658: [Full GC (Ergonomics) [PSYoungGen: 463872K->430947K(927744K)] [ParOldGen: 2784243K->2784085K(2784256K)] 3248115K->3215033K(3712000K), [Metaspace: 6616K->6616K(1056768K)], 0.3878412 secs] [Times: user=3.63 sys=0.00, real=0.39 secs] 
2022-10-09T17:15:09.689+0900: 40.065: [Full GC (Ergonomics) [PSYoungGen: 463872K->430864K(927744K)] [ParOldGen: 2784085K->2783927K(2784256K)] 3247957K->3214792K(3712000K), [Metaspace: 6616K->6616K(1056768K)], 0.3961218 secs] [Times: user=3.73 sys=0.00, real=0.40 secs] 
2022-10-09T17:15:10.106+0900: 40.482: [Full GC (Ergonomics) [PSYoungGen: 463872K->435095K(927744K)] [ParOldGen: 2783927K->2783789K(2784256K)] 3247799K->3218884K(3712000K), [Metaspace: 6616K->6616K(1056768K)], 0.3915676 secs] [Times: user=3.70 sys=0.00, real=0.39 secs] 
2022-10-09T17:15:10.517+0900: 40.893: [Full GC (Ergonomics) [PSYoungGen: 463872K->434609K(927744K)] [ParOldGen: 2783789K->2784162K(2784256K)] 3247661K->3218771K(3712000K), [Metaspace: 6616K->6616K(1056768K)], 0.3990719 secs] [Times: user=3.70 sys=0.00, real=0.40 secs] 
2022-10-09T17:15:10.932+0900: 41.308: [Full GC (Ergonomics) [PSYoungGen: 463872K->435135K(927744K)] [ParOldGen: 2784162K->2784025K(2784256K)] 3248034K->3219161K(3712000K), [Metaspace: 6616K->6616K(1056768K)], 0.4001141 secs] [Times: user=3.66 sys=0.02, real=0.40 secs] 
2022-10-09T17:15:11.349+0900: 41.725: [Full GC (Ergonomics) [PSYoungGen: 463872K->433912K(927744K)] [ParOldGen: 2784025K->2783886K(2784256K)] 3247897K->3217799K(3712000K), [Metaspace: 6786K->6786K(1056768K)], 0.4039776 secs] [Times: user=3.78 sys=0.00, real=0.40 secs] 
2022-10-09T17:15:11.771+0900: 42.147: [Full GC (Ergonomics) [PSYoungGen: 463872K->430174K(927744K)] [ParOldGen: 2783886K->2784239K(2784256K)] 3247758K->3214413K(3712000K), [Metaspace: 7100K->7100K(1056768K)], 0.3887800 secs] [Times: user=3.73 sys=0.00, real=0.39 secs] 
2022-10-09T17:15:12.179+0900: 42.555: [Full GC (Ergonomics) [PSYoungGen: 463872K->430342K(927744K)] [ParOldGen: 2784239K->2784082K(2784256K)] 3248111K->3214424K(3712000K), [Metaspace: 7544K->7544K(1056768K)], 0.3744625 secs] [Times: user=3.52 sys=0.02, real=0.37 secs] 
2022-10-09T17:15:12.575+0900: 42.951: [Full GC (Ergonomics) [PSYoungGen: 463872K->429969K(927744K)] [ParOldGen: 2784082K->2783925K(2784256K)] 3247954K->3213895K(3712000K), [Metaspace: 7835K->7835K(1056768K)], 0.4030922 secs] [Times: user=3.53 sys=0.00, real=0.40 secs] 
2022-10-09T17:15:12.995+0900: 43.371: [Full GC (Ergonomics) [PSYoungGen: 463872K->429714K(927744K)] [ParOldGen: 2783925K->2783769K(2784256K)] 3247797K->3213483K(3712000K), [Metaspace: 8275K->8275K(1056768K)], 0.4016637 secs] [Times: user=3.67 sys=0.03, real=0.40 secs] 
2022-10-09T17:15:13.417+0900: 43.793: [Full GC (Ergonomics) [PSYoungGen: 463872K->429942K(927744K)] [ParOldGen: 2783769K->2784122K(2784256K)] 3247641K->3214064K(3712000K), [Metaspace: 8293K->8293K(1056768K)], 0.3893115 secs] [Times: user=3.64 sys=0.05, real=0.39 secs] 
2022-10-09T17:15:13.827+0900: 44.203: [Full GC (Ergonomics) [PSYoungGen: 463872K->430909K(927744K)] [ParOldGen: 2784122K->2783961K(2784256K)] 3247994K->3214871K(3712000K), [Metaspace: 8293K->8293K(1056768K)], 0.3702557 secs] [Times: user=3.25 sys=0.13, real=0.37 secs] 
2022-10-09T17:15:14.218+0900: 44.594: [Full GC (Ergonomics) [PSYoungGen: 463872K->431013K(927744K)] [ParOldGen: 2783961K->2783805K(2784256K)] 3247833K->3214819K(3712000K), [Metaspace: 8293K->8293K(1056768K)], 0.3833696 secs] [Times: user=3.53 sys=0.06, real=0.38 secs] 
2022-10-09T17:15:14.621+0900: 44.997: [Full GC (Ergonomics) [PSYoungGen: 463872K->430475K(927744K)] [ParOldGen: 2783805K->2784158K(2784256K)] 3247677K->3214634K(3712000K), [Metaspace: 8293K->8293K(1056768K)], 0.3806085 secs] [Times: user=3.51 sys=0.05, real=0.38 secs] 
2022-10-09T17:15:15.022+0900: 45.398: [Full GC (Ergonomics) [PSYoungGen: 463872K->431013K(927744K)] [ParOldGen: 2784158K->2784001K(2784256K)] 3248030K->3215015K(3712000K), [Metaspace: 8293K->8293K(1056768K)], 0.3786577 secs] [Times: user=3.47 sys=0.05, real=0.38 secs] 
2022-10-09T17:15:15.423+0900: 45.799: [Full GC (Ergonomics) [PSYoungGen: 463872K->431034K(927744K)] [ParOldGen: 2784001K->2783845K(2784256K)] 3247873K->3214879K(3712000K), [Metaspace: 8293K->8293K(1056768K)], 0.3881623 secs] [Times: user=3.50 sys=0.02, real=0.39 secs] 
2022-10-09T17:15:15.831+0900: 46.207: [Full GC (Ergonomics) [PSYoungGen: 463872K->430391K(927744K)] [ParOldGen: 2783845K->2784198K(2784256K)] 3247717K->3214590K(3712000K), [Metaspace: 8293K->8293K(1056768K)], 0.3775526 secs] [Times: user=3.41 sys=0.03, real=0.38 secs] 
2022-10-09T17:15:16.230+0900: 46.606: [Full GC (Ergonomics) [PSYoungGen: 463872K->430993K(927744K)] [ParOldGen: 2784198K->2784042K(2784256K)] 3248070K->3215036K(3712000K), [Metaspace: 8293K->8293K(1056768K)], 0.3805404 secs] [Times: user=3.44 sys=0.08, real=0.38 secs] 
2022-10-09T17:15:16.632+0900: 47.008: [Full GC (Ergonomics) [PSYoungGen: 463872K->431004K(927744K)] [ParOldGen: 2784042K->2783883K(2784256K)] 3247914K->3214887K(3712000K), [Metaspace: 8293K->8293K(1056768K)], 0.3951338 secs] [Times: user=3.69 sys=0.09, real=0.39 secs] 
2022-10-09T17:15:17.047+0900: 47.423: [Full GC (Ergonomics) [PSYoungGen: 463872K->430536K(927744K)] [ParOldGen: 2783883K->2784238K(2784256K)] 3247755K->3214774K(3712000K), [Metaspace: 8293K->8293K(1056768K)], 0.3814630 secs] [Times: user=3.31 sys=0.06, real=0.38 secs] 
2022-10-09T17:15:17.450+0900: 47.826: [Full GC (Ergonomics) [PSYoungGen: 463872K->430918K(927744K)] [ParOldGen: 2784238K->2784080K(2784256K)] 3248110K->3214999K(3712000K), [Metaspace: 8293K->8293K(1056768K)], 0.3914674 secs] [Times: user=3.55 sys=0.01, real=0.39 secs] 
2022-10-09T17:15:17.864+0900: 48.240: [Full GC (Ergonomics) [PSYoungGen: 463872K->429787K(927744K)] [ParOldGen: 2784080K->2783922K(2784256K)] 3247952K->3213709K(3712000K), [Metaspace: 8564K->8564K(1056768K)], 0.3967142 secs] [Times: user=3.53 sys=0.00, real=0.40 secs] 
2022-10-09T17:15:18.279+0900: 48.655: [Full GC (Ergonomics) [PSYoungGen: 463872K->428632K(927744K)] [ParOldGen: 2783922K->2783764K(2784256K)] 3247794K->3212397K(3712000K), [Metaspace: 8764K->8764K(1056768K)], 0.4035636 secs] [Times: user=3.75 sys=0.00, real=0.40 secs] 
2022-10-09T17:15:18.704+0900: 49.080: [Full GC (Ergonomics) [PSYoungGen: 463872K->429108K(927744K)] [ParOldGen: 2783764K->2784116K(2784256K)] 3247636K->3213224K(3712000K), [Metaspace: 8843K->8843K(1056768K)], 0.3914695 secs] [Times: user=3.56 sys=0.02, real=0.39 secs] 
2022-10-09T17:15:19.115+0900: 49.491: [Full GC (Ergonomics) [PSYoungGen: 463872K->434323K(927744K)] [ParOldGen: 2784116K->2783980K(2784256K)] 3247988K->3218303K(3712000K), [Metaspace: 8856K->8856K(1056768K)], 0.3995735 secs] [Times: user=3.59 sys=0.00, real=0.40 secs] 
2022-10-09T17:15:19.535+0900: 49.911: [Full GC (Ergonomics) [PSYoungGen: 463872K->438973K(927744K)] [ParOldGen: 2783980K->2783863K(2784256K)] 3247852K->3222837K(3712000K), [Metaspace: 8858K->8858K(1056768K)], 0.4044448 secs] [Times: user=3.69 sys=0.02, real=0.40 secs] 
2022-10-09T17:15:19.955+0900: 50.332: [Full GC (Ergonomics) [PSYoungGen: 463872K->443181K(927744K)] [ParOldGen: 2783863K->2783767K(2784256K)] 3247735K->3226949K(3712000K), [Metaspace: 8858K->8858K(1056768K)], 0.3863742 secs] [Times: user=3.55 sys=0.03, real=0.39 secs] 
2022-10-09T17:15:20.355+0900: 50.731: [Full GC (Ergonomics) [PSYoungGen: 463872K->441981K(927744K)] [ParOldGen: 2783767K->2784180K(2784256K)] 3247639K->3226161K(3712000K), [Metaspace: 8972K->8972K(1056768K)], 0.3777980 secs] [Times: user=2.99 sys=0.05, real=0.38 secs] 
2022-10-09T17:15:20.747+0900: 51.123: [Full GC (Ergonomics) [PSYoungGen: 463872K->442978K(927744K)] [ParOldGen: 2784180K->2784084K(2784256K)] 3248052K->3227062K(3712000K), [Metaspace: 9038K->9038K(1058816K)], 0.3822971 secs] [Times: user=3.39 sys=0.08, real=0.38 secs] 
2022-10-09T17:15:21.143+0900: 51.519: [Full GC (Ergonomics) [PSYoungGen: 463872K->439003K(927744K)] [ParOldGen: 2784084K->2783967K(2784256K)] 3247956K->3222971K(3712000K), [Metaspace: 9054K->9054K(1058816K)], 0.3804190 secs] [Times: user=3.53 sys=0.03, real=0.38 secs] 
2022-10-09T17:15:21.539+0900: 51.915: [Full GC (Ergonomics) [PSYoungGen: 463872K->439107K(927744K)] [ParOldGen: 2783967K->2783851K(2784256K)] 3247839K->3222959K(3712000K), [Metaspace: 9054K->9054K(1058816K)], 0.3858774 secs] [Times: user=3.06 sys=0.08, real=0.39 secs] 
2022-10-09T17:15:21.940+0900: 52.316: [Full GC (Ergonomics) [PSYoungGen: 463872K->438633K(927744K)] [ParOldGen: 2783851K->2784244K(2784256K)] 3247723K->3222878K(3712000K), [Metaspace: 9054K->9054K(1058816K)], 0.3804926 secs] [Times: user=3.20 sys=0.11, real=0.38 secs] 
2022-10-09T17:15:22.335+0900: 52.711: [Full GC (Ergonomics) [PSYoungGen: 463872K->438996K(927744K)] [ParOldGen: 2784244K->2784128K(2784256K)] 3248116K->3223124K(3712000K), [Metaspace: 9078K->9078K(1058816K)], 0.3805589 secs] [Times: user=3.58 sys=0.08, real=0.38 secs] 
2022-10-09T17:15:22.731+0900: 53.107: [Full GC (Ergonomics) [PSYoungGen: 463872K->435165K(927744K)] [ParOldGen: 2784128K->2783992K(2784256K)] 3248000K->3219157K(3712000K), [Metaspace: 9078K->9078K(1058816K)], 0.3788853 secs] [Times: user=3.31 sys=0.08, real=0.38 secs] 
2022-10-09T17:15:23.127+0900: 53.503: [Full GC (Ergonomics) [PSYoungGen: 463872K->435149K(927744K)] [ParOldGen: 2783992K->2783855K(2784256K)] 3247864K->3219004K(3712000K), [Metaspace: 9078K->9078K(1058816K)], 0.3714409 secs] [Times: user=3.14 sys=0.00, real=0.37 secs] 
2022-10-09T17:15:23.517+0900: 53.893: [Full GC (Ergonomics) [PSYoungGen: 463872K->430340K(927744K)] [ParOldGen: 2783855K->2784208K(2784256K)] 3247727K->3214549K(3712000K), [Metaspace: 9093K->9093K(1058816K)], 0.3816225 secs] [Times: user=3.44 sys=0.08, real=0.38 secs] 
2022-10-09T17:15:23.920+0900: 54.296: [Full GC (Ergonomics) [PSYoungGen: 463872K->430923K(927744K)] [ParOldGen: 2784208K->2784051K(2784256K)] 3248080K->3214974K(3712000K), [Metaspace: 9093K->9093K(1058816K)], 0.3852484 secs] [Times: user=3.34 sys=0.06, real=0.38 secs] 
2022-10-09T17:15:24.325+0900: 54.701: [Full GC (Ergonomics) [PSYoungGen: 463872K->430925K(927744K)] [ParOldGen: 2784051K->2783894K(2784256K)] 3247923K->3214819K(3712000K), [Metaspace: 9101K->9101K(1058816K)], 0.3847032 secs] [Times: user=3.44 sys=0.03, real=0.38 secs] 
2022-10-09T17:15:24.731+0900: 55.107: [Full GC (Ergonomics) [PSYoungGen: 463872K->429452K(927744K)] [ParOldGen: 2783894K->2784246K(2784256K)] 3247766K->3213698K(3712000K), [Metaspace: 9109K->9109K(1058816K)], 0.3944838 secs] [Times: user=3.89 sys=0.00, real=0.39 secs] 
2022-10-09T17:15:25.147+0900: 55.523: [Full GC (Ergonomics) [PSYoungGen: 463872K->430436K(927744K)] [ParOldGen: 2784246K->2784088K(2784256K)] 3248118K->3214525K(3712000K), [Metaspace: 9120K->9120K(1058816K)], 0.3967602 secs] [Times: user=3.70 sys=0.02, real=0.40 secs] 
2022-10-09T17:15:25.566+0900: 55.942: [Full GC (Ergonomics) [PSYoungGen: 463872K->430914K(927744K)] [ParOldGen: 2784088K->2783928K(2784256K)] 3247960K->3214842K(3712000K), [Metaspace: 9120K->9120K(1058816K)], 0.3890054 secs] [Times: user=3.47 sys=0.05, real=0.39 secs] 
2022-10-09T17:15:25.975+0900: 56.351: [Full GC (Ergonomics) [PSYoungGen: 463872K->434833K(927744K)] [ParOldGen: 2783928K->2783791K(2784256K)] 3247800K->3218625K(3712000K), [Metaspace: 9120K->9120K(1058816K)], 0.4029998 secs] [Times: user=3.63 sys=0.01, real=0.40 secs] 
2022-10-09T17:15:26.395+0900: 56.771: [Full GC (Ergonomics) [PSYoungGen: 463872K->438462K(927744K)] [ParOldGen: 2783791K->2784186K(2784256K)] 3247663K->3222649K(3712000K), [Metaspace: 9123K->9123K(1058816K)], 0.3926396 secs] [Times: user=3.36 sys=0.02, real=0.39 secs] 
2022-10-09T17:15:26.805+0900: 57.181: [Full GC (Ergonomics) [PSYoungGen: 463872K->439134K(927744K)] [ParOldGen: 2784186K->2784069K(2784256K)] 3248058K->3223204K(3712000K), [Metaspace: 9125K->9125K(1058816K)], 0.3924079 secs] [Times: user=3.49 sys=0.01, real=0.39 secs] 
2022-10-09T17:15:27.213+0900: 57.589: [Full GC (Ergonomics) [PSYoungGen: 463872K->438973K(927744K)] [ParOldGen: 2784069K->2783949K(2784256K)] 3247941K->3222923K(3712000K), [Metaspace: 9127K->9127K(1058816K)], 0.3926159 secs] [Times: user=3.34 sys=0.05, real=0.39 secs] 
2022-10-09T17:15:27.621+0900: 57.997: [Full GC (Ergonomics) [PSYoungGen: 463872K->435058K(927744K)] [ParOldGen: 2783949K->2783813K(2784256K)] 3247821K->3218871K(3712000K), [Metaspace: 9127K->9127K(1058816K)], 0.3934724 secs] [Times: user=3.72 sys=0.00, real=0.39 secs] 
2022-10-09T17:15:28.033+0900: 58.409: [Full GC (Ergonomics) [PSYoungGen: 463872K->430511K(927744K)] [ParOldGen: 2783813K->2784167K(2784256K)] 3247685K->3214679K(3712000K), [Metaspace: 9130K->9130K(1058816K)], 0.3876965 secs] [Times: user=3.63 sys=0.00, real=0.39 secs] 
2022-10-09T17:15:28.441+0900: 58.817: [Full GC (Ergonomics) [PSYoungGen: 463872K->430717K(927744K)] [ParOldGen: 2784167K->2784011K(2784256K)] 3248039K->3214728K(3712000K), [Metaspace: 9147K->9147K(1058816K)], 0.3896920 secs] [Times: user=3.73 sys=0.00, real=0.39 secs] 
2022-10-09T17:15:28.852+0900: 59.228: [Full GC (Ergonomics) [PSYoungGen: 463872K->430870K(927744K)] [ParOldGen: 2784011K->2783854K(2784256K)] 3247883K->3214724K(3712000K), [Metaspace: 9149K->9149K(1058816K)], 0.3857068 secs] [Times: user=3.52 sys=0.02, real=0.39 secs] 
2022-10-09T17:15:29.260+0900: 59.636: [Full GC (Ergonomics) [PSYoungGen: 463872K->430394K(927744K)] [ParOldGen: 2783854K->2784209K(2784256K)] 3247726K->3214604K(3712000K), [Metaspace: 9152K->9152K(1058816K)], 0.4006654 secs] [Times: user=3.70 sys=0.00, real=0.40 secs] 
2022-10-09T17:15:29.681+0900: 60.058: [Full GC (Ergonomics) [PSYoungGen: 463872K->431061K(927744K)] [ParOldGen: 2784209K->2784053K(2784256K)] 3248081K->3215114K(3712000K), [Metaspace: 9152K->9152K(1058816K)], 0.4018580 secs] [Times: user=3.66 sys=0.00, real=0.40 secs] 
2022-10-09T17:15:30.105+0900: 60.481: [Full GC (Ergonomics) [PSYoungGen: 463872K->430895K(927744K)] [ParOldGen: 2784053K->2783893K(2784256K)] 3247925K->3214789K(3712000K), [Metaspace: 9156K->9156K(1058816K)], 0.3845314 secs] [Times: user=3.59 sys=0.00, real=0.38 secs] 
2022-10-09T17:15:30.510+0900: 60.886: [Full GC (Ergonomics) [PSYoungGen: 463872K->430295K(927744K)] [ParOldGen: 2783893K->2784246K(2784256K)] 3247765K->3214541K(3712000K), [Metaspace: 9167K->9167K(1058816K)], 0.3957755 secs] [Times: user=3.61 sys=0.03, real=0.40 secs] 
2022-10-09T17:15:30.926+0900: 61.303: [Full GC (Ergonomics) [PSYoungGen: 463872K->430974K(927744K)] [ParOldGen: 2784246K->2784089K(2784256K)] 3248118K->3215063K(3712000K), [Metaspace: 9171K->9171K(1058816K)], 0.3923503 secs] [Times: user=3.84 sys=0.01, real=0.39 secs] 
2022-10-09T17:15:31.339+0900: 61.715: [Full GC (Ergonomics) [PSYoungGen: 463872K->430898K(927744K)] [ParOldGen: 2784089K->2783932K(2784256K)] 3247961K->3214831K(3712000K), [Metaspace: 9182K->9182K(1058816K)], 0.4004956 secs] [Times: user=3.52 sys=0.00, real=0.40 secs] 
2022-10-09T17:15:31.760+0900: 62.136: [Full GC (Ergonomics) [PSYoungGen: 463872K->431063K(927744K)] [ParOldGen: 2783932K->2783776K(2784256K)] 3247804K->3214839K(3712000K), [Metaspace: 9182K->9182K(1058816K)], 0.3983222 secs] [Times: user=3.59 sys=0.00, real=0.40 secs] 
2022-10-09T17:15:32.180+0900: 62.556: [Full GC (Ergonomics) [PSYoungGen: 463872K->430457K(927744K)] [ParOldGen: 2783776K->2784130K(2784256K)] 3247648K->3214588K(3712000K), [Metaspace: 9189K->9189K(1058816K)], 0.3918410 secs] [Times: user=3.69 sys=0.00, real=0.39 secs] 
2022-10-09T17:15:32.592+0900: 62.968: [Full GC (Ergonomics) [PSYoungGen: 463872K->430904K(927744K)] [ParOldGen: 2784130K->2783974K(2784256K)] 3248002K->3214878K(3712000K), [Metaspace: 9194K->9194K(1058816K)], 0.3942848 secs] [Times: user=3.72 sys=0.00, real=0.39 secs] 
2022-10-09T17:15:33.007+0900: 63.383: [Full GC (Ergonomics) [PSYoungGen: 463872K->430864K(927744K)] [ParOldGen: 2783974K->2783817K(2784256K)] 3247846K->3214681K(3712000K), [Metaspace: 9204K->9204K(1058816K)], 0.3912868 secs] [Times: user=3.89 sys=0.00, real=0.39 secs] 
2022-10-09T17:15:33.417+0900: 63.793: [Full GC (Ergonomics) [PSYoungGen: 463872K->430289K(927744K)] [ParOldGen: 2783817K->2784170K(2784256K)] 3247689K->3214460K(3712000K), [Metaspace: 9220K->9220K(1058816K)], 0.3855042 secs] [Times: user=3.72 sys=0.00, real=0.38 secs] 
2022-10-09T17:15:33.823+0900: 64.200: [Full GC (Ergonomics) [PSYoungGen: 463872K->430982K(927744K)] [ParOldGen: 2784170K->2784011K(2784256K)] 3248042K->3214994K(3712000K), [Metaspace: 9222K->9222K(1058816K)], 0.4068445 secs] [Times: user=3.88 sys=0.00, real=0.41 secs] 
2022-10-09T17:15:34.253+0900: 64.629: [Full GC (Ergonomics) [PSYoungGen: 463872K->430839K(927744K)] [ParOldGen: 2784011K->2783855K(2784256K)] 3247883K->3214694K(3712000K), [Metaspace: 9227K->9227K(1058816K)], 0.3858723 secs] [Times: user=3.67 sys=0.00, real=0.39 secs] 
2022-10-09T17:15:34.659+0900: 65.035: [Full GC (Ergonomics) [PSYoungGen: 463872K->430413K(927744K)] [ParOldGen: 2783855K->2784208K(2784256K)] 3247727K->3214622K(3712000K), [Metaspace: 9227K->9227K(1058816K)], 0.3880223 secs] [Times: user=3.76 sys=0.00, real=0.39 secs] 
2022-10-09T17:15:35.067+0900: 65.443: [Full GC (Ergonomics) [PSYoungGen: 463872K->430903K(927744K)] [ParOldGen: 2784208K->2784051K(2784256K)] 3248080K->3214955K(3712000K), [Metaspace: 9228K->9228K(1058816K)], 0.3882589 secs] [Times: user=3.72 sys=0.02, real=0.39 secs] 
2022-10-09T17:15:35.476+0900: 65.852: [Full GC (Ergonomics) [PSYoungGen: 463872K->430842K(927744K)] [ParOldGen: 2784051K->2783892K(2784256K)] 3247923K->3214734K(3712000K), [Metaspace: 9238K->9238K(1058816K)], 0.3843658 secs] [Times: user=3.77 sys=0.00, real=0.38 secs] 
2022-10-09T17:15:35.882+0900: 66.259: [Full GC (Ergonomics) [PSYoungGen: 463872K->430371K(927744K)] [ParOldGen: 2783892K->2784246K(2784256K)] 3247764K->3214617K(3712000K), [Metaspace: 9238K->9238K(1058816K)], 0.4129317 secs] [Times: user=3.92 sys=0.00, real=0.41 secs] 
2022-10-09T17:15:36.316+0900: 66.692: [Full GC (Ergonomics) [PSYoungGen: 463872K->430809K(927744K)] [ParOldGen: 2784246K->2784089K(2784256K)] 3248118K->3214898K(3712000K), [Metaspace: 9248K->9248K(1058816K)], 0.3924501 secs] [Times: user=3.77 sys=0.00, real=0.39 secs] 
2022-10-09T17:15:36.730+0900: 67.106: [Full GC (Ergonomics) [PSYoungGen: 463872K->431025K(927744K)] [ParOldGen: 2784089K->2783929K(2784256K)] 3247961K->3214955K(3712000K), [Metaspace: 9248K->9248K(1058816K)], 0.3976078 secs] [Times: user=3.75 sys=0.00, real=0.40 secs] 
2022-10-09T17:15:37.149+0900: 67.525: [Full GC (Ergonomics) [PSYoungGen: 463872K->430997K(927744K)] [ParOldGen: 2783929K->2783773K(2784256K)] 3247801K->3214770K(3712000K), [Metaspace: 9248K->9248K(1058816K)], 0.3891744 secs] [Times: user=3.72 sys=0.00, real=0.39 secs] 
2022-10-09T17:15:37.557+0900: 67.933: [Full GC (Ergonomics) [PSYoungGen: 463872K->430272K(927744K)] [ParOldGen: 2783773K->2784128K(2784256K)] 3247645K->3214401K(3712000K), [Metaspace: 9255K->9255K(1058816K)], 0.3868854 secs] [Times: user=3.72 sys=0.00, real=0.39 secs] 
2022-10-09T17:15:37.963+0900: 68.339: [Full GC (Ergonomics) [PSYoungGen: 463872K->430991K(927744K)] [ParOldGen: 2784128K->2783968K(2784256K)] 3248000K->3214960K(3712000K), [Metaspace: 9260K->9260K(1058816K)], 0.3880052 secs] [Times: user=3.69 sys=0.00, real=0.39 secs] 
2022-10-09T17:15:38.370+0900: 68.746: [Full GC (Ergonomics) [PSYoungGen: 463872K->430855K(927744K)] [ParOldGen: 2783968K->2783812K(2784256K)] 3247840K->3214667K(3712000K), [Metaspace: 9261K->9261K(1058816K)], 0.4012369 secs] [Times: user=3.55 sys=0.02, real=0.40 secs] 
2022-10-09T17:15:38.792+0900: 69.168: [Full GC (Ergonomics) [PSYoungGen: 463872K->430414K(927744K)] [ParOldGen: 2783812K->2784164K(2784256K)] 3247684K->3214578K(3712000K), [Metaspace: 9261K->9261K(1058816K)], 0.3909205 secs] [Times: user=3.67 sys=0.03, real=0.39 secs] 
2022-10-09T17:15:39.204+0900: 69.580: [Full GC (Ergonomics) [PSYoungGen: 463872K->430907K(927744K)] [ParOldGen: 2784164K->2784008K(2784256K)] 3248036K->3214916K(3712000K), [Metaspace: 9261K->9261K(1058816K)], 0.3888294 secs] [Times: user=3.50 sys=0.01, real=0.39 secs] 
2022-10-09T17:15:39.615+0900: 69.991: [Full GC (Ergonomics) [PSYoungGen: 463872K->430874K(927744K)] [ParOldGen: 2784008K->2783848K(2784256K)] 3247880K->3214723K(3712000K), [Metaspace: 9264K->9264K(1058816K)], 0.3843137 secs] [Times: user=3.61 sys=0.00, real=0.38 secs] 
2022-10-09T17:15:40.022+0900: 70.398: [Full GC (Ergonomics) [PSYoungGen: 463872K->430360K(927744K)] [ParOldGen: 2783848K->2784202K(2784256K)] 3247720K->3214562K(3712000K), [Metaspace: 9264K->9264K(1058816K)], 0.3889043 secs] [Times: user=3.69 sys=0.00, real=0.39 secs] 
2022-10-09T17:15:40.432+0900: 70.808: [Full GC (Ergonomics) [PSYoungGen: 463872K->430806K(927744K)] [ParOldGen: 2784202K->2784045K(2784256K)] 3248074K->3214852K(3712000K), [Metaspace: 9268K->9268K(1058816K)], 0.3993577 secs] [Times: user=3.73 sys=0.00, real=0.40 secs] 
2022-10-09T17:15:40.852+0900: 71.229: [Full GC (Ergonomics) [PSYoungGen: 463872K->431023K(927744K)] [ParOldGen: 2784045K->2783888K(2784256K)] 3247917K->3214912K(3712000K), [Metaspace: 9268K->9268K(1058816K)], 0.3970440 secs] [Times: user=3.75 sys=0.00, real=0.40 secs] 
2022-10-09T17:15:41.269+0900: 71.645: [Full GC (Ergonomics) [PSYoungGen: 463872K->430485K(927744K)] [ParOldGen: 2783888K->2784242K(2784256K)] 3247760K->3214727K(3712000K), [Metaspace: 9269K->9269K(1058816K)], 0.3870853 secs] [Times: user=3.56 sys=0.01, real=0.39 secs] 
2022-10-09T17:15:41.676+0900: 72.053: [Full GC (Ergonomics) [PSYoungGen: 463872K->430778K(927744K)] [ParOldGen: 2784242K->2784085K(2784256K)] 3248114K->3214864K(3712000K), [Metaspace: 9269K->9269K(1058816K)], 0.3956244 secs] [Times: user=3.56 sys=0.02, real=0.40 secs] 
2022-10-09T17:15:42.093+0900: 72.469: [Full GC (Ergonomics) [PSYoungGen: 463872K->431023K(927744K)] [ParOldGen: 2784085K->2783929K(2784256K)] 3247957K->3214952K(3712000K), [Metaspace: 9270K->9270K(1058816K)], 0.3778219 secs] [Times: user=3.36 sys=0.03, real=0.38 secs] 
2022-10-09T17:15:42.492+0900: 72.868: [Full GC (Ergonomics) [PSYoungGen: 463872K->430903K(927744K)] [ParOldGen: 2783929K->2783772K(2784256K)] 3247801K->3214675K(3712000K), [Metaspace: 9270K->9270K(1058816K)], 0.3916553 secs] [Times: user=3.58 sys=0.00, real=0.39 secs] 
2022-10-09T17:15:42.907+0900: 73.283: [Full GC (Ergonomics) [PSYoungGen: 463872K->430409K(927744K)] [ParOldGen: 2783772K->2784125K(2784256K)] 3247644K->3214535K(3712000K), [Metaspace: 9270K->9270K(1058816K)], 0.3878074 secs] [Times: user=3.55 sys=0.00, real=0.39 secs] 
2022-10-09T17:15:43.313+0900: 73.690: [Full GC (Ergonomics) [PSYoungGen: 463872K->430974K(927744K)] [ParOldGen: 2784125K->2783966K(2784256K)] 3247997K->3214940K(3712000K), [Metaspace: 9270K->9270K(1058816K)], 0.3861577 secs] [Times: user=3.73 sys=0.00, real=0.39 secs] 
2022-10-09T17:15:43.718+0900: 74.094: [Full GC (Ergonomics) [PSYoungGen: 463872K->430879K(927744K)] [ParOldGen: 2783966K->2783805K(2784256K)] 3247838K->3214684K(3712000K), [Metaspace: 9274K->9274K(1058816K)], 0.3981580 secs] [Times: user=3.81 sys=0.00, real=0.40 secs] 
2022-10-09T17:15:44.136+0900: 74.513: [Full GC (Ergonomics) [PSYoungGen: 463872K->430381K(927744K)] [ParOldGen: 2783805K->2784159K(2784256K)] 3247677K->3214540K(3712000K), [Metaspace: 9274K->9274K(1058816K)], 0.4021048 secs] [Times: user=3.80 sys=0.02, real=0.40 secs] 
2022-10-09T17:15:44.559+0900: 74.935: [Full GC (Ergonomics) [PSYoungGen: 463872K->430826K(927744K)] [ParOldGen: 2784159K->2784002K(2784256K)] 3248031K->3214829K(3712000K), [Metaspace: 9274K->9274K(1058816K)], 0.3990815 secs] [Times: user=3.72 sys=0.02, real=0.40 secs] 
2022-10-09T17:15:44.980+0900: 75.356: [Full GC (Ergonomics) [PSYoungGen: 463872K->431003K(927744K)] [ParOldGen: 2784002K->2783846K(2784256K)] 3247874K->3214849K(3712000K), [Metaspace: 9274K->9274K(1058816K)], 0.3820981 secs] [Times: user=3.36 sys=0.03, real=0.38 secs] 
2022-10-09T17:15:45.381+0900: 75.757: [Full GC (Ergonomics) [PSYoungGen: 463872K->430402K(927744K)] [ParOldGen: 2783846K->2784199K(2784256K)] 3247718K->3214602K(3712000K), [Metaspace: 9288K->9288K(1058816K)], 0.3923297 secs] [Times: user=3.63 sys=0.00, real=0.39 secs] 
2022-10-09T17:15:45.793+0900: 76.169: [Full GC (Ergonomics) [PSYoungGen: 463872K->430944K(927744K)] [ParOldGen: 2784199K->2784039K(2784256K)] 3248071K->3214983K(3712000K), [Metaspace: 9288K->9288K(1058816K)], 0.3892097 secs] [Times: user=3.70 sys=0.00, real=0.39 secs] 
2022-10-09T17:15:46.203+0900: 76.579: [Full GC (Ergonomics) [PSYoungGen: 463872K->435060K(927744K)] [ParOldGen: 2784039K->2783902K(2784256K)] 3247911K->3218963K(3712000K), [Metaspace: 9288K->9288K(1058816K)], 0.3882809 secs] [Times: user=3.51 sys=0.00, real=0.39 secs] 
2022-10-09T17:15:46.611+0900: 76.988: [Full GC (Ergonomics) [PSYoungGen: 463872K->435040K(927744K)] [ParOldGen: 2783902K->2783765K(2784256K)] 3247774K->3218806K(3712000K), [Metaspace: 9295K->9295K(1058816K)], 0.4029784 secs] [Times: user=3.64 sys=0.00, real=0.40 secs] 
2022-10-09T17:15:47.033+0900: 77.409: [Full GC (Ergonomics) [PSYoungGen: 463872K->434534K(927744K)] [ParOldGen: 2783765K->2784139K(2784256K)] 3247637K->3218673K(3712000K), [Metaspace: 9296K->9296K(1058816K)], 0.3927478 secs] [Times: user=3.50 sys=0.00, real=0.39 secs] 
2022-10-09T17:15:47.444+0900: 77.820: [Full GC (Ergonomics) [PSYoungGen: 463872K->434904K(927744K)] [ParOldGen: 2784139K->2784002K(2784256K)] 3248011K->3218906K(3712000K), [Metaspace: 9304K->9304K(1058816K)], 0.3869998 secs] [Times: user=3.70 sys=0.02, real=0.39 secs] 
2022-10-09T17:15:47.848+0900: 78.224: [Full GC (Ergonomics) [PSYoungGen: 463872K->431028K(927744K)] [ParOldGen: 2784002K->2783846K(2784256K)] 3247874K->3214875K(3712000K), [Metaspace: 9304K->9304K(1058816K)], 0.3926581 secs] [Times: user=3.84 sys=0.00, real=0.39 secs] 
2022-10-09T17:15:48.262+0900: 78.638: [Full GC (Ergonomics) [PSYoungGen: 463872K->430454K(927744K)] [ParOldGen: 2783846K->2784199K(2784256K)] 3247718K->3214654K(3712000K), [Metaspace: 9306K->9306K(1058816K)], 0.3834352 secs] [Times: user=3.52 sys=0.00, real=0.38 secs] 
2022-10-09T17:15:48.666+0900: 79.042: [Full GC (Ergonomics) [PSYoungGen: 463872K->430769K(927744K)] [ParOldGen: 2784199K->2784025K(2784256K)] 3248071K->3214795K(3712000K), [Metaspace: 9316K->9316K(1058816K)], 0.3928603 secs] [Times: user=3.67 sys=0.00, real=0.39 secs] 
2022-10-09T17:15:49.080+0900: 79.456: [Full GC (Ergonomics) [PSYoungGen: 463872K->431021K(927744K)] [ParOldGen: 2784025K->2783866K(2784256K)] 3247897K->3214887K(3712000K), [Metaspace: 9317K->9317K(1058816K)], 0.3934212 secs] [Times: user=3.45 sys=0.00, real=0.39 secs] 
2022-10-09T17:15:49.494+0900: 79.871: [Full GC (Ergonomics) [PSYoungGen: 463872K->430318K(927744K)] [ParOldGen: 2783866K->2784219K(2784256K)] 3247738K->3214538K(3712000K), [Metaspace: 9317K->9317K(1058816K)], 0.4042391 secs] [Times: user=3.80 sys=0.00, real=0.40 secs] 
2022-10-09T17:15:49.918+0900: 80.294: [Full GC (Ergonomics) [PSYoungGen: 463872K->430969K(927744K)] [ParOldGen: 2784219K->2784063K(2784256K)] 3248091K->3215032K(3712000K), [Metaspace: 9317K->9317K(1058816K)], 0.3958914 secs] [Times: user=3.55 sys=0.02, real=0.40 secs] 
2022-10-09T17:15:50.334+0900: 80.710: [Full GC (Ergonomics) [PSYoungGen: 463869K->430929K(927744K)] [ParOldGen: 2784063K->2783906K(2784256K)] 3247933K->3214836K(3712000K), [Metaspace: 9319K->9319K(1058816K)], 0.3927535 secs] [Times: user=3.78 sys=0.02, real=0.39 secs] 
2022-10-09T17:15:50.746+0900: 81.122: [Full GC (Ergonomics) [PSYoungGen: 463872K->434891K(927744K)] [ParOldGen: 2783906K->2783767K(2784256K)] 3247778K->3218659K(3712000K), [Metaspace: 9319K->9319K(1058816K)], 0.3900376 secs] [Times: user=3.47 sys=0.00, real=0.39 secs] 
2022-10-09T17:15:51.156+0900: 81.532: [Full GC (Ergonomics) [PSYoungGen: 463872K->434522K(927744K)] [ParOldGen: 2783767K->2784141K(2784256K)] 3247639K->3218663K(3712000K), [Metaspace: 9320K->9320K(1058816K)], 0.3923028 secs] [Times: user=3.69 sys=0.00, real=0.39 secs] 
2022-10-09T17:15:51.565+0900: 81.941: [Full GC (Ergonomics) [PSYoungGen: 463872K->434871K(927744K)] [ParOldGen: 2784141K->2784004K(2784256K)] 3248013K->3218875K(3712000K), [Metaspace: 9321K->9321K(1058816K)], 0.3847790 secs] [Times: user=3.58 sys=0.00, real=0.38 secs] 
2022-10-09T17:15:51.968+0900: 82.344: [Full GC (Ergonomics) [PSYoungGen: 463872K->439091K(927744K)] [ParOldGen: 2784004K->2783888K(2784256K)] 3247876K->3222980K(3712000K), [Metaspace: 9321K->9321K(1058816K)], 0.3987518 secs] [Times: user=3.91 sys=0.00, real=0.40 secs] 
2022-10-09T17:15:52.384+0900: 82.760: [Full GC (Ergonomics) [PSYoungGen: 463872K->439087K(927744K)] [ParOldGen: 2783888K->2783771K(2784256K)] 3247760K->3222859K(3712000K), [Metaspace: 9321K->9321K(1058816K)], 0.3927799 secs] [Times: user=3.44 sys=0.00, real=0.39 secs] 
2022-10-09T17:15:52.793+0900: 83.169: [Full GC (Ergonomics) [PSYoungGen: 463872K->438521K(927744K)] [ParOldGen: 2783771K->2784165K(2784256K)] 3247643K->3222686K(3712000K), [Metaspace: 9327K->9327K(1058816K)], 0.3889488 secs] [Times: user=3.72 sys=0.00, real=0.39 secs] 
2022-10-09T17:15:53.197+0900: 83.573: [Full GC (Ergonomics) [PSYoungGen: 463872K->439152K(927744K)] [ParOldGen: 2784165K->2784044K(2784256K)] 3248037K->3223196K(3712000K), [Metaspace: 9331K->9331K(1058816K)], 0.3866760 secs] [Times: user=3.64 sys=0.00, real=0.39 secs] 
2022-10-09T17:15:53.601+0900: 83.977: [Full GC (Ergonomics) [PSYoungGen: 463872K->439011K(927744K)] [ParOldGen: 2784044K->2783928K(2784256K)] 3247916K->3222939K(3712000K), [Metaspace: 9334K->9334K(1058816K)], 0.3933462 secs] [Times: user=3.86 sys=0.00, real=0.39 secs] 
2022-10-09T17:15:54.009+0900: 84.385: [Full GC (Ergonomics) [PSYoungGen: 463872K->435068K(927744K)] [ParOldGen: 2783928K->2783791K(2784256K)] 3247800K->3218859K(3712000K), [Metaspace: 9334K->9334K(1058816K)], 0.3917558 secs] [Times: user=3.75 sys=0.00, real=0.39 secs] 
2022-10-09T17:15:54.419+0900: 84.795: [Full GC (Ergonomics) [PSYoungGen: 463872K->434634K(927744K)] [ParOldGen: 2783791K->2784165K(2784256K)] 3247663K->3218799K(3712000K), [Metaspace: 9334K->9334K(1058816K)], 0.3936437 secs] [Times: user=3.74 sys=0.00, real=0.39 secs] 
2022-10-09T17:15:54.829+0900: 85.205: [Full GC (Ergonomics) [PSYoungGen: 463872K->435042K(927744K)] [ParOldGen: 2784165K->2784026K(2784256K)] 3248037K->3219068K(3712000K), [Metaspace: 9338K->9338K(1058816K)], 0.3901239 secs] [Times: user=3.66 sys=0.00, real=0.39 secs] 
2022-10-09T17:15:55.239+0900: 85.615: [Full GC (Ergonomics) [PSYoungGen: 463872K->430950K(927744K)] [ParOldGen: 2784026K->2783865K(2784256K)] 3247898K->3214816K(3712000K), [Metaspace: 9338K->9338K(1058816K)], 0.3854568 secs] [Times: user=3.70 sys=0.00, real=0.38 secs] 
2022-10-09T17:15:55.645+0900: 86.021: [Full GC (Ergonomics) [PSYoungGen: 463872K->430272K(927744K)] [ParOldGen: 2783865K->2784219K(2784256K)] 3247737K->3214491K(3712000K), [Metaspace: 9346K->9346K(1058816K)], 0.4032943 secs] [Times: user=3.69 sys=0.00, real=0.40 secs] 
2022-10-09T17:15:56.071+0900: 86.447: [Full GC (Ergonomics) [PSYoungGen: 463872K->431018K(927744K)] [ParOldGen: 2784219K->2784062K(2784256K)] 3248091K->3215081K(3712000K), [Metaspace: 9346K->9346K(1058816K)], 0.3757819 secs] [Times: user=3.28 sys=0.00, real=0.38 secs] 
2022-10-09T17:15:56.469+0900: 86.845: [Full GC (Ergonomics) [PSYoungGen: 463872K->434849K(927744K)] [ParOldGen: 2784062K->2783922K(2784256K)] 3247934K->3218771K(3712000K), [Metaspace: 9349K->9349K(1058816K)], 0.3885492 secs] [Times: user=3.52 sys=0.00, real=0.39 secs] 
2022-10-09T17:15:56.874+0900: 87.251: [Full GC (Ergonomics) [PSYoungGen: 463872K->435050K(927744K)] [ParOldGen: 2783922K->2783782K(2784256K)] 3247794K->3218832K(3712000K), [Metaspace: 9349K->9349K(1058816K)], 0.4035748 secs] [Times: user=3.80 sys=0.00, real=0.40 secs] 
2022-10-09T17:15:57.295+0900: 87.671: [Full GC (Ergonomics) [PSYoungGen: 463872K->438700K(927744K)] [ParOldGen: 2783782K->2784175K(2784256K)] 3247654K->3222875K(3712000K), [Metaspace: 9350K->9350K(1058816K)], 0.3858026 secs] [Times: user=3.73 sys=0.00, real=0.39 secs] 
2022-10-09T17:15:57.695+0900: 88.071: [Full GC (Ergonomics) [PSYoungGen: 463872K->439142K(927744K)] [ParOldGen: 2784175K->2784059K(2784256K)] 3248047K->3223201K(3712000K), [Metaspace: 9351K->9351K(1058816K)], 0.3918079 secs] [Times: user=3.47 sys=0.03, real=0.39 secs] 
2022-10-09T17:15:58.102+0900: 88.478: [Full GC (Ergonomics) [PSYoungGen: 463872K->435066K(927744K)] [ParOldGen: 2784059K->2783922K(2784256K)] 3247931K->3218988K(3712000K), [Metaspace: 9352K->9352K(1058816K)], 0.3848369 secs] [Times: user=3.42 sys=0.00, real=0.38 secs] 
2022-10-09T17:15:58.505+0900: 88.881: [Full GC (Ergonomics) [PSYoungGen: 463872K->435009K(927744K)] [ParOldGen: 2783922K->2783786K(2784256K)] 3247794K->3218796K(3712000K), [Metaspace: 9360K->9360K(1058816K)], 0.3905163 secs] [Times: user=3.72 sys=0.02, real=0.39 secs] 
2022-10-09T17:15:58.912+0900: 89.288: [Full GC (Ergonomics) [PSYoungGen: 463871K->430548K(927744K)] [ParOldGen: 2783786K->2784139K(2784256K)] 3247657K->3214688K(3712000K), [Metaspace: 9360K->9360K(1058816K)], 0.4009674 secs] [Times: user=3.66 sys=0.00, real=0.40 secs] 
2022-10-09T17:15:59.333+0900: 89.709: [Full GC (Ergonomics) [PSYoungGen: 463872K->430967K(927744K)] [ParOldGen: 2784139K->2783982K(2784256K)] 3248011K->3214949K(3712000K), [Metaspace: 9378K->9378K(1058816K)], 0.3990651 secs] [Times: user=3.81 sys=0.00, real=0.40 secs] 
2022-10-09T17:15:59.752+0900: 90.129: [Full GC (Ergonomics) [PSYoungGen: 463872K->430854K(927744K)] [ParOldGen: 2783982K->2783826K(2784256K)] 3247854K->3214680K(3712000K), [Metaspace: 9383K->9383K(1058816K)], 0.4026679 secs] [Times: user=3.53 sys=0.01, real=0.40 secs] 
2022-10-09T17:16:00.176+0900: 90.552: [Full GC (Ergonomics) [PSYoungGen: 463872K->434553K(927744K)] [ParOldGen: 2783826K->2784199K(2784256K)] 3247698K->3218752K(3712000K), [Metaspace: 9384K->9384K(1058816K)], 0.3919511 secs] [Times: user=3.67 sys=0.00, real=0.39 secs] 
2022-10-09T17:16:00.585+0900: 90.961: [Full GC (Ergonomics) [PSYoungGen: 463872K->435027K(927744K)] [ParOldGen: 2784199K->2784063K(2784256K)] 3248071K->3219090K(3712000K), [Metaspace: 9384K->9384K(1058816K)], 0.3952552 secs] [Times: user=3.88 sys=0.00, real=0.39 secs] 
2022-10-09T17:16:00.997+0900: 91.373: [Full GC (Ergonomics) [PSYoungGen: 463872K->439111K(927744K)] [ParOldGen: 2784063K->2783946K(2784256K)] 3247935K->3223058K(3712000K), [Metaspace: 9384K->9384K(1058816K)], 0.3960997 secs] [Times: user=3.55 sys=0.00, real=0.40 secs] 
2022-10-09T17:16:01.409+0900: 91.785: [Full GC (Ergonomics) [PSYoungGen: 463872K->439195K(927744K)] [ParOldGen: 2783946K->2783830K(2784256K)] 3247818K->3223026K(3712000K), [Metaspace: 9385K->9385K(1058816K)], 0.3921521 secs] [Times: user=3.58 sys=0.02, real=0.39 secs] 
2022-10-09T17:16:01.819+0900: 92.195: [Full GC (Ergonomics) [PSYoungGen: 463872K->434529K(927744K)] [ParOldGen: 2783830K->2784204K(2784256K)] 3247702K->3218733K(3712000K), [Metaspace: 9385K->9385K(1058816K)], 0.3817061 secs] [Times: user=3.64 sys=0.00, real=0.38 secs] 
2022-10-09T17:16:02.217+0900: 92.593: [Full GC (Ergonomics) [PSYoungGen: 463872K->434983K(927744K)] [ParOldGen: 2784204K->2784067K(2784256K)] 3248076K->3219050K(3712000K), [Metaspace: 9385K->9385K(1058816K)], 0.3927474 secs] [Times: user=3.50 sys=0.00, real=0.39 secs] 
2022-10-09T17:16:02.628+0900: 93.004: [Full GC (Ergonomics) [PSYoungGen: 463872K->434902K(927744K)] [ParOldGen: 2784067K->2783931K(2784256K)] 3247939K->3218833K(3712000K), [Metaspace: 9387K->9387K(1058816K)], 0.4007195 secs] [Times: user=3.84 sys=0.00, real=0.40 secs] 
2022-10-09T17:16:03.047+0900: 93.424: [Full GC (Ergonomics) [PSYoungGen: 463872K->435103K(927744K)] [ParOldGen: 2783931K->2783794K(2784256K)] 3247803K->3218898K(3712000K), [Metaspace: 9387K->9387K(1058816K)], 0.4083221 secs] [Times: user=3.73 sys=0.00, real=0.41 secs] 
2022-10-09T17:16:03.474+0900: 93.850: [Full GC (Ergonomics) [PSYoungGen: 463872K->434453K(927744K)] [ParOldGen: 2783794K->2784167K(2784256K)] 3247666K->3218621K(3712000K), [Metaspace: 9388K->9388K(1058816K)], 0.3968033 secs] [Times: user=3.84 sys=0.00, real=0.40 secs] 
2022-10-09T17:16:03.889+0900: 94.265: [Full GC (Ergonomics) [PSYoungGen: 463872K->434983K(927744K)] [ParOldGen: 2784167K->2784031K(2784256K)] 3248039K->3219014K(3712000K), [Metaspace: 9388K->9388K(1058816K)], 0.3929651 secs] [Times: user=3.72 sys=0.00, real=0.39 secs] 
2022-10-09T17:16:04.301+0900: 94.678: [Full GC (Ergonomics) [PSYoungGen: 463872K->430899K(927744K)] [ParOldGen: 2784031K->2783874K(2784256K)] 3247903K->3214774K(3712000K), [Metaspace: 9388K->9388K(1058816K)], 0.4069767 secs] [Times: user=3.67 sys=0.02, real=0.41 secs] 
2022-10-09T17:16:04.730+0900: 95.106: [Full GC (Ergonomics) [PSYoungGen: 463872K->430261K(927744K)] [ParOldGen: 2783874K->2784228K(2784256K)] 3247746K->3214489K(3712000K), [Metaspace: 9388K->9388K(1058816K)], 0.3856993 secs] [Times: user=3.44 sys=0.00, real=0.38 secs] 
2022-10-09T17:16:05.135+0900: 95.511: [Full GC (Ergonomics) [PSYoungGen: 463872K->434994K(927744K)] [ParOldGen: 2784228K->2784088K(2784256K)] 3248100K->3219083K(3712000K), [Metaspace: 9388K->9388K(1058816K)], 0.3894727 secs] [Times: user=3.63 sys=0.03, real=0.39 secs] 
2022-10-09T17:16:05.545+0900: 95.921: [Full GC (Ergonomics) [PSYoungGen: 463872K->439175K(927744K)] [ParOldGen: 2784088K->2783972K(2784256K)] 3247960K->3223147K(3712000K), [Metaspace: 9388K->9388K(1058816K)], 0.3918818 secs] [Times: user=3.55 sys=0.00, real=0.39 secs] 
2022-10-09T17:16:05.952+0900: 96.328: [Full GC (Ergonomics) [PSYoungGen: 463872K->443210K(927744K)] [ParOldGen: 2783972K->2783875K(2784256K)] 3247844K->3227086K(3712000K), [Metaspace: 9388K->9388K(1058816K)], 0.3969984 secs] [Times: user=3.53 sys=0.01, real=0.40 secs] 
2022-10-09T17:16:06.362+0900: 96.738: [Full GC (Ergonomics) [PSYoungGen: 463872K->443339K(927744K)] [ParOldGen: 2783875K->2783779K(2784256K)] 3247747K->3227118K(3712000K), [Metaspace: 9388K->9388K(1058816K)], 0.3948414 secs] [Times: user=3.81 sys=0.00, real=0.39 secs] 
2022-10-09T17:16:06.769+0900: 97.145: [Full GC (Ergonomics) [PSYoungGen: 463872K->438548K(927744K)] [ParOldGen: 2783779K->2784172K(2784256K)] 3247651K->3222721K(3712000K), [Metaspace: 9388K->9388K(1058816K)], 0.3926921 secs] [Times: user=3.66 sys=0.03, real=0.39 secs] 
2022-10-09T17:16:07.177+0900: 97.554: [Full GC (Ergonomics) [PSYoungGen: 463872K->435086K(927744K)] [ParOldGen: 2784172K->2784033K(2784256K)] 3248044K->3219119K(3712000K), [Metaspace: 9393K->9393K(1058816K)], 0.3967230 secs] [Times: user=3.63 sys=0.00, real=0.40 secs] 
2022-10-09T17:16:07.591+0900: 97.967: [Full GC (Ergonomics) [PSYoungGen: 463872K->430753K(927744K)] [ParOldGen: 2784033K->2783876K(2784256K)] 3247905K->3214630K(3712000K), [Metaspace: 9397K->9397K(1058816K)], 0.3873967 secs] [Times: user=3.72 sys=0.00, real=0.39 secs] 
2022-10-09T17:16:07.997+0900: 98.373: [Full GC (Ergonomics) [PSYoungGen: 463872K->430536K(927744K)] [ParOldGen: 2783876K->2784229K(2784256K)] 3247748K->3214766K(3712000K), [Metaspace: 9397K->9397K(1058816K)], 0.3877453 secs] [Times: user=3.50 sys=0.00, real=0.39 secs] 
2022-10-09T17:16:08.407+0900: 98.783: [Full GC (Ergonomics) [PSYoungGen: 463872K->430837K(927744K)] [ParOldGen: 2784229K->2784073K(2784256K)] 3248101K->3214911K(3712000K), [Metaspace: 9397K->9397K(1058816K)], 0.3909969 secs] [Times: user=3.56 sys=0.02, real=0.39 secs] 
2022-10-09T17:16:08.816+0900: 99.192: [Full GC (Ergonomics) [PSYoungGen: 463872K->430902K(927744K)] [ParOldGen: 2784073K->2783916K(2784256K)] 3247945K->3214818K(3712000K), [Metaspace: 9397K->9397K(1058816K)], 0.3927542 secs] [Times: user=3.59 sys=0.00, real=0.39 secs] 
2022-10-09T17:16:09.229+0900: 99.605: [Full GC (Ergonomics) [PSYoungGen: 463872K->431002K(927744K)] [ParOldGen: 2783916K->2783760K(2784256K)] 3247788K->3214762K(3712000K), [Metaspace: 9397K->9397K(1058816K)], 0.3959130 secs] [Times: user=3.56 sys=0.00, real=0.40 secs] 
2022-10-09T17:16:09.644+0900: 100.020: [Full GC (Ergonomics) [PSYoungGen: 463872K->434427K(927744K)] [ParOldGen: 2783760K->2784133K(2784256K)] 3247632K->3218561K(3712000K), [Metaspace: 9400K->9400K(1058816K)], 0.3950239 secs] [Times: user=3.77 sys=0.02, real=0.39 secs] 
2022-10-09T17:16:10.056+0900: 100.432: [Full GC (Ergonomics) [PSYoungGen: 463872K->435130K(927744K)] [ParOldGen: 2784133K->2783997K(2784256K)] 3248005K->3219127K(3712000K), [Metaspace: 9400K->9400K(1058816K)], 0.3979118 secs] [Times: user=3.59 sys=0.00, real=0.40 secs] 
2022-10-09T17:16:10.471+0900: 100.847: [Full GC (Ergonomics) [PSYoungGen: 463872K->435018K(927744K)] [ParOldGen: 2783997K->2783860K(2784256K)] 3247869K->3218878K(3712000K), [Metaspace: 9400K->9400K(1058816K)], 0.3899704 secs] [Times: user=3.59 sys=0.00, real=0.39 secs] 
2022-10-09T17:16:10.879+0900: 101.255: [Full GC (Ergonomics) [PSYoungGen: 463872K->434463K(927744K)] [ParOldGen: 2783860K->2784234K(2784256K)] 3247732K->3218698K(3712000K), [Metaspace: 9404K->9404K(1058816K)], 0.3936216 secs] [Times: user=3.73 sys=0.02, real=0.39 secs] 
2022-10-09T17:16:11.290+0900: 101.666: [Full GC (Ergonomics) [PSYoungGen: 463872K->430925K(927744K)] [ParOldGen: 2784234K->2784077K(2784256K)] 3248106K->3215003K(3712000K), [Metaspace: 9404K->9404K(1058816K)], 0.3895385 secs] [Times: user=3.56 sys=0.03, real=0.39 secs] 
2022-10-09T17:16:11.700+0900: 102.076: [Full GC (Ergonomics) [PSYoungGen: 463872K->430753K(927744K)] [ParOldGen: 2784077K->2783921K(2784256K)] 3247949K->3214674K(3712000K), [Metaspace: 9406K->9406K(1058816K)], 0.3844793 secs] [Times: user=3.61 sys=0.01, real=0.38 secs] 
2022-10-09T17:16:12.105+0900: 102.481: [Full GC (Ergonomics) [PSYoungGen: 463872K->431010K(927744K)] [ParOldGen: 2783921K->2783764K(2784256K)] 3247793K->3214774K(3712000K), [Metaspace: 9406K->9406K(1058816K)], 0.3792232 secs] [Times: user=3.31 sys=0.00, real=0.38 secs] 
2022-10-09T17:16:12.504+0900: 102.881: [Full GC (Ergonomics) [PSYoungGen: 463872K->430423K(927744K)] [ParOldGen: 2783764K->2784118K(2784256K)] 3247636K->3214541K(3712000K), [Metaspace: 9406K->9406K(1058816K)], 0.3995034 secs] [Times: user=3.88 sys=0.00, real=0.40 secs] 
2022-10-09T17:16:12.922+0900: 103.298: [Full GC (Ergonomics) [PSYoungGen: 463872K->430797K(927744K)] [ParOldGen: 2784118K->2783961K(2784256K)] 3247990K->3214758K(3712000K), [Metaspace: 9406K->9406K(1058816K)], 0.3931299 secs] [Times: user=2.95 sys=0.02, real=0.39 secs] 
2022-10-09T17:16:13.334+0900: 103.710: [Full GC (Ergonomics) [PSYoungGen: 463872K->430857K(927744K)] [ParOldGen: 2783961K->2783804K(2784256K)] 3247833K->3214662K(3712000K), [Metaspace: 9406K->9406K(1058816K)], 0.3826227 secs] [Times: user=3.59 sys=0.00, real=0.38 secs] 
2022-10-09T17:16:13.738+0900: 104.114: [Full GC (Ergonomics) [PSYoungGen: 463872K->434371K(927744K)] [ParOldGen: 2783804K->2784178K(2784256K)] 3247676K->3218549K(3712000K), [Metaspace: 9414K->9414K(1058816K)], 0.3903899 secs] [Times: user=3.53 sys=0.02, real=0.39 secs] 
2022-10-09T17:16:14.147+0900: 104.523: [Full GC (Ergonomics) [PSYoungGen: 463872K->435142K(927744K)] [ParOldGen: 2784178K->2784041K(2784256K)] 3248050K->3219184K(3712000K), [Metaspace: 9414K->9414K(1058816K)], 0.3841609 secs] [Times: user=3.61 sys=0.00, real=0.38 secs] 
2022-10-09T17:16:14.549+0900: 104.925: [Full GC (Ergonomics) [PSYoungGen: 463872K->435013K(927744K)] [ParOldGen: 2784041K->2783905K(2784256K)] 3247913K->3218919K(3712000K), [Metaspace: 9414K->9414K(1058816K)], 0.3874627 secs] [Times: user=3.63 sys=0.03, real=0.39 secs] 
2022-10-09T17:16:14.955+0900: 105.331: [Full GC (Ergonomics) [PSYoungGen: 463872K->434929K(927744K)] [ParOldGen: 2783905K->2783768K(2784256K)] 3247777K->3218698K(3712000K), [Metaspace: 9416K->9416K(1058816K)], 0.3914688 secs] [Times: user=3.44 sys=0.00, real=0.39 secs] 
2022-10-09T17:16:15.366+0900: 105.742: [Full GC (Ergonomics) [PSYoungGen: 463872K->430460K(927744K)] [ParOldGen: 2783768K->2784122K(2784256K)] 3247640K->3214582K(3712000K), [Metaspace: 9423K->9423K(1058816K)], 0.3903312 secs] [Times: user=3.77 sys=0.00, real=0.39 secs] 
2022-10-09T17:16:15.778+0900: 106.154: [Full GC (Ergonomics) [PSYoungGen: 463872K->434897K(927744K)] [ParOldGen: 2784122K->2783985K(2784256K)] 3247994K->3218883K(3712000K), [Metaspace: 9423K->9423K(1058816K)], 0.3885190 secs] [Times: user=3.67 sys=0.03, real=0.39 secs] 
2022-10-09T17:16:16.184+0900: 106.560: [Full GC (Ergonomics) [PSYoungGen: 463872K->435166K(927744K)] [ParOldGen: 2783985K->2783849K(2784256K)] 3247857K->3219015K(3712000K), [Metaspace: 9423K->9423K(1058816K)], 0.3967361 secs] [Times: user=3.72 sys=0.00, real=0.40 secs] 
2022-10-09T17:16:16.599+0900: 106.975: [Full GC (Ergonomics) [PSYoungGen: 463872K->438559K(927744K)] [ParOldGen: 2783849K->2784242K(2784256K)] 3247721K->3222802K(3712000K), [Metaspace: 9423K->9423K(1058816K)], 0.3916994 secs] [Times: user=3.91 sys=0.00, real=0.39 secs] 
2022-10-09T17:16:17.005+0900: 107.382: [Full GC (Ergonomics) [PSYoungGen: 463872K->439138K(927744K)] [ParOldGen: 2784242K->2784122K(2784256K)] 3248114K->3223260K(3712000K), [Metaspace: 9429K->9429K(1058816K)], 0.3998204 secs] [Times: user=3.66 sys=0.00, real=0.40 secs] 
2022-10-09T17:16:17.421+0900: 107.797: [Full GC (Ergonomics) [PSYoungGen: 463872K->435070K(927744K)] [ParOldGen: 2784122K->2783985K(2784256K)] 3247994K->3219055K(3712000K), [Metaspace: 9432K->9432K(1058816K)], 0.3954678 secs] [Times: user=3.58 sys=0.00, real=0.39 secs] 
2022-10-09T17:16:17.836+0900: 108.212: [Full GC (Ergonomics) [PSYoungGen: 463872K->434937K(927744K)] [ParOldGen: 2783985K->2783849K(2784256K)] 3247857K->3218786K(3712000K), [Metaspace: 9432K->9432K(1058816K)], 0.3832225 secs] [Times: user=3.44 sys=0.00, real=0.38 secs] 
2022-10-09T17:16:18.236+0900: 108.612: [Full GC (Ergonomics) [PSYoungGen: 463872K->430452K(927744K)] [ParOldGen: 2783849K->2784202K(2784256K)] 3247721K->3214654K(3712000K), [Metaspace: 9432K->9432K(1058816K)], 0.3822994 secs] [Times: user=3.56 sys=0.00, real=0.38 secs] 
2022-10-09T17:16:18.638+0900: 109.014: [Full GC (Ergonomics) [PSYoungGen: 463872K->434849K(927744K)] [ParOldGen: 2784202K->2784065K(2784256K)] 3248074K->3218915K(3712000K), [Metaspace: 9432K->9432K(1058816K)], 0.3764821 secs] [Times: user=3.30 sys=0.03, real=0.38 secs] 
2022-10-09T17:16:19.032+0900: 109.408: [Full GC (Ergonomics) [PSYoungGen: 463872K->434865K(927744K)] [ParOldGen: 2784065K->2783929K(2784256K)] 3247937K->3218794K(3712000K), [Metaspace: 9432K->9432K(1058816K)], 0.3767367 secs] [Times: user=3.36 sys=0.05, real=0.38 secs] 
2022-10-09T17:16:19.426+0900: 109.802: [Full GC (Ergonomics) [PSYoungGen: 463872K->435114K(927744K)] [ParOldGen: 2783929K->2783792K(2784256K)] 3247801K->3218907K(3712000K), [Metaspace: 9432K->9432K(1058816K)], 0.3901917 secs] [Times: user=3.49 sys=0.06, real=0.39 secs] 
2022-10-09T17:16:19.832+0900: 110.208: [Full GC (Ergonomics) [PSYoungGen: 463872K->434459K(927744K)] [ParOldGen: 2783792K->2784166K(2784256K)] 3247664K->3218626K(3712000K), [Metaspace: 9434K->9434K(1058816K)], 0.3851311 secs] [Times: user=3.50 sys=0.02, real=0.38 secs] 
2022-10-09T17:16:20.236+0900: 110.612: [Full GC (Ergonomics) [PSYoungGen: 463872K->431026K(927744K)] [ParOldGen: 2784166K->2784009K(2784256K)] 3248038K->3215036K(3712000K), [Metaspace: 9434K->9434K(1058816K)], 0.3778507 secs] [Times: user=3.30 sys=0.06, real=0.38 secs] 
2022-10-09T17:16:20.635+0900: 111.011: [Full GC (Ergonomics) [PSYoungGen: 463872K->430855K(927744K)] [ParOldGen: 2784009K->2783849K(2784256K)] 3247881K->3214704K(3712000K), [Metaspace: 9451K->9451K(1058816K)], 0.3767332 secs] [Times: user=3.39 sys=0.03, real=0.38 secs] 
2022-10-09T17:16:21.033+0900: 111.409: [Full GC (Ergonomics) [PSYoungGen: 463872K->430429K(927744K)] [ParOldGen: 2783849K->2784202K(2784256K)] 3247721K->3214632K(3712000K), [Metaspace: 9461K->9461K(1058816K)], 0.3781788 secs] [Times: user=3.48 sys=0.05, real=0.38 secs] 
2022-10-09T17:16:21.431+0900: 111.807: [Full GC (Ergonomics) [PSYoungGen: 463872K->430959K(927744K)] [ParOldGen: 2784202K->2784046K(2784256K)] 3248074K->3215006K(3712000K), [Metaspace: 9461K->9461K(1058816K)], 0.3816826 secs] [Times: user=3.30 sys=0.08, real=0.38 secs] 
2022-10-09T17:16:21.833+0900: 112.209: [Full GC (Ergonomics) [PSYoungGen: 463872K->430939K(927744K)] [ParOldGen: 2784046K->2783889K(2784256K)] 3247918K->3214829K(3712000K), [Metaspace: 9461K->9461K(1058816K)], 0.3759135 secs] [Times: user=3.33 sys=0.06, real=0.38 secs] 
2022-10-09T17:16:22.229+0900: 112.605: [Full GC (Ergonomics) [PSYoungGen: 463872K->430474K(927744K)] [ParOldGen: 2783889K->2784243K(2784256K)] 3247761K->3214717K(3712000K), [Metaspace: 9461K->9461K(1058816K)], 0.3732171 secs] [Times: user=3.50 sys=0.02, real=0.37 secs] 
2022-10-09T17:16:22.621+0900: 112.997: [Full GC (Ergonomics) [PSYoungGen: 463872K->430947K(927744K)] [ParOldGen: 2784243K->2784086K(2784256K)] 3248115K->3215034K(3712000K), [Metaspace: 9461K->9461K(1058816K)], 0.3874492 secs] [Times: user=3.70 sys=0.00, real=0.39 secs] 
2022-10-09T17:16:23.029+0900: 113.405: [Full GC (Ergonomics) [PSYoungGen: 463872K->430713K(927744K)] [ParOldGen: 2784086K->2783929K(2784256K)] 3247958K->3214642K(3712000K), [Metaspace: 9461K->9461K(1058816K)], 0.3958082 secs] [Times: user=3.52 sys=0.00, real=0.40 secs] 
2022-10-09T17:16:23.444+0900: 113.820: [Full GC (Ergonomics) [PSYoungGen: 463872K->430933K(927744K)] [ParOldGen: 2783929K->2783772K(2784256K)] 3247801K->3214706K(3712000K), [Metaspace: 9461K->9461K(1058816K)], 0.3978065 secs] [Times: user=3.84 sys=0.00, real=0.40 secs] 
2022-10-09T17:16:23.863+0900: 114.239: [Full GC (Ergonomics) [PSYoungGen: 463872K->430407K(927744K)] [ParOldGen: 2783772K->2784125K(2784256K)] 3247644K->3214533K(3712000K), [Metaspace: 9461K->9461K(1058816K)], 0.3803041 secs] [Times: user=3.48 sys=0.05, real=0.38 secs] 
2022-10-09T17:16:24.263+0900: 114.639: [Full GC (Ergonomics) [PSYoungGen: 463872K->431046K(927744K)] [ParOldGen: 2784125K->2783969K(2784256K)] 3247997K->3215015K(3712000K), [Metaspace: 9461K->9461K(1058816K)], 0.3839520 secs] [Times: user=3.61 sys=0.00, real=0.38 secs] 
2022-10-09T17:16:24.667+0900: 115.043: [Full GC (Ergonomics) [PSYoungGen: 463872K->430994K(927744K)] [ParOldGen: 2783969K->2783812K(2784256K)] 3247841K->3214806K(3712000K), [Metaspace: 9461K->9461K(1058816K)], 0.3854915 secs] [Times: user=3.63 sys=0.00, real=0.38 secs] 
2022-10-09T17:16:25.073+0900: 115.449: [Full GC (Ergonomics) [PSYoungGen: 463872K->430283K(927744K)] [ParOldGen: 2783812K->2784165K(2784256K)] 3247684K->3214449K(3712000K), [Metaspace: 9461K->9461K(1058816K)], 0.3941710 secs] [Times: user=3.56 sys=0.03, real=0.39 secs] 
2022-10-09T17:16:25.489+0900: 115.866: [Full GC (Ergonomics) [PSYoungGen: 463872K->431002K(927744K)] [ParOldGen: 2784165K->2784009K(2784256K)] 3248037K->3215011K(3712000K), [Metaspace: 9461K->9461K(1058816K)], 0.3977490 secs] [Times: user=3.91 sys=0.00, real=0.40 secs] 
2022-10-09T17:16:25.905+0900: 116.281: [Full GC (Ergonomics) [PSYoungGen: 463872K->430860K(927744K)] [ParOldGen: 2784009K->2783850K(2784256K)] 3247881K->3214710K(3712000K), [Metaspace: 9461K->9461K(1058816K)], 0.3986003 secs] [Times: user=3.84 sys=0.00, real=0.40 secs] 
2022-10-09T17:16:26.322+0900: 116.698: [Full GC (Ergonomics) [PSYoungGen: 463872K->430413K(927744K)] [ParOldGen: 2783850K->2784204K(2784256K)] 3247722K->3214617K(3712000K), [Metaspace: 9461K->9461K(1058816K)], 0.3956699 secs] [Times: user=3.41 sys=0.02, real=0.39 secs] 
2022-10-09T17:16:26.739+0900: 117.115: [Full GC (Ergonomics) [PSYoungGen: 463872K->430911K(927744K)] [ParOldGen: 2784204K->2784047K(2784256K)] 3248076K->3214959K(3712000K), [Metaspace: 9461K->9461K(1058816K)], 0.3971626 secs] [Times: user=3.70 sys=0.03, real=0.40 secs] 
2022-10-09T17:16:27.155+0900: 117.531: [Full GC (Ergonomics) [PSYoungGen: 463872K->430879K(927744K)] [ParOldGen: 2784047K->2783890K(2784256K)] 3247919K->3214770K(3712000K), [Metaspace: 9461K->9461K(1058816K)], 0.3850709 secs] [Times: user=3.59 sys=0.00, real=0.38 secs] 
2022-10-09T17:16:27.560+0900: 117.936: [Full GC (Ergonomics) [PSYoungGen: 463872K->430361K(927744K)] [ParOldGen: 2783890K->2784244K(2784256K)] 3247762K->3214605K(3712000K), [Metaspace: 9461K->9461K(1058816K)], 0.3872947 secs] [Times: user=3.72 sys=0.00, real=0.39 secs] 
2022-10-09T17:16:27.967+0900: 118.343: [Full GC (Ergonomics) [PSYoungGen: 463872K->430823K(927744K)] [ParOldGen: 2784244K->2784087K(2784256K)] 3248116K->3214911K(3712000K), [Metaspace: 9461K->9461K(1058816K)], 0.3900059 secs] [Times: user=3.66 sys=0.03, real=0.39 secs] 
2022-10-09T17:16:28.377+0900: 118.753: [Full GC (Ergonomics) [PSYoungGen: 463872K->430994K(927744K)] [ParOldGen: 2784087K->2783929K(2784256K)] 3247959K->3214923K(3712000K), [Metaspace: 9461K->9461K(1058816K)], 0.3860456 secs] [Times: user=3.72 sys=0.00, real=0.39 secs] 
2022-10-09T17:16:28.783+0900: 119.160: [Full GC (Ergonomics) [PSYoungGen: 463872K->430998K(927744K)] [ParOldGen: 2783929K->2783772K(2784256K)] 3247801K->3214771K(3712000K), [Metaspace: 9461K->9461K(1058816K)], 0.4011149 secs] [Times: user=3.92 sys=0.00, real=0.40 secs] 
2022-10-09T17:16:29.205+0900: 119.581: [Full GC (Ergonomics) [PSYoungGen: 463872K->430311K(927744K)] [ParOldGen: 2783772K->2784125K(2784256K)] 3247644K->3214437K(3712000K), [Metaspace: 9461K->9461K(1058816K)], 0.3817944 secs] [Times: user=3.47 sys=0.00, real=0.38 secs] 
2022-10-09T17:16:29.608+0900: 119.984: [Full GC (Ergonomics) [PSYoungGen: 463872K->430986K(927744K)] [ParOldGen: 2784125K->2783969K(2784256K)] 3247997K->3214955K(3712000K), [Metaspace: 9461K->9461K(1058816K)], 0.3877084 secs] [Times: user=3.66 sys=0.00, real=0.39 secs] 
2022-10-09T17:16:30.016+0900: 120.392: [Full GC (Ergonomics) [PSYoungGen: 463872K->430865K(927744K)] [ParOldGen: 2783969K->2783812K(2784256K)] 3247841K->3214678K(3712000K), [Metaspace: 9461K->9461K(1058816K)], 0.3778513 secs] [Times: user=3.36 sys=0.00, real=0.38 secs] 
2022-10-09T17:16:30.416+0900: 120.792: [Full GC (Ergonomics) [PSYoungGen: 463872K->434479K(927744K)] [ParOldGen: 2783812K->2784186K(2784256K)] 3247684K->3218665K(3712000K), [Metaspace: 9461K->9461K(1058816K)], 0.3875178 secs] [Times: user=3.67 sys=0.00, real=0.39 secs] 
2022-10-09T17:16:30.821+0900: 121.197: [Full GC (Ergonomics) [PSYoungGen: 463872K->434925K(927744K)] [ParOldGen: 2784186K->2784049K(2784256K)] 3248058K->3218975K(3712000K), [Metaspace: 9461K->9461K(1058816K)], 0.3997171 secs] [Times: user=3.59 sys=0.00, real=0.40 secs] 
2022-10-09T17:16:31.240+0900: 121.616: [Full GC (Ergonomics) [PSYoungGen: 463872K->435154K(927744K)] [ParOldGen: 2784049K->2783913K(2784256K)] 3247921K->3219067K(3712000K), [Metaspace: 9461K->9461K(1058816K)], 0.3830628 secs] [Times: user=3.69 sys=0.00, real=0.38 secs] 
2022-10-09T17:16:31.642+0900: 122.018: [Full GC (Ergonomics) [PSYoungGen: 463872K->435053K(927744K)] [ParOldGen: 2783913K->2783776K(2784256K)] 3247785K->3218830K(3712000K), [Metaspace: 9461K->9461K(1058816K)], 0.3902116 secs] [Times: user=3.72 sys=0.00, real=0.39 secs] 
2022-10-09T17:16:32.047+0900: 122.423: [Full GC (Ergonomics) [PSYoungGen: 463872K->430267K(927744K)] [ParOldGen: 2783776K->2784130K(2784256K)] 3247648K->3214397K(3712000K), [Metaspace: 9461K->9461K(1058816K)], 0.3909736 secs] [Times: user=3.77 sys=0.00, real=0.39 secs] 
2022-10-09T17:16:32.460+0900: 122.836: [Full GC (Ergonomics) [PSYoungGen: 463872K->430941K(927744K)] [ParOldGen: 2784130K->2783973K(2784256K)] 3248002K->3214915K(3712000K), [Metaspace: 9461K->9461K(1058816K)], 0.3918101 secs] [Times: user=3.80 sys=0.00, real=0.39 secs] 
2022-10-09T17:16:32.872+0900: 123.249: [Full GC (Ergonomics) [PSYoungGen: 463872K->434945K(927744K)] [ParOldGen: 2783973K->2783836K(2784256K)] 3247845K->3218782K(3712000K), [Metaspace: 9461K->9461K(1058816K)], 0.3917749 secs] [Times: user=3.63 sys=0.00, real=0.39 secs] 
2022-10-09T17:16:33.283+0900: 123.659: [Full GC (Ergonomics) [PSYoungGen: 463872K->434531K(927744K)] [ParOldGen: 2783836K->2784210K(2784256K)] 3247708K->3218742K(3712000K), [Metaspace: 9461K->9461K(1058816K)], 0.3991688 secs] [Times: user=3.48 sys=0.03, real=0.40 secs] 
2022-10-09T17:16:33.700+0900: 124.076: [Full GC (Ergonomics) [PSYoungGen: 463872K->435142K(927744K)] [ParOldGen: 2784210K->2784073K(2784256K)] 3248082K->3219215K(3712000K), [Metaspace: 9461K->9461K(1058816K)], 0.3880644 secs] [Times: user=3.73 sys=0.00, real=0.39 secs] 
2022-10-09T17:16:34.106+0900: 124.483: [Full GC (Ergonomics) [PSYoungGen: 463872K->434889K(927744K)] [ParOldGen: 2784073K->2783937K(2784256K)] 3247945K->3218826K(3712000K), [Metaspace: 9461K->9461K(1058816K)], 0.4000669 secs] [Times: user=3.74 sys=0.00, real=0.40 secs] 
2022-10-09T17:16:34.525+0900: 124.901: [Full GC (Ergonomics) [PSYoungGen: 463872K->430869K(927744K)] [ParOldGen: 2783937K->2783780K(2784256K)] 3247809K->3214650K(3712000K), [Metaspace: 9461K->9461K(1058816K)], 0.3857256 secs] [Times: user=3.58 sys=0.00, real=0.39 secs] 
2022-10-09T17:16:34.932+0900: 125.308: [Full GC (Ergonomics) [PSYoungGen: 463872K->430307K(927744K)] [ParOldGen: 2783780K->2784134K(2784256K)] 3247652K->3214441K(3712000K), [Metaspace: 9461K->9461K(1058816K)], 0.3792862 secs] [Times: user=3.56 sys=0.02, real=0.38 secs] 
2022-10-09T17:16:35.332+0900: 125.708: [Full GC (Ergonomics) [PSYoungGen: 463872K->435025K(927744K)] [ParOldGen: 2784134K->2783997K(2784256K)] 3248006K->3219023K(3712000K), [Metaspace: 9461K->9461K(1058816K)], 0.3876458 secs] [Times: user=3.49 sys=0.00, real=0.39 secs] 
2022-10-09T17:16:35.738+0900: 126.114: [Full GC (Ergonomics) [PSYoungGen: 463872K->435005K(927744K)] [ParOldGen: 2783997K->2783861K(2784256K)] 3247869K->3218866K(3712000K), [Metaspace: 9461K->9461K(1058816K)], 0.3924554 secs] [Times: user=3.67 sys=0.03, real=0.39 secs] 
2022-10-09T17:16:36.149+0900: 126.525: [Full GC (Ergonomics) [PSYoungGen: 463872K->434383K(927744K)] [ParOldGen: 2783861K->2784234K(2784256K)] 3247733K->3218617K(3712000K), [Metaspace: 9461K->9461K(1058816K)], 0.3901354 secs] [Times: user=3.67 sys=0.02, real=0.39 secs] 
2022-10-09T17:16:36.559+0900: 126.935: [Full GC (Ergonomics) [PSYoungGen: 463872K->435049K(927744K)] [ParOldGen: 2784234K->2784097K(2784256K)] 3248106K->3219147K(3712000K), [Metaspace: 9462K->9462K(1058816K)], 0.3887098 secs] [Times: user=3.69 sys=0.01, real=0.39 secs] 
2022-10-09T17:16:36.965+0900: 127.342: [Full GC (Ergonomics) [PSYoungGen: 463872K->430825K(927744K)] [ParOldGen: 2784097K->2783941K(2784256K)] 3247969K->3214766K(3712000K), [Metaspace: 9462K->9462K(1058816K)], 0.3982493 secs] [Times: user=3.75 sys=0.00, real=0.40 secs] 
2022-10-09T17:16:37.384+0900: 127.760: [Full GC (Ergonomics) [PSYoungGen: 463872K->430913K(927744K)] [ParOldGen: 2783941K->2783784K(2784256K)] 3247813K->3214698K(3712000K), [Metaspace: 9462K->9462K(1058816K)], 0.3917987 secs] [Times: user=3.55 sys=0.00, real=0.39 secs] 
2022-10-09T17:16:37.796+0900: 128.172: [Full GC (Ergonomics) [PSYoungGen: 463872K->430540K(927744K)] [ParOldGen: 2783784K->2784138K(2784256K)] 3247656K->3214678K(3712000K), [Metaspace: 9462K->9462K(1058816K)], 0.3861759 secs] [Times: user=3.53 sys=0.00, real=0.39 secs] 
2022-10-09T17:16:38.201+0900: 128.578: [Full GC (Ergonomics) [PSYoungGen: 463872K->430921K(927744K)] [ParOldGen: 2784138K->2783981K(2784256K)] 3248010K->3214903K(3712000K), [Metaspace: 9462K->9462K(1058816K)], 0.3978186 secs] [Times: user=3.66 sys=0.00, real=0.40 secs] 
2022-10-09T17:16:38.619+0900: 128.995: [Full GC (Ergonomics) [PSYoungGen: 463872K->430989K(927744K)] [ParOldGen: 2783981K->2783824K(2784256K)] 3247853K->3214814K(3712000K), [Metaspace: 9462K->9462K(1058816K)], 0.3900795 secs] [Times: user=3.70 sys=0.00, real=0.39 secs] 
2022-10-09T17:16:39.029+0900: 129.405: [Full GC (Ergonomics) [PSYoungGen: 463872K->430287K(927744K)] [ParOldGen: 2783824K->2784178K(2784256K)] 3247696K->3214465K(3712000K), [Metaspace: 9462K->9462K(1058816K)], 0.3945341 secs] [Times: user=3.41 sys=0.00, real=0.39 secs] 
2022-10-09T17:16:39.445+0900: 129.821: [Full GC (Ergonomics) [PSYoungGen: 463872K->435118K(927744K)] [ParOldGen: 2784178K->2784041K(2784256K)] 3248050K->3219159K(3712000K), [Metaspace: 9462K->9462K(1058816K)], 0.3866339 secs] [Times: user=3.59 sys=0.00, real=0.39 secs] 
2022-10-09T17:16:39.850+0900: 130.226: [Full GC (Ergonomics) [PSYoungGen: 463872K->435105K(927744K)] [ParOldGen: 2784041K->2783905K(2784256K)] 3247913K->3219011K(3712000K), [Metaspace: 9462K->9462K(1058816K)], 0.4006566 secs] [Times: user=3.83 sys=0.02, real=0.40 secs] 
2022-10-09T17:16:40.271+0900: 130.647: [Full GC (Ergonomics) [PSYoungGen: 463872K->435041K(927744K)] [ParOldGen: 2783905K->2783768K(2784256K)] 3247777K->3218810K(3712000K), [Metaspace: 9462K->9462K(1058816K)], 0.3889398 secs] [Times: user=3.48 sys=0.00, real=0.39 secs] 
2022-10-09T17:16:40.678+0900: 131.054: [Full GC (Ergonomics) [PSYoungGen: 463872K->434579K(927744K)] [ParOldGen: 2783768K->2784142K(2784256K)] 3247640K->3218722K(3712000K), [Metaspace: 9462K->9462K(1058816K)], 0.3805277 secs] [Times: user=3.61 sys=0.00, real=0.38 secs] 
2022-10-09T17:16:41.076+0900: 131.452: [Full GC (Ergonomics) [PSYoungGen: 463872K->430861K(927744K)] [ParOldGen: 2784142K->2783985K(2784256K)] 3248014K->3214847K(3712000K), [Metaspace: 9465K->9465K(1058816K)], 0.3851252 secs] [Times: user=3.75 sys=0.00, real=0.38 secs] 
2022-10-09T17:16:41.483+0900: 131.859: [Full GC (Ergonomics) [PSYoungGen: 463872K->431026K(927744K)] [ParOldGen: 2783985K->2783828K(2784256K)] 3247857K->3214855K(3712000K), [Metaspace: 9465K->9465K(1058816K)], 0.3892987 secs] [Times: user=3.47 sys=0.00, real=0.39 secs] 
2022-10-09T17:16:41.893+0900: 132.269: [Full GC (Ergonomics) [PSYoungGen: 463872K->430479K(927744K)] [ParOldGen: 2783828K->2784182K(2784256K)] 3247700K->3214661K(3712000K), [Metaspace: 9466K->9466K(1058816K)], 0.3907254 secs] [Times: user=3.73 sys=0.02, real=0.39 secs] 
2022-10-09T17:16:42.304+0900: 132.681: [Full GC (Ergonomics) [PSYoungGen: 463872K->430942K(927744K)] [ParOldGen: 2784182K->2784025K(2784256K)] 3248054K->3214967K(3712000K), [Metaspace: 9466K->9466K(1058816K)], 0.4028737 secs] [Times: user=3.74 sys=0.02, real=0.40 secs] 
2022-10-09T17:16:42.729+0900: 133.105: [Full GC (Ergonomics) [PSYoungGen: 463872K->430913K(927744K)] [ParOldGen: 2784025K->2783869K(2784256K)] 3247897K->3214783K(3712000K), [Metaspace: 9466K->9466K(1058816K)], 0.3815354 secs] [Times: user=3.53 sys=0.00, real=0.38 secs] 
2022-10-09T17:16:43.131+0900: 133.507: [Full GC (Ergonomics) [PSYoungGen: 463872K->430271K(927744K)] [ParOldGen: 2783869K->2784222K(2784256K)] 3247741K->3214493K(3712000K), [Metaspace: 9466K->9466K(1058816K)], 0.3850062 secs] [Times: user=3.72 sys=0.00, real=0.38 secs] 
2022-10-09T17:16:43.537+0900: 133.913: [Full GC (Ergonomics) [PSYoungGen: 463872K->430958K(927744K)] [ParOldGen: 2784222K->2784065K(2784256K)] 3248094K->3215023K(3712000K), [Metaspace: 9466K->9466K(1058816K)], 0.3891209 secs] [Times: user=3.76 sys=0.00, real=0.39 secs] 
2022-10-09T17:16:43.945+0900: 134.321: [Full GC (Ergonomics) [PSYoungGen: 463872K->430901K(927744K)] [ParOldGen: 2784065K->2783909K(2784256K)] 3247937K->3214811K(3712000K), [Metaspace: 9466K->9466K(1058816K)], 0.3802408 secs] [Times: user=3.42 sys=0.03, real=0.38 secs] 
2022-10-09T17:16:44.345+0900: 134.721: [Full GC (Ergonomics) [PSYoungGen: 463872K->431050K(927744K)] [ParOldGen: 2783909K->2783752K(2784256K)] 3247781K->3214803K(3712000K), [Metaspace: 9466K->9466K(1058816K)], 0.3858531 secs] [Times: user=3.53 sys=0.00, real=0.39 secs] 
2022-10-09T17:16:44.752+0900: 135.128: [Full GC (Ergonomics) [PSYoungGen: 463872K->430456K(927744K)] [ParOldGen: 2783752K->2784106K(2784256K)] 3247624K->3214562K(3712000K), [Metaspace: 9466K->9466K(1058816K)], 0.3668207 secs] [Times: user=3.64 sys=0.01, real=0.37 secs] 
2022-10-09T17:16:45.140+0900: 135.516: [Full GC (Ergonomics) [PSYoungGen: 463872K->430914K(927744K)] [ParOldGen: 2784106K->2783949K(2784256K)] 3247978K->3214863K(3712000K), [Metaspace: 9466K->9466K(1058816K)], 0.3824612 secs] [Times: user=3.77 sys=0.00, real=0.38 secs] 
2022-10-09T17:16:45.544+0900: 135.920: [Full GC (Ergonomics) [PSYoungGen: 463872K->431050K(927744K)] [ParOldGen: 2783949K->2783792K(2784256K)] 3247821K->3214843K(3712000K), [Metaspace: 9466K->9466K(1058816K)], 0.3926492 secs] [Times: user=3.74 sys=0.00, real=0.39 secs] 
2022-10-09T17:16:45.957+0900: 136.334: [Full GC (Ergonomics) [PSYoungGen: 463872K->430255K(927744K)] [ParOldGen: 2783792K->2784146K(2784256K)] 3247664K->3214401K(3712000K), [Metaspace: 9468K->9468K(1058816K)], 0.3916295 secs] [Times: user=3.56 sys=0.01, real=0.39 secs] 
2022-10-09T17:16:46.370+0900: 136.746: [Full GC (Ergonomics) [PSYoungGen: 463872K->431038K(927744K)] [ParOldGen: 2784146K->2783989K(2784256K)] 3248018K->3215028K(3712000K), [Metaspace: 9468K->9468K(1058816K)], 0.3849677 secs] [Times: user=3.55 sys=0.05, real=0.39 secs] 
2022-10-09T17:16:46.775+0900: 137.151: [Full GC (Ergonomics) [PSYoungGen: 463872K->439141K(927744K)] [ParOldGen: 2783989K->2783869K(2784256K)] 3247861K->3223011K(3712000K), [Metaspace: 9468K->9468K(1058816K)], 0.4014647 secs] [Times: user=3.42 sys=0.02, real=0.40 secs] 
2022-10-09T17:16:47.192+0900: 137.568: [Full GC (Ergonomics) [PSYoungGen: 463872K->439013K(927744K)] [ParOldGen: 2783869K->2783752K(2784256K)] 3247741K->3222766K(3712000K), [Metaspace: 9468K->9468K(1058816K)], 0.3903928 secs] [Times: user=3.44 sys=0.02, real=0.39 secs] 
2022-10-09T17:16:47.599+0900: 137.975: [Full GC (Ergonomics) [PSYoungGen: 463872K->438709K(927744K)] [ParOldGen: 2783752K->2784146K(2784256K)] 3247624K->3222856K(3712000K), [Metaspace: 9473K->9473K(1058816K)], 0.3895042 secs] [Times: user=3.11 sys=0.01, real=0.39 secs] 
2022-10-09T17:16:48.005+0900: 138.381: [Full GC (Ergonomics) [PSYoungGen: 463872K->439123K(927744K)] [ParOldGen: 2784146K->2784030K(2784256K)] 3248018K->3223153K(3712000K), [Metaspace: 9474K->9474K(1058816K)], 0.3893760 secs] [Times: user=3.70 sys=0.00, real=0.39 secs] 
2022-10-09T17:16:48.410+0900: 138.786: [Full GC (Ergonomics) [PSYoungGen: 463872K->430959K(927744K)] [ParOldGen: 2784030K->2783873K(2784256K)] 3247902K->3214833K(3712000K), [Metaspace: 9474K->9474K(1058816K)], 0.3967965 secs] [Times: user=3.72 sys=0.03, real=0.40 secs] 
2022-10-09T17:16:48.828+0900: 139.205: [Full GC (Ergonomics) [PSYoungGen: 463872K->430433K(927744K)] [ParOldGen: 2783873K->2784209K(2784256K)] 3247745K->3214643K(3712000K), [Metaspace: 9474K->9474K(1058816K)], 0.4150090 secs] [Times: user=3.64 sys=0.05, real=0.41 secs] 
2022-10-09T17:16:49.267+0900: 139.643: [Full GC (Ergonomics) [PSYoungGen: 463872K->430750K(927744K)] [ParOldGen: 2784209K->2784052K(2784256K)] 3248081K->3214803K(3712000K), [Metaspace: 9474K->9474K(1058816K)], 0.4065653 secs] [Times: user=3.48 sys=0.03, real=0.41 secs] 
2022-10-09T17:16:49.695+0900: 140.071: [Full GC (Ergonomics) [PSYoungGen: 463872K->430859K(927744K)] [ParOldGen: 2784052K->2783896K(2784256K)] 3247924K->3214755K(3712000K), [Metaspace: 9474K->9474K(1058816K)], 0.4024522 secs] [Times: user=3.64 sys=0.00, real=0.40 secs] 
2022-10-09T17:16:50.119+0900: 140.495: [Full GC (Ergonomics) [PSYoungGen: 463872K->430289K(927744K)] [ParOldGen: 2783896K->2784249K(2784256K)] 3247768K->3214538K(3712000K), [Metaspace: 9474K->9474K(1058816K)], 0.3817487 secs] [Times: user=3.52 sys=0.00, real=0.38 secs] 
2022-10-09T17:16:50.521+0900: 140.897: [Full GC (Ergonomics) [PSYoungGen: 463872K->439151K(927744K)] [ParOldGen: 2784249K->2784133K(2784256K)] 3248121K->3223284K(3712000K), [Metaspace: 9474K->9474K(1058816K)], 0.3967385 secs] [Times: user=3.67 sys=0.00, real=0.40 secs] 
2022-10-09T17:16:50.932+0900: 141.308: [Full GC (Ergonomics) [PSYoungGen: 463872K->439143K(927744K)] [ParOldGen: 2784133K->2784012K(2784256K)] 3248005K->3223156K(3712000K), [Metaspace: 9474K->9474K(1058816K)], 0.3944022 secs] [Times: user=3.33 sys=0.00, real=0.39 secs] 
2022-10-09T17:16:51.343+0900: 141.719: [Full GC (Ergonomics) [PSYoungGen: 463872K->439088K(927744K)] [ParOldGen: 2784012K->2783896K(2784256K)] 3247884K->3222984K(3712000K), [Metaspace: 9475K->9475K(1058816K)], 0.3850108 secs] [Times: user=3.03 sys=0.00, real=0.38 secs] 
