OpenJDK 64-Bit Server VM (25.342-b07) for windows-amd64 JRE (1.8.0_342-b07), built on Jul 21 2022 18:16:14 by "Administrator" with MS VC++ 12.0 (VS2013)
Memory: 4k page, physical 16696004k(7456660k free), swap 27706052k(11562204k free)
CommandLine flags: -XX:InitialHeapSize=267136064 -XX:MaxHeapSize=4274177024 -XX:MaxTenuringThreshold=15 -XX:+PrintGC -XX:+PrintGCDateStamps -XX:+PrintGCDetails -XX:+PrintGCTimeStamps -XX:+PrintTenuringDistribution -XX:+UseCompressedClassPointers -XX:+UseCompressedOops -XX:-UseLargePagesIndividualAllocation -XX:+UseParallelGC 
2022-10-09T17:34:49.158+0900: 0.236: [GC (Allocation Failure) 
Desired survivor size 11010048 bytes, new threshold 7 (max 15)
[PSYoungGen: 65536K->10745K(76288K)] 65536K->55660K(251392K), 0.0136438 secs] [Times: user=0.00 sys=0.14, real=0.01 secs] 
2022-10-09T17:34:49.257+0900: 0.336: [GC (Allocation Failure) 
Desired survivor size 11010048 bytes, new threshold 7 (max 15)
[PSYoungGen: 76281K->10745K(141824K)] 121196K->102740K(316928K), 0.0137560 secs] [Times: user=0.09 sys=0.05, real=0.01 secs] 
2022-10-09T17:34:49.472+0900: 0.551: [GC (Allocation Failure) 
Desired survivor size 11010048 bytes, new threshold 7 (max 15)
[PSYoungGen: 141817K->10745K(141824K)] 233812K->216727K(348160K), 0.0289292 secs] [Times: user=0.02 sys=0.30, real=0.03 secs] 
2022-10-09T17:34:49.501+0900: 0.580: [Full GC (Ergonomics) [PSYoungGen: 10745K->0K(141824K)] [ParOldGen: 205982K->132282K(328192K)] 216727K->132282K(470016K), [Metaspace: 3522K->3522K(1056768K)], 0.0187007 secs] [Times: user=0.16 sys=0.00, real=0.02 secs] 
2022-10-09T17:34:49.715+0900: 0.794: [GC (Allocation Failure) 
Desired survivor size 11010048 bytes, new threshold 7 (max 15)
[PSYoungGen: 131072K->10752K(241664K)] 263354K->255439K(569856K), 0.0184418 secs] [Times: user=0.02 sys=0.14, real=0.02 secs] 
2022-10-09T17:34:49.733+0900: 0.812: [Full GC (Ergonomics) [PSYoungGen: 10752K->0K(241664K)] [ParOldGen: 244687K->188234K(439808K)] 255439K->188234K(681472K), [Metaspace: 3523K->3523K(1056768K)], 0.0229988 secs] [Times: user=0.16 sys=0.00, real=0.02 secs] 
2022-10-09T17:34:50.125+0900: 1.204: [GC (Allocation Failure) 
Desired survivor size 231211008 bytes, new threshold 6 (max 15)
[PSYoungGen: 230912K->10752K(272896K)] 419146K->407328K(712704K), 0.0458456 secs] [Times: user=0.17 sys=0.26, real=0.05 secs] 
2022-10-09T17:34:50.171+0900: 1.250: [Full GC (Ergonomics) [PSYoungGen: 10752K->0K(272896K)] [ParOldGen: 396576K->290769K(646144K)] 407328K->290769K(919040K), [Metaspace: 4029K->4029K(1056768K)], 0.0371185 secs] [Times: user=0.31 sys=0.00, real=0.04 secs] 
2022-10-09T17:34:50.631+0900: 1.710: [GC (Allocation Failure) 
Desired survivor size 309329920 bytes, new threshold 5 (max 15)
[PSYoungGen: 262144K->225792K(522240K)] 552913K->573811K(1168384K), 0.0522898 secs] [Times: user=0.13 sys=0.42, real=0.05 secs] 
2022-10-09T17:34:51.145+0900: 2.224: [GC (Allocation Failure) 
Desired survivor size 475004928 bytes, new threshold 4 (max 15)
[PSYoungGen: 522240K->302080K(598528K)] 870259K->876460K(1244672K), 0.1028742 secs] [Times: user=0.20 sys=0.89, real=0.10 secs] 
2022-10-09T17:34:51.248+0900: 2.327: [Full GC (Ergonomics) [PSYoungGen: 302080K->0K(598528K)] [ParOldGen: 574380K->572122K(1000960K)] 876460K->572122K(1599488K), [Metaspace: 4062K->4062K(1056768K)], 0.0749050 secs] [Times: user=0.61 sys=0.02, real=0.08 secs] 
2022-10-09T17:34:51.791+0900: 2.870: [GC (Allocation Failure) 
Desired survivor size 475004928 bytes, new threshold 3 (max 15)
[PSYoungGen: 296448K->333952K(927744K)] 868570K->906074K(1928704K), 0.0655567 secs] [Times: user=0.09 sys=0.53, real=0.07 secs] 
2022-10-09T17:34:52.591+0900: 3.670: [GC (Allocation Failure) 
Desired survivor size 475004928 bytes, new threshold 2 (max 15)
[PSYoungGen: 797824K->463872K(927744K)] 1369946K->1376102K(1928704K), 0.1381019 secs] [Times: user=0.56 sys=0.84, real=0.14 secs] 
2022-10-09T17:34:52.729+0900: 3.808: [Full GC (Ergonomics) [PSYoungGen: 463872K->10344K(927744K)] [ParOldGen: 912230K->1000623K(1521664K)] 1376102K->1010967K(2449408K), [Metaspace: 4082K->4082K(1056768K)], 0.1257367 secs] [Times: user=0.91 sys=0.06, real=0.13 secs] 
2022-10-09T17:34:53.566+0900: 4.645: [GC (Allocation Failure) 
Desired survivor size 475004928 bytes, new threshold 1 (max 15)
[PSYoungGen: 474216K->463872K(927744K)] 1474839K->1521460K(2449408K), 0.0780288 secs] [Times: user=0.41 sys=0.39, real=0.08 secs] 
2022-10-09T17:34:54.366+0900: 5.445: [GC (Allocation Failure) 
Desired survivor size 475004928 bytes, new threshold 1 (max 15)
[PSYoungGen: 927744K->463872K(927744K)] 1985332K->1978512K(2449408K), 0.1207467 secs] [Times: user=0.59 sys=0.66, real=0.12 secs] 
2022-10-09T17:34:54.487+0900: 5.565: [Full GC (Ergonomics) [PSYoungGen: 463872K->71510K(927744K)] [ParOldGen: 1514640K->1521293K(2170368K)] 1978512K->1592804K(3098112K), [Metaspace: 8280K->8280K(1056768K)], 0.1929704 secs] [Times: user=1.80 sys=0.03, real=0.19 secs] 
2022-10-09T17:34:55.396+0900: 6.475: [GC (Allocation Failure) 
Desired survivor size 475004928 bytes, new threshold 1 (max 15)
[PSYoungGen: 535382K->463872K(927744K)] 2056676K->2105416K(3098112K), 0.0786639 secs] [Times: user=0.47 sys=0.26, real=0.08 secs] 
2022-10-09T17:34:56.211+0900: 7.290: [GC (Allocation Failure) 
Desired survivor size 475004928 bytes, new threshold 1 (max 15)
[PSYoungGen: 927744K->463872K(927744K)] 2569288K->2567240K(3098112K), 0.1209343 secs] [Times: user=0.26 sys=0.81, real=0.12 secs] 
2022-10-09T17:34:56.332+0900: 7.411: [Full GC (Ergonomics) [PSYoungGen: 463872K->0K(927744K)] [ParOldGen: 2103368K->2095057K(2784256K)] 2567240K->2095057K(3712000K), [Metaspace: 8858K->8858K(1056768K)], 0.2630789 secs] [Times: user=2.17 sys=0.02, real=0.26 secs] 
2022-10-09T17:34:57.331+0900: 8.410: [GC (Allocation Failure) 
Desired survivor size 475004928 bytes, new threshold 1 (max 15)
[PSYoungGen: 463872K->463872K(927744K)] 2558929K->2612481K(3712000K), 0.0630747 secs] [Times: user=0.45 sys=0.16, real=0.06 secs] 
2022-10-09T17:34:58.131+0900: 9.210: [GC (Allocation Failure) 
Desired survivor size 475004928 bytes, new threshold 1 (max 15)
[PSYoungGen: 927744K->463872K(927744K)] 3076353K->3074008K(3712000K), 0.1337081 secs] [Times: user=0.50 sys=0.91, real=0.13 secs] 
2022-10-09T17:34:58.265+0900: 9.344: [Full GC (Ergonomics) [PSYoungGen: 463872K->0K(927744K)] [ParOldGen: 2610136K->2618308K(2784256K)] 3074008K->2618308K(3712000K), [Metaspace: 9077K->9077K(1058816K)], 0.3154318 secs] [Times: user=2.94 sys=0.01, real=0.31 secs] 
2022-10-09T17:34:59.314+0900: 10.393: [Full GC (Ergonomics) [PSYoungGen: 463872K->58351K(927744K)] [ParOldGen: 2618308K->2783805K(2784256K)] 3082180K->2842156K(3712000K), [Metaspace: 9089K->9089K(1058816K)], 0.3331256 secs] [Times: user=3.00 sys=0.09, real=0.33 secs] 
2022-10-09T17:35:00.295+0900: 11.375: [Full GC (Ergonomics) [PSYoungGen: 463872K->273302K(927744K)] [ParOldGen: 2783805K->2784000K(2784256K)] 3247677K->3057303K(3712000K), [Metaspace: 9103K->9103K(1058816K)], 0.3767277 secs] [Times: user=3.39 sys=0.00, real=0.38 secs] 
2022-10-09T17:35:00.983+0900: 12.062: [Full GC (Ergonomics) [PSYoungGen: 463872K->393155K(927744K)] [ParOldGen: 2784000K->2784173K(2784256K)] 3247872K->3177329K(3712000K), [Metaspace: 9111K->9111K(1058816K)], 0.3904515 secs] [Times: user=3.69 sys=0.00, real=0.39 secs] 
2022-10-09T17:35:01.491+0900: 12.571: [Full GC (Ergonomics) [PSYoungGen: 463872K->414206K(927744K)] [ParOldGen: 2784173K->2783936K(2784256K)] 3248045K->3198143K(3712000K), [Metaspace: 9122K->9122K(1058816K)], 0.4158569 secs] [Times: user=3.69 sys=0.02, real=0.42 secs] 
2022-10-09T17:35:01.986+0900: 13.065: [Full GC (Ergonomics) [PSYoungGen: 463872K->439031K(927744K)] [ParOldGen: 2783936K->2783820K(2784256K)] 3247808K->3222851K(3712000K), [Metaspace: 9125K->9125K(1058816K)], 0.3945906 secs] [Times: user=3.75 sys=0.00, real=0.39 secs] 
2022-10-09T17:35:02.421+0900: 13.500: [Full GC (Ergonomics) [PSYoungGen: 463872K->430278K(927744K)] [ParOldGen: 2783820K->2784173K(2784256K)] 3247692K->3214451K(3712000K), [Metaspace: 9128K->9128K(1058816K)], 0.3870613 secs] [Times: user=3.53 sys=0.00, real=0.39 secs] 
2022-10-09T17:35:02.860+0900: 13.939: [Full GC (Ergonomics) [PSYoungGen: 463872K->435041K(927744K)] [ParOldGen: 2784173K->2784036K(2784256K)] 3248045K->3219078K(3712000K), [Metaspace: 9135K->9135K(1058816K)], 0.3967021 secs] [Times: user=3.70 sys=0.00, real=0.40 secs] 
2022-10-09T17:35:03.303+0900: 14.383: [Full GC (Ergonomics) [PSYoungGen: 463872K->435133K(927744K)] [ParOldGen: 2784036K->2783900K(2784256K)] 3247908K->3219034K(3712000K), [Metaspace: 9135K->9135K(1058816K)], 0.4097131 secs] [Times: user=3.72 sys=0.03, real=0.41 secs] 
2022-10-09T17:35:03.760+0900: 14.839: [Full GC (Ergonomics) [PSYoungGen: 463872K->434849K(927744K)] [ParOldGen: 2783900K->2783763K(2784256K)] 3247772K->3218612K(3712000K), [Metaspace: 9146K->9146K(1058816K)], 0.3867126 secs] [Times: user=3.72 sys=0.00, real=0.39 secs] 
2022-10-09T17:35:04.193+0900: 15.273: [Full GC (Ergonomics) [PSYoungGen: 463872K->434598K(927744K)] [ParOldGen: 2783763K->2784138K(2784256K)] 3247635K->3218737K(3712000K), [Metaspace: 9146K->9146K(1058816K)], 0.4211948 secs] [Times: user=3.61 sys=0.03, real=0.42 secs] 
2022-10-09T17:35:04.661+0900: 15.740: [Full GC (Ergonomics) [PSYoungGen: 463872K->430829K(927744K)] [ParOldGen: 2784138K->2783981K(2784256K)] 3248010K->3214811K(3712000K), [Metaspace: 9153K->9153K(1058816K)], 0.4015869 secs] [Times: user=3.75 sys=0.00, real=0.40 secs] 
2022-10-09T17:35:05.116+0900: 16.195: [Full GC (Ergonomics) [PSYoungGen: 463872K->430893K(927744K)] [ParOldGen: 2783981K->2783825K(2784256K)] 3247853K->3214719K(3712000K), [Metaspace: 9154K->9154K(1058816K)], 0.4065999 secs] [Times: user=4.03 sys=0.00, real=0.41 secs] 
2022-10-09T17:35:05.573+0900: 16.653: [Full GC (Ergonomics) [PSYoungGen: 463872K->430348K(927744K)] [ParOldGen: 2783825K->2784178K(2784256K)] 3247697K->3214526K(3712000K), [Metaspace: 9164K->9164K(1058816K)], 0.4159975 secs] [Times: user=3.91 sys=0.00, real=0.42 secs] 
2022-10-09T17:35:06.043+0900: 17.122: [Full GC (Ergonomics) [PSYoungGen: 463872K->430942K(927744K)] [ParOldGen: 2784178K->2784022K(2784256K)] 3248050K->3214964K(3712000K), [Metaspace: 9173K->9173K(1058816K)], 0.4201240 secs] [Times: user=3.75 sys=0.00, real=0.42 secs] 
2022-10-09T17:35:06.516+0900: 17.595: [Full GC (Ergonomics) [PSYoungGen: 463872K->434872K(927744K)] [ParOldGen: 2784022K->2783885K(2784256K)] 3247894K->3218758K(3712000K), [Metaspace: 9175K->9175K(1058816K)], 0.4206081 secs] [Times: user=3.66 sys=0.00, real=0.42 secs] 
2022-10-09T17:35:06.982+0900: 18.060: [Full GC (Ergonomics) [PSYoungGen: 463872K->439161K(927744K)] [ParOldGen: 2783885K->2783766K(2784256K)] 3247757K->3222928K(3712000K), [Metaspace: 9182K->9182K(1058816K)], 0.3965813 secs] [Times: user=3.72 sys=0.00, real=0.40 secs] 
2022-10-09T17:35:07.418+0900: 18.497: [Full GC (Ergonomics) [PSYoungGen: 463872K->438744K(927744K)] [ParOldGen: 2783766K->2784159K(2784256K)] 3247638K->3222904K(3712000K), [Metaspace: 9182K->9182K(1058816K)], 0.4217782 secs] [Times: user=3.77 sys=0.00, real=0.42 secs] 
2022-10-09T17:35:07.882+0900: 18.960: [Full GC (Ergonomics) [PSYoungGen: 463872K->438950K(927744K)] [ParOldGen: 2784159K->2784043K(2784256K)] 3248031K->3222993K(3712000K), [Metaspace: 9187K->9187K(1058816K)], 0.3926611 secs] [Times: user=3.59 sys=0.06, real=0.39 secs] 
2022-10-09T17:35:08.314+0900: 19.393: [Full GC (Ergonomics) [PSYoungGen: 463872K->435138K(927744K)] [ParOldGen: 2784043K->2783902K(2784256K)] 3247915K->3219041K(3712000K), [Metaspace: 9187K->9187K(1058816K)], 0.4123174 secs] [Times: user=3.70 sys=0.05, real=0.41 secs] 
2022-10-09T17:35:08.775+0900: 19.853: [Full GC (Ergonomics) [PSYoungGen: 463872K->430738K(927744K)] [ParOldGen: 2783902K->2783746K(2784256K)] 3247774K->3214485K(3712000K), [Metaspace: 9202K->9202K(1058816K)], 0.3950461 secs] [Times: user=3.20 sys=0.02, real=0.39 secs] 
2022-10-09T17:35:09.222+0900: 20.300: [Full GC (Ergonomics) [PSYoungGen: 463872K->430464K(927744K)] [ParOldGen: 2783746K->2784101K(2784256K)] 3247618K->3214565K(3712000K), [Metaspace: 9202K->9202K(1058816K)], 0.3858196 secs] [Times: user=3.70 sys=0.00, real=0.39 secs] 
2022-10-09T17:35:09.659+0900: 20.738: [Full GC (Ergonomics) [PSYoungGen: 463872K->430873K(927744K)] [ParOldGen: 2784101K->2783944K(2784256K)] 3247973K->3214817K(3712000K), [Metaspace: 9216K->9216K(1058816K)], 0.4197447 secs] [Times: user=3.95 sys=0.00, real=0.42 secs] 
2022-10-09T17:35:10.133+0900: 21.212: [Full GC (Ergonomics) [PSYoungGen: 463872K->430869K(927744K)] [ParOldGen: 2783944K->2783783K(2784256K)] 3247816K->3214653K(3712000K), [Metaspace: 9216K->9216K(1058816K)], 0.4080223 secs] [Times: user=3.72 sys=0.00, real=0.41 secs] 
2022-10-09T17:35:10.594+0900: 21.673: [Full GC (Ergonomics) [PSYoungGen: 463872K->430336K(927744K)] [ParOldGen: 2783783K->2784137K(2784256K)] 3247655K->3214473K(3712000K), [Metaspace: 9220K->9220K(1058816K)], 0.4129747 secs] [Times: user=3.89 sys=0.01, real=0.41 secs] 
2022-10-09T17:35:11.063+0900: 22.141: [Full GC (Ergonomics) [PSYoungGen: 463872K->430881K(927744K)] [ParOldGen: 2784137K->2783978K(2784256K)] 3248009K->3214859K(3712000K), [Metaspace: 9231K->9231K(1058816K)], 0.4257916 secs] [Times: user=3.91 sys=0.00, real=0.42 secs] 
2022-10-09T17:35:11.543+0900: 22.621: [Full GC (Ergonomics) [PSYoungGen: 463872K->439060K(927744K)] [ParOldGen: 2783978K->2783861K(2784256K)] 3247850K->3222922K(3712000K), [Metaspace: 9246K->9246K(1058816K)], 0.4085027 secs] [Times: user=3.66 sys=0.03, real=0.41 secs] 
2022-10-09T17:35:11.992+0900: 23.070: [Full GC (Ergonomics) [PSYoungGen: 463872K->438598K(927744K)] [ParOldGen: 2783861K->2784255K(2784256K)] 3247733K->3222853K(3712000K), [Metaspace: 9250K->9250K(1058816K)], 0.3919774 secs] [Times: user=3.56 sys=0.00, real=0.39 secs] 
2022-10-09T17:35:12.424+0900: 23.502: [Full GC (Ergonomics) [PSYoungGen: 463872K->439248K(927744K)] [ParOldGen: 2784255K->2784135K(2784256K)] 3248127K->3223383K(3712000K), [Metaspace: 9250K->9250K(1058816K)], 0.3774028 secs] [Times: user=3.41 sys=0.00, real=0.38 secs] 
2022-10-09T17:35:12.840+0900: 23.919: [Full GC (Ergonomics) [PSYoungGen: 463872K->439036K(927744K)] [ParOldGen: 2784135K->2784018K(2784256K)] 3248007K->3223054K(3712000K), [Metaspace: 9256K->9256K(1058816K)], 0.4049712 secs] [Times: user=3.23 sys=0.03, real=0.40 secs] 
2022-10-09T17:35:13.286+0900: 24.364: [Full GC (Ergonomics) [PSYoungGen: 463872K->430962K(927744K)] [ParOldGen: 2784018K->2783860K(2784256K)] 3247890K->3214822K(3712000K), [Metaspace: 9256K->9256K(1058816K)], 0.4006404 secs] [Times: user=3.50 sys=0.00, real=0.40 secs] 
2022-10-09T17:35:13.739+0900: 24.817: [Full GC (Ergonomics) [PSYoungGen: 463872K->430201K(927744K)] [ParOldGen: 2783860K->2784215K(2784256K)] 3247732K->3214417K(3712000K), [Metaspace: 9257K->9257K(1058816K)], 0.4141634 secs] [Times: user=3.09 sys=0.01, real=0.41 secs] 
2022-10-09T17:35:14.205+0900: 25.283: [Full GC (Ergonomics) [PSYoungGen: 463872K->431011K(927744K)] [ParOldGen: 2784215K->2784056K(2784256K)] 3248087K->3215067K(3712000K), [Metaspace: 9257K->9257K(1058816K)], 0.3997621 secs] [Times: user=3.66 sys=0.02, real=0.40 secs] 
2022-10-09T17:35:14.657+0900: 25.735: [Full GC (Ergonomics) [PSYoungGen: 463872K->430891K(927744K)] [ParOldGen: 2784056K->2783899K(2784256K)] 3247928K->3214790K(3712000K), [Metaspace: 9258K->9258K(1058816K)], 0.3937013 secs] [Times: user=2.59 sys=0.08, real=0.39 secs] 
2022-10-09T17:35:15.105+0900: 26.184: [Full GC (Ergonomics) [PSYoungGen: 463872K->430416K(927744K)] [ParOldGen: 2783899K->2784253K(2784256K)] 3247771K->3214670K(3712000K), [Metaspace: 9258K->9258K(1058816K)], 0.3874276 secs] [Times: user=3.23 sys=0.02, real=0.39 secs] 
2022-10-09T17:35:15.544+0900: 26.622: [Full GC (Ergonomics) [PSYoungGen: 463872K->430805K(927744K)] [ParOldGen: 2784253K->2784097K(2784256K)] 3248125K->3214903K(3712000K), [Metaspace: 9263K->9263K(1058816K)], 0.3824218 secs] [Times: user=3.48 sys=0.00, real=0.38 secs] 
2022-10-09T17:35:15.980+0900: 27.059: [Full GC (Ergonomics) [PSYoungGen: 463872K->435095K(927744K)] [ParOldGen: 2784097K->2783960K(2784256K)] 3247969K->3219055K(3712000K), [Metaspace: 9264K->9264K(1058816K)], 0.3829700 secs] [Times: user=3.50 sys=0.00, real=0.38 secs] 
2022-10-09T17:35:16.410+0900: 27.488: [Full GC (Ergonomics) [PSYoungGen: 463872K->435063K(927744K)] [ParOldGen: 2783960K->2783823K(2784256K)] 3247832K->3218886K(3712000K), [Metaspace: 9264K->9264K(1058816K)], 0.3766025 secs] [Times: user=3.30 sys=0.03, real=0.38 secs] 
2022-10-09T17:35:16.834+0900: 27.912: [Full GC (Ergonomics) [PSYoungGen: 463872K->434471K(927744K)] [ParOldGen: 2783823K->2784198K(2784256K)] 3247695K->3218670K(3712000K), [Metaspace: 9268K->9268K(1058816K)], 0.3649888 secs] [Times: user=3.39 sys=0.00, real=0.36 secs] 
2022-10-09T17:35:17.245+0900: 28.323: [Full GC (Ergonomics) [PSYoungGen: 463872K->435065K(927744K)] [ParOldGen: 2784198K->2784058K(2784256K)] 3248070K->3219123K(3712000K), [Metaspace: 9268K->9268K(1058816K)], 0.3853133 secs] [Times: user=3.16 sys=0.00, real=0.39 secs] 
2022-10-09T17:35:17.675+0900: 28.754: [Full GC (Ergonomics) [PSYoungGen: 463872K->430785K(927744K)] [ParOldGen: 2784058K->2783900K(2784256K)] 3247930K->3214686K(3712000K), [Metaspace: 9268K->9268K(1058816K)], 0.4025091 secs] [Times: user=3.09 sys=0.05, real=0.40 secs] 
2022-10-09T17:35:18.132+0900: 29.210: [Full GC (Ergonomics) [PSYoungGen: 463872K->430444K(927744K)] [ParOldGen: 2783900K->2784254K(2784256K)] 3247772K->3214698K(3712000K), [Metaspace: 9269K->9269K(1058816K)], 0.3836371 secs] [Times: user=3.47 sys=0.02, real=0.38 secs] 
2022-10-09T17:35:18.568+0900: 29.646: [Full GC (Ergonomics) [PSYoungGen: 463872K->430825K(927744K)] [ParOldGen: 2784254K->2784097K(2784256K)] 3248126K->3214923K(3712000K), [Metaspace: 9273K->9273K(1058816K)], 0.3791870 secs] [Times: user=3.00 sys=0.00, real=0.38 secs] 
2022-10-09T17:35:18.999+0900: 30.077: [Full GC (Ergonomics) [PSYoungGen: 463872K->430849K(927744K)] [ParOldGen: 2784097K->2783937K(2784256K)] 3247969K->3214786K(3712000K), [Metaspace: 9273K->9273K(1058816K)], 0.3851618 secs] [Times: user=2.80 sys=0.00, real=0.38 secs] 
2022-10-09T17:35:19.435+0900: 30.513: [Full GC (Ergonomics) [PSYoungGen: 463872K->431038K(927744K)] [ParOldGen: 2783937K->2783780K(2784256K)] 3247809K->3214819K(3712000K), [Metaspace: 9273K->9273K(1058816K)], 0.3785075 secs] [Times: user=3.19 sys=0.00, real=0.38 secs] 
2022-10-09T17:35:19.867+0900: 30.945: [Full GC (Ergonomics) [PSYoungGen: 463872K->430231K(927744K)] [ParOldGen: 2783780K->2784134K(2784256K)] 3247652K->3214365K(3712000K), [Metaspace: 9277K->9277K(1058816K)], 0.3854736 secs] [Times: user=2.77 sys=0.02, real=0.38 secs] 
2022-10-09T17:35:20.306+0900: 31.384: [Full GC (Ergonomics) [PSYoungGen: 463872K->431042K(927744K)] [ParOldGen: 2784134K->2783973K(2784256K)] 3248006K->3215015K(3712000K), [Metaspace: 9277K->9277K(1058816K)], 0.3872400 secs] [Times: user=3.44 sys=0.00, real=0.39 secs] 
2022-10-09T17:35:20.744+0900: 31.823: [Full GC (Ergonomics) [PSYoungGen: 463872K->430891K(927744K)] [ParOldGen: 2783973K->2783816K(2784256K)] 3247845K->3214708K(3712000K), [Metaspace: 9283K->9283K(1058816K)], 0.3952930 secs] [Times: user=3.20 sys=0.03, real=0.39 secs] 
2022-10-09T17:35:21.191+0900: 32.270: [Full GC (Ergonomics) [PSYoungGen: 463872K->430537K(927744K)] [ParOldGen: 2783816K->2784170K(2784256K)] 3247688K->3214708K(3712000K), [Metaspace: 9290K->9290K(1058816K)], 0.4136213 secs] [Times: user=3.69 sys=0.02, real=0.41 secs] 
2022-10-09T17:35:21.659+0900: 32.737: [Full GC (Ergonomics) [PSYoungGen: 463872K->430883K(927744K)] [ParOldGen: 2784170K->2784013K(2784256K)] 3248042K->3214896K(3712000K), [Metaspace: 9297K->9297K(1058816K)], 0.3806100 secs] [Times: user=2.98 sys=0.01, real=0.38 secs] 
2022-10-09T17:35:22.092+0900: 33.171: [Full GC (Ergonomics) [PSYoungGen: 463872K->430875K(927744K)] [ParOldGen: 2784013K->2783857K(2784256K)] 3247885K->3214732K(3712000K), [Metaspace: 9306K->9306K(1058816K)], 0.4161804 secs] [Times: user=3.61 sys=0.00, real=0.42 secs] 
2022-10-09T17:35:22.563+0900: 33.641: [Full GC (Ergonomics) [PSYoungGen: 463872K->430441K(927744K)] [ParOldGen: 2783857K->2784210K(2784256K)] 3247729K->3214651K(3712000K), [Metaspace: 9306K->9306K(1058816K)], 0.3863584 secs] [Times: user=3.00 sys=0.03, real=0.39 secs] 
2022-10-09T17:35:23.004+0900: 34.082: [Full GC (Ergonomics) [PSYoungGen: 463872K->430798K(927744K)] [ParOldGen: 2784210K->2784053K(2784256K)] 3248082K->3214852K(3712000K), [Metaspace: 9319K->9319K(1058816K)], 0.3822092 secs] [Times: user=3.72 sys=0.02, real=0.38 secs] 
2022-10-09T17:35:23.438+0900: 34.517: [Full GC (Ergonomics) [PSYoungGen: 463872K->431059K(927744K)] [ParOldGen: 2784053K->2783897K(2784256K)] 3247925K->3214957K(3712000K), [Metaspace: 9319K->9319K(1058816K)], 0.4130534 secs] [Times: user=4.06 sys=0.02, real=0.41 secs] 
2022-10-09T17:35:23.906+0900: 34.985: [Full GC (Ergonomics) [PSYoungGen: 463872K->430369K(927744K)] [ParOldGen: 2783897K->2784250K(2784256K)] 3247769K->3214619K(3712000K), [Metaspace: 9321K->9321K(1058816K)], 0.4131924 secs] [Times: user=3.92 sys=0.00, real=0.41 secs] 
2022-10-09T17:35:24.371+0900: 35.449: [Full GC (Ergonomics) [PSYoungGen: 463872K->435063K(927744K)] [ParOldGen: 2784250K->2784114K(2784256K)] 3248122K->3219177K(3712000K), [Metaspace: 9321K->9321K(1058816K)], 0.3872269 secs] [Times: user=3.45 sys=0.02, real=0.39 secs] 
2022-10-09T17:35:24.803+0900: 35.881: [Full GC (Ergonomics) [PSYoungGen: 463872K->434966K(927744K)] [ParOldGen: 2784114K->2783977K(2784256K)] 3247986K->3218944K(3712000K), [Metaspace: 9321K->9321K(1058816K)], 0.3838666 secs] [Times: user=3.26 sys=0.01, real=0.38 secs] 
2022-10-09T17:35:25.234+0900: 36.312: [Full GC (Ergonomics) [PSYoungGen: 463872K->435019K(927744K)] [ParOldGen: 2783977K->2783841K(2784256K)] 3247849K->3218860K(3712000K), [Metaspace: 9321K->9321K(1058816K)], 0.3907869 secs] [Times: user=3.36 sys=0.00, real=0.39 secs] 
2022-10-09T17:35:25.671+0900: 36.749: [Full GC (Ergonomics) [PSYoungGen: 463872K->434360K(927744K)] [ParOldGen: 2783841K->2784214K(2784256K)] 3247713K->3218575K(3712000K), [Metaspace: 9322K->9322K(1058816K)], 0.3776936 secs] [Times: user=3.53 sys=0.00, real=0.38 secs] 
2022-10-09T17:35:26.095+0900: 37.174: [Full GC (Ergonomics) [PSYoungGen: 463872K->430955K(927744K)] [ParOldGen: 2784214K->2784057K(2784256K)] 3248086K->3215013K(3712000K), [Metaspace: 9323K->9323K(1058816K)], 0.4204230 secs] [Times: user=3.81 sys=0.00, real=0.42 secs] 
2022-10-09T17:35:26.569+0900: 37.647: [Full GC (Ergonomics) [PSYoungGen: 463872K->435026K(927744K)] [ParOldGen: 2784057K->2783918K(2784256K)] 3247929K->3218944K(3712000K), [Metaspace: 9323K->9323K(1058816K)], 0.3809619 secs] [Times: user=3.45 sys=0.02, real=0.38 secs] 
2022-10-09T17:35:26.995+0900: 38.073: [Full GC (Ergonomics) [PSYoungGen: 463872K->434993K(927744K)] [ParOldGen: 2783918K->2783782K(2784256K)] 3247790K->3218776K(3712000K), [Metaspace: 9329K->9329K(1058816K)], 0.3840987 secs] [Times: user=3.55 sys=0.00, real=0.38 secs] 
2022-10-09T17:35:27.422+0900: 38.501: [Full GC (Ergonomics) [PSYoungGen: 463872K->434588K(927744K)] [ParOldGen: 2783782K->2784155K(2784256K)] 3247654K->3218744K(3712000K), [Metaspace: 9329K->9329K(1058816K)], 0.4066305 secs] [Times: user=3.88 sys=0.01, real=0.41 secs] 
2022-10-09T17:35:27.875+0900: 38.954: [Full GC (Ergonomics) [PSYoungGen: 463872K->434993K(927744K)] [ParOldGen: 2784155K->2784019K(2784256K)] 3248027K->3219013K(3712000K), [Metaspace: 9330K->9330K(1058816K)], 0.4096150 secs] [Times: user=3.83 sys=0.00, real=0.41 secs] 
2022-10-09T17:35:28.332+0900: 39.410: [Full GC (Ergonomics) [PSYoungGen: 463872K->430970K(927744K)] [ParOldGen: 2784019K->2783862K(2784256K)] 3247891K->3214833K(3712000K), [Metaspace: 9334K->9334K(1058816K)], 0.3880715 secs] [Times: user=3.53 sys=0.00, real=0.39 secs] 
2022-10-09T17:35:28.772+0900: 39.851: [Full GC (Ergonomics) [PSYoungGen: 463872K->430379K(927744K)] [ParOldGen: 2783862K->2784216K(2784256K)] 3247734K->3214596K(3712000K), [Metaspace: 9334K->9334K(1058816K)], 0.4099747 secs] [Times: user=3.73 sys=0.00, real=0.41 secs] 
2022-10-09T17:35:29.236+0900: 40.315: [Full GC (Ergonomics) [PSYoungGen: 463872K->430962K(927744K)] [ParOldGen: 2784216K->2784059K(2784256K)] 3248088K->3215021K(3712000K), [Metaspace: 9338K->9338K(1058816K)], 0.4127400 secs] [Times: user=3.89 sys=0.02, real=0.41 secs] 
2022-10-09T17:35:29.702+0900: 40.781: [Full GC (Ergonomics) [PSYoungGen: 463872K->430837K(927744K)] [ParOldGen: 2784059K->2783902K(2784256K)] 3247931K->3214740K(3712000K), [Metaspace: 9338K->9338K(1058816K)], 0.4042425 secs] [Times: user=3.63 sys=0.02, real=0.41 secs] 
2022-10-09T17:35:30.161+0900: 41.240: [Full GC (Ergonomics) [PSYoungGen: 463872K->430914K(927744K)] [ParOldGen: 2783902K->2783746K(2784256K)] 3247774K->3214660K(3712000K), [Metaspace: 9340K->9340K(1058816K)], 0.4163209 secs] [Times: user=3.88 sys=0.00, real=0.42 secs] 
2022-10-09T17:35:30.629+0900: 41.708: [Full GC (Ergonomics) [PSYoungGen: 463872K->430492K(927744K)] [ParOldGen: 2783746K->2784099K(2784256K)] 3247618K->3214592K(3712000K), [Metaspace: 9340K->9340K(1058816K)], 0.3982385 secs] [Times: user=3.83 sys=0.00, real=0.40 secs] 
2022-10-09T17:35:31.081+0900: 42.159: [Full GC (Ergonomics) [PSYoungGen: 463872K->430817K(927744K)] [ParOldGen: 2784099K->2783943K(2784256K)] 3247971K->3214761K(3712000K), [Metaspace: 9343K->9343K(1058816K)], 0.3916321 secs] [Times: user=3.33 sys=0.00, real=0.39 secs] 
2022-10-09T17:35:31.527+0900: 42.605: [Full GC (Ergonomics) [PSYoungGen: 463872K->430946K(927744K)] [ParOldGen: 2783943K->2783782K(2784256K)] 3247815K->3214728K(3712000K), [Metaspace: 9343K->9343K(1058816K)], 0.3959431 secs] [Times: user=3.55 sys=0.00, real=0.40 secs] 
2022-10-09T17:35:31.974+0900: 43.052: [Full GC (Ergonomics) [PSYoungGen: 463872K->434495K(927744K)] [ParOldGen: 2783782K->2784156K(2784256K)] 3247654K->3218652K(3712000K), [Metaspace: 9345K->9345K(1058816K)], 0.3990580 secs] [Times: user=3.88 sys=0.00, real=0.40 secs] 
2022-10-09T17:35:32.419+0900: 43.498: [Full GC (Ergonomics) [PSYoungGen: 463872K->435166K(927744K)] [ParOldGen: 2784156K->2784019K(2784256K)] 3248028K->3219186K(3712000K), [Metaspace: 9345K->9345K(1058816K)], 0.4184903 secs] [Times: user=3.86 sys=0.03, real=0.42 secs] 
2022-10-09T17:35:32.882+0900: 43.961: [Full GC (Ergonomics) [PSYoungGen: 463872K->435026K(927744K)] [ParOldGen: 2784019K->2783883K(2784256K)] 3247891K->3218909K(3712000K), [Metaspace: 9346K->9346K(1058816K)], 0.3975011 secs] [Times: user=3.72 sys=0.00, real=0.40 secs] 
2022-10-09T17:35:33.325+0900: 44.404: [Full GC (Ergonomics) [PSYoungGen: 463872K->439085K(927744K)] [ParOldGen: 2783883K->2783766K(2784256K)] 3247755K->3222852K(3712000K), [Metaspace: 9350K->9350K(1058816K)], 0.4205580 secs] [Times: user=4.05 sys=0.00, real=0.42 secs] 
2022-10-09T17:35:33.784+0900: 44.863: [Full GC (Ergonomics) [PSYoungGen: 463872K->434436K(927744K)] [ParOldGen: 2783766K->2784140K(2784256K)] 3247638K->3218576K(3712000K), [Metaspace: 9366K->9366K(1058816K)], 0.4056425 secs] [Times: user=3.70 sys=0.00, real=0.41 secs] 
2022-10-09T17:35:34.234+0900: 45.313: [Full GC (Ergonomics) [PSYoungGen: 463872K->435067K(927744K)] [ParOldGen: 2784140K->2784003K(2784256K)] 3248012K->3219070K(3712000K), [Metaspace: 9382K->9382K(1058816K)], 0.3929165 secs] [Times: user=3.70 sys=0.00, real=0.39 secs] 
2022-10-09T17:35:34.672+0900: 45.751: [Full GC (Ergonomics) [PSYoungGen: 463872K->435039K(927744K)] [ParOldGen: 2784003K->2783867K(2784256K)] 3247875K->3218906K(3712000K), [Metaspace: 9382K->9382K(1058816K)], 0.4147310 secs] [Times: user=3.69 sys=0.03, real=0.41 secs] 
2022-10-09T17:35:35.135+0900: 46.214: [Full GC (Ergonomics) [PSYoungGen: 463872K->430413K(927744K)] [ParOldGen: 2783867K->2784220K(2784256K)] 3247739K->3214633K(3712000K), [Metaspace: 9384K->9384K(1058816K)], 0.3892429 secs] [Times: user=3.69 sys=0.00, real=0.39 secs] 
2022-10-09T17:35:35.575+0900: 46.654: [Full GC (Ergonomics) [PSYoungGen: 463872K->431019K(927744K)] [ParOldGen: 2784220K->2784063K(2784256K)] 3248092K->3215083K(3712000K), [Metaspace: 9384K->9384K(1058816K)], 0.4222365 secs] [Times: user=3.70 sys=0.02, real=0.42 secs] 
2022-10-09T17:35:36.050+0900: 47.129: [Full GC (Ergonomics) [PSYoungGen: 463872K->430786K(927744K)] [ParOldGen: 2784063K->2783907K(2784256K)] 3247935K->3214694K(3712000K), [Metaspace: 9387K->9387K(1058816K)], 0.4190822 secs] [Times: user=4.02 sys=0.00, real=0.42 secs] 
2022-10-09T17:35:36.523+0900: 47.602: [Full GC (Ergonomics) [PSYoungGen: 463872K->430947K(927744K)] [ParOldGen: 2783907K->2783750K(2784256K)] 3247779K->3214698K(3712000K), [Metaspace: 9387K->9387K(1058816K)], 0.3896882 secs] [Times: user=3.69 sys=0.00, real=0.39 secs] 
2022-10-09T17:35:36.967+0900: 48.046: [Full GC (Ergonomics) [PSYoungGen: 463872K->430216K(927744K)] [ParOldGen: 2783750K->2784104K(2784256K)] 3247622K->3214320K(3712000K), [Metaspace: 9387K->9387K(1058816K)], 0.3962298 secs] [Times: user=3.63 sys=0.00, real=0.40 secs] 
2022-10-09T17:35:37.417+0900: 48.496: [Full GC (Ergonomics) [PSYoungGen: 463872K->431003K(927744K)] [ParOldGen: 2784104K->2783943K(2784256K)] 3247976K->3214947K(3712000K), [Metaspace: 9387K->9387K(1058816K)], 0.4109266 secs] [Times: user=3.70 sys=0.02, real=0.41 secs] 
2022-10-09T17:35:37.880+0900: 48.959: [Full GC (Ergonomics) [PSYoungGen: 463872K->430935K(927744K)] [ParOldGen: 2783943K->2783787K(2784256K)] 3247815K->3214722K(3712000K), [Metaspace: 9391K->9391K(1058816K)], 0.4236710 secs] [Times: user=3.91 sys=0.00, real=0.42 secs] 
2022-10-09T17:35:38.359+0900: 49.438: [Full GC (Ergonomics) [PSYoungGen: 463872K->430469K(927744K)] [ParOldGen: 2783787K->2784140K(2784256K)] 3247659K->3214610K(3712000K), [Metaspace: 9391K->9391K(1058816K)], 0.4036025 secs] [Times: user=3.84 sys=0.00, real=0.40 secs] 
2022-10-09T17:35:38.816+0900: 49.895: [Full GC (Ergonomics) [PSYoungGen: 463872K->430807K(927744K)] [ParOldGen: 2784140K->2783983K(2784256K)] 3248012K->3214791K(3712000K), [Metaspace: 9391K->9391K(1058816K)], 0.3968864 secs] [Times: user=3.78 sys=0.00, real=0.40 secs] 
2022-10-09T17:35:39.266+0900: 50.345: [Full GC (Ergonomics) [PSYoungGen: 463872K->430955K(927744K)] [ParOldGen: 2783983K->2783827K(2784256K)] 3247855K->3214783K(3712000K), [Metaspace: 9391K->9391K(1058816K)], 0.4244741 secs] [Times: user=4.03 sys=0.00, real=0.42 secs] 
2022-10-09T17:35:39.744+0900: 50.823: [Full GC (Ergonomics) [PSYoungGen: 463872K->430316K(927744K)] [ParOldGen: 2783827K->2784181K(2784256K)] 3247699K->3214497K(3712000K), [Metaspace: 9391K->9391K(1058816K)], 0.4129652 secs] [Times: user=3.69 sys=0.02, real=0.41 secs] 
2022-10-09T17:35:40.210+0900: 51.289: [Full GC (Ergonomics) [PSYoungGen: 463872K->431002K(927744K)] [ParOldGen: 2784181K->2784021K(2784256K)] 3248053K->3215023K(3712000K), [Metaspace: 9391K->9391K(1058816K)], 0.4312736 secs] [Times: user=3.66 sys=0.03, real=0.43 secs] 
2022-10-09T17:35:40.693+0900: 51.772: [Full GC (Ergonomics) [PSYoungGen: 463872K->435090K(927744K)] [ParOldGen: 2784021K->2783884K(2784256K)] 3247893K->3218975K(3712000K), [Metaspace: 9391K->9391K(1058816K)], 0.4114177 secs] [Times: user=3.73 sys=0.00, real=0.41 secs] 
2022-10-09T17:35:41.150+0900: 52.229: [Full GC (Ergonomics) [PSYoungGen: 463872K->434996K(927744K)] [ParOldGen: 2783884K->2783748K(2784256K)] 3247756K->3218744K(3712000K), [Metaspace: 9393K->9393K(1058816K)], 0.4037316 secs] [Times: user=3.61 sys=0.02, real=0.40 secs] 
2022-10-09T17:35:41.599+0900: 52.678: [Full GC (Ergonomics) [PSYoungGen: 463872K->434594K(927744K)] [ParOldGen: 2783748K->2784121K(2784256K)] 3247620K->3218716K(3712000K), [Metaspace: 9393K->9393K(1058816K)], 0.3901011 secs] [Times: user=3.69 sys=0.03, real=0.39 secs] 
2022-10-09T17:35:42.036+0900: 53.115: [Full GC (Ergonomics) [PSYoungGen: 463872K->434871K(927744K)] [ParOldGen: 2784121K->2783981K(2784256K)] 3247993K->3218852K(3712000K), [Metaspace: 9402K->9402K(1058816K)], 0.3888970 secs] [Times: user=3.67 sys=0.01, real=0.39 secs] 
2022-10-09T17:35:42.470+0900: 53.549: [Full GC (Ergonomics) [PSYoungGen: 463872K->431048K(927744K)] [ParOldGen: 2783981K->2783824K(2784256K)] 3247853K->3214873K(3712000K), [Metaspace: 9402K->9402K(1058816K)], 0.4159502 secs] [Times: user=3.88 sys=0.00, real=0.42 secs] 
2022-10-09T17:35:42.940+0900: 54.019: [Full GC (Ergonomics) [PSYoungGen: 463872K->430357K(927744K)] [ParOldGen: 2783824K->2784178K(2784256K)] 3247696K->3214535K(3712000K), [Metaspace: 9402K->9402K(1058816K)], 0.4176974 secs] [Times: user=4.00 sys=0.02, real=0.42 secs] 
2022-10-09T17:35:43.411+0900: 54.490: [Full GC (Ergonomics) [PSYoungGen: 463872K->430915K(927744K)] [ParOldGen: 2784178K->2784021K(2784256K)] 3248050K->3214937K(3712000K), [Metaspace: 9402K->9402K(1058816K)], 0.4280955 secs] [Times: user=3.73 sys=0.05, real=0.43 secs] 
2022-10-09T17:35:43.892+0900: 54.971: [Full GC (Ergonomics) [PSYoungGen: 463872K->430899K(927744K)] [ParOldGen: 2784021K->2783861K(2784256K)] 3247893K->3214760K(3712000K), [Metaspace: 9402K->9402K(1058816K)], 0.4152475 secs] [Times: user=3.61 sys=0.02, real=0.42 secs] 
2022-10-09T17:35:44.361+0900: 55.440: [Full GC (Ergonomics) [PSYoungGen: 463872K->430473K(927744K)] [ParOldGen: 2783861K->2784214K(2784256K)] 3247733K->3214688K(3712000K), [Metaspace: 9404K->9404K(1058816K)], 0.3941339 secs] [Times: user=3.08 sys=0.01, real=0.39 secs] 
2022-10-09T17:35:44.807+0900: 55.886: [Full GC (Ergonomics) [PSYoungGen: 463872K->430782K(927744K)] [ParOldGen: 2784214K->2784058K(2784256K)] 3248086K->3214841K(3712000K), [Metaspace: 9404K->9404K(1058816K)], 0.3903626 secs] [Times: user=3.03 sys=0.05, real=0.39 secs] 
2022-10-09T17:35:45.249+0900: 56.328: [Full GC (Ergonomics) 